  蹂듭썝???꾨줈?앺듃瑜??뺤씤?섎뒗 以?..
  蹂듭썝??紐⑤뱺 ?꾨줈?앺듃媛 理쒖떊 ?곹깭?낅땲??
c:\WORK\SRC\Railml_editor\RailmlEditor\ViewModels\MainViewModel.cs(311,23): warning CS8618: null???덉슜?섏? ?딅뒗 ?띿꽦 'Title'?(?? ?앹꽦?먮? 醫낅즺????null???꾨땶 媛믪쓣 ?ы븿?댁빞 ?⑸땲?? 'required' ?쒖젙?먮? 異붽??섍굅???띿꽦??瑜? nullable濡??좎뼵?섎뒗 寃껋씠 醫뗭뒿?덈떎. [c:\WORK\SRC\Railml_editor\RailmlEditor\RailmlEditor_wrav1p5p_wpftmp.csproj]
c:\WORK\SRC\Railml_editor\RailmlEditor\TagPositionConverter.cs(16,31): warning CS8600: null 由ы꽣???먮뒗 媛?ν븳 null 媛믪쓣 null???덉슜?섏? ?딅뒗 ?뺤떇?쇰줈 蹂?섑븯??以묒엯?덈떎. [c:\WORK\SRC\Railml_editor\RailmlEditor\RailmlEditor_wrav1p5p_wpftmp.csproj]
c:\WORK\SRC\Railml_editor\RailmlEditor\Models\RailModel.cs(16,31): warning CS8618: null???덉슜?섏? ?딅뒗 ?띿꽦 'Infrastructure'?(?? ?앹꽦?먮? 醫낅즺????null???꾨땶 媛믪쓣 ?ы븿?댁빞 ?⑸땲?? 'required' ?쒖젙?먮? 異붽??섍굅???띿꽦??瑜? nullable濡??좎뼵?섎뒗 寃껋씠 醫뗭뒿?덈떎. [c:\WORK\SRC\Railml_editor\RailmlEditor\RailmlEditor_wrav1p5p_wpftmp.csproj]
c:\WORK\SRC\Railml_editor\RailmlEditor\BezierConverter.cs(22,20): warning CS8603: 媛?ν븳 null 李몄“ 諛섑솚?낅땲?? [c:\WORK\SRC\Railml_editor\RailmlEditor\RailmlEditor_wrav1p5p_wpftmp.csproj]
c:\WORK\SRC\Railml_editor\RailmlEditor\Models\RailModel.cs(74,24): warning CS8618: null???덉슜?섏? ?딅뒗 ?띿꽦 'Signals'?(?? ?앹꽦?먮? 醫낅즺????null???꾨땶 媛믪쓣 ?ы븿?댁빞 ?⑸땲?? 'required' ?쒖젙?먮? 異붽??섍굅???띿꽦??瑜? nullable濡??좎뼵?섎뒗 寃껋씠 醫뗭뒿?덈떎. [c:\WORK\SRC\Railml_editor\RailmlEditor\RailmlEditor_wrav1p5p_wpftmp.csproj]
c:\WORK\SRC\Railml_editor\RailmlEditor\Models\RailModel.cs(26,23): warning CS8618: null???덉슜?섏? ?딅뒗 ?띿꽦 'Tracks'?(?? ?앹꽦?먮? 醫낅즺????null???꾨땶 媛믪쓣 ?ы븿?댁빞 ?⑸땲?? 'required' ?쒖젙?먮? 異붽??섍굅???띿꽦??瑜? nullable濡??좎뼵?섎뒗 寃껋씠 醫뗭뒿?덈떎. [c:\WORK\SRC\Railml_editor\RailmlEditor\RailmlEditor_wrav1p5p_wpftmp.csproj]
c:\WORK\SRC\Railml_editor\RailmlEditor\ViewModels\MainViewModel.cs(80,13): error CS0103: 'FlipHorizontallyCommand' ?대쫫???꾩옱 而⑦뀓?ㅽ듃???놁뒿?덈떎. [c:\WORK\SRC\Railml_editor\RailmlEditor\RailmlEditor_wrav1p5p_wpftmp.csproj]
c:\WORK\SRC\Railml_editor\RailmlEditor\ViewModels\MainViewModel.cs(81,13): error CS0103: 'FlipVerticallyCommand' ?대쫫???꾩옱 而⑦뀓?ㅽ듃???놁뒿?덈떎. [c:\WORK\SRC\Railml_editor\RailmlEditor\RailmlEditor_wrav1p5p_wpftmp.csproj]
c:\WORK\SRC\Railml_editor\RailmlEditor\MainWindow.xaml.cs(40,35): warning CS8600: null 由ы꽣???먮뒗 媛?ν븳 null 媛믪쓣 null???덉슜?섏? ?딅뒗 ?뺤떇?쇰줈 蹂?섑븯??以묒엯?덈떎. [c:\WORK\SRC\Railml_editor\RailmlEditor\RailmlEditor_wrav1p5p_wpftmp.csproj]
c:\WORK\SRC\Railml_editor\RailmlEditor\Models\RailModel.cs(120,23): warning CS8618: null???덉슜?섏? ?딅뒗 ?띿꽦 'Name'?(?? ?앹꽦?먮? 醫낅즺????null???꾨땶 媛믪쓣 ?ы븿?댁빞 ?⑸땲?? 'required' ?쒖젙?먮? 異붽??섍굅???띿꽦??瑜? nullable濡??좎뼵?섎뒗 寃껋씠 醫뗭뒿?덈떎. [c:\WORK\SRC\Railml_editor\RailmlEditor\RailmlEditor_wrav1p5p_wpftmp.csproj]
c:\WORK\SRC\Railml_editor\RailmlEditor\ViewModels\MainViewModel.cs(15,24): warning CS8618: null???덉슜?섏? ?딅뒗 ?꾨뱶 '_id'?(?? ?앹꽦?먮? 醫낅즺????null???꾨땶 媛믪쓣 ?ы븿?댁빞 ?⑸땲?? 'required' ?쒖젙?먮? 異붽??섍굅???꾨뱶??瑜? nullable濡??좎뼵?섎뒗 寃껋씠 醫뗭뒿?덈떎. [c:\WORK\SRC\Railml_editor\RailmlEditor\RailmlEditor_wrav1p5p_wpftmp.csproj]
c:\WORK\SRC\Railml_editor\RailmlEditor\Models\RailModel.cs(126,26): warning CS8618: null???덉슜?섏? ?딅뒗 ?띿꽦 'TrackBegin'?(?? ?앹꽦?먮? 醫낅즺????null???꾨땶 媛믪쓣 ?ы븿?댁빞 ?⑸땲?? 'required' ?쒖젙?먮? 異붽??섍굅???띿꽦??瑜? nullable濡??좎뼵?섎뒗 寃껋씠 醫뗭뒿?덈떎. [c:\WORK\SRC\Railml_editor\RailmlEditor\RailmlEditor_wrav1p5p_wpftmp.csproj]
c:\WORK\SRC\Railml_editor\RailmlEditor\Models\RailModel.cs(129,26): warning CS8618: null???덉슜?섏? ?딅뒗 ?띿꽦 'TrackEnd'?(?? ?앹꽦?먮? 醫낅즺????null???꾨땶 媛믪쓣 ?ы븿?댁빞 ?⑸땲?? 'required' ?쒖젙?먮? 異붽??섍굅???띿꽦??瑜? nullable濡??좎뼵?섎뒗 寃껋씠 醫뗭뒿?덈떎. [c:\WORK\SRC\Railml_editor\RailmlEditor\RailmlEditor_wrav1p5p_wpftmp.csproj]
c:\WORK\SRC\Railml_editor\RailmlEditor\Models\RailModel.cs(132,28): warning CS8618: null???덉슜?섏? ?딅뒗 ?띿꽦 'Connections'?(?? ?앹꽦?먮? 醫낅즺????null???꾨땶 媛믪쓣 ?ы븿?댁빞 ?⑸땲?? 'required' ?쒖젙?먮? 異붽??섍굅???띿꽦??瑜? nullable濡??좎뼵?섎뒗 寃껋씠 醫뗭뒿?덈떎. [c:\WORK\SRC\Railml_editor\RailmlEditor\RailmlEditor_wrav1p5p_wpftmp.csproj]
c:\WORK\SRC\Railml_editor\RailmlEditor\Models\RailModel.cs(135,26): warning CS8618: null???덉슜?섏? ?딅뒗 ?띿꽦 'CornerPos'?(?? ?앹꽦?먮? 醫낅즺????null???꾨땶 媛믪쓣 ?ы븿?댁빞 ?⑸땲?? 'required' ?쒖젙?먮? 異붽??섍굅???띿꽦??瑜? nullable濡??좎뼵?섎뒗 寃껋씠 醫뗭뒿?덈떎. [c:\WORK\SRC\Railml_editor\RailmlEditor\RailmlEditor_wrav1p5p_wpftmp.csproj]
c:\WORK\SRC\Railml_editor\RailmlEditor\Models\RailModel.cs(189,23): warning CS8618: null???덉슜?섏? ?딅뒗 ?띿꽦 'Id'?(?? ?앹꽦?먮? 醫낅즺????null???꾨땶 媛믪쓣 ?ы븿?댁빞 ?⑸땲?? 'required' ?쒖젙?먮? 異붽??섍굅???띿꽦??瑜? nullable濡??좎뼵?섎뒗 寃껋씠 醫뗭뒿?덈떎. [c:\WORK\SRC\Railml_editor\RailmlEditor\RailmlEditor_wrav1p5p_wpftmp.csproj]
c:\WORK\SRC\Railml_editor\RailmlEditor\Models\RailModel.cs(195,26): warning CS8618: null???덉슜?섏? ?딅뒗 ?띿꽦 'ScreenPos'?(?? ?앹꽦?먮? 醫낅즺????null???꾨땶 媛믪쓣 ?ы븿?댁빞 ?⑸땲?? 'required' ?쒖젙?먮? 異붽??섍굅???띿꽦??瑜? nullable濡??좎뼵?섎뒗 寃껋씠 醫뗭뒿?덈떎. [c:\WORK\SRC\Railml_editor\RailmlEditor\RailmlEditor_wrav1p5p_wpftmp.csproj]
c:\WORK\SRC\Railml_editor\RailmlEditor\Models\RailModel.cs(198,31): warning CS8618: null???덉슜?섏? ?딅뒗 ?띿꽦 'AdditionalName'?(?? ?앹꽦?먮? 醫낅즺????null???꾨땶 媛믪쓣 ?ы븿?댁빞 ?⑸땲?? 'required' ?쒖젙?먮? 異붽??섍굅???띿꽦??瑜? nullable濡??좎뼵?섎뒗 寃껋씠 醫뗭뒿?덈떎. [c:\WORK\SRC\Railml_editor\RailmlEditor\RailmlEditor_wrav1p5p_wpftmp.csproj]
c:\WORK\SRC\Railml_editor\RailmlEditor\Models\RailModel.cs(86,23): warning CS8618: null???덉슜?섏? ?딅뒗 ?띿꽦 'Id'?(?? ?앹꽦?먮? 醫낅즺????null???꾨땶 媛믪쓣 ?ы븿?댁빞 ?⑸땲?? 'required' ?쒖젙?먮? 異붽??섍굅???띿꽦??瑜? nullable濡??좎뼵?섎뒗 寃껋씠 醫뗭뒿?덈떎. [c:\WORK\SRC\Railml_editor\RailmlEditor\RailmlEditor_wrav1p5p_wpftmp.csproj]
c:\WORK\SRC\Railml_editor\RailmlEditor\Models\RailModel.cs(89,23): warning CS8618: null???덉슜?섏? ?딅뒗 ?띿꽦 'Dir'?(?? ?앹꽦?먮? 醫낅즺????null???꾨땶 媛믪쓣 ?ы븿?댁빞 ?⑸땲?? 'required' ?쒖젙?먮? 異붽??섍굅???띿꽦??瑜? nullable濡??좎뼵?섎뒗 寃껋씠 醫뗭뒿?덈떎. [c:\WORK\SRC\Railml_editor\RailmlEditor\RailmlEditor_wrav1p5p_wpftmp.csproj]
c:\WORK\SRC\Railml_editor\RailmlEditor\Models\RailModel.cs(92,23): warning CS8618: null???덉슜?섏? ?딅뒗 ?띿꽦 'Type'?(?? ?앹꽦?먮? 醫낅즺????null???꾨땶 媛믪쓣 ?ы븿?댁빞 ?⑸땲?? 'required' ?쒖젙?먮? 異붽??섍굅???띿꽦??瑜? nullable濡??좎뼵?섎뒗 寃껋씠 醫뗭뒿?덈떎. [c:\WORK\SRC\Railml_editor\RailmlEditor\RailmlEditor_wrav1p5p_wpftmp.csproj]
c:\WORK\SRC\Railml_editor\RailmlEditor\Models\RailModel.cs(95,23): warning CS8618: null???덉슜?섏? ?딅뒗 ?띿꽦 'Function'?(?? ?앹꽦?먮? 醫낅즺????null???꾨땶 媛믪쓣 ?ы븿?댁빞 ?⑸땲?? 'required' ?쒖젙?먮? 異붽??섍굅???띿꽦??瑜? nullable濡??좎뼵?섎뒗 寃껋씠 醫뗭뒿?덈떎. [c:\WORK\SRC\Railml_editor\RailmlEditor\RailmlEditor_wrav1p5p_wpftmp.csproj]
c:\WORK\SRC\Railml_editor\RailmlEditor\Models\RailModel.cs(99,31): warning CS8618: null???덉슜?섏? ?딅뒗 ?띿꽦 'AdditionalName'?(?? ?앹꽦?먮? 醫낅즺????null???꾨땶 媛믪쓣 ?ы븿?댁빞 ?⑸땲?? 'required' ?쒖젙?먮? 異붽??섍굅???띿꽦??瑜? nullable濡??좎뼵?섎뒗 寃껋씠 醫뗭뒿?덈떎. [c:\WORK\SRC\Railml_editor\RailmlEditor\RailmlEditor_wrav1p5p_wpftmp.csproj]
c:\WORK\SRC\Railml_editor\RailmlEditor\Models\RailModel.cs(114,26): warning CS8618: null???덉슜?섏? ?딅뒗 ?띿꽦 'ScreenPos'?(?? ?앹꽦?먮? 醫낅즺????null???꾨땶 媛믪쓣 ?ы븿?댁빞 ?⑸땲?? 'required' ?쒖젙?먮? 異붽??섍굅???띿꽦??瑜? nullable濡??좎뼵?섎뒗 寃껋씠 醫뗭뒿?덈떎. [c:\WORK\SRC\Railml_editor\RailmlEditor\RailmlEditor_wrav1p5p_wpftmp.csproj]
c:\WORK\SRC\Railml_editor\RailmlEditor\Models\RailModel.cs(38,23): warning CS8618: null???덉슜?섏? ?딅뒗 ?띿꽦 'Id'?(?? ?앹꽦?먮? 醫낅즺????null???꾨땶 媛믪쓣 ?ы븿?댁빞 ?⑸땲?? 'required' ?쒖젙?먮? 異붽??섍굅???띿꽦??瑜? nullable濡??좎뼵?섎뒗 寃껋씠 醫뗭뒿?덈떎. [c:\WORK\SRC\Railml_editor\RailmlEditor\RailmlEditor_wrav1p5p_wpftmp.csproj]
c:\WORK\SRC\Railml_editor\RailmlEditor\Models\RailModel.cs(41,23): warning CS8618: null???덉슜?섏? ?딅뒗 ?띿꽦 'Name'?(?? ?앹꽦?먮? 醫낅즺????null???꾨땶 媛믪쓣 ?ы븿?댁빞 ?⑸땲?? 'required' ?쒖젙?먮? 異붽??섍굅???띿꽦??瑜? nullable濡??좎뼵?섎뒗 寃껋씠 醫뗭뒿?덈떎. [c:\WORK\SRC\Railml_editor\RailmlEditor\RailmlEditor_wrav1p5p_wpftmp.csproj]
c:\WORK\SRC\Railml_editor\RailmlEditor\Models\RailModel.cs(44,23): warning CS8618: null???덉슜?섏? ?딅뒗 ?띿꽦 'Description'?(?? ?앹꽦?먮? 醫낅즺????null???꾨땶 媛믪쓣 ?ы븿?댁빞 ?⑸땲?? 'required' ?쒖젙?먮? 異붽??섍굅???띿꽦??瑜? nullable濡??좎뼵?섎뒗 寃껋씠 醫뗭뒿?덈떎. [c:\WORK\SRC\Railml_editor\RailmlEditor\RailmlEditor_wrav1p5p_wpftmp.csproj]
c:\WORK\SRC\Railml_editor\RailmlEditor\Models\RailModel.cs(47,23): warning CS8618: null???덉슜?섏? ?딅뒗 ?띿꽦 'Type'?(?? ?앹꽦?먮? 醫낅즺????null???꾨땶 媛믪쓣 ?ы븿?댁빞 ?⑸땲?? 'required' ?쒖젙?먮? 異붽??섍굅???띿꽦??瑜? nullable濡??좎뼵?섎뒗 寃껋씠 醫뗭뒿?덈떎. [c:\WORK\SRC\Railml_editor\RailmlEditor\RailmlEditor_wrav1p5p_wpftmp.csproj]
c:\WORK\SRC\Railml_editor\RailmlEditor\Models\RailModel.cs(50,23): warning CS8618: null???덉슜?섏? ?딅뒗 ?띿꽦 'MainDir'?(?? ?앹꽦?먮? 醫낅즺????null???꾨땶 媛믪쓣 ?ы븿?댁빞 ?⑸땲?? 'required' ?쒖젙?먮? 異붽??섍굅???띿꽦??瑜? nullable濡??좎뼵?섎뒗 寃껋씠 醫뗭뒿?덈떎. [c:\WORK\SRC\Railml_editor\RailmlEditor\RailmlEditor_wrav1p5p_wpftmp.csproj]
c:\WORK\SRC\Railml_editor\RailmlEditor\Models\RailModel.cs(53,30): warning CS8618: null???덉슜?섏? ?딅뒗 ?띿꽦 'TrackTopology'?(?? ?앹꽦?먮? 醫낅즺????null???꾨땶 媛믪쓣 ?ы븿?댁빞 ?⑸땲?? 'required' ?쒖젙?먮? 異붽??섍굅???띿꽦??瑜? nullable濡??좎뼵?섎뒗 寃껋씠 醫뗭뒿?덈떎. [c:\WORK\SRC\Railml_editor\RailmlEditor\RailmlEditor_wrav1p5p_wpftmp.csproj]
c:\WORK\SRC\Railml_editor\RailmlEditor\Models\RailModel.cs(56,28): warning CS8618: null???덉슜?섏? ?딅뒗 ?띿꽦 'OcsElements'?(?? ?앹꽦?먮? 醫낅즺????null???꾨땶 媛믪쓣 ?ы븿?댁빞 ?⑸땲?? 'required' ?쒖젙?먮? 異붽??섍굅???띿꽦??瑜? nullable濡??좎뼵?섎뒗 寃껋씠 醫뗭뒿?덈떎. [c:\WORK\SRC\Railml_editor\RailmlEditor\RailmlEditor_wrav1p5p_wpftmp.csproj]
c:\WORK\SRC\Railml_editor\RailmlEditor\Models\RailModel.cs(59,23): warning CS8618: null???덉슜?섏? ?딅뒗 ?띿꽦 'Code'?(?? ?앹꽦?먮? 醫낅즺????null???꾨땶 媛믪쓣 ?ы븿?댁빞 ?⑸땲?? 'required' ?쒖젙?먮? 異붽??섍굅???띿꽦??瑜? nullable濡??좎뼵?섎뒗 寃껋씠 醫뗭뒿?덈떎. [c:\WORK\SRC\Railml_editor\RailmlEditor\RailmlEditor_wrav1p5p_wpftmp.csproj]
c:\WORK\SRC\Railml_editor\RailmlEditor\Models\RailModel.cs(68,23): warning CS8618: null???덉슜?섏? ?딅뒗 ?띿꽦 'TrackContinueCourse'?(?? ?앹꽦?먮? 醫낅즺????null???꾨땶 媛믪쓣 ?ы븿?댁빞 ?⑸땲?? 'required' ?쒖젙?먮? 異붽??섍굅???띿꽦??瑜? nullable濡??좎뼵?섎뒗 寃껋씠 醫뗭뒿?덈떎. [c:\WORK\SRC\Railml_editor\RailmlEditor\RailmlEditor_wrav1p5p_wpftmp.csproj]
c:\WORK\SRC\Railml_editor\RailmlEditor\Models\RailModel.cs(165,23): warning CS8618: null???덉슜?섏? ?딅뒗 ?띿꽦 'Id'?(?? ?앹꽦?먮? 醫낅즺????null???꾨땶 媛믪쓣 ?ы븿?댁빞 ?⑸땲?? 'required' ?쒖젙?먮? 異붽??섍굅???띿꽦??瑜? nullable濡??좎뼵?섎뒗 寃껋씠 醫뗭뒿?덈떎. [c:\WORK\SRC\Railml_editor\RailmlEditor\RailmlEditor_wrav1p5p_wpftmp.csproj]
c:\WORK\SRC\Railml_editor\RailmlEditor\Models\RailModel.cs(168,23): warning CS8618: null???덉슜?섏? ?딅뒗 ?띿꽦 'Ref'?(?? ?앹꽦?먮? 醫낅즺????null???꾨땶 媛믪쓣 ?ы븿?댁빞 ?⑸땲?? 'required' ?쒖젙?먮? 異붽??섍굅???띿꽦??瑜? nullable濡??좎뼵?섎뒗 寃껋씠 醫뗭뒿?덈떎. [c:\WORK\SRC\Railml_editor\RailmlEditor\RailmlEditor_wrav1p5p_wpftmp.csproj]
c:\WORK\SRC\Railml_editor\RailmlEditor\Models\RailModel.cs(171,23): warning CS8618: null???덉슜?섏? ?딅뒗 ?띿꽦 'Orientation'?(?? ?앹꽦?먮? 醫낅즺????null???꾨땶 媛믪쓣 ?ы븿?댁빞 ?⑸땲?? 'required' ?쒖젙?먮? 異붽??섍굅???띿꽦??瑜? nullable濡??좎뼵?섎뒗 寃껋씠 醫뗭뒿?덈떎. [c:\WORK\SRC\Railml_editor\RailmlEditor\RailmlEditor_wrav1p5p_wpftmp.csproj]
c:\WORK\SRC\Railml_editor\RailmlEditor\Models\RailModel.cs(174,23): warning CS8618: null???덉슜?섏? ?딅뒗 ?띿꽦 'Course'?(?? ?앹꽦?먮? 醫낅즺????null???꾨땶 媛믪쓣 ?ы븿?댁빞 ?⑸땲?? 'required' ?쒖젙?먮? 異붽??섍굅???띿꽦??瑜? nullable濡??좎뼵?섎뒗 寃껋씠 醫뗭뒿?덈떎. [c:\WORK\SRC\Railml_editor\RailmlEditor\RailmlEditor_wrav1p5p_wpftmp.csproj]
c:\WORK\SRC\Railml_editor\RailmlEditor\Models\RailModel.cs(153,23): warning CS8618: null???덉슜?섏? ?딅뒗 ?띿꽦 'Id'?(?? ?앹꽦?먮? 醫낅즺????null???꾨땶 媛믪쓣 ?ы븿?댁빞 ?⑸땲?? 'required' ?쒖젙?먮? 異붽??섍굅???띿꽦??瑜? nullable濡??좎뼵?섎뒗 寃껋씠 醫뗭뒿?덈떎. [c:\WORK\SRC\Railml_editor\RailmlEditor\RailmlEditor_wrav1p5p_wpftmp.csproj]
c:\WORK\SRC\Railml_editor\RailmlEditor\Models\RailModel.cs(159,26): warning CS8618: null???덉슜?섏? ?딅뒗 ?띿꽦 'ScreenPos'?(?? ?앹꽦?먮? 醫낅즺????null???꾨땶 媛믪쓣 ?ы븿?댁빞 ?⑸땲?? 'required' ?쒖젙?먮? 異붽??섍굅???띿꽦??瑜? nullable濡??좎뼵?섎뒗 寃껋씠 醫뗭뒿?덈떎. [c:\WORK\SRC\Railml_editor\RailmlEditor\RailmlEditor_wrav1p5p_wpftmp.csproj]
c:\WORK\SRC\Railml_editor\RailmlEditor\MainWindow.xaml.cs(50,31): warning CS8600: null 由ы꽣???먮뒗 媛?ν븳 null 媛믪쓣 null???덉슜?섏? ?딅뒗 ?뺤떇?쇰줈 蹂?섑븯??以묒엯?덈떎. [c:\WORK\SRC\Railml_editor\RailmlEditor\RailmlEditor_wrav1p5p_wpftmp.csproj]
c:\WORK\SRC\Railml_editor\RailmlEditor\MainWindow.xaml.cs(53,51): warning CS8600: null 由ы꽣???먮뒗 媛?ν븳 null 媛믪쓣 null???덉슜?섏? ?딅뒗 ?뺤떇?쇰줈 蹂?섑븯??以묒엯?덈떎. [c:\WORK\SRC\Railml_editor\RailmlEditor\RailmlEditor_wrav1p5p_wpftmp.csproj]
c:\WORK\SRC\Railml_editor\RailmlEditor\ViewModels\MainViewModel.cs(346,43): warning CS8622: 'void MainViewModel.Elements_CollectionChanged(object sender, NotifyCollectionChangedEventArgs e)'??'sender' 留ㅺ컻 蹂???뺤떇?먯꽌 李몄“ ?뺤떇??Null ?덉슜 ?щ?媛 ????由ъ옄 'NotifyCollectionChangedEventHandler'怨??) ?쇱튂?섏? ?딆뒿?덈떎(Null ?덉슜 ?щ? ?뱀꽦 ?뚮Ц?????덉쓬). [c:\WORK\SRC\Railml_editor\RailmlEditor\RailmlEditor_wrav1p5p_wpftmp.csproj]
c:\WORK\SRC\Railml_editor\RailmlEditor\MainWindow.xaml.cs(118,51): warning CS8600: null 由ы꽣???먮뒗 媛?ν븳 null 媛믪쓣 null???덉슜?섏? ?딅뒗 ?뺤떇?쇰줈 蹂?섑븯??以묒엯?덈떎. [c:\WORK\SRC\Railml_editor\RailmlEditor\RailmlEditor_wrav1p5p_wpftmp.csproj]
c:\WORK\SRC\Railml_editor\RailmlEditor\ViewModels\BulkEditViewModel.cs(75,88): warning CS8601: 媛?ν븳 null 李몄“ ?좊떦?낅땲?? [c:\WORK\SRC\Railml_editor\RailmlEditor\RailmlEditor_wrav1p5p_wpftmp.csproj]
c:\WORK\SRC\Railml_editor\RailmlEditor\ViewModels\MainViewModel.cs(547,20): warning CS8603: 媛?ν븳 null 李몄“ 諛섑솚?낅땲?? [c:\WORK\SRC\Railml_editor\RailmlEditor\RailmlEditor_wrav1p5p_wpftmp.csproj]
c:\WORK\SRC\Railml_editor\RailmlEditor\Services\RailmlService.cs(29,44): warning CS8600: null 由ы꽣???먮뒗 媛?ν븳 null 媛믪쓣 null???덉슜?섏? ?딅뒗 ?뺤떇?쇰줈 蹂?섑븯??以묒엯?덈떎. [c:\WORK\SRC\Railml_editor\RailmlEditor\RailmlEditor_wrav1p5p_wpftmp.csproj]
c:\WORK\SRC\Railml_editor\RailmlEditor\Services\RailmlService.cs(34,28): warning CS8601: 媛?ν븳 null 李몄“ ?좊떦?낅땲?? [c:\WORK\SRC\Railml_editor\RailmlEditor\RailmlEditor_wrav1p5p_wpftmp.csproj]
c:\WORK\SRC\Railml_editor\RailmlEditor\Services\RailmlService.cs(35,35): warning CS8601: 媛?ν븳 null 李몄“ ?좊떦?낅땲?? [c:\WORK\SRC\Railml_editor\RailmlEditor\RailmlEditor_wrav1p5p_wpftmp.csproj]
c:\WORK\SRC\Railml_editor\RailmlEditor\Services\RailmlService.cs(36,28): warning CS8601: 媛?ν븳 null 李몄“ ?좊떦?낅땲?? [c:\WORK\SRC\Railml_editor\RailmlEditor\RailmlEditor_wrav1p5p_wpftmp.csproj]
c:\WORK\SRC\Railml_editor\RailmlEditor\Services\RailmlService.cs(37,31): warning CS8601: 媛?ν븳 null 李몄“ ?좊떦?낅땲?? [c:\WORK\SRC\Railml_editor\RailmlEditor\RailmlEditor_wrav1p5p_wpftmp.csproj]
c:\WORK\SRC\Railml_editor\RailmlEditor\Services\RailmlService.cs(41,43): warning CS8601: 媛?ν븳 null 李몄“ ?좊떦?낅땲?? [c:\WORK\SRC\Railml_editor\RailmlEditor\RailmlEditor_wrav1p5p_wpftmp.csproj]
c:\WORK\SRC\Railml_editor\RailmlEditor\Services\RailmlService.cs(68,68): warning CS8602: null 媛??李몄“???????갭議곗엯?덈떎. [c:\WORK\SRC\Railml_editor\RailmlEditor\RailmlEditor_wrav1p5p_wpftmp.csproj]
c:\WORK\SRC\Railml_editor\RailmlEditor\Services\RailmlService.cs(68,37): warning CS8601: 媛?ν븳 null 李몄“ ?좊떦?낅땲?? [c:\WORK\SRC\Railml_editor\RailmlEditor\RailmlEditor_wrav1p5p_wpftmp.csproj]
c:\WORK\SRC\Railml_editor\RailmlEditor\Services\RailmlService.cs(89,36): warning CS8601: 媛?ν븳 null 李몄“ ?좊떦?낅땲?? [c:\WORK\SRC\Railml_editor\RailmlEditor\RailmlEditor_wrav1p5p_wpftmp.csproj]
c:\WORK\SRC\Railml_editor\RailmlEditor\Services\RailmlService.cs(90,40): warning CS8601: 媛?ν븳 null 李몄“ ?좊떦?낅땲?? [c:\WORK\SRC\Railml_editor\RailmlEditor\RailmlEditor_wrav1p5p_wpftmp.csproj]
c:\WORK\SRC\Railml_editor\RailmlEditor\Services\RailmlService.cs(91,74): warning CS8601: 媛?ν븳 null 李몄“ ?좊떦?낅땲?? [c:\WORK\SRC\Railml_editor\RailmlEditor\RailmlEditor_wrav1p5p_wpftmp.csproj]
c:\WORK\SRC\Railml_editor\RailmlEditor\Services\RailmlService.cs(190,79): warning CS8601: 媛?ν븳 null 李몄“ ?좊떦?낅땲?? [c:\WORK\SRC\Railml_editor\RailmlEditor\RailmlEditor_wrav1p5p_wpftmp.csproj]
c:\WORK\SRC\Railml_editor\RailmlEditor\Services\RailmlService.cs(192,46): warning CS8601: 媛?ν븳 null 李몄“ ?좊떦?낅땲?? [c:\WORK\SRC\Railml_editor\RailmlEditor\RailmlEditor_wrav1p5p_wpftmp.csproj]

鍮뚮뱶?섏? 紐삵뻽?듬땲??

c:\WORK\SRC\Railml_editor\RailmlEditor\ViewModels\MainViewModel.cs(311,23): warning CS8618: null???덉슜?섏? ?딅뒗 ?띿꽦 'Title'?(?? ?앹꽦?먮? 醫낅즺????null???꾨땶 媛믪쓣 ?ы븿?댁빞 ?⑸땲?? 'required' ?쒖젙?먮? 異붽??섍굅???띿꽦??瑜? nullable濡??좎뼵?섎뒗 寃껋씠 醫뗭뒿?덈떎. [c:\WORK\SRC\Railml_editor\RailmlEditor\RailmlEditor_wrav1p5p_wpftmp.csproj]
c:\WORK\SRC\Railml_editor\RailmlEditor\TagPositionConverter.cs(16,31): warning CS8600: null 由ы꽣???먮뒗 媛?ν븳 null 媛믪쓣 null???덉슜?섏? ?딅뒗 ?뺤떇?쇰줈 蹂?섑븯??以묒엯?덈떎. [c:\WORK\SRC\Railml_editor\RailmlEditor\RailmlEditor_wrav1p5p_wpftmp.csproj]
c:\WORK\SRC\Railml_editor\RailmlEditor\Models\RailModel.cs(16,31): warning CS8618: null???덉슜?섏? ?딅뒗 ?띿꽦 'Infrastructure'?(?? ?앹꽦?먮? 醫낅즺????null???꾨땶 媛믪쓣 ?ы븿?댁빞 ?⑸땲?? 'required' ?쒖젙?먮? 異붽??섍굅???띿꽦??瑜? nullable濡??좎뼵?섎뒗 寃껋씠 醫뗭뒿?덈떎. [c:\WORK\SRC\Railml_editor\RailmlEditor\RailmlEditor_wrav1p5p_wpftmp.csproj]
c:\WORK\SRC\Railml_editor\RailmlEditor\BezierConverter.cs(22,20): warning CS8603: 媛?ν븳 null 李몄“ 諛섑솚?낅땲?? [c:\WORK\SRC\Railml_editor\RailmlEditor\RailmlEditor_wrav1p5p_wpftmp.csproj]
c:\WORK\SRC\Railml_editor\RailmlEditor\Models\RailModel.cs(74,24): warning CS8618: null???덉슜?섏? ?딅뒗 ?띿꽦 'Signals'?(?? ?앹꽦?먮? 醫낅즺????null???꾨땶 媛믪쓣 ?ы븿?댁빞 ?⑸땲?? 'required' ?쒖젙?먮? 異붽??섍굅???띿꽦??瑜? nullable濡??좎뼵?섎뒗 寃껋씠 醫뗭뒿?덈떎. [c:\WORK\SRC\Railml_editor\RailmlEditor\RailmlEditor_wrav1p5p_wpftmp.csproj]
c:\WORK\SRC\Railml_editor\RailmlEditor\Models\RailModel.cs(26,23): warning CS8618: null???덉슜?섏? ?딅뒗 ?띿꽦 'Tracks'?(?? ?앹꽦?먮? 醫낅즺????null???꾨땶 媛믪쓣 ?ы븿?댁빞 ?⑸땲?? 'required' ?쒖젙?먮? 異붽??섍굅???띿꽦??瑜? nullable濡??좎뼵?섎뒗 寃껋씠 醫뗭뒿?덈떎. [c:\WORK\SRC\Railml_editor\RailmlEditor\RailmlEditor_wrav1p5p_wpftmp.csproj]
c:\WORK\SRC\Railml_editor\RailmlEditor\MainWindow.xaml.cs(40,35): warning CS8600: null 由ы꽣???먮뒗 媛?ν븳 null 媛믪쓣 null???덉슜?섏? ?딅뒗 ?뺤떇?쇰줈 蹂?섑븯??以묒엯?덈떎. [c:\WORK\SRC\Railml_editor\RailmlEditor\RailmlEditor_wrav1p5p_wpftmp.csproj]
c:\WORK\SRC\Railml_editor\RailmlEditor\Models\RailModel.cs(120,23): warning CS8618: null???덉슜?섏? ?딅뒗 ?띿꽦 'Name'?(?? ?앹꽦?먮? 醫낅즺????null???꾨땶 媛믪쓣 ?ы븿?댁빞 ?⑸땲?? 'required' ?쒖젙?먮? 異붽??섍굅???띿꽦??瑜? nullable濡??좎뼵?섎뒗 寃껋씠 醫뗭뒿?덈떎. [c:\WORK\SRC\Railml_editor\RailmlEditor\RailmlEditor_wrav1p5p_wpftmp.csproj]
c:\WORK\SRC\Railml_editor\RailmlEditor\ViewModels\MainViewModel.cs(15,24): warning CS8618: null???덉슜?섏? ?딅뒗 ?꾨뱶 '_id'?(?? ?앹꽦?먮? 醫낅즺????null???꾨땶 媛믪쓣 ?ы븿?댁빞 ?⑸땲?? 'required' ?쒖젙?먮? 異붽??섍굅???꾨뱶??瑜? nullable濡??좎뼵?섎뒗 寃껋씠 醫뗭뒿?덈떎. [c:\WORK\SRC\Railml_editor\RailmlEditor\RailmlEditor_wrav1p5p_wpftmp.csproj]
c:\WORK\SRC\Railml_editor\RailmlEditor\Models\RailModel.cs(126,26): warning CS8618: null???덉슜?섏? ?딅뒗 ?띿꽦 'TrackBegin'?(?? ?앹꽦?먮? 醫낅즺????null???꾨땶 媛믪쓣 ?ы븿?댁빞 ?⑸땲?? 'required' ?쒖젙?먮? 異붽??섍굅???띿꽦??瑜? nullable濡??좎뼵?섎뒗 寃껋씠 醫뗭뒿?덈떎. [c:\WORK\SRC\Railml_editor\RailmlEditor\RailmlEditor_wrav1p5p_wpftmp.csproj]
c:\WORK\SRC\Railml_editor\RailmlEditor\Models\RailModel.cs(129,26): warning CS8618: null???덉슜?섏? ?딅뒗 ?띿꽦 'TrackEnd'?(?? ?앹꽦?먮? 醫낅즺????null???꾨땶 媛믪쓣 ?ы븿?댁빞 ?⑸땲?? 'required' ?쒖젙?먮? 異붽??섍굅???띿꽦??瑜? nullable濡??좎뼵?섎뒗 寃껋씠 醫뗭뒿?덈떎. [c:\WORK\SRC\Railml_editor\RailmlEditor\RailmlEditor_wrav1p5p_wpftmp.csproj]
c:\WORK\SRC\Railml_editor\RailmlEditor\Models\RailModel.cs(132,28): warning CS8618: null???덉슜?섏? ?딅뒗 ?띿꽦 'Connections'?(?? ?앹꽦?먮? 醫낅즺????null???꾨땶 媛믪쓣 ?ы븿?댁빞 ?⑸땲?? 'required' ?쒖젙?먮? 異붽??섍굅???띿꽦??瑜? nullable濡??좎뼵?섎뒗 寃껋씠 醫뗭뒿?덈떎. [c:\WORK\SRC\Railml_editor\RailmlEditor\RailmlEditor_wrav1p5p_wpftmp.csproj]
c:\WORK\SRC\Railml_editor\RailmlEditor\Models\RailModel.cs(135,26): warning CS8618: null???덉슜?섏? ?딅뒗 ?띿꽦 'CornerPos'?(?? ?앹꽦?먮? 醫낅즺????null???꾨땶 媛믪쓣 ?ы븿?댁빞 ?⑸땲?? 'required' ?쒖젙?먮? 異붽??섍굅???띿꽦??瑜? nullable濡??좎뼵?섎뒗 寃껋씠 醫뗭뒿?덈떎. [c:\WORK\SRC\Railml_editor\RailmlEditor\RailmlEditor_wrav1p5p_wpftmp.csproj]
c:\WORK\SRC\Railml_editor\RailmlEditor\Models\RailModel.cs(189,23): warning CS8618: null???덉슜?섏? ?딅뒗 ?띿꽦 'Id'?(?? ?앹꽦?먮? 醫낅즺????null???꾨땶 媛믪쓣 ?ы븿?댁빞 ?⑸땲?? 'required' ?쒖젙?먮? 異붽??섍굅???띿꽦??瑜? nullable濡??좎뼵?섎뒗 寃껋씠 醫뗭뒿?덈떎. [c:\WORK\SRC\Railml_editor\RailmlEditor\RailmlEditor_wrav1p5p_wpftmp.csproj]
c:\WORK\SRC\Railml_editor\RailmlEditor\Models\RailModel.cs(195,26): warning CS8618: null???덉슜?섏? ?딅뒗 ?띿꽦 'ScreenPos'?(?? ?앹꽦?먮? 醫낅즺????null???꾨땶 媛믪쓣 ?ы븿?댁빞 ?⑸땲?? 'required' ?쒖젙?먮? 異붽??섍굅???띿꽦??瑜? nullable濡??좎뼵?섎뒗 寃껋씠 醫뗭뒿?덈떎. [c:\WORK\SRC\Railml_editor\RailmlEditor\RailmlEditor_wrav1p5p_wpftmp.csproj]
c:\WORK\SRC\Railml_editor\RailmlEditor\Models\RailModel.cs(198,31): warning CS8618: null???덉슜?섏? ?딅뒗 ?띿꽦 'AdditionalName'?(?? ?앹꽦?먮? 醫낅즺????null???꾨땶 媛믪쓣 ?ы븿?댁빞 ?⑸땲?? 'required' ?쒖젙?먮? 異붽??섍굅???띿꽦??瑜? nullable濡??좎뼵?섎뒗 寃껋씠 醫뗭뒿?덈떎. [c:\WORK\SRC\Railml_editor\RailmlEditor\RailmlEditor_wrav1p5p_wpftmp.csproj]
c:\WORK\SRC\Railml_editor\RailmlEditor\Models\RailModel.cs(86,23): warning CS8618: null???덉슜?섏? ?딅뒗 ?띿꽦 'Id'?(?? ?앹꽦?먮? 醫낅즺????null???꾨땶 媛믪쓣 ?ы븿?댁빞 ?⑸땲?? 'required' ?쒖젙?먮? 異붽??섍굅???띿꽦??瑜? nullable濡??좎뼵?섎뒗 寃껋씠 醫뗭뒿?덈떎. [c:\WORK\SRC\Railml_editor\RailmlEditor\RailmlEditor_wrav1p5p_wpftmp.csproj]
c:\WORK\SRC\Railml_editor\RailmlEditor\Models\RailModel.cs(89,23): warning CS8618: null???덉슜?섏? ?딅뒗 ?띿꽦 'Dir'?(?? ?앹꽦?먮? 醫낅즺????null???꾨땶 媛믪쓣 ?ы븿?댁빞 ?⑸땲?? 'required' ?쒖젙?먮? 異붽??섍굅???띿꽦??瑜? nullable濡??좎뼵?섎뒗 寃껋씠 醫뗭뒿?덈떎. [c:\WORK\SRC\Railml_editor\RailmlEditor\RailmlEditor_wrav1p5p_wpftmp.csproj]
c:\WORK\SRC\Railml_editor\RailmlEditor\Models\RailModel.cs(92,23): warning CS8618: null???덉슜?섏? ?딅뒗 ?띿꽦 'Type'?(?? ?앹꽦?먮? 醫낅즺????null???꾨땶 媛믪쓣 ?ы븿?댁빞 ?⑸땲?? 'required' ?쒖젙?먮? 異붽??섍굅???띿꽦??瑜? nullable濡??좎뼵?섎뒗 寃껋씠 醫뗭뒿?덈떎. [c:\WORK\SRC\Railml_editor\RailmlEditor\RailmlEditor_wrav1p5p_wpftmp.csproj]
c:\WORK\SRC\Railml_editor\RailmlEditor\Models\RailModel.cs(95,23): warning CS8618: null???덉슜?섏? ?딅뒗 ?띿꽦 'Function'?(?? ?앹꽦?먮? 醫낅즺????null???꾨땶 媛믪쓣 ?ы븿?댁빞 ?⑸땲?? 'required' ?쒖젙?먮? 異붽??섍굅???띿꽦??瑜? nullable濡??좎뼵?섎뒗 寃껋씠 醫뗭뒿?덈떎. [c:\WORK\SRC\Railml_editor\RailmlEditor\RailmlEditor_wrav1p5p_wpftmp.csproj]
c:\WORK\SRC\Railml_editor\RailmlEditor\Models\RailModel.cs(99,31): warning CS8618: null???덉슜?섏? ?딅뒗 ?띿꽦 'AdditionalName'?(?? ?앹꽦?먮? 醫낅즺????null???꾨땶 媛믪쓣 ?ы븿?댁빞 ?⑸땲?? 'required' ?쒖젙?먮? 異붽??섍굅???띿꽦??瑜? nullable濡??좎뼵?섎뒗 寃껋씠 醫뗭뒿?덈떎. [c:\WORK\SRC\Railml_editor\RailmlEditor\RailmlEditor_wrav1p5p_wpftmp.csproj]
c:\WORK\SRC\Railml_editor\RailmlEditor\Models\RailModel.cs(114,26): warning CS8618: null???덉슜?섏? ?딅뒗 ?띿꽦 'ScreenPos'?(?? ?앹꽦?먮? 醫낅즺????null???꾨땶 媛믪쓣 ?ы븿?댁빞 ?⑸땲?? 'required' ?쒖젙?먮? 異붽??섍굅???띿꽦??瑜? nullable濡??좎뼵?섎뒗 寃껋씠 醫뗭뒿?덈떎. [c:\WORK\SRC\Railml_editor\RailmlEditor\RailmlEditor_wrav1p5p_wpftmp.csproj]
c:\WORK\SRC\Railml_editor\RailmlEditor\Models\RailModel.cs(38,23): warning CS8618: null???덉슜?섏? ?딅뒗 ?띿꽦 'Id'?(?? ?앹꽦?먮? 醫낅즺????null???꾨땶 媛믪쓣 ?ы븿?댁빞 ?⑸땲?? 'required' ?쒖젙?먮? 異붽??섍굅???띿꽦??瑜? nullable濡??좎뼵?섎뒗 寃껋씠 醫뗭뒿?덈떎. [c:\WORK\SRC\Railml_editor\RailmlEditor\RailmlEditor_wrav1p5p_wpftmp.csproj]
c:\WORK\SRC\Railml_editor\RailmlEditor\Models\RailModel.cs(41,23): warning CS8618: null???덉슜?섏? ?딅뒗 ?띿꽦 'Name'?(?? ?앹꽦?먮? 醫낅즺????null???꾨땶 媛믪쓣 ?ы븿?댁빞 ?⑸땲?? 'required' ?쒖젙?먮? 異붽??섍굅???띿꽦??瑜? nullable濡??좎뼵?섎뒗 寃껋씠 醫뗭뒿?덈떎. [c:\WORK\SRC\Railml_editor\RailmlEditor\RailmlEditor_wrav1p5p_wpftmp.csproj]
c:\WORK\SRC\Railml_editor\RailmlEditor\Models\RailModel.cs(44,23): warning CS8618: null???덉슜?섏? ?딅뒗 ?띿꽦 'Description'?(?? ?앹꽦?먮? 醫낅즺????null???꾨땶 媛믪쓣 ?ы븿?댁빞 ?⑸땲?? 'required' ?쒖젙?먮? 異붽??섍굅???띿꽦??瑜? nullable濡??좎뼵?섎뒗 寃껋씠 醫뗭뒿?덈떎. [c:\WORK\SRC\Railml_editor\RailmlEditor\RailmlEditor_wrav1p5p_wpftmp.csproj]
c:\WORK\SRC\Railml_editor\RailmlEditor\Models\RailModel.cs(47,23): warning CS8618: null???덉슜?섏? ?딅뒗 ?띿꽦 'Type'?(?? ?앹꽦?먮? 醫낅즺????null???꾨땶 媛믪쓣 ?ы븿?댁빞 ?⑸땲?? 'required' ?쒖젙?먮? 異붽??섍굅???띿꽦??瑜? nullable濡??좎뼵?섎뒗 寃껋씠 醫뗭뒿?덈떎. [c:\WORK\SRC\Railml_editor\RailmlEditor\RailmlEditor_wrav1p5p_wpftmp.csproj]
c:\WORK\SRC\Railml_editor\RailmlEditor\Models\RailModel.cs(50,23): warning CS8618: null???덉슜?섏? ?딅뒗 ?띿꽦 'MainDir'?(?? ?앹꽦?먮? 醫낅즺????null???꾨땶 媛믪쓣 ?ы븿?댁빞 ?⑸땲?? 'required' ?쒖젙?먮? 異붽??섍굅???띿꽦??瑜? nullable濡??좎뼵?섎뒗 寃껋씠 醫뗭뒿?덈떎. [c:\WORK\SRC\Railml_editor\RailmlEditor\RailmlEditor_wrav1p5p_wpftmp.csproj]
c:\WORK\SRC\Railml_editor\RailmlEditor\Models\RailModel.cs(53,30): warning CS8618: null???덉슜?섏? ?딅뒗 ?띿꽦 'TrackTopology'?(?? ?앹꽦?먮? 醫낅즺????null???꾨땶 媛믪쓣 ?ы븿?댁빞 ?⑸땲?? 'required' ?쒖젙?먮? 異붽??섍굅???띿꽦??瑜? nullable濡??좎뼵?섎뒗 寃껋씠 醫뗭뒿?덈떎. [c:\WORK\SRC\Railml_editor\RailmlEditor\RailmlEditor_wrav1p5p_wpftmp.csproj]
c:\WORK\SRC\Railml_editor\RailmlEditor\Models\RailModel.cs(56,28): warning CS8618: null???덉슜?섏? ?딅뒗 ?띿꽦 'OcsElements'?(?? ?앹꽦?먮? 醫낅즺????null???꾨땶 媛믪쓣 ?ы븿?댁빞 ?⑸땲?? 'required' ?쒖젙?먮? 異붽??섍굅???띿꽦??瑜? nullable濡??좎뼵?섎뒗 寃껋씠 醫뗭뒿?덈떎. [c:\WORK\SRC\Railml_editor\RailmlEditor\RailmlEditor_wrav1p5p_wpftmp.csproj]
c:\WORK\SRC\Railml_editor\RailmlEditor\Models\RailModel.cs(59,23): warning CS8618: null???덉슜?섏? ?딅뒗 ?띿꽦 'Code'?(?? ?앹꽦?먮? 醫낅즺????null???꾨땶 媛믪쓣 ?ы븿?댁빞 ?⑸땲?? 'required' ?쒖젙?먮? 異붽??섍굅???띿꽦??瑜? nullable濡??좎뼵?섎뒗 寃껋씠 醫뗭뒿?덈떎. [c:\WORK\SRC\Railml_editor\RailmlEditor\RailmlEditor_wrav1p5p_wpftmp.csproj]
c:\WORK\SRC\Railml_editor\RailmlEditor\Models\RailModel.cs(68,23): warning CS8618: null???덉슜?섏? ?딅뒗 ?띿꽦 'TrackContinueCourse'?(?? ?앹꽦?먮? 醫낅즺????null???꾨땶 媛믪쓣 ?ы븿?댁빞 ?⑸땲?? 'required' ?쒖젙?먮? 異붽??섍굅???띿꽦??瑜? nullable濡??좎뼵?섎뒗 寃껋씠 醫뗭뒿?덈떎. [c:\WORK\SRC\Railml_editor\RailmlEditor\RailmlEditor_wrav1p5p_wpftmp.csproj]
c:\WORK\SRC\Railml_editor\RailmlEditor\Models\RailModel.cs(165,23): warning CS8618: null???덉슜?섏? ?딅뒗 ?띿꽦 'Id'?(?? ?앹꽦?먮? 醫낅즺????null???꾨땶 媛믪쓣 ?ы븿?댁빞 ?⑸땲?? 'required' ?쒖젙?먮? 異붽??섍굅???띿꽦??瑜? nullable濡??좎뼵?섎뒗 寃껋씠 醫뗭뒿?덈떎. [c:\WORK\SRC\Railml_editor\RailmlEditor\RailmlEditor_wrav1p5p_wpftmp.csproj]
c:\WORK\SRC\Railml_editor\RailmlEditor\Models\RailModel.cs(168,23): warning CS8618: null???덉슜?섏? ?딅뒗 ?띿꽦 'Ref'?(?? ?앹꽦?먮? 醫낅즺????null???꾨땶 媛믪쓣 ?ы븿?댁빞 ?⑸땲?? 'required' ?쒖젙?먮? 異붽??섍굅???띿꽦??瑜? nullable濡??좎뼵?섎뒗 寃껋씠 醫뗭뒿?덈떎. [c:\WORK\SRC\Railml_editor\RailmlEditor\RailmlEditor_wrav1p5p_wpftmp.csproj]
c:\WORK\SRC\Railml_editor\RailmlEditor\Models\RailModel.cs(171,23): warning CS8618: null???덉슜?섏? ?딅뒗 ?띿꽦 'Orientation'?(?? ?앹꽦?먮? 醫낅즺????null???꾨땶 媛믪쓣 ?ы븿?댁빞 ?⑸땲?? 'required' ?쒖젙?먮? 異붽??섍굅???띿꽦??瑜? nullable濡??좎뼵?섎뒗 寃껋씠 醫뗭뒿?덈떎. [c:\WORK\SRC\Railml_editor\RailmlEditor\RailmlEditor_wrav1p5p_wpftmp.csproj]
c:\WORK\SRC\Railml_editor\RailmlEditor\Models\RailModel.cs(174,23): warning CS8618: null???덉슜?섏? ?딅뒗 ?띿꽦 'Course'?(?? ?앹꽦?먮? 醫낅즺????null???꾨땶 媛믪쓣 ?ы븿?댁빞 ?⑸땲?? 'required' ?쒖젙?먮? 異붽??섍굅???띿꽦??瑜? nullable濡??좎뼵?섎뒗 寃껋씠 醫뗭뒿?덈떎. [c:\WORK\SRC\Railml_editor\RailmlEditor\RailmlEditor_wrav1p5p_wpftmp.csproj]
c:\WORK\SRC\Railml_editor\RailmlEditor\Models\RailModel.cs(153,23): warning CS8618: null???덉슜?섏? ?딅뒗 ?띿꽦 'Id'?(?? ?앹꽦?먮? 醫낅즺????null???꾨땶 媛믪쓣 ?ы븿?댁빞 ?⑸땲?? 'required' ?쒖젙?먮? 異붽??섍굅???띿꽦??瑜? nullable濡??좎뼵?섎뒗 寃껋씠 醫뗭뒿?덈떎. [c:\WORK\SRC\Railml_editor\RailmlEditor\RailmlEditor_wrav1p5p_wpftmp.csproj]
c:\WORK\SRC\Railml_editor\RailmlEditor\Models\RailModel.cs(159,26): warning CS8618: null???덉슜?섏? ?딅뒗 ?띿꽦 'ScreenPos'?(?? ?앹꽦?먮? 醫낅즺????null???꾨땶 媛믪쓣 ?ы븿?댁빞 ?⑸땲?? 'required' ?쒖젙?먮? 異붽??섍굅???띿꽦??瑜? nullable濡??좎뼵?섎뒗 寃껋씠 醫뗭뒿?덈떎. [c:\WORK\SRC\Railml_editor\RailmlEditor\RailmlEditor_wrav1p5p_wpftmp.csproj]
c:\WORK\SRC\Railml_editor\RailmlEditor\MainWindow.xaml.cs(50,31): warning CS8600: null 由ы꽣???먮뒗 媛?ν븳 null 媛믪쓣 null???덉슜?섏? ?딅뒗 ?뺤떇?쇰줈 蹂?섑븯??以묒엯?덈떎. [c:\WORK\SRC\Railml_editor\RailmlEditor\RailmlEditor_wrav1p5p_wpftmp.csproj]
c:\WORK\SRC\Railml_editor\RailmlEditor\MainWindow.xaml.cs(53,51): warning CS8600: null 由ы꽣???먮뒗 媛?ν븳 null 媛믪쓣 null???덉슜?섏? ?딅뒗 ?뺤떇?쇰줈 蹂?섑븯??以묒엯?덈떎. [c:\WORK\SRC\Railml_editor\RailmlEditor\RailmlEditor_wrav1p5p_wpftmp.csproj]
c:\WORK\SRC\Railml_editor\RailmlEditor\ViewModels\MainViewModel.cs(346,43): warning CS8622: 'void MainViewModel.Elements_CollectionChanged(object sender, NotifyCollectionChangedEventArgs e)'??'sender' 留ㅺ컻 蹂???뺤떇?먯꽌 李몄“ ?뺤떇??Null ?덉슜 ?щ?媛 ????由ъ옄 'NotifyCollectionChangedEventHandler'怨??) ?쇱튂?섏? ?딆뒿?덈떎(Null ?덉슜 ?щ? ?뱀꽦 ?뚮Ц?????덉쓬). [c:\WORK\SRC\Railml_editor\RailmlEditor\RailmlEditor_wrav1p5p_wpftmp.csproj]
c:\WORK\SRC\Railml_editor\RailmlEditor\MainWindow.xaml.cs(118,51): warning CS8600: null 由ы꽣???먮뒗 媛?ν븳 null 媛믪쓣 null???덉슜?섏? ?딅뒗 ?뺤떇?쇰줈 蹂?섑븯??以묒엯?덈떎. [c:\WORK\SRC\Railml_editor\RailmlEditor\RailmlEditor_wrav1p5p_wpftmp.csproj]
c:\WORK\SRC\Railml_editor\RailmlEditor\ViewModels\BulkEditViewModel.cs(75,88): warning CS8601: 媛?ν븳 null 李몄“ ?좊떦?낅땲?? [c:\WORK\SRC\Railml_editor\RailmlEditor\RailmlEditor_wrav1p5p_wpftmp.csproj]
c:\WORK\SRC\Railml_editor\RailmlEditor\ViewModels\MainViewModel.cs(547,20): warning CS8603: 媛?ν븳 null 李몄“ 諛섑솚?낅땲?? [c:\WORK\SRC\Railml_editor\RailmlEditor\RailmlEditor_wrav1p5p_wpftmp.csproj]
c:\WORK\SRC\Railml_editor\RailmlEditor\Services\RailmlService.cs(29,44): warning CS8600: null 由ы꽣???먮뒗 媛?ν븳 null 媛믪쓣 null???덉슜?섏? ?딅뒗 ?뺤떇?쇰줈 蹂?섑븯??以묒엯?덈떎. [c:\WORK\SRC\Railml_editor\RailmlEditor\RailmlEditor_wrav1p5p_wpftmp.csproj]
c:\WORK\SRC\Railml_editor\RailmlEditor\Services\RailmlService.cs(34,28): warning CS8601: 媛?ν븳 null 李몄“ ?좊떦?낅땲?? [c:\WORK\SRC\Railml_editor\RailmlEditor\RailmlEditor_wrav1p5p_wpftmp.csproj]
c:\WORK\SRC\Railml_editor\RailmlEditor\Services\RailmlService.cs(35,35): warning CS8601: 媛?ν븳 null 李몄“ ?좊떦?낅땲?? [c:\WORK\SRC\Railml_editor\RailmlEditor\RailmlEditor_wrav1p5p_wpftmp.csproj]
c:\WORK\SRC\Railml_editor\RailmlEditor\Services\RailmlService.cs(36,28): warning CS8601: 媛?ν븳 null 李몄“ ?좊떦?낅땲?? [c:\WORK\SRC\Railml_editor\RailmlEditor\RailmlEditor_wrav1p5p_wpftmp.csproj]
c:\WORK\SRC\Railml_editor\RailmlEditor\Services\RailmlService.cs(37,31): warning CS8601: 媛?ν븳 null 李몄“ ?좊떦?낅땲?? [c:\WORK\SRC\Railml_editor\RailmlEditor\RailmlEditor_wrav1p5p_wpftmp.csproj]
c:\WORK\SRC\Railml_editor\RailmlEditor\Services\RailmlService.cs(41,43): warning CS8601: 媛?ν븳 null 李몄“ ?좊떦?낅땲?? [c:\WORK\SRC\Railml_editor\RailmlEditor\RailmlEditor_wrav1p5p_wpftmp.csproj]
c:\WORK\SRC\Railml_editor\RailmlEditor\Services\RailmlService.cs(68,68): warning CS8602: null 媛??李몄“???????갭議곗엯?덈떎. [c:\WORK\SRC\Railml_editor\RailmlEditor\RailmlEditor_wrav1p5p_wpftmp.csproj]
c:\WORK\SRC\Railml_editor\RailmlEditor\Services\RailmlService.cs(68,37): warning CS8601: 媛?ν븳 null 李몄“ ?좊떦?낅땲?? [c:\WORK\SRC\Railml_editor\RailmlEditor\RailmlEditor_wrav1p5p_wpftmp.csproj]
c:\WORK\SRC\Railml_editor\RailmlEditor\Services\RailmlService.cs(89,36): warning CS8601: 媛?ν븳 null 李몄“ ?좊떦?낅땲?? [c:\WORK\SRC\Railml_editor\RailmlEditor\RailmlEditor_wrav1p5p_wpftmp.csproj]
c:\WORK\SRC\Railml_editor\RailmlEditor\Services\RailmlService.cs(90,40): warning CS8601: 媛?ν븳 null 李몄“ ?좊떦?낅땲?? [c:\WORK\SRC\Railml_editor\RailmlEditor\RailmlEditor_wrav1p5p_wpftmp.csproj]
c:\WORK\SRC\Railml_editor\RailmlEditor\Services\RailmlService.cs(91,74): warning CS8601: 媛?ν븳 null 李몄“ ?좊떦?낅땲?? [c:\WORK\SRC\Railml_editor\RailmlEditor\RailmlEditor_wrav1p5p_wpftmp.csproj]
c:\WORK\SRC\Railml_editor\RailmlEditor\Services\RailmlService.cs(190,79): warning CS8601: 媛?ν븳 null 李몄“ ?좊떦?낅땲?? [c:\WORK\SRC\Railml_editor\RailmlEditor\RailmlEditor_wrav1p5p_wpftmp.csproj]
c:\WORK\SRC\Railml_editor\RailmlEditor\Services\RailmlService.cs(192,46): warning CS8601: 媛?ν븳 null 李몄“ ?좊떦?낅땲?? [c:\WORK\SRC\Railml_editor\RailmlEditor\RailmlEditor_wrav1p5p_wpftmp.csproj]
c:\WORK\SRC\Railml_editor\RailmlEditor\ViewModels\MainViewModel.cs(80,13): error CS0103: 'FlipHorizontallyCommand' ?대쫫???꾩옱 而⑦뀓?ㅽ듃???놁뒿?덈떎. [c:\WORK\SRC\Railml_editor\RailmlEditor\RailmlEditor_wrav1p5p_wpftmp.csproj]
c:\WORK\SRC\Railml_editor\RailmlEditor\ViewModels\MainViewModel.cs(81,13): error CS0103: 'FlipVerticallyCommand' ?대쫫???꾩옱 而⑦뀓?ㅽ듃???놁뒿?덈떎. [c:\WORK\SRC\Railml_editor\RailmlEditor\RailmlEditor_wrav1p5p_wpftmp.csproj]
    寃쎄퀬 56媛?
    ?ㅻ쪟 2媛?

寃쎄낵 ?쒓컙: 00:00:01.08
