빌드 시작: 2025-12-25 오전 4:08:44
로깅의 세부 정보 표시가 Detailed(으)로 설정되었습니다.     0>프로세스 = "C:\Program Files\dotnet\dotnet.exe"
       MSBuild 실행 파일 경로 = "C:\Program Files\dotnet\sdk\10.0.100\MSBuild.dll"
       명령줄 인수 = "C:\Program Files\dotnet\sdk\10.0.100\MSBuild.dll -maxcpucount --verbosity:m -tlp:default=auto --property:NuGetInteractive=true --restoreProperty:NuGetInteractive=true --restoreProperty:EnableDefaultCompileItems=false --restoreProperty:EnableDefaultEmbeddedResourceItems=false --restoreProperty:EnableDefaultNoneItems=false c:\WORK\SRC\Railml_editor\RailmlEditor.sln /clp:ErrorsOnly /fileLogger /fileLoggerParameters:LogFile=build_errors.log -consoleloggerparameters:Summary -restore -distributedlogger:Microsoft.DotNet.Cli.Commands.MSBuild.MSBuildLogger,C:\Program Files\dotnet\sdk\10.0.100\dotnet.dll*Microsoft.DotNet.Cli.Commands.MSBuild.MSBuildForwardingLogger,C:\Program Files\dotnet\sdk\10.0.100\dotnet.dll -nologo"
       현재 디렉터리 = "C:\WORK\SRC\Railml_editor"
       MSBuild 버전 = "18.0.2+b0f34d51f"
       Windows 레지스트리 키 LongPathsEnabled에 따라 LongPaths 기능이 사용 안 함입니다.
       Windows 레지스트리 키 VerifiedAndReputablePolicyState에 따른 SAC 상태 = 0: 꺼짐.
       c:\WORK\SRC\Railml_editor\RailmlEditor.sln.metaproj : message : 환경에서 값이 'MSBuildExtensionsPath'인 속성 'C:\Program Files\dotnet\sdk\10.0.100\'이(가) 확장되었습니다.
       Evaluation 동안 로드된 어셈블리: System.Threading.Tasks.Parallel, Version=10.0.0.0, Culture=neutral, PublicKeyToken=b03f5f7f11d50a3a(위치: C:\Program Files\dotnet\shared\Microsoft.NETCore.App\10.0.0\System.Threading.Tasks.Parallel.dll, MVID: 5134392a-badb-4b79-ae80-096fbe1adfd1, AssemblyLoadContext: Default)
       "NuGetInteractive" 속성은 전역 속성이므로 수정할 수 없습니다.
       C:\Program Files\dotnet\sdk\10.0.100\NuGet.targets(123,5): message : 속성 재할당: $(_GenerateRestoreGraphProjectEntryInputProperties)=C:\Program Files\dotnet\sdk\10.0.100\NuGet.targets (123,5)의 "
       C:\Program Files\dotnet\sdk\10.0.100\NuGet.targets(123,5): message :       ExcludeRestorePackageImports=true;
       C:\Program Files\dotnet\sdk\10.0.100\NuGet.targets(123,5): message :       _RestoreSolutionFileUsed=true;
       C:\Program Files\dotnet\sdk\10.0.100\NuGet.targets(123,5): message :       SolutionDir=c:\WORK\SRC\Railml_editor\;
       C:\Program Files\dotnet\sdk\10.0.100\NuGet.targets(123,5): message :       SolutionName=RailmlEditor;
       C:\Program Files\dotnet\sdk\10.0.100\NuGet.targets(123,5): message :       SolutionFileName=RailmlEditor.sln;
       C:\Program Files\dotnet\sdk\10.0.100\NuGet.targets(123,5): message :       SolutionPath=c:\WORK\SRC\Railml_editor\RailmlEditor.sln;
       C:\Program Files\dotnet\sdk\10.0.100\NuGet.targets(123,5): message :       SolutionExt=.sln;
       C:\Program Files\dotnet\sdk\10.0.100\NuGet.targets(123,5): message :     "(이전 값: "ExcludeRestorePackageImports=true")
       Evaluation 동안 로드된 어셈블리: System.Threading.ThreadPool, Version=10.0.0.0, Culture=neutral, PublicKeyToken=b03f5f7f11d50a3a(위치: C:\Program Files\dotnet\shared\Microsoft.NETCore.App\10.0.0\System.Threading.ThreadPool.dll, MVID: 90479bfe-7f4a-44df-9ee8-0174e6524deb, AssemblyLoadContext: Default)
       Evaluation 동안 로드된 어셈블리: System.Net.Sockets, Version=10.0.0.0, Culture=neutral, PublicKeyToken=b03f5f7f11d50a3a(위치: C:\Program Files\dotnet\shared\Microsoft.NETCore.App\10.0.0\System.Net.Sockets.dll, MVID: 56699e44-7260-4dcc-91f5-6790336de0c2, AssemblyLoadContext: Default)
       Evaluation 동안 로드된 어셈블리: System.Numerics.Vectors, Version=10.0.0.0, Culture=neutral, PublicKeyToken=b03f5f7f11d50a3a(위치: C:\Program Files\dotnet\shared\Microsoft.NETCore.App\10.0.0\System.Numerics.Vectors.dll, MVID: b8939b4e-776a-42fd-9bad-c2f4c79491aa, AssemblyLoadContext: Default)
       Evaluation 동안 로드된 어셈블리: System.Threading.Overlapped, Version=10.0.0.0, Culture=neutral, PublicKeyToken=b03f5f7f11d50a3a(위치: C:\Program Files\dotnet\shared\Microsoft.NETCore.App\10.0.0\System.Threading.Overlapped.dll, MVID: a35d6e5e-4723-4445-a517-8ba2bf3ff76d, AssemblyLoadContext: Default)
       "c:\WORK\SRC\Railml_editor\RailmlEditor.sln.metaproj" 프로젝트의 "Restore" 대상을 "C:\Program Files\dotnet\sdk\10.0.100\NuGet.targets" 프로젝트의 "Restore" 대상으로 재정의하고 있습니다.
       "C:\Program Files\dotnet\sdk\10.0.100\Current\SolutionFile\ImportAfter\Microsoft.NET.Sdk.Solution.targets(24,11)"의 BeforeTargets 특성에 나열된 "_MTPBuild" 대상이 프로젝트에 없으며 무시됩니다.
       "C:\Program Files\dotnet\sdk\10.0.100\Current\SolutionFile\ImportAfter\Microsoft.NET.Sdk.Solution.targets(33,11)"의 BeforeTargets 특성에 나열된 "Store" 대상이 프로젝트에 없으며 무시됩니다.
       "C:\Program Files\dotnet\sdk\10.0.100\Current\SolutionFile\ImportAfter\Microsoft.NET.Sdk.Solution.targets(33,11)"의 BeforeTargets 특성에 나열된 "VSTest" 대상이 프로젝트에 없으며 무시됩니다.
       "C:\Program Files\dotnet\sdk\10.0.100\Current\SolutionFile\ImportAfter\Microsoft.NET.Sdk.Solution.targets(33,11)"의 BeforeTargets 특성에 나열된 "_MTPBuild" 대상이 프로젝트에 없으며 무시됩니다.
       "C:\Program Files\dotnet\sdk\10.0.100\NuGet.targets(703,11)"의 BeforeTargets 특성에 나열된 "_CheckForInvalidConfigurationAndPlatform" 대상이 프로젝트에 없으며 무시됩니다.
     1>1 노드의 "c:\WORK\SRC\Railml_editor\RailmlEditor.sln" 프로젝트(Restore 대상)입니다.
     1>"c:\WORK\SRC\Railml_editor\RailmlEditor.sln" 프로젝트의 "c:\WORK\SRC\Railml_editor\RailmlEditor.sln.metaproj" 파일에 있는 "ValidateSolutionConfiguration" 대상(진입점):
     1>"Microsoft.Build.Tasks.Core, Version=15.1.0.0, Culture=neutral, PublicKeyToken=b03f5f7f11d50a3a" 어셈블리에서 "Message" 작업을 사용합니다.
       "Message" 작업
         솔루션 구성 "Debug|Any CPU"을(를) 빌드하고 있습니다.
       "Message" 작업을 실행했습니다.
     1>"RailmlEditor.sln" 프로젝트에 "ValidateSolutionConfiguration" 대상을 빌드했습니다.
     1>"c:\WORK\SRC\Railml_editor\RailmlEditor.sln" 프로젝트의 "c:\WORK\SRC\Railml_editor\RailmlEditor.sln.metaproj" 파일에 있는 "ValidateToolsVersions" 대상(진입점):
     1>"RailmlEditor.sln" 프로젝트에 "ValidateToolsVersions" 대상을 빌드했습니다.
     1>"c:\WORK\SRC\Railml_editor\RailmlEditor.sln" 프로젝트의 "c:\WORK\SRC\Railml_editor\RailmlEditor.sln.metaproj" 파일에 있는 "ValidateProjects" 대상(진입점):
     1>"RailmlEditor.sln" 프로젝트에 "ValidateProjects" 대상을 빌드했습니다.
     1>"c:\WORK\SRC\Railml_editor\RailmlEditor.sln" 프로젝트의 "C:\Program Files\dotnet\sdk\10.0.100\NuGet.targets" 파일에 있는 "_LoadRestoreGraphEntryPoints" 대상("_FilterRestoreGraphProjectInputItems" 대상이 종속됨):
       TaskRun 동안 로드된 어셈블리: NuGet.Build.Tasks, Version=7.0.0.0, Culture=neutral, PublicKeyToken=31bf3856ad364e35(위치: C:\Program Files\dotnet\sdk\10.0.100\NuGet.Build.Tasks.dll, MVID: a423781e-dcd8-40f9-8979-fe711791fcc3, AssemblyLoadContext: MSBuild plugin C:\Program Files\dotnet\sdk\10.0.100\NuGet.Build.Tasks.dll)
       TaskRun 동안 로드된 어셈블리: System.Reflection.Metadata, Version=10.0.0.0, Culture=neutral, PublicKeyToken=b03f5f7f11d50a3a(위치: C:\Program Files\dotnet\shared\Microsoft.NETCore.App\10.0.0\System.Reflection.Metadata.dll, MVID: 20dcffdc-49de-4bb4-bd35-82a9f36dffea, AssemblyLoadContext: Default)
       TaskRun 동안 로드된 어셈블리: NuGet.Common, Version=7.0.0.0, Culture=neutral, PublicKeyToken=31bf3856ad364e35(위치: C:\Program Files\dotnet\sdk\10.0.100\NuGet.Common.dll, MVID: ec35ea1c-e486-40b2-8650-a0234b606d79, AssemblyLoadContext: MSBuild plugin C:\Program Files\dotnet\sdk\10.0.100\NuGet.Build.Tasks.dll)
       TaskRun 동안 로드된 어셈블리: NuGet.Commands, Version=7.0.0.0, Culture=neutral, PublicKeyToken=31bf3856ad364e35(위치: C:\Program Files\dotnet\sdk\10.0.100\NuGet.Commands.dll, MVID: d5fc3bb4-5c09-4019-a99b-4fa81d62022e, AssemblyLoadContext: MSBuild plugin C:\Program Files\dotnet\sdk\10.0.100\NuGet.Build.Tasks.dll)
       TaskRun 동안 로드된 어셈블리: NuGet.ProjectModel, Version=7.0.0.0, Culture=neutral, PublicKeyToken=31bf3856ad364e35(위치: C:\Program Files\dotnet\sdk\10.0.100\NuGet.ProjectModel.dll, MVID: bc8254c9-73a8-4557-9622-f1d09eb597b0, AssemblyLoadContext: MSBuild plugin C:\Program Files\dotnet\sdk\10.0.100\NuGet.Build.Tasks.dll)
       "C:\Program Files\dotnet\sdk\10.0.100\NuGet.Build.Tasks.dll" 어셈블리에서 "GetRestoreSolutionProjectsTask" 작업을 사용합니다.
       "GetRestoreSolutionProjectsTask" 작업
       "GetRestoreSolutionProjectsTask" 작업을 실행했습니다.
     1>"RailmlEditor.sln" 프로젝트에 "_LoadRestoreGraphEntryPoints" 대상을 빌드했습니다.
     1>"c:\WORK\SRC\Railml_editor\RailmlEditor.sln" 프로젝트의 "C:\Program Files\dotnet\sdk\10.0.100\NuGet.targets" 파일에 있는 "_FilterRestoreGraphProjectInputItems" 대상("_GenerateRestoreGraph" 대상이 종속됨):
       "Microsoft.Build.Tasks.Core, Version=15.1.0.0, Culture=neutral, PublicKeyToken=b03f5f7f11d50a3a" 어셈블리에서 "RemoveDuplicates" 작업을 사용합니다.
       "RemoveDuplicates" 작업
       "RemoveDuplicates" 작업을 실행했습니다.
       "Microsoft.Build.Tasks.Core, Version=15.1.0.0, Culture=neutral, PublicKeyToken=b03f5f7f11d50a3a" 어셈블리에서 "MSBuild" 작업을 사용합니다.
       "MSBuild" 작업
         전역 속성:
           ExcludeRestorePackageImports=true
           _RestoreSolutionFileUsed=true
           SolutionDir=c:\WORK\SRC\Railml_editor\
           SolutionName=RailmlEditor
           SolutionFileName=RailmlEditor.sln
           SolutionPath=c:\WORK\SRC\Railml_editor\RailmlEditor.sln
           SolutionExt=.sln
         "c:\WORK\SRC\Railml_editor\RailmlEditor\RailmlEditor.csproj" 프로젝트의 추가 속성:
           Configuration=Debug
           Platform=AnyCPU
     0>SDK "Microsoft.NET.Sdk"이(가) "DefaultSdkResolver" 확인자에 의해 "C:\Program Files\dotnet\sdk\10.0.100\Sdks\Microsoft.NET.Sdk\Sdk" 위치 및 "" 버전으로 확인되었습니다.
       C:\Program Files\dotnet\sdk\10.0.100\Sdks\Microsoft.NET.Sdk\Sdk\Sdk.props(49,11): message : 환경에서 값이 'MSBuildExtensionsPath'인 속성 'C:\Program Files\dotnet\sdk\10.0.100\'이(가) 확장되었습니다.
       C:\Program Files\dotnet\sdk\10.0.100\Current\Microsoft.Common.props(60,5): message : 속성 재할당: $(MSBuildProjectExtensionsPath)=C:\Program Files\dotnet\sdk\10.0.100\Current\Microsoft.Common.props (60,5)의 "c:\WORK\SRC\Railml_editor\RailmlEditor\obj\"(이전 값: "obj\")
       C:\Program Files\dotnet\sdk\10.0.100\Current\Microsoft.Common.props(84,119): message : 환경에서 값이 'MSBuildUserExtensionsPath'인 속성 'C:\Users\user\AppData\Local\Microsoft\MSBuild'이(가) 확장되었습니다.
       "Configuration" 속성은 전역 속성이므로 수정할 수 없습니다.
       "Platform" 속성은 전역 속성이므로 수정할 수 없습니다.
       "Configuration" 속성은 전역 속성이므로 수정할 수 없습니다.
       "Platform" 속성은 전역 속성이므로 수정할 수 없습니다.
       C:\Program Files\dotnet\sdk\10.0.100\Sdks\Microsoft.NET.Sdk\targets\Microsoft.NET.Sdk.props(90,5): message : 속성 재할당: $(AssemblySearchPaths)=C:\Program Files\dotnet\sdk\10.0.100\Sdks\Microsoft.NET.Sdk\targets\Microsoft.NET.Sdk.props (90,5)의 "{CandidateAssemblyFiles};{HintPathFromItem}"(이전 값: "{CandidateAssemblyFiles}")
       C:\Program Files\dotnet\sdk\10.0.100\Sdks\Microsoft.NET.Sdk\targets\Microsoft.NET.Sdk.props(91,5): message : 속성 재할당: $(AssemblySearchPaths)=C:\Program Files\dotnet\sdk\10.0.100\Sdks\Microsoft.NET.Sdk\targets\Microsoft.NET.Sdk.props (91,5)의 "{CandidateAssemblyFiles};{HintPathFromItem};{TargetFrameworkDirectory}"(이전 값: "{CandidateAssemblyFiles};{HintPathFromItem}")
       C:\Program Files\dotnet\sdk\10.0.100\Sdks\Microsoft.NET.Sdk\targets\Microsoft.NET.Sdk.props(92,5): message : 속성 재할당: $(AssemblySearchPaths)=C:\Program Files\dotnet\sdk\10.0.100\Sdks\Microsoft.NET.Sdk\targets\Microsoft.NET.Sdk.props (92,5)의 "{CandidateAssemblyFiles};{HintPathFromItem};{TargetFrameworkDirectory};{RawFileName}"(이전 값: "{CandidateAssemblyFiles};{HintPathFromItem};{TargetFrameworkDirectory}")
       "DefaultSdkResolver" 확인자가 SDK "Microsoft.NET.SDK.WorkloadAutoImportPropsLocator"을(를) 확인하려고 했습니다.
       경고: null
       오류: MSB4276: 디렉터리 "Microsoft.NET.SDK.WorkloadAutoImportPropsLocator"이(가) 없으므로 기본 SDK 확인자가 SDK "C:\Program Files\dotnet\sdk\10.0.100\Sdks\Microsoft.NET.SDK.WorkloadAutoImportPropsLocator\Sdk"을(를) 확인하지 못했습니다.
       Evaluation 동안 로드된 어셈블리: Microsoft.Build.NuGetSdkResolver, Version=7.0.0.0, Culture=neutral, PublicKeyToken=31bf3856ad364e35(위치: C:\Program Files\dotnet\sdk\10.0.100\Microsoft.Build.NuGetSdkResolver.dll, MVID: c192cd28-6b5e-4007-9d95-cc779ff52603, AssemblyLoadContext: MSBuild plugin C:\Program Files\dotnet\sdk\10.0.100\Microsoft.Build.NuGetSdkResolver.dll)
       Evaluation 동안 로드된 어셈블리: NuGet.Common, Version=7.0.0.0, Culture=neutral, PublicKeyToken=31bf3856ad364e35(위치: C:\Program Files\dotnet\sdk\10.0.100\NuGet.Common.dll, MVID: ec35ea1c-e486-40b2-8650-a0234b606d79, AssemblyLoadContext: MSBuild plugin C:\Program Files\dotnet\sdk\10.0.100\Microsoft.Build.NuGetSdkResolver.dll)
       Evaluation 동안 로드된 어셈블리: Microsoft.NET.Sdk.WorkloadMSBuildSdkResolver, Version=10.0.100.0, Culture=neutral, PublicKeyToken=31bf3856ad364e35(위치: C:\Program Files\dotnet\sdk\10.0.100\Microsoft.NET.Sdk.WorkloadMSBuildSdkResolver.dll, MVID: 33446e51-167e-485b-8bb7-4f3dd96a791f, AssemblyLoadContext: MSBuild plugin C:\Program Files\dotnet\sdk\10.0.100\Microsoft.NET.Sdk.WorkloadMSBuildSdkResolver.dll)
       Evaluation 동안 로드된 어셈블리: Microsoft.DotNet.Cli.Utils, Version=10.0.100.0, Culture=neutral, PublicKeyToken=adb9793829ddae60(위치: C:\Program Files\dotnet\sdk\10.0.100\Microsoft.DotNet.Cli.Utils.dll, MVID: 486d3b5f-14dd-4a2d-89fa-acbd5985b879, AssemblyLoadContext: MSBuild plugin C:\Program Files\dotnet\sdk\10.0.100\Microsoft.NET.Sdk.WorkloadMSBuildSdkResolver.dll)
       Evaluation 동안 로드된 어셈블리: Microsoft.NET.Sdk.WorkloadManifestReader, Version=10.0.100.0, Culture=neutral, PublicKeyToken=adb9793829ddae60(위치: C:\Program Files\dotnet\sdk\10.0.100\Microsoft.NET.Sdk.WorkloadManifestReader.dll, MVID: 2825ddb4-fc3e-4597-88ab-1ea2f37a3512, AssemblyLoadContext: MSBuild plugin C:\Program Files\dotnet\sdk\10.0.100\Microsoft.NET.Sdk.WorkloadMSBuildSdkResolver.dll)
       Evaluation 동안 로드된 어셈블리: Microsoft.Deployment.DotNet.Releases, Version=2.0.0.0, Culture=neutral, PublicKeyToken=31bf3856ad364e35(위치: C:\Program Files\dotnet\sdk\10.0.100\Microsoft.Deployment.DotNet.Releases.dll, MVID: 6fb161f1-39e6-4a46-8ee1-b5565a8a5a8f, AssemblyLoadContext: MSBuild plugin C:\Program Files\dotnet\sdk\10.0.100\Microsoft.NET.Sdk.WorkloadMSBuildSdkResolver.dll)
       SDK "Microsoft.NET.SDK.WorkloadAutoImportPropsLocator"이(가) "Microsoft.DotNet.MSBuildWorkloadSdkResolver" 확인자에 의해 "null" 위치 및 "null" 버전으로 확인되었습니다.
       c:\WORK\SRC\Railml_editor\RailmlEditor\RailmlEditor.csproj(4,5): message : 속성 재할당: $(OutputType)=c:\WORK\SRC\Railml_editor\RailmlEditor\RailmlEditor.csproj (4,5)의 "WinExe"(이전 값: "Library")
       "Configuration" 속성은 전역 속성이므로 수정할 수 없습니다.
       "Platform" 속성은 전역 속성이므로 수정할 수 없습니다.
       C:\Program Files\dotnet\sdk\10.0.100\Sdks\Microsoft.NET.Sdk\targets\Microsoft.NET.Sdk.ImportPublishProfile.targets(28,5): message : 속성 재할당: $(PublishProfileImported)=C:\Program Files\dotnet\sdk\10.0.100\Sdks\Microsoft.NET.Sdk\targets\Microsoft.NET.Sdk.ImportPublishProfile.targets (28,5)의 "false"(이전 값: "true")
       Evaluation 동안 로드된 어셈블리: NuGet.Frameworks, Version=7.0.0.0, Culture=neutral, PublicKeyToken=31bf3856ad364e35(위치: C:\Program Files\dotnet\sdk\10.0.100\NuGet.Frameworks.dll, MVID: 850f02e4-7dfe-443c-87d1-982613f2ce8f, AssemblyLoadContext: Assembly.LoadFile(C:\Program Files\dotnet\sdk\10.0.100\NuGet.Frameworks.dll))
       C:\Program Files\dotnet\sdk\10.0.100\Sdks\Microsoft.NET.Sdk\targets\Microsoft.NET.TargetFrameworkInference.targets(80,5): message : 속성 재할당: $(TargetPlatformVersion)=C:\Program Files\dotnet\sdk\10.0.100\Sdks\Microsoft.NET.Sdk\targets\Microsoft.NET.TargetFrameworkInference.targets (80,5)의 "0.0"(이전 값: "0.0.0.0")
       C:\Program Files\dotnet\sdk\10.0.100\Sdks\Microsoft.NET.Sdk\targets\Microsoft.NET.TargetFrameworkInference.targets(81,5): message : 속성 재할당: $(TargetPlatformVersion)=C:\Program Files\dotnet\sdk\10.0.100\Sdks\Microsoft.NET.Sdk\targets\Microsoft.NET.TargetFrameworkInference.targets (81,5)의 ""(이전 값: "0.0")
       C:\Program Files\dotnet\sdk\10.0.100\Sdks\Microsoft.NET.Sdk\targets\Microsoft.NET.TargetFrameworkInference.targets(84,5): message : 속성 재할당: $(TargetPlatformIdentifier)=C:\Program Files\dotnet\sdk\10.0.100\Sdks\Microsoft.NET.Sdk\targets\Microsoft.NET.TargetFrameworkInference.targets (84,5)의 "Windows"(이전 값: "windows")
       C:\Program Files\dotnet\sdk\10.0.100\Sdks\Microsoft.NET.Sdk\targets\Microsoft.NET.DefaultOutputPaths.targets(127,5): message : 속성 재할당: $(DefaultItemExcludes)=C:\Program Files\dotnet\sdk\10.0.100\Sdks\Microsoft.NET.Sdk\targets\Microsoft.NET.DefaultOutputPaths.targets (127,5)의 ";bin\Debug\/**;obj\Debug\/**"(이전 값: ";bin\Debug\/**")
       C:\Program Files\dotnet\sdk\10.0.100\Sdks\Microsoft.NET.Sdk\targets\Microsoft.NET.DefaultOutputPaths.targets(142,5): message : 속성 재할당: $(OutputPath)=C:\Program Files\dotnet\sdk\10.0.100\Sdks\Microsoft.NET.Sdk\targets\Microsoft.NET.DefaultOutputPaths.targets (142,5)의 "bin\Debug\net10.0-windows\"(이전 값: "bin\Debug\")
       C:\Program Files\dotnet\sdk\10.0.100\Sdks\Microsoft.NET.Sdk\targets\Microsoft.NET.DefaultOutputPaths.targets(147,5): message : 속성 재할당: $(IntermediateOutputPath)=C:\Program Files\dotnet\sdk\10.0.100\Sdks\Microsoft.NET.Sdk\targets\Microsoft.NET.DefaultOutputPaths.targets (147,5)의 "obj\Debug\net10.0-windows\"(이전 값: "obj\Debug\")
       "DefaultSdkResolver" 확인자가 SDK "Microsoft.NET.SDK.WorkloadManifestTargetsLocator"을(를) 확인하려고 했습니다.
       경고: null
       오류: MSB4276: 디렉터리 "Microsoft.NET.SDK.WorkloadManifestTargetsLocator"이(가) 없으므로 기본 SDK 확인자가 SDK "C:\Program Files\dotnet\sdk\10.0.100\Sdks\Microsoft.NET.SDK.WorkloadManifestTargetsLocator\Sdk"을(를) 확인하지 못했습니다.
       SDK "Microsoft.NET.SDK.WorkloadManifestTargetsLocator"이(가) "Microsoft.DotNet.MSBuildWorkloadSdkResolver" 확인자에 의해 "C:\Program Files\dotnet\sdk-manifests\10.0.100-rc.2\microsoft.net.sdk.android\36.0.0-rc.2.332" 위치 및 "null" 버전으로 확인되었습니다.
       C:\Program Files\dotnet\sdk\10.0.100\Sdks\Microsoft.NET.Sdk\targets\Microsoft.NET.Sdk.BeforeCommon.targets(371,5): message : 속성 재할당: $(RoslynTargetsPath)=C:\Program Files\dotnet\sdk\10.0.100\Sdks\Microsoft.NET.Sdk\targets\Microsoft.NET.Sdk.BeforeCommon.targets (371,5)의 "C:\Program Files\dotnet\sdk\10.0.100\Sdks\Microsoft.NET.Sdk\targets\..\..\..\Roslyn"(이전 값: "C:\Program Files\dotnet\sdk\10.0.100\Roslyn")
       C:\Program Files\dotnet\sdk\10.0.100\Roslyn\Microsoft.Managed.Core.targets(6,5): message : 속성 재할당: $(_BuildTasksDirectory)=C:\Program Files\dotnet\sdk\10.0.100\Roslyn\Microsoft.Managed.Core.targets (6,5)의 "C:\Program Files\dotnet\sdk\10.0.100\Sdks\Microsoft.NET.Sdk\targets\..\..\..\Roslyn\"(이전 값: "C:\Program Files\dotnet\sdk\10.0.100\Roslyn\")
       C:\Program Files\dotnet\sdk\10.0.100\Roslyn\Microsoft.CSharp.Core.targets(200,5): message : 속성 재할당: $(CommandLineArgsForDesignTimeEvaluation)=C:\Program Files\dotnet\sdk\10.0.100\Roslyn\Microsoft.CSharp.Core.targets (200,5)의 "-langversion:14.0 -define:TRACE"(이전 값: "-langversion:14.0")
       "Platform" 속성은 전역 속성이므로 수정할 수 없습니다.
       "Configuration" 속성은 전역 속성이므로 수정할 수 없습니다.
       C:\Program Files\dotnet\sdk\10.0.100\Microsoft.Common.CurrentVersion.targets(175,5): message : 속성 재할당: $(_DebugSymbolsProduced)=C:\Program Files\dotnet\sdk\10.0.100\Microsoft.Common.CurrentVersion.targets (175,5)의 "true"(이전 값: "false")
       C:\Program Files\dotnet\sdk\10.0.100\Microsoft.Common.CurrentVersion.targets(185,5): message : 속성 재할당: $(_DocumentationFileProduced)=C:\Program Files\dotnet\sdk\10.0.100\Microsoft.Common.CurrentVersion.targets (185,5)의 "false"(이전 값: "true")
       "SolutionName" 속성은 전역 속성이므로 수정할 수 없습니다.
       "SolutionFileName" 속성은 전역 속성이므로 수정할 수 없습니다.
       "SolutionPath" 속성은 전역 속성이므로 수정할 수 없습니다.
       "SolutionDir" 속성은 전역 속성이므로 수정할 수 없습니다.
       "SolutionExt" 속성은 전역 속성이므로 수정할 수 없습니다.
       C:\Program Files\dotnet\sdk\10.0.100\Microsoft.Common.CurrentVersion.targets(392,5): message : 속성 재할당: $(MSBuildCopyMarkerName)=C:\Program Files\dotnet\sdk\10.0.100\Microsoft.Common.CurrentVersion.targets (392,5)의 "RailmlEd.D733903B"(이전 값: "RailmlEditor.csproj")
       C:\Program Files\dotnet\sdk\10.0.100\Microsoft.Common.CurrentVersion.targets(393,5): message : 속성 재할당: $(MSBuildCopyMarkerName)=C:\Program Files\dotnet\sdk\10.0.100\Microsoft.Common.CurrentVersion.targets (393,5)의 "RailmlEd.D733903B.Up2Date"(이전 값: "RailmlEd.D733903B")
       C:\Program Files\dotnet\sdk\10.0.100\Microsoft.Common.CurrentVersion.targets(541,5): message : 속성 재할당: $(ProcessorArchitecture)=C:\Program Files\dotnet\sdk\10.0.100\Microsoft.Common.CurrentVersion.targets (541,5)의 "msil"(이전 값: "")
       C:\Program Files\dotnet\sdk\10.0.100\Microsoft.Common.CurrentVersion.targets(580,5): message : 속성 재할당: $(DelaySign)=C:\Program Files\dotnet\sdk\10.0.100\Microsoft.Common.CurrentVersion.targets (580,5)의 ""(이전 값: "false")
       C:\Program Files\dotnet\sdk\10.0.100\Microsoft.Common.CurrentVersion.targets(2606,5): message : 환경에서 값이 'LOCALAPPDATA'인 속성 'C:\Users\user\AppData\Local'이(가) 확장되었습니다.
       C:\Program Files\dotnet\sdk\10.0.100\Microsoft.Common.CurrentVersion.targets(3934,5): message : 속성 재할당: $(_SGenGenerateSerializationAssembliesConfig)=C:\Program Files\dotnet\sdk\10.0.100\Microsoft.Common.CurrentVersion.targets (3934,5)의 "Auto"(이전 값: "")
       C:\Program Files\dotnet\sdk\10.0.100\Microsoft.Common.CurrentVersion.targets(3935,5): message : 속성 재할당: $(_SGenGenerateSerializationAssembliesConfig)=C:\Program Files\dotnet\sdk\10.0.100\Microsoft.Common.CurrentVersion.targets (3935,5)의 "Off"(이전 값: "Auto")
       C:\Program Files\dotnet\sdk\10.0.100\Microsoft.Common.CurrentVersion.targets(5146,5): message : 속성 재할당: $(_TargetsThatPrepareProjectReferences)=C:\Program Files\dotnet\sdk\10.0.100\Microsoft.Common.CurrentVersion.targets (5146,5)의 "
       C:\Program Files\dotnet\sdk\10.0.100\Microsoft.Common.CurrentVersion.targets(5146,5): message :       AssignProjectConfiguration;
       C:\Program Files\dotnet\sdk\10.0.100\Microsoft.Common.CurrentVersion.targets(5146,5): message :       _SplitProjectReferencesByFileExistence
       C:\Program Files\dotnet\sdk\10.0.100\Microsoft.Common.CurrentVersion.targets(5146,5): message :     "(이전 값: "_SplitProjectReferencesByFileExistence")
       C:\Program Files\dotnet\sdk\10.0.100\Microsoft.Common.CurrentVersion.targets(6959,5): message : 환경에서 값이 'MSBuildExtensionsPath32'인 속성 'C:\Program Files\dotnet\sdk\10.0.100'이(가) 확장되었습니다.
       Evaluation 동안 로드된 어셈블리: System.Collections.NonGeneric, Version=10.0.0.0, Culture=neutral, PublicKeyToken=b03f5f7f11d50a3a(위치: C:\Program Files\dotnet\shared\Microsoft.NETCore.App\10.0.0\System.Collections.NonGeneric.dll, MVID: 83064f20-cedb-4bbc-9eeb-318f9c585640, AssemblyLoadContext: Default)
       "_RestoreSolutionFileUsed" 속성은 전역 속성이므로 수정할 수 없습니다.
       "NuGetInteractive" 속성은 전역 속성이므로 수정할 수 없습니다.
       C:\Program Files\dotnet\sdk\10.0.100\NuGet.targets(123,5): message : 속성 재할당: $(_GenerateRestoreGraphProjectEntryInputProperties)=C:\Program Files\dotnet\sdk\10.0.100\NuGet.targets (123,5)의 "
       C:\Program Files\dotnet\sdk\10.0.100\NuGet.targets(123,5): message :       ExcludeRestorePackageImports=true;
       C:\Program Files\dotnet\sdk\10.0.100\NuGet.targets(123,5): message :       _RestoreSolutionFileUsed=true;
       C:\Program Files\dotnet\sdk\10.0.100\NuGet.targets(123,5): message :       SolutionDir=c:\WORK\SRC\Railml_editor\;
       C:\Program Files\dotnet\sdk\10.0.100\NuGet.targets(123,5): message :       SolutionName=RailmlEditor;
       C:\Program Files\dotnet\sdk\10.0.100\NuGet.targets(123,5): message :       SolutionFileName=RailmlEditor.sln;
       C:\Program Files\dotnet\sdk\10.0.100\NuGet.targets(123,5): message :       SolutionPath=c:\WORK\SRC\Railml_editor\RailmlEditor.sln;
       C:\Program Files\dotnet\sdk\10.0.100\NuGet.targets(123,5): message :       SolutionExt=.sln;
       C:\Program Files\dotnet\sdk\10.0.100\NuGet.targets(123,5): message :     "(이전 값: "ExcludeRestorePackageImports=true")
       C:\Program Files\dotnet\sdk\10.0.100\Sdks\Microsoft.NET.Sdk\targets\Microsoft.PackageDependencyResolution.targets(24,5): message : 속성 재할당: $(ProjectAssetsFile)=C:\Program Files\dotnet\sdk\10.0.100\Sdks\Microsoft.NET.Sdk\targets\Microsoft.PackageDependencyResolution.targets (24,5)의 "c:\WORK\SRC\Railml_editor\RailmlEditor\obj\project.assets.json"(이전 값: "c:\WORK\SRC\Railml_editor\RailmlEditor\obj\/project.assets.json")
       C:\Program Files\dotnet\sdk\10.0.100\Sdks\Microsoft.NET.Sdk\targets\Microsoft.PackageDependencyResolution.targets(29,5): message : 속성 재할당: $(ProjectAssetsCacheFile)=C:\Program Files\dotnet\sdk\10.0.100\Sdks\Microsoft.NET.Sdk\targets\Microsoft.PackageDependencyResolution.targets (29,5)의 "c:\WORK\SRC\Railml_editor\RailmlEditor\obj\Debug\net10.0-windows\RailmlEditor.assets.cache"(이전 값: "obj\Debug\net10.0-windows\RailmlEditor.assets.cache")
       C:\Program Files\dotnet\sdk\10.0.100\Sdks\Microsoft.NET.Sdk\targets\Microsoft.PackageDependencyResolution.targets(80,5): message : 속성 재할당: $(ResolveAssemblyReferencesDependsOn)=C:\Program Files\dotnet\sdk\10.0.100\Sdks\Microsoft.NET.Sdk\targets\Microsoft.PackageDependencyResolution.targets (80,5)의 "
       C:\Program Files\dotnet\sdk\10.0.100\Sdks\Microsoft.NET.Sdk\targets\Microsoft.PackageDependencyResolution.targets(80,5): message :       
       C:\Program Files\dotnet\sdk\10.0.100\Sdks\Microsoft.NET.Sdk\targets\Microsoft.PackageDependencyResolution.targets(80,5): message :       ResolveProjectReferences;
       C:\Program Files\dotnet\sdk\10.0.100\Sdks\Microsoft.NET.Sdk\targets\Microsoft.PackageDependencyResolution.targets(80,5): message :       FindInvalidProjectReferences;
       C:\Program Files\dotnet\sdk\10.0.100\Sdks\Microsoft.NET.Sdk\targets\Microsoft.PackageDependencyResolution.targets(80,5): message :       GetFrameworkPaths;
       C:\Program Files\dotnet\sdk\10.0.100\Sdks\Microsoft.NET.Sdk\targets\Microsoft.PackageDependencyResolution.targets(80,5): message :       GetReferenceAssemblyPaths;
       C:\Program Files\dotnet\sdk\10.0.100\Sdks\Microsoft.NET.Sdk\targets\Microsoft.PackageDependencyResolution.targets(80,5): message :       PrepareForBuild;
       C:\Program Files\dotnet\sdk\10.0.100\Sdks\Microsoft.NET.Sdk\targets\Microsoft.PackageDependencyResolution.targets(80,5): message :       ResolveSDKReferences;
       C:\Program Files\dotnet\sdk\10.0.100\Sdks\Microsoft.NET.Sdk\targets\Microsoft.PackageDependencyResolution.targets(80,5): message :       ExpandSDKReferences;
       C:\Program Files\dotnet\sdk\10.0.100\Sdks\Microsoft.NET.Sdk\targets\Microsoft.PackageDependencyResolution.targets(80,5): message :     ;
       C:\Program Files\dotnet\sdk\10.0.100\Sdks\Microsoft.NET.Sdk\targets\Microsoft.PackageDependencyResolution.targets(80,5): message :       ResolvePackageDependenciesForBuild;
       C:\Program Files\dotnet\sdk\10.0.100\Sdks\Microsoft.NET.Sdk\targets\Microsoft.PackageDependencyResolution.targets(80,5): message :       _HandlePackageFileConflicts;
       C:\Program Files\dotnet\sdk\10.0.100\Sdks\Microsoft.NET.Sdk\targets\Microsoft.PackageDependencyResolution.targets(80,5): message :     "(이전 값: "
       C:\Program Files\dotnet\sdk\10.0.100\Sdks\Microsoft.NET.Sdk\targets\Microsoft.PackageDependencyResolution.targets(80,5): message :       ResolveProjectReferences;
       C:\Program Files\dotnet\sdk\10.0.100\Sdks\Microsoft.NET.Sdk\targets\Microsoft.PackageDependencyResolution.targets(80,5): message :       FindInvalidProjectReferences;
       C:\Program Files\dotnet\sdk\10.0.100\Sdks\Microsoft.NET.Sdk\targets\Microsoft.PackageDependencyResolution.targets(80,5): message :       GetFrameworkPaths;
       C:\Program Files\dotnet\sdk\10.0.100\Sdks\Microsoft.NET.Sdk\targets\Microsoft.PackageDependencyResolution.targets(80,5): message :       GetReferenceAssemblyPaths;
       C:\Program Files\dotnet\sdk\10.0.100\Sdks\Microsoft.NET.Sdk\targets\Microsoft.PackageDependencyResolution.targets(80,5): message :       PrepareForBuild;
       C:\Program Files\dotnet\sdk\10.0.100\Sdks\Microsoft.NET.Sdk\targets\Microsoft.PackageDependencyResolution.targets(80,5): message :       ResolveSDKReferences;
       C:\Program Files\dotnet\sdk\10.0.100\Sdks\Microsoft.NET.Sdk\targets\Microsoft.PackageDependencyResolution.targets(80,5): message :       ExpandSDKReferences;
       C:\Program Files\dotnet\sdk\10.0.100\Sdks\Microsoft.NET.Sdk\targets\Microsoft.PackageDependencyResolution.targets(80,5): message :     ")
       C:\Program Files\dotnet\sdk\10.0.100\Sdks\Microsoft.NET.Sdk\targets\Microsoft.PackageDependencyResolution.targets(86,5): message : 속성 재할당: $(PrepareResourcesDependsOn)=C:\Program Files\dotnet\sdk\10.0.100\Sdks\Microsoft.NET.Sdk\targets\Microsoft.PackageDependencyResolution.targets (86,5)의 "
       C:\Program Files\dotnet\sdk\10.0.100\Sdks\Microsoft.NET.Sdk\targets\Microsoft.PackageDependencyResolution.targets(86,5): message :       ResolvePackageDependenciesForBuild;
       C:\Program Files\dotnet\sdk\10.0.100\Sdks\Microsoft.NET.Sdk\targets\Microsoft.PackageDependencyResolution.targets(86,5): message :       _HandlePackageFileConflicts;
       C:\Program Files\dotnet\sdk\10.0.100\Sdks\Microsoft.NET.Sdk\targets\Microsoft.PackageDependencyResolution.targets(86,5): message :       
       C:\Program Files\dotnet\sdk\10.0.100\Sdks\Microsoft.NET.Sdk\targets\Microsoft.PackageDependencyResolution.targets(86,5): message :       ;
       C:\Program Files\dotnet\sdk\10.0.100\Sdks\Microsoft.NET.Sdk\targets\Microsoft.PackageDependencyResolution.targets(86,5): message :       PrepareResourceNames;
       C:\Program Files\dotnet\sdk\10.0.100\Sdks\Microsoft.NET.Sdk\targets\Microsoft.PackageDependencyResolution.targets(86,5): message :       ResGen;
       C:\Program Files\dotnet\sdk\10.0.100\Sdks\Microsoft.NET.Sdk\targets\Microsoft.PackageDependencyResolution.targets(86,5): message :       CompileLicxFiles
       C:\Program Files\dotnet\sdk\10.0.100\Sdks\Microsoft.NET.Sdk\targets\Microsoft.PackageDependencyResolution.targets(86,5): message :     
       C:\Program Files\dotnet\sdk\10.0.100\Sdks\Microsoft.NET.Sdk\targets\Microsoft.PackageDependencyResolution.targets(86,5): message :     "(이전 값: "
       C:\Program Files\dotnet\sdk\10.0.100\Sdks\Microsoft.NET.Sdk\targets\Microsoft.PackageDependencyResolution.targets(86,5): message :       ;
       C:\Program Files\dotnet\sdk\10.0.100\Sdks\Microsoft.NET.Sdk\targets\Microsoft.PackageDependencyResolution.targets(86,5): message :       PrepareResourceNames;
       C:\Program Files\dotnet\sdk\10.0.100\Sdks\Microsoft.NET.Sdk\targets\Microsoft.PackageDependencyResolution.targets(86,5): message :       ResGen;
       C:\Program Files\dotnet\sdk\10.0.100\Sdks\Microsoft.NET.Sdk\targets\Microsoft.PackageDependencyResolution.targets(86,5): message :       CompileLicxFiles
       C:\Program Files\dotnet\sdk\10.0.100\Sdks\Microsoft.NET.Sdk\targets\Microsoft.PackageDependencyResolution.targets(86,5): message :     ")
       "EnableDefaultCompileItems" 속성은 전역 속성이므로 수정할 수 없습니다.
       "EnableDefaultEmbeddedResourceItems" 속성은 전역 속성이므로 수정할 수 없습니다.
       "EnableDefaultNoneItems" 속성은 전역 속성이므로 수정할 수 없습니다.
       C:\Program Files\dotnet\sdk\10.0.100\Sdks\Microsoft.NET.Sdk\targets\Microsoft.NET.Sdk.DefaultItems.targets(35,5): message : 속성 재할당: $(DefaultItemExcludes)=C:\Program Files\dotnet\sdk\10.0.100\Sdks\Microsoft.NET.Sdk\targets\Microsoft.NET.Sdk.DefaultItems.targets (35,5)의 ";bin\Debug\/**;obj\Debug\/**;bin\/**"(이전 값: ";bin\Debug\/**;obj\Debug\/**")
       C:\Program Files\dotnet\sdk\10.0.100\Sdks\Microsoft.NET.Sdk\targets\Microsoft.NET.Sdk.DefaultItems.targets(37,5): message : 속성 재할당: $(DefaultItemExcludes)=C:\Program Files\dotnet\sdk\10.0.100\Sdks\Microsoft.NET.Sdk\targets\Microsoft.NET.Sdk.DefaultItems.targets (37,5)의 ";bin\Debug\/**;obj\Debug\/**;bin\/**;obj\/**"(이전 값: ";bin\Debug\/**;obj\Debug\/**;bin\/**")
       C:\Program Files\dotnet\sdk\10.0.100\Sdks\Microsoft.NET.Sdk\targets\Microsoft.NET.Sdk.DefaultItems.targets(40,5): message : 속성 재할당: $(DefaultItemExcludes)=C:\Program Files\dotnet\sdk\10.0.100\Sdks\Microsoft.NET.Sdk\targets\Microsoft.NET.Sdk.DefaultItems.targets (40,5)의 ";bin\Debug\/**;obj\Debug\/**;bin\/**;obj\/**;**/*.user"(이전 값: ";bin\Debug\/**;obj\Debug\/**;bin\/**;obj\/**")
       C:\Program Files\dotnet\sdk\10.0.100\Sdks\Microsoft.NET.Sdk\targets\Microsoft.NET.Sdk.DefaultItems.targets(41,5): message : 속성 재할당: $(DefaultItemExcludes)=C:\Program Files\dotnet\sdk\10.0.100\Sdks\Microsoft.NET.Sdk\targets\Microsoft.NET.Sdk.DefaultItems.targets (41,5)의 ";bin\Debug\/**;obj\Debug\/**;bin\/**;obj\/**;**/*.user;**/*.*proj"(이전 값: ";bin\Debug\/**;obj\Debug\/**;bin\/**;obj\/**;**/*.user")
       C:\Program Files\dotnet\sdk\10.0.100\Sdks\Microsoft.NET.Sdk\targets\Microsoft.NET.Sdk.DefaultItems.targets(42,5): message : 속성 재할당: $(DefaultItemExcludes)=C:\Program Files\dotnet\sdk\10.0.100\Sdks\Microsoft.NET.Sdk\targets\Microsoft.NET.Sdk.DefaultItems.targets (42,5)의 ";bin\Debug\/**;obj\Debug\/**;bin\/**;obj\/**;**/*.user;**/*.*proj;**/*.sln"(이전 값: ";bin\Debug\/**;obj\Debug\/**;bin\/**;obj\/**;**/*.user;**/*.*proj")
       C:\Program Files\dotnet\sdk\10.0.100\Sdks\Microsoft.NET.Sdk\targets\Microsoft.NET.Sdk.DefaultItems.targets(43,5): message : 속성 재할당: $(DefaultItemExcludes)=C:\Program Files\dotnet\sdk\10.0.100\Sdks\Microsoft.NET.Sdk\targets\Microsoft.NET.Sdk.DefaultItems.targets (43,5)의 ";bin\Debug\/**;obj\Debug\/**;bin\/**;obj\/**;**/*.user;**/*.*proj;**/*.sln;**/*.slnx"(이전 값: ";bin\Debug\/**;obj\Debug\/**;bin\/**;obj\/**;**/*.user;**/*.*proj;**/*.sln")
       C:\Program Files\dotnet\sdk\10.0.100\Sdks\Microsoft.NET.Sdk\targets\Microsoft.NET.Sdk.DefaultItems.targets(44,5): message : 속성 재할당: $(DefaultItemExcludes)=C:\Program Files\dotnet\sdk\10.0.100\Sdks\Microsoft.NET.Sdk\targets\Microsoft.NET.Sdk.DefaultItems.targets (44,5)의 ";bin\Debug\/**;obj\Debug\/**;bin\/**;obj\/**;**/*.user;**/*.*proj;**/*.sln;**/*.slnx;**/*.vssscc"(이전 값: ";bin\Debug\/**;obj\Debug\/**;bin\/**;obj\/**;**/*.user;**/*.*proj;**/*.sln;**/*.slnx")
       C:\Program Files\dotnet\sdk\10.0.100\Sdks\Microsoft.NET.Sdk\targets\Microsoft.NET.Sdk.DefaultItems.targets(45,5): message : 속성 재할당: $(DefaultItemExcludes)=C:\Program Files\dotnet\sdk\10.0.100\Sdks\Microsoft.NET.Sdk\targets\Microsoft.NET.Sdk.DefaultItems.targets (45,5)의 ";bin\Debug\/**;obj\Debug\/**;bin\/**;obj\/**;**/*.user;**/*.*proj;**/*.sln;**/*.slnx;**/*.vssscc;**/.DS_Store"(이전 값: ";bin\Debug\/**;obj\Debug\/**;bin\/**;obj\/**;**/*.user;**/*.*proj;**/*.sln;**/*.slnx;**/*.vssscc")
       C:\Program Files\dotnet\sdk\10.0.100\Sdks\Microsoft.NET.Sdk\targets\Microsoft.NET.Sdk.FrameworkReferenceResolution.targets(14,5): message : 속성 재할당: $(ResolveAssemblyReferencesDependsOn)=C:\Program Files\dotnet\sdk\10.0.100\Sdks\Microsoft.NET.Sdk\targets\Microsoft.NET.Sdk.FrameworkReferenceResolution.targets (14,5)의 "
       C:\Program Files\dotnet\sdk\10.0.100\Sdks\Microsoft.NET.Sdk\targets\Microsoft.NET.Sdk.FrameworkReferenceResolution.targets(14,5): message :       
       C:\Program Files\dotnet\sdk\10.0.100\Sdks\Microsoft.NET.Sdk\targets\Microsoft.NET.Sdk.FrameworkReferenceResolution.targets(14,5): message :       
       C:\Program Files\dotnet\sdk\10.0.100\Sdks\Microsoft.NET.Sdk\targets\Microsoft.NET.Sdk.FrameworkReferenceResolution.targets(14,5): message :       ResolveProjectReferences;
       C:\Program Files\dotnet\sdk\10.0.100\Sdks\Microsoft.NET.Sdk\targets\Microsoft.NET.Sdk.FrameworkReferenceResolution.targets(14,5): message :       FindInvalidProjectReferences;
       C:\Program Files\dotnet\sdk\10.0.100\Sdks\Microsoft.NET.Sdk\targets\Microsoft.NET.Sdk.FrameworkReferenceResolution.targets(14,5): message :       GetFrameworkPaths;
       C:\Program Files\dotnet\sdk\10.0.100\Sdks\Microsoft.NET.Sdk\targets\Microsoft.NET.Sdk.FrameworkReferenceResolution.targets(14,5): message :       GetReferenceAssemblyPaths;
       C:\Program Files\dotnet\sdk\10.0.100\Sdks\Microsoft.NET.Sdk\targets\Microsoft.NET.Sdk.FrameworkReferenceResolution.targets(14,5): message :       PrepareForBuild;
       C:\Program Files\dotnet\sdk\10.0.100\Sdks\Microsoft.NET.Sdk\targets\Microsoft.NET.Sdk.FrameworkReferenceResolution.targets(14,5): message :       ResolveSDKReferences;
       C:\Program Files\dotnet\sdk\10.0.100\Sdks\Microsoft.NET.Sdk\targets\Microsoft.NET.Sdk.FrameworkReferenceResolution.targets(14,5): message :       ExpandSDKReferences;
       C:\Program Files\dotnet\sdk\10.0.100\Sdks\Microsoft.NET.Sdk\targets\Microsoft.NET.Sdk.FrameworkReferenceResolution.targets(14,5): message :     ;
       C:\Program Files\dotnet\sdk\10.0.100\Sdks\Microsoft.NET.Sdk\targets\Microsoft.NET.Sdk.FrameworkReferenceResolution.targets(14,5): message :       ResolvePackageDependenciesForBuild;
       C:\Program Files\dotnet\sdk\10.0.100\Sdks\Microsoft.NET.Sdk\targets\Microsoft.NET.Sdk.FrameworkReferenceResolution.targets(14,5): message :       _HandlePackageFileConflicts;
       C:\Program Files\dotnet\sdk\10.0.100\Sdks\Microsoft.NET.Sdk\targets\Microsoft.NET.Sdk.FrameworkReferenceResolution.targets(14,5): message :     ;
       C:\Program Files\dotnet\sdk\10.0.100\Sdks\Microsoft.NET.Sdk\targets\Microsoft.NET.Sdk.FrameworkReferenceResolution.targets(14,5): message :       ResolveTargetingPackAssets;
       C:\Program Files\dotnet\sdk\10.0.100\Sdks\Microsoft.NET.Sdk\targets\Microsoft.NET.Sdk.FrameworkReferenceResolution.targets(14,5): message :     "(이전 값: "
       C:\Program Files\dotnet\sdk\10.0.100\Sdks\Microsoft.NET.Sdk\targets\Microsoft.NET.Sdk.FrameworkReferenceResolution.targets(14,5): message :       
       C:\Program Files\dotnet\sdk\10.0.100\Sdks\Microsoft.NET.Sdk\targets\Microsoft.NET.Sdk.FrameworkReferenceResolution.targets(14,5): message :       ResolveProjectReferences;
       C:\Program Files\dotnet\sdk\10.0.100\Sdks\Microsoft.NET.Sdk\targets\Microsoft.NET.Sdk.FrameworkReferenceResolution.targets(14,5): message :       FindInvalidProjectReferences;
       C:\Program Files\dotnet\sdk\10.0.100\Sdks\Microsoft.NET.Sdk\targets\Microsoft.NET.Sdk.FrameworkReferenceResolution.targets(14,5): message :       GetFrameworkPaths;
       C:\Program Files\dotnet\sdk\10.0.100\Sdks\Microsoft.NET.Sdk\targets\Microsoft.NET.Sdk.FrameworkReferenceResolution.targets(14,5): message :       GetReferenceAssemblyPaths;
       C:\Program Files\dotnet\sdk\10.0.100\Sdks\Microsoft.NET.Sdk\targets\Microsoft.NET.Sdk.FrameworkReferenceResolution.targets(14,5): message :       PrepareForBuild;
       C:\Program Files\dotnet\sdk\10.0.100\Sdks\Microsoft.NET.Sdk\targets\Microsoft.NET.Sdk.FrameworkReferenceResolution.targets(14,5): message :       ResolveSDKReferences;
       C:\Program Files\dotnet\sdk\10.0.100\Sdks\Microsoft.NET.Sdk\targets\Microsoft.NET.Sdk.FrameworkReferenceResolution.targets(14,5): message :       ExpandSDKReferences;
       C:\Program Files\dotnet\sdk\10.0.100\Sdks\Microsoft.NET.Sdk\targets\Microsoft.NET.Sdk.FrameworkReferenceResolution.targets(14,5): message :     ;
       C:\Program Files\dotnet\sdk\10.0.100\Sdks\Microsoft.NET.Sdk\targets\Microsoft.NET.Sdk.FrameworkReferenceResolution.targets(14,5): message :       ResolvePackageDependenciesForBuild;
       C:\Program Files\dotnet\sdk\10.0.100\Sdks\Microsoft.NET.Sdk\targets\Microsoft.NET.Sdk.FrameworkReferenceResolution.targets(14,5): message :       _HandlePackageFileConflicts;
       C:\Program Files\dotnet\sdk\10.0.100\Sdks\Microsoft.NET.Sdk\targets\Microsoft.NET.Sdk.FrameworkReferenceResolution.targets(14,5): message :     ")
       C:\Program Files\dotnet\sdk\10.0.100\Sdks\Microsoft.NET.Sdk\targets\Microsoft.NET.Sdk.targets(44,5): message : 속성 재할당: $(_GenerateRuntimeConfigurationPropertyInputsCache)=C:\Program Files\dotnet\sdk\10.0.100\Sdks\Microsoft.NET.Sdk\targets\Microsoft.NET.Sdk.targets (44,5)의 "c:\WORK\SRC\Railml_editor\RailmlEditor\obj\Debug\net10.0-windows\RailmlEditor.genruntimeconfig.cache"(이전 값: "obj\Debug\net10.0-windows\RailmlEditor.genruntimeconfig.cache")
       C:\Program Files\dotnet\sdk\10.0.100\Sdks\Microsoft.NET.Sdk\targets\Microsoft.NET.Sdk.targets(46,5): message : 속성 재할당: $(_GeneratePublishDependencyFilePropertyInputsCache)=C:\Program Files\dotnet\sdk\10.0.100\Sdks\Microsoft.NET.Sdk\targets\Microsoft.NET.Sdk.targets (46,5)의 "c:\WORK\SRC\Railml_editor\RailmlEditor\obj\Debug\net10.0-windows\RailmlEditor.genpublishdeps.cache"(이전 값: "obj\Debug\net10.0-windows\RailmlEditor.genpublishdeps.cache")
       C:\Program Files\dotnet\sdk\10.0.100\Sdks\Microsoft.NET.Sdk\targets\Microsoft.NET.Sdk.targets(48,5): message : 속성 재할당: $(_GenerateSingleFileBundlePropertyInputsCache)=C:\Program Files\dotnet\sdk\10.0.100\Sdks\Microsoft.NET.Sdk\targets\Microsoft.NET.Sdk.targets (48,5)의 "c:\WORK\SRC\Railml_editor\RailmlEditor\obj\Debug\net10.0-windows\RailmlEditor.genbundle.cache"(이전 값: "obj\Debug\net10.0-windows\RailmlEditor.genbundle.cache")
       C:\Program Files\dotnet\sdk\10.0.100\Sdks\Microsoft.NET.Sdk\targets\Microsoft.NET.Sdk.targets(81,5): message : 속성 재할당: $(GenerateRuntimeConfigDevFile)=C:\Program Files\dotnet\sdk\10.0.100\Sdks\Microsoft.NET.Sdk\targets\Microsoft.NET.Sdk.targets (81,5)의 "false"(이전 값: "true")
       C:\Program Files\dotnet\sdk\10.0.100\Sdks\Microsoft.NET.Sdk\targets\Microsoft.NET.Sdk.targets(98,5): message : 환경에서 값이 'USERPROFILE'인 속성 'C:\Users\user'이(가) 확장되었습니다.
       C:\Program Files\dotnet\sdk\10.0.100\Sdks\Microsoft.NET.Sdk\targets\Microsoft.NET.Sdk.targets(98,5): message : 속성 재할당: $(_DefaultUserProfileRuntimeStorePath)=C:\Program Files\dotnet\sdk\10.0.100\Sdks\Microsoft.NET.Sdk\targets\Microsoft.NET.Sdk.targets (98,5)의 "C:\Users\user"(이전 값: "")
       C:\Program Files\dotnet\sdk\10.0.100\Sdks\Microsoft.NET.Sdk\targets\Microsoft.NET.Sdk.targets(99,5): message : 속성 재할당: $(_DefaultUserProfileRuntimeStorePath)=C:\Program Files\dotnet\sdk\10.0.100\Sdks\Microsoft.NET.Sdk\targets\Microsoft.NET.Sdk.targets (99,5)의 "C:\Users\user\.dotnet\store"(이전 값: "C:\Users\user")
       C:\Program Files\dotnet\sdk\10.0.100\Sdks\Microsoft.NET.Sdk\targets\Microsoft.NET.Sdk.targets(144,5): message : 속성 재할당: $(AvailablePlatforms)=C:\Program Files\dotnet\sdk\10.0.100\Sdks\Microsoft.NET.Sdk\targets\Microsoft.NET.Sdk.targets (144,5)의 "Any CPU,x86,x64,ARM32"(이전 값: "Any CPU,x86,x64")
       C:\Program Files\dotnet\sdk\10.0.100\Sdks\Microsoft.NET.Sdk\targets\Microsoft.NET.Sdk.targets(148,5): message : 속성 재할당: $(AvailablePlatforms)=C:\Program Files\dotnet\sdk\10.0.100\Sdks\Microsoft.NET.Sdk\targets\Microsoft.NET.Sdk.targets (148,5)의 "Any CPU,x86,x64,ARM32,ARM64"(이전 값: "Any CPU,x86,x64,ARM32")
       C:\Program Files\dotnet\sdk\10.0.100\Sdks\Microsoft.NET.Sdk\targets\Microsoft.NET.Sdk.targets(204,5): message : 속성 재할당: $(CoreBuildDependsOn)=C:\Program Files\dotnet\sdk\10.0.100\Sdks\Microsoft.NET.Sdk\targets\Microsoft.NET.Sdk.targets (204,5)의 "
       C:\Program Files\dotnet\sdk\10.0.100\Sdks\Microsoft.NET.Sdk\targets\Microsoft.NET.Sdk.targets(204,5): message :       _CheckForBuildWithNoBuild;
       C:\Program Files\dotnet\sdk\10.0.100\Sdks\Microsoft.NET.Sdk\targets\Microsoft.NET.Sdk.targets(204,5): message :       
       C:\Program Files\dotnet\sdk\10.0.100\Sdks\Microsoft.NET.Sdk\targets\Microsoft.NET.Sdk.targets(204,5): message :       BuildOnlySettings;
       C:\Program Files\dotnet\sdk\10.0.100\Sdks\Microsoft.NET.Sdk\targets\Microsoft.NET.Sdk.targets(204,5): message :       PrepareForBuild;
       C:\Program Files\dotnet\sdk\10.0.100\Sdks\Microsoft.NET.Sdk\targets\Microsoft.NET.Sdk.targets(204,5): message :       PreBuildEvent;
       C:\Program Files\dotnet\sdk\10.0.100\Sdks\Microsoft.NET.Sdk\targets\Microsoft.NET.Sdk.targets(204,5): message :       ResolveReferences;
       C:\Program Files\dotnet\sdk\10.0.100\Sdks\Microsoft.NET.Sdk\targets\Microsoft.NET.Sdk.targets(204,5): message :       PrepareResources;
       C:\Program Files\dotnet\sdk\10.0.100\Sdks\Microsoft.NET.Sdk\targets\Microsoft.NET.Sdk.targets(204,5): message :       ResolveKeySource;
       C:\Program Files\dotnet\sdk\10.0.100\Sdks\Microsoft.NET.Sdk\targets\Microsoft.NET.Sdk.targets(204,5): message :       Compile;
       C:\Program Files\dotnet\sdk\10.0.100\Sdks\Microsoft.NET.Sdk\targets\Microsoft.NET.Sdk.targets(204,5): message :       ExportWindowsMDFile;
       C:\Program Files\dotnet\sdk\10.0.100\Sdks\Microsoft.NET.Sdk\targets\Microsoft.NET.Sdk.targets(204,5): message :       UnmanagedUnregistration;
       C:\Program Files\dotnet\sdk\10.0.100\Sdks\Microsoft.NET.Sdk\targets\Microsoft.NET.Sdk.targets(204,5): message :       GenerateSerializationAssemblies;
       C:\Program Files\dotnet\sdk\10.0.100\Sdks\Microsoft.NET.Sdk\targets\Microsoft.NET.Sdk.targets(204,5): message :       CreateSatelliteAssemblies;
       C:\Program Files\dotnet\sdk\10.0.100\Sdks\Microsoft.NET.Sdk\targets\Microsoft.NET.Sdk.targets(204,5): message :       GenerateManifests;
       C:\Program Files\dotnet\sdk\10.0.100\Sdks\Microsoft.NET.Sdk\targets\Microsoft.NET.Sdk.targets(204,5): message :       GetTargetPath;
       C:\Program Files\dotnet\sdk\10.0.100\Sdks\Microsoft.NET.Sdk\targets\Microsoft.NET.Sdk.targets(204,5): message :       PrepareForRun;
       C:\Program Files\dotnet\sdk\10.0.100\Sdks\Microsoft.NET.Sdk\targets\Microsoft.NET.Sdk.targets(204,5): message :       UnmanagedRegistration;
       C:\Program Files\dotnet\sdk\10.0.100\Sdks\Microsoft.NET.Sdk\targets\Microsoft.NET.Sdk.targets(204,5): message :       IncrementalClean;
       C:\Program Files\dotnet\sdk\10.0.100\Sdks\Microsoft.NET.Sdk\targets\Microsoft.NET.Sdk.targets(204,5): message :       PostBuildEvent
       C:\Program Files\dotnet\sdk\10.0.100\Sdks\Microsoft.NET.Sdk\targets\Microsoft.NET.Sdk.targets(204,5): message :     ;
       C:\Program Files\dotnet\sdk\10.0.100\Sdks\Microsoft.NET.Sdk\targets\Microsoft.NET.Sdk.targets(204,5): message :       GenerateBuildDependencyFile;
       C:\Program Files\dotnet\sdk\10.0.100\Sdks\Microsoft.NET.Sdk\targets\Microsoft.NET.Sdk.targets(204,5): message :       GenerateBuildRuntimeConfigurationFiles
       C:\Program Files\dotnet\sdk\10.0.100\Sdks\Microsoft.NET.Sdk\targets\Microsoft.NET.Sdk.targets(204,5): message :     "(이전 값: "
       C:\Program Files\dotnet\sdk\10.0.100\Sdks\Microsoft.NET.Sdk\targets\Microsoft.NET.Sdk.targets(204,5): message :       BuildOnlySettings;
       C:\Program Files\dotnet\sdk\10.0.100\Sdks\Microsoft.NET.Sdk\targets\Microsoft.NET.Sdk.targets(204,5): message :       PrepareForBuild;
       C:\Program Files\dotnet\sdk\10.0.100\Sdks\Microsoft.NET.Sdk\targets\Microsoft.NET.Sdk.targets(204,5): message :       PreBuildEvent;
       C:\Program Files\dotnet\sdk\10.0.100\Sdks\Microsoft.NET.Sdk\targets\Microsoft.NET.Sdk.targets(204,5): message :       ResolveReferences;
       C:\Program Files\dotnet\sdk\10.0.100\Sdks\Microsoft.NET.Sdk\targets\Microsoft.NET.Sdk.targets(204,5): message :       PrepareResources;
       C:\Program Files\dotnet\sdk\10.0.100\Sdks\Microsoft.NET.Sdk\targets\Microsoft.NET.Sdk.targets(204,5): message :       ResolveKeySource;
       C:\Program Files\dotnet\sdk\10.0.100\Sdks\Microsoft.NET.Sdk\targets\Microsoft.NET.Sdk.targets(204,5): message :       Compile;
       C:\Program Files\dotnet\sdk\10.0.100\Sdks\Microsoft.NET.Sdk\targets\Microsoft.NET.Sdk.targets(204,5): message :       ExportWindowsMDFile;
       C:\Program Files\dotnet\sdk\10.0.100\Sdks\Microsoft.NET.Sdk\targets\Microsoft.NET.Sdk.targets(204,5): message :       UnmanagedUnregistration;
       C:\Program Files\dotnet\sdk\10.0.100\Sdks\Microsoft.NET.Sdk\targets\Microsoft.NET.Sdk.targets(204,5): message :       GenerateSerializationAssemblies;
       C:\Program Files\dotnet\sdk\10.0.100\Sdks\Microsoft.NET.Sdk\targets\Microsoft.NET.Sdk.targets(204,5): message :       CreateSatelliteAssemblies;
       C:\Program Files\dotnet\sdk\10.0.100\Sdks\Microsoft.NET.Sdk\targets\Microsoft.NET.Sdk.targets(204,5): message :       GenerateManifests;
       C:\Program Files\dotnet\sdk\10.0.100\Sdks\Microsoft.NET.Sdk\targets\Microsoft.NET.Sdk.targets(204,5): message :       GetTargetPath;
       C:\Program Files\dotnet\sdk\10.0.100\Sdks\Microsoft.NET.Sdk\targets\Microsoft.NET.Sdk.targets(204,5): message :       PrepareForRun;
       C:\Program Files\dotnet\sdk\10.0.100\Sdks\Microsoft.NET.Sdk\targets\Microsoft.NET.Sdk.targets(204,5): message :       UnmanagedRegistration;
       C:\Program Files\dotnet\sdk\10.0.100\Sdks\Microsoft.NET.Sdk\targets\Microsoft.NET.Sdk.targets(204,5): message :       IncrementalClean;
       C:\Program Files\dotnet\sdk\10.0.100\Sdks\Microsoft.NET.Sdk\targets\Microsoft.NET.Sdk.targets(204,5): message :       PostBuildEvent
       C:\Program Files\dotnet\sdk\10.0.100\Sdks\Microsoft.NET.Sdk\targets\Microsoft.NET.Sdk.targets(204,5): message :     ")
       C:\Program Files\dotnet\sdk\10.0.100\Sdks\Microsoft.NET.Sdk\targets\Microsoft.NET.Sdk.targets(213,5): message : 속성 재할당: $(CoreCleanDependsOn)=C:\Program Files\dotnet\sdk\10.0.100\Sdks\Microsoft.NET.Sdk\targets\Microsoft.NET.Sdk.targets (213,5)의 "
       C:\Program Files\dotnet\sdk\10.0.100\Sdks\Microsoft.NET.Sdk\targets\Microsoft.NET.Sdk.targets(213,5): message :       _SdkBeforeClean;
       C:\Program Files\dotnet\sdk\10.0.100\Sdks\Microsoft.NET.Sdk\targets\Microsoft.NET.Sdk.targets(213,5): message :       
       C:\Program Files\dotnet\sdk\10.0.100\Sdks\Microsoft.NET.Sdk\targets\Microsoft.NET.Sdk.targets(213,5): message :     "(이전 값: "")
       C:\Program Files\dotnet\sdk\10.0.100\Sdks\Microsoft.NET.Sdk\targets\Microsoft.NET.Sdk.targets(220,5): message : 속성 재할당: $(RebuildDependsOn)=C:\Program Files\dotnet\sdk\10.0.100\Sdks\Microsoft.NET.Sdk\targets\Microsoft.NET.Sdk.targets (220,5)의 "
       C:\Program Files\dotnet\sdk\10.0.100\Sdks\Microsoft.NET.Sdk\targets\Microsoft.NET.Sdk.targets(220,5): message :       _SdkBeforeRebuild;
       C:\Program Files\dotnet\sdk\10.0.100\Sdks\Microsoft.NET.Sdk\targets\Microsoft.NET.Sdk.targets(220,5): message :       
       C:\Program Files\dotnet\sdk\10.0.100\Sdks\Microsoft.NET.Sdk\targets\Microsoft.NET.Sdk.targets(220,5): message :       BeforeRebuild;
       C:\Program Files\dotnet\sdk\10.0.100\Sdks\Microsoft.NET.Sdk\targets\Microsoft.NET.Sdk.targets(220,5): message :       Clean;
       C:\Program Files\dotnet\sdk\10.0.100\Sdks\Microsoft.NET.Sdk\targets\Microsoft.NET.Sdk.targets(220,5): message :       Build;
       C:\Program Files\dotnet\sdk\10.0.100\Sdks\Microsoft.NET.Sdk\targets\Microsoft.NET.Sdk.targets(220,5): message :       AfterRebuild;
       C:\Program Files\dotnet\sdk\10.0.100\Sdks\Microsoft.NET.Sdk\targets\Microsoft.NET.Sdk.targets(220,5): message :     
       C:\Program Files\dotnet\sdk\10.0.100\Sdks\Microsoft.NET.Sdk\targets\Microsoft.NET.Sdk.targets(220,5): message :     "(이전 값: "
       C:\Program Files\dotnet\sdk\10.0.100\Sdks\Microsoft.NET.Sdk\targets\Microsoft.NET.Sdk.targets(220,5): message :       BeforeRebuild;
       C:\Program Files\dotnet\sdk\10.0.100\Sdks\Microsoft.NET.Sdk\targets\Microsoft.NET.Sdk.targets(220,5): message :       Clean;
       C:\Program Files\dotnet\sdk\10.0.100\Sdks\Microsoft.NET.Sdk\targets\Microsoft.NET.Sdk.targets(220,5): message :       Build;
       C:\Program Files\dotnet\sdk\10.0.100\Sdks\Microsoft.NET.Sdk\targets\Microsoft.NET.Sdk.targets(220,5): message :       AfterRebuild;
       C:\Program Files\dotnet\sdk\10.0.100\Sdks\Microsoft.NET.Sdk\targets\Microsoft.NET.Sdk.targets(220,5): message :     ")
       C:\Program Files\dotnet\sdk\10.0.100\Sdks\Microsoft.NET.Sdk\targets\Microsoft.NET.Sdk.targets(799,5): message : 속성 재할당: $(CompileDependsOn)=C:\Program Files\dotnet\sdk\10.0.100\Sdks\Microsoft.NET.Sdk\targets\Microsoft.NET.Sdk.targets (799,5)의 "
       C:\Program Files\dotnet\sdk\10.0.100\Sdks\Microsoft.NET.Sdk\targets\Microsoft.NET.Sdk.targets(799,5): message :       
       C:\Program Files\dotnet\sdk\10.0.100\Sdks\Microsoft.NET.Sdk\targets\Microsoft.NET.Sdk.targets(799,5): message :       ResolveReferences;
       C:\Program Files\dotnet\sdk\10.0.100\Sdks\Microsoft.NET.Sdk\targets\Microsoft.NET.Sdk.targets(799,5): message :       ResolveKeySource;
       C:\Program Files\dotnet\sdk\10.0.100\Sdks\Microsoft.NET.Sdk\targets\Microsoft.NET.Sdk.targets(799,5): message :       SetWin32ManifestProperties;
       C:\Program Files\dotnet\sdk\10.0.100\Sdks\Microsoft.NET.Sdk\targets\Microsoft.NET.Sdk.targets(799,5): message :       _SetPreferNativeArm64Win32ManifestProperties;
       C:\Program Files\dotnet\sdk\10.0.100\Sdks\Microsoft.NET.Sdk\targets\Microsoft.NET.Sdk.targets(799,5): message :       FindReferenceAssembliesForReferences;
       C:\Program Files\dotnet\sdk\10.0.100\Sdks\Microsoft.NET.Sdk\targets\Microsoft.NET.Sdk.targets(799,5): message :       _GenerateCompileInputs;
       C:\Program Files\dotnet\sdk\10.0.100\Sdks\Microsoft.NET.Sdk\targets\Microsoft.NET.Sdk.targets(799,5): message :       BeforeCompile;
       C:\Program Files\dotnet\sdk\10.0.100\Sdks\Microsoft.NET.Sdk\targets\Microsoft.NET.Sdk.targets(799,5): message :       _TimeStampBeforeCompile;
       C:\Program Files\dotnet\sdk\10.0.100\Sdks\Microsoft.NET.Sdk\targets\Microsoft.NET.Sdk.targets(799,5): message :       _GenerateCompileDependencyCache;
       C:\Program Files\dotnet\sdk\10.0.100\Sdks\Microsoft.NET.Sdk\targets\Microsoft.NET.Sdk.targets(799,5): message :       CoreCompile;
       C:\Program Files\dotnet\sdk\10.0.100\Sdks\Microsoft.NET.Sdk\targets\Microsoft.NET.Sdk.targets(799,5): message :       _TimeStampAfterCompile;
       C:\Program Files\dotnet\sdk\10.0.100\Sdks\Microsoft.NET.Sdk\targets\Microsoft.NET.Sdk.targets(799,5): message :       AfterCompile;
       C:\Program Files\dotnet\sdk\10.0.100\Sdks\Microsoft.NET.Sdk\targets\Microsoft.NET.Sdk.targets(799,5): message :     ;
       C:\Program Files\dotnet\sdk\10.0.100\Sdks\Microsoft.NET.Sdk\targets\Microsoft.NET.Sdk.targets(799,5): message :       _CreateAppHost;
       C:\Program Files\dotnet\sdk\10.0.100\Sdks\Microsoft.NET.Sdk\targets\Microsoft.NET.Sdk.targets(799,5): message :       _CreateComHost;
       C:\Program Files\dotnet\sdk\10.0.100\Sdks\Microsoft.NET.Sdk\targets\Microsoft.NET.Sdk.targets(799,5): message :       _GetIjwHostPaths;
       C:\Program Files\dotnet\sdk\10.0.100\Sdks\Microsoft.NET.Sdk\targets\Microsoft.NET.Sdk.targets(799,5): message :     "(이전 값: "
       C:\Program Files\dotnet\sdk\10.0.100\Sdks\Microsoft.NET.Sdk\targets\Microsoft.NET.Sdk.targets(799,5): message :       ResolveReferences;
       C:\Program Files\dotnet\sdk\10.0.100\Sdks\Microsoft.NET.Sdk\targets\Microsoft.NET.Sdk.targets(799,5): message :       ResolveKeySource;
       C:\Program Files\dotnet\sdk\10.0.100\Sdks\Microsoft.NET.Sdk\targets\Microsoft.NET.Sdk.targets(799,5): message :       SetWin32ManifestProperties;
       C:\Program Files\dotnet\sdk\10.0.100\Sdks\Microsoft.NET.Sdk\targets\Microsoft.NET.Sdk.targets(799,5): message :       _SetPreferNativeArm64Win32ManifestProperties;
       C:\Program Files\dotnet\sdk\10.0.100\Sdks\Microsoft.NET.Sdk\targets\Microsoft.NET.Sdk.targets(799,5): message :       FindReferenceAssembliesForReferences;
       C:\Program Files\dotnet\sdk\10.0.100\Sdks\Microsoft.NET.Sdk\targets\Microsoft.NET.Sdk.targets(799,5): message :       _GenerateCompileInputs;
       C:\Program Files\dotnet\sdk\10.0.100\Sdks\Microsoft.NET.Sdk\targets\Microsoft.NET.Sdk.targets(799,5): message :       BeforeCompile;
       C:\Program Files\dotnet\sdk\10.0.100\Sdks\Microsoft.NET.Sdk\targets\Microsoft.NET.Sdk.targets(799,5): message :       _TimeStampBeforeCompile;
       C:\Program Files\dotnet\sdk\10.0.100\Sdks\Microsoft.NET.Sdk\targets\Microsoft.NET.Sdk.targets(799,5): message :       _GenerateCompileDependencyCache;
       C:\Program Files\dotnet\sdk\10.0.100\Sdks\Microsoft.NET.Sdk\targets\Microsoft.NET.Sdk.targets(799,5): message :       CoreCompile;
       C:\Program Files\dotnet\sdk\10.0.100\Sdks\Microsoft.NET.Sdk\targets\Microsoft.NET.Sdk.targets(799,5): message :       _TimeStampAfterCompile;
       C:\Program Files\dotnet\sdk\10.0.100\Sdks\Microsoft.NET.Sdk\targets\Microsoft.NET.Sdk.targets(799,5): message :       AfterCompile;
       C:\Program Files\dotnet\sdk\10.0.100\Sdks\Microsoft.NET.Sdk\targets\Microsoft.NET.Sdk.targets(799,5): message :     ")
       C:\Program Files\dotnet\sdk\10.0.100\Sdks\Microsoft.NET.Sdk\targets\Microsoft.NET.Sdk.targets(1131,5): message : 속성 재할당: $(CreateSatelliteAssembliesDependsOn)=C:\Program Files\dotnet\sdk\10.0.100\Sdks\Microsoft.NET.Sdk\targets\Microsoft.NET.Sdk.targets (1131,5)의 "
       C:\Program Files\dotnet\sdk\10.0.100\Sdks\Microsoft.NET.Sdk\targets\Microsoft.NET.Sdk.targets(1131,5): message :       
       C:\Program Files\dotnet\sdk\10.0.100\Sdks\Microsoft.NET.Sdk\targets\Microsoft.NET.Sdk.targets(1131,5): message :       ;
       C:\Program Files\dotnet\sdk\10.0.100\Sdks\Microsoft.NET.Sdk\targets\Microsoft.NET.Sdk.targets(1131,5): message :       _GenerateSatelliteAssemblyInputs;
       C:\Program Files\dotnet\sdk\10.0.100\Sdks\Microsoft.NET.Sdk\targets\Microsoft.NET.Sdk.targets(1131,5): message :       ComputeIntermediateSatelliteAssemblies;
       C:\Program Files\dotnet\sdk\10.0.100\Sdks\Microsoft.NET.Sdk\targets\Microsoft.NET.Sdk.targets(1131,5): message :       GenerateSatelliteAssemblies
       C:\Program Files\dotnet\sdk\10.0.100\Sdks\Microsoft.NET.Sdk\targets\Microsoft.NET.Sdk.targets(1131,5): message :     ;
       C:\Program Files\dotnet\sdk\10.0.100\Sdks\Microsoft.NET.Sdk\targets\Microsoft.NET.Sdk.targets(1131,5): message :       CoreGenerateSatelliteAssemblies
       C:\Program Files\dotnet\sdk\10.0.100\Sdks\Microsoft.NET.Sdk\targets\Microsoft.NET.Sdk.targets(1131,5): message :     "(이전 값: "
       C:\Program Files\dotnet\sdk\10.0.100\Sdks\Microsoft.NET.Sdk\targets\Microsoft.NET.Sdk.targets(1131,5): message :       ;
       C:\Program Files\dotnet\sdk\10.0.100\Sdks\Microsoft.NET.Sdk\targets\Microsoft.NET.Sdk.targets(1131,5): message :       _GenerateSatelliteAssemblyInputs;
       C:\Program Files\dotnet\sdk\10.0.100\Sdks\Microsoft.NET.Sdk\targets\Microsoft.NET.Sdk.targets(1131,5): message :       ComputeIntermediateSatelliteAssemblies;
       C:\Program Files\dotnet\sdk\10.0.100\Sdks\Microsoft.NET.Sdk\targets\Microsoft.NET.Sdk.targets(1131,5): message :       GenerateSatelliteAssemblies
       C:\Program Files\dotnet\sdk\10.0.100\Sdks\Microsoft.NET.Sdk\targets\Microsoft.NET.Sdk.targets(1131,5): message :     ")
       C:\Program Files\dotnet\sdk\10.0.100\Sdks\Microsoft.SourceLink.GitLab\build\Microsoft.SourceLink.GitLab.targets(12,5): message : 속성 재할당: $(SourceLinkUrlInitializerTargets)=C:\Program Files\dotnet\sdk\10.0.100\Sdks\Microsoft.SourceLink.GitLab\build\Microsoft.SourceLink.GitLab.targets (12,5)의 ";_InitializeGitHubSourceLinkUrl;_InitializeGitLabSourceLinkUrl"(이전 값: ";_InitializeGitHubSourceLinkUrl")
       C:\Program Files\dotnet\sdk\10.0.100\Sdks\Microsoft.SourceLink.GitLab\build\Microsoft.SourceLink.GitLab.targets(13,5): message : 속성 재할당: $(SourceControlManagerUrlTranslationTargets)=C:\Program Files\dotnet\sdk\10.0.100\Sdks\Microsoft.SourceLink.GitLab\build\Microsoft.SourceLink.GitLab.targets (13,5)의 ";TranslateGitHubUrlsInSourceControlInformation;TranslateGitLabUrlsInSourceControlInformation"(이전 값: ";TranslateGitHubUrlsInSourceControlInformation")
       C:\Program Files\dotnet\sdk\10.0.100\Sdks\Microsoft.SourceLink.AzureRepos.Git\build\Microsoft.SourceLink.AzureRepos.Git.targets(12,5): message : 속성 재할당: $(SourceLinkUrlInitializerTargets)=C:\Program Files\dotnet\sdk\10.0.100\Sdks\Microsoft.SourceLink.AzureRepos.Git\build\Microsoft.SourceLink.AzureRepos.Git.targets (12,5)의 ";_InitializeGitHubSourceLinkUrl;_InitializeGitLabSourceLinkUrl;_InitializeAzureReposGitSourceLinkUrl"(이전 값: ";_InitializeGitHubSourceLinkUrl;_InitializeGitLabSourceLinkUrl")
       C:\Program Files\dotnet\sdk\10.0.100\Sdks\Microsoft.SourceLink.AzureRepos.Git\build\Microsoft.SourceLink.AzureRepos.Git.targets(13,5): message : 속성 재할당: $(SourceControlManagerUrlTranslationTargets)=C:\Program Files\dotnet\sdk\10.0.100\Sdks\Microsoft.SourceLink.AzureRepos.Git\build\Microsoft.SourceLink.AzureRepos.Git.targets (13,5)의 ";TranslateGitHubUrlsInSourceControlInformation;TranslateGitLabUrlsInSourceControlInformation;TranslateAzureReposGitUrlsInSourceControlInformation"(이전 값: ";TranslateGitHubUrlsInSourceControlInformation;TranslateGitLabUrlsInSourceControlInformation")
       C:\Program Files\dotnet\sdk\10.0.100\Sdks\Microsoft.SourceLink.Bitbucket.Git\build\Microsoft.SourceLink.Bitbucket.Git.targets(12,5): message : 속성 재할당: $(SourceLinkUrlInitializerTargets)=C:\Program Files\dotnet\sdk\10.0.100\Sdks\Microsoft.SourceLink.Bitbucket.Git\build\Microsoft.SourceLink.Bitbucket.Git.targets (12,5)의 ";_InitializeGitHubSourceLinkUrl;_InitializeGitLabSourceLinkUrl;_InitializeAzureReposGitSourceLinkUrl;_InitializeBitbucketGitSourceLinkUrl"(이전 값: ";_InitializeGitHubSourceLinkUrl;_InitializeGitLabSourceLinkUrl;_InitializeAzureReposGitSourceLinkUrl")
       C:\Program Files\dotnet\sdk\10.0.100\Sdks\Microsoft.SourceLink.Bitbucket.Git\build\Microsoft.SourceLink.Bitbucket.Git.targets(13,5): message : 속성 재할당: $(SourceControlManagerUrlTranslationTargets)=C:\Program Files\dotnet\sdk\10.0.100\Sdks\Microsoft.SourceLink.Bitbucket.Git\build\Microsoft.SourceLink.Bitbucket.Git.targets (13,5)의 ";TranslateGitHubUrlsInSourceControlInformation;TranslateGitLabUrlsInSourceControlInformation;TranslateAzureReposGitUrlsInSourceControlInformation;TranslateBitbucketGitUrlsInSourceControlInformation"(이전 값: ";TranslateGitHubUrlsInSourceControlInformation;TranslateGitLabUrlsInSourceControlInformation;TranslateAzureReposGitUrlsInSourceControlInformation")
       C:\Program Files\dotnet\sdk\10.0.100\Sdks\Microsoft.NET.Sdk\targets\Microsoft.NET.DesignerSupport.targets(21,5): message : 속성 재할당: $(DesignerRuntimeImplementationProjectOutputGroupDependsOn)=C:\Program Files\dotnet\sdk\10.0.100\Sdks\Microsoft.NET.Sdk\targets\Microsoft.NET.DesignerSupport.targets (21,5)의 "
       C:\Program Files\dotnet\sdk\10.0.100\Sdks\Microsoft.NET.Sdk\targets\Microsoft.NET.DesignerSupport.targets(21,5): message :       
       C:\Program Files\dotnet\sdk\10.0.100\Sdks\Microsoft.NET.Sdk\targets\Microsoft.NET.DesignerSupport.targets(21,5): message :       ;
       C:\Program Files\dotnet\sdk\10.0.100\Sdks\Microsoft.NET.Sdk\targets\Microsoft.NET.DesignerSupport.targets(21,5): message :       
       C:\Program Files\dotnet\sdk\10.0.100\Sdks\Microsoft.NET.Sdk\targets\Microsoft.NET.DesignerSupport.targets(21,5): message :       ;
       C:\Program Files\dotnet\sdk\10.0.100\Sdks\Microsoft.NET.Sdk\targets\Microsoft.NET.DesignerSupport.targets(21,5): message :       BuildOnlySettings;
       C:\Program Files\dotnet\sdk\10.0.100\Sdks\Microsoft.NET.Sdk\targets\Microsoft.NET.DesignerSupport.targets(21,5): message :       PrepareForBuild;
       C:\Program Files\dotnet\sdk\10.0.100\Sdks\Microsoft.NET.Sdk\targets\Microsoft.NET.DesignerSupport.targets(21,5): message :       AssignTargetPaths;
       C:\Program Files\dotnet\sdk\10.0.100\Sdks\Microsoft.NET.Sdk\targets\Microsoft.NET.DesignerSupport.targets(21,5): message :       ResolveReferences
       C:\Program Files\dotnet\sdk\10.0.100\Sdks\Microsoft.NET.Sdk\targets\Microsoft.NET.DesignerSupport.targets(21,5): message :     
       C:\Program Files\dotnet\sdk\10.0.100\Sdks\Microsoft.NET.Sdk\targets\Microsoft.NET.DesignerSupport.targets(21,5): message :     ;
       C:\Program Files\dotnet\sdk\10.0.100\Sdks\Microsoft.NET.Sdk\targets\Microsoft.NET.DesignerSupport.targets(21,5): message :       _GenerateDesignerDepsFile;
       C:\Program Files\dotnet\sdk\10.0.100\Sdks\Microsoft.NET.Sdk\targets\Microsoft.NET.DesignerSupport.targets(21,5): message :       _GenerateDesignerRuntimeConfigFile;
       C:\Program Files\dotnet\sdk\10.0.100\Sdks\Microsoft.NET.Sdk\targets\Microsoft.NET.DesignerSupport.targets(21,5): message :       GetCopyToOutputDirectoryItems;
       C:\Program Files\dotnet\sdk\10.0.100\Sdks\Microsoft.NET.Sdk\targets\Microsoft.NET.DesignerSupport.targets(21,5): message :       _GatherDesignerShadowCopyFiles;
       C:\Program Files\dotnet\sdk\10.0.100\Sdks\Microsoft.NET.Sdk\targets\Microsoft.NET.DesignerSupport.targets(21,5): message :     "(이전 값: "
       C:\Program Files\dotnet\sdk\10.0.100\Sdks\Microsoft.NET.Sdk\targets\Microsoft.NET.DesignerSupport.targets(21,5): message :       ;
       C:\Program Files\dotnet\sdk\10.0.100\Sdks\Microsoft.NET.Sdk\targets\Microsoft.NET.DesignerSupport.targets(21,5): message :       
       C:\Program Files\dotnet\sdk\10.0.100\Sdks\Microsoft.NET.Sdk\targets\Microsoft.NET.DesignerSupport.targets(21,5): message :       ;
       C:\Program Files\dotnet\sdk\10.0.100\Sdks\Microsoft.NET.Sdk\targets\Microsoft.NET.DesignerSupport.targets(21,5): message :       BuildOnlySettings;
       C:\Program Files\dotnet\sdk\10.0.100\Sdks\Microsoft.NET.Sdk\targets\Microsoft.NET.DesignerSupport.targets(21,5): message :       PrepareForBuild;
       C:\Program Files\dotnet\sdk\10.0.100\Sdks\Microsoft.NET.Sdk\targets\Microsoft.NET.DesignerSupport.targets(21,5): message :       AssignTargetPaths;
       C:\Program Files\dotnet\sdk\10.0.100\Sdks\Microsoft.NET.Sdk\targets\Microsoft.NET.DesignerSupport.targets(21,5): message :       ResolveReferences
       C:\Program Files\dotnet\sdk\10.0.100\Sdks\Microsoft.NET.Sdk\targets\Microsoft.NET.DesignerSupport.targets(21,5): message :     
       C:\Program Files\dotnet\sdk\10.0.100\Sdks\Microsoft.NET.Sdk\targets\Microsoft.NET.DesignerSupport.targets(21,5): message :     ")
       C:\Program Files\dotnet\sdk\10.0.100\Sdks\Microsoft.NET.Sdk\targets\Microsoft.NET.Sdk.CSharp.targets(31,5): message : 속성 재할당: $(DefineConstants)=C:\Program Files\dotnet\sdk\10.0.100\Sdks\Microsoft.NET.Sdk\targets\Microsoft.NET.Sdk.CSharp.targets (31,5)의 "TRACE;DEBUG"(이전 값: "TRACE")
       C:\Program Files\dotnet\sdk\10.0.100\Sdks\Microsoft.NET.Sdk\targets\Microsoft.NET.Sdk.CSharp.targets(45,5): message : 속성 재할당: $(WarningsAsErrors)=C:\Program Files\dotnet\sdk\10.0.100\Sdks\Microsoft.NET.Sdk\targets\Microsoft.NET.Sdk.CSharp.targets (45,5)의 ";NU1605;SYSLIB0011"(이전 값: ";NU1605")
       C:\Program Files\dotnet\sdk\10.0.100\Sdks\Microsoft.NET.Sdk\targets\Microsoft.NET.Windows.targets(49,5): message : 속성 재할당: $(TargetPlatformVersion)=C:\Program Files\dotnet\sdk\10.0.100\Sdks\Microsoft.NET.Sdk\targets\Microsoft.NET.Windows.targets (49,5)의 "7.0"(이전 값: "")
       C:\Program Files\dotnet\sdk\10.0.100\Sdks\Microsoft.NET.Sdk\targets\Microsoft.NET.Windows.targets(50,5): message : 속성 재할당: $(EffectiveTargetPlatformVersion)=C:\Program Files\dotnet\sdk\10.0.100\Sdks\Microsoft.NET.Sdk\targets\Microsoft.NET.Windows.targets (50,5)의 "7.0"(이전 값: "")
       C:\Program Files\dotnet\sdk\10.0.100\Sdks\Microsoft.NET.Sdk\targets\Microsoft.NET.Windows.targets(60,5): message : 속성 재할당: $(SupportedOSPlatformVersion)=C:\Program Files\dotnet\sdk\10.0.100\Sdks\Microsoft.NET.Sdk\targets\Microsoft.NET.Windows.targets (60,5)의 "7.0"(이전 값: "")
       C:\Program Files\dotnet\sdk\10.0.100\Sdks\Microsoft.NET.Sdk\targets\Microsoft.NET.Windows.targets(61,5): message : 속성 재할당: $(TargetPlatformMinVersion)=C:\Program Files\dotnet\sdk\10.0.100\Sdks\Microsoft.NET.Sdk\targets\Microsoft.NET.Windows.targets (61,5)의 "7.0"(이전 값: "")
       C:\Program Files\dotnet\sdk\10.0.100\Sdks\Microsoft.NET.Sdk\targets\Microsoft.NET.Windows.targets(239,5): message : 속성 재할당: $(_RunCsWinRTGeneratorPropertyInputsCachePath)=C:\Program Files\dotnet\sdk\10.0.100\Sdks\Microsoft.NET.Sdk\targets\Microsoft.NET.Windows.targets (239,5)의 "c:\WORK\SRC\Railml_editor\RailmlEditor\obj\Debug\net10.0-windows\RailmlEditor.cswinrtgen.cache"(이전 값: "obj\Debug\net10.0-windows\RailmlEditor.cswinrtgen.cache")
       C:\Program Files\dotnet\sdk\10.0.100\Sdks\Microsoft.NET.Sdk\targets\Microsoft.NET.Sdk.targets(1497,5): message : 속성 재할당: $(TargetPlatformDisplayName)=C:\Program Files\dotnet\sdk\10.0.100\Sdks\Microsoft.NET.Sdk\targets\Microsoft.NET.Sdk.targets (1497,5)의 "Windows 7.0"(이전 값: "Windows ")
       C:\Program Files\dotnet\sdk\10.0.100\Sdks\Microsoft.NET.Sdk.WindowsDesktop\targets\Microsoft.NET.Sdk.WindowsDesktop.targets(51,5): message : 속성 재할당: $(_TargetFrameworkVersionValue)=C:\Program Files\dotnet\sdk\10.0.100\Sdks\Microsoft.NET.Sdk.WindowsDesktop\targets\Microsoft.NET.Sdk.WindowsDesktop.targets (51,5)의 "10.0"(이전 값: "0.0")
       C:\Program Files\dotnet\sdk\10.0.100\Sdks\Microsoft.NET.Sdk.WindowsDesktop\targets\Microsoft.WinFX.targets(61,7): message : 속성 재할당: $(PrepareResourceNamesDependsOn)=C:\Program Files\dotnet\sdk\10.0.100\Sdks\Microsoft.NET.Sdk.WindowsDesktop\targets\Microsoft.WinFX.targets (61,7)의 "
       C:\Program Files\dotnet\sdk\10.0.100\Sdks\Microsoft.NET.Sdk.WindowsDesktop\targets\Microsoft.WinFX.targets(61,7): message :                     AssignWinFXEmbeddedResource;
       C:\Program Files\dotnet\sdk\10.0.100\Sdks\Microsoft.NET.Sdk.WindowsDesktop\targets\Microsoft.WinFX.targets(61,7): message :                     
       C:\Program Files\dotnet\sdk\10.0.100\Sdks\Microsoft.NET.Sdk.WindowsDesktop\targets\Microsoft.WinFX.targets(61,7): message :       AssignTargetPaths;
       C:\Program Files\dotnet\sdk\10.0.100\Sdks\Microsoft.NET.Sdk.WindowsDesktop\targets\Microsoft.WinFX.targets(61,7): message :       SplitResourcesByCulture;
       C:\Program Files\dotnet\sdk\10.0.100\Sdks\Microsoft.NET.Sdk.WindowsDesktop\targets\Microsoft.WinFX.targets(61,7): message :       CreateManifestResourceNames;
       C:\Program Files\dotnet\sdk\10.0.100\Sdks\Microsoft.NET.Sdk.WindowsDesktop\targets\Microsoft.WinFX.targets(61,7): message :       CreateCustomManifestResourceNames
       C:\Program Files\dotnet\sdk\10.0.100\Sdks\Microsoft.NET.Sdk.WindowsDesktop\targets\Microsoft.WinFX.targets(61,7): message :     
       C:\Program Files\dotnet\sdk\10.0.100\Sdks\Microsoft.NET.Sdk.WindowsDesktop\targets\Microsoft.WinFX.targets(61,7): message :       "(이전 값: "
       C:\Program Files\dotnet\sdk\10.0.100\Sdks\Microsoft.NET.Sdk.WindowsDesktop\targets\Microsoft.WinFX.targets(61,7): message :       AssignTargetPaths;
       C:\Program Files\dotnet\sdk\10.0.100\Sdks\Microsoft.NET.Sdk.WindowsDesktop\targets\Microsoft.WinFX.targets(61,7): message :       SplitResourcesByCulture;
       C:\Program Files\dotnet\sdk\10.0.100\Sdks\Microsoft.NET.Sdk.WindowsDesktop\targets\Microsoft.WinFX.targets(61,7): message :       CreateManifestResourceNames;
       C:\Program Files\dotnet\sdk\10.0.100\Sdks\Microsoft.NET.Sdk.WindowsDesktop\targets\Microsoft.WinFX.targets(61,7): message :       CreateCustomManifestResourceNames
       C:\Program Files\dotnet\sdk\10.0.100\Sdks\Microsoft.NET.Sdk.WindowsDesktop\targets\Microsoft.WinFX.targets(61,7): message :     ")
       C:\Program Files\dotnet\sdk\10.0.100\Sdks\Microsoft.NET.Sdk.WindowsDesktop\targets\Microsoft.WinFX.targets(69,7): message : 속성 재할당: $(PrepareResourcesDependsOn)=C:\Program Files\dotnet\sdk\10.0.100\Sdks\Microsoft.NET.Sdk.WindowsDesktop\targets\Microsoft.WinFX.targets (69,7)의 "
       C:\Program Files\dotnet\sdk\10.0.100\Sdks\Microsoft.NET.Sdk.WindowsDesktop\targets\Microsoft.WinFX.targets(69,7): message :                 MarkupCompilePass1;
       C:\Program Files\dotnet\sdk\10.0.100\Sdks\Microsoft.NET.Sdk.WindowsDesktop\targets\Microsoft.WinFX.targets(69,7): message :                 AfterMarkupCompilePass1;
       C:\Program Files\dotnet\sdk\10.0.100\Sdks\Microsoft.NET.Sdk.WindowsDesktop\targets\Microsoft.WinFX.targets(69,7): message :                 MarkupCompilePass2ForMainAssembly;
       C:\Program Files\dotnet\sdk\10.0.100\Sdks\Microsoft.NET.Sdk.WindowsDesktop\targets\Microsoft.WinFX.targets(69,7): message :                 FileClassification;
       C:\Program Files\dotnet\sdk\10.0.100\Sdks\Microsoft.NET.Sdk.WindowsDesktop\targets\Microsoft.WinFX.targets(69,7): message :                 MainResourcesGeneration;
       C:\Program Files\dotnet\sdk\10.0.100\Sdks\Microsoft.NET.Sdk.WindowsDesktop\targets\Microsoft.WinFX.targets(69,7): message :                 
       C:\Program Files\dotnet\sdk\10.0.100\Sdks\Microsoft.NET.Sdk.WindowsDesktop\targets\Microsoft.WinFX.targets(69,7): message :       ResolvePackageDependenciesForBuild;
       C:\Program Files\dotnet\sdk\10.0.100\Sdks\Microsoft.NET.Sdk.WindowsDesktop\targets\Microsoft.WinFX.targets(69,7): message :       _HandlePackageFileConflicts;
       C:\Program Files\dotnet\sdk\10.0.100\Sdks\Microsoft.NET.Sdk.WindowsDesktop\targets\Microsoft.WinFX.targets(69,7): message :       
       C:\Program Files\dotnet\sdk\10.0.100\Sdks\Microsoft.NET.Sdk.WindowsDesktop\targets\Microsoft.WinFX.targets(69,7): message :       ;
       C:\Program Files\dotnet\sdk\10.0.100\Sdks\Microsoft.NET.Sdk.WindowsDesktop\targets\Microsoft.WinFX.targets(69,7): message :       PrepareResourceNames;
       C:\Program Files\dotnet\sdk\10.0.100\Sdks\Microsoft.NET.Sdk.WindowsDesktop\targets\Microsoft.WinFX.targets(69,7): message :       ResGen;
       C:\Program Files\dotnet\sdk\10.0.100\Sdks\Microsoft.NET.Sdk.WindowsDesktop\targets\Microsoft.WinFX.targets(69,7): message :       CompileLicxFiles
       C:\Program Files\dotnet\sdk\10.0.100\Sdks\Microsoft.NET.Sdk.WindowsDesktop\targets\Microsoft.WinFX.targets(69,7): message :     
       C:\Program Files\dotnet\sdk\10.0.100\Sdks\Microsoft.NET.Sdk.WindowsDesktop\targets\Microsoft.WinFX.targets(69,7): message :     
       C:\Program Files\dotnet\sdk\10.0.100\Sdks\Microsoft.NET.Sdk.WindowsDesktop\targets\Microsoft.WinFX.targets(69,7): message :       "(이전 값: "
       C:\Program Files\dotnet\sdk\10.0.100\Sdks\Microsoft.NET.Sdk.WindowsDesktop\targets\Microsoft.WinFX.targets(69,7): message :       ResolvePackageDependenciesForBuild;
       C:\Program Files\dotnet\sdk\10.0.100\Sdks\Microsoft.NET.Sdk.WindowsDesktop\targets\Microsoft.WinFX.targets(69,7): message :       _HandlePackageFileConflicts;
       C:\Program Files\dotnet\sdk\10.0.100\Sdks\Microsoft.NET.Sdk.WindowsDesktop\targets\Microsoft.WinFX.targets(69,7): message :       
       C:\Program Files\dotnet\sdk\10.0.100\Sdks\Microsoft.NET.Sdk.WindowsDesktop\targets\Microsoft.WinFX.targets(69,7): message :       ;
       C:\Program Files\dotnet\sdk\10.0.100\Sdks\Microsoft.NET.Sdk.WindowsDesktop\targets\Microsoft.WinFX.targets(69,7): message :       PrepareResourceNames;
       C:\Program Files\dotnet\sdk\10.0.100\Sdks\Microsoft.NET.Sdk.WindowsDesktop\targets\Microsoft.WinFX.targets(69,7): message :       ResGen;
       C:\Program Files\dotnet\sdk\10.0.100\Sdks\Microsoft.NET.Sdk.WindowsDesktop\targets\Microsoft.WinFX.targets(69,7): message :       CompileLicxFiles
       C:\Program Files\dotnet\sdk\10.0.100\Sdks\Microsoft.NET.Sdk.WindowsDesktop\targets\Microsoft.WinFX.targets(69,7): message :     
       C:\Program Files\dotnet\sdk\10.0.100\Sdks\Microsoft.NET.Sdk.WindowsDesktop\targets\Microsoft.WinFX.targets(69,7): message :     ")
       C:\Program Files\dotnet\sdk\10.0.100\Sdks\Microsoft.NET.Sdk.WindowsDesktop\targets\Microsoft.WinFX.targets(136,5): message : 속성 재할당: $(CompileDependsOn)=C:\Program Files\dotnet\sdk\10.0.100\Sdks\Microsoft.NET.Sdk.WindowsDesktop\targets\Microsoft.WinFX.targets (136,5)의 "
       C:\Program Files\dotnet\sdk\10.0.100\Sdks\Microsoft.NET.Sdk.WindowsDesktop\targets\Microsoft.WinFX.targets(136,5): message :         
       C:\Program Files\dotnet\sdk\10.0.100\Sdks\Microsoft.NET.Sdk.WindowsDesktop\targets\Microsoft.WinFX.targets(136,5): message :       
       C:\Program Files\dotnet\sdk\10.0.100\Sdks\Microsoft.NET.Sdk.WindowsDesktop\targets\Microsoft.WinFX.targets(136,5): message :       ResolveReferences;
       C:\Program Files\dotnet\sdk\10.0.100\Sdks\Microsoft.NET.Sdk.WindowsDesktop\targets\Microsoft.WinFX.targets(136,5): message :       ResolveKeySource;
       C:\Program Files\dotnet\sdk\10.0.100\Sdks\Microsoft.NET.Sdk.WindowsDesktop\targets\Microsoft.WinFX.targets(136,5): message :       SetWin32ManifestProperties;
       C:\Program Files\dotnet\sdk\10.0.100\Sdks\Microsoft.NET.Sdk.WindowsDesktop\targets\Microsoft.WinFX.targets(136,5): message :       _SetPreferNativeArm64Win32ManifestProperties;
       C:\Program Files\dotnet\sdk\10.0.100\Sdks\Microsoft.NET.Sdk.WindowsDesktop\targets\Microsoft.WinFX.targets(136,5): message :       FindReferenceAssembliesForReferences;
       C:\Program Files\dotnet\sdk\10.0.100\Sdks\Microsoft.NET.Sdk.WindowsDesktop\targets\Microsoft.WinFX.targets(136,5): message :       _GenerateCompileInputs;
       C:\Program Files\dotnet\sdk\10.0.100\Sdks\Microsoft.NET.Sdk.WindowsDesktop\targets\Microsoft.WinFX.targets(136,5): message :       BeforeCompile;
       C:\Program Files\dotnet\sdk\10.0.100\Sdks\Microsoft.NET.Sdk.WindowsDesktop\targets\Microsoft.WinFX.targets(136,5): message :       _TimeStampBeforeCompile;
       C:\Program Files\dotnet\sdk\10.0.100\Sdks\Microsoft.NET.Sdk.WindowsDesktop\targets\Microsoft.WinFX.targets(136,5): message :       _GenerateCompileDependencyCache;
       C:\Program Files\dotnet\sdk\10.0.100\Sdks\Microsoft.NET.Sdk.WindowsDesktop\targets\Microsoft.WinFX.targets(136,5): message :       CoreCompile;
       C:\Program Files\dotnet\sdk\10.0.100\Sdks\Microsoft.NET.Sdk.WindowsDesktop\targets\Microsoft.WinFX.targets(136,5): message :       _TimeStampAfterCompile;
       C:\Program Files\dotnet\sdk\10.0.100\Sdks\Microsoft.NET.Sdk.WindowsDesktop\targets\Microsoft.WinFX.targets(136,5): message :       AfterCompile;
       C:\Program Files\dotnet\sdk\10.0.100\Sdks\Microsoft.NET.Sdk.WindowsDesktop\targets\Microsoft.WinFX.targets(136,5): message :     ;
       C:\Program Files\dotnet\sdk\10.0.100\Sdks\Microsoft.NET.Sdk.WindowsDesktop\targets\Microsoft.WinFX.targets(136,5): message :       _CreateAppHost;
       C:\Program Files\dotnet\sdk\10.0.100\Sdks\Microsoft.NET.Sdk.WindowsDesktop\targets\Microsoft.WinFX.targets(136,5): message :       _CreateComHost;
       C:\Program Files\dotnet\sdk\10.0.100\Sdks\Microsoft.NET.Sdk.WindowsDesktop\targets\Microsoft.WinFX.targets(136,5): message :       _GetIjwHostPaths;
       C:\Program Files\dotnet\sdk\10.0.100\Sdks\Microsoft.NET.Sdk.WindowsDesktop\targets\Microsoft.WinFX.targets(136,5): message :     ;
       C:\Program Files\dotnet\sdk\10.0.100\Sdks\Microsoft.NET.Sdk.WindowsDesktop\targets\Microsoft.WinFX.targets(136,5): message :         _AfterCompileWinFXInternal
       C:\Program Files\dotnet\sdk\10.0.100\Sdks\Microsoft.NET.Sdk.WindowsDesktop\targets\Microsoft.WinFX.targets(136,5): message :     "(이전 값: "
       C:\Program Files\dotnet\sdk\10.0.100\Sdks\Microsoft.NET.Sdk.WindowsDesktop\targets\Microsoft.WinFX.targets(136,5): message :       
       C:\Program Files\dotnet\sdk\10.0.100\Sdks\Microsoft.NET.Sdk.WindowsDesktop\targets\Microsoft.WinFX.targets(136,5): message :       ResolveReferences;
       C:\Program Files\dotnet\sdk\10.0.100\Sdks\Microsoft.NET.Sdk.WindowsDesktop\targets\Microsoft.WinFX.targets(136,5): message :       ResolveKeySource;
       C:\Program Files\dotnet\sdk\10.0.100\Sdks\Microsoft.NET.Sdk.WindowsDesktop\targets\Microsoft.WinFX.targets(136,5): message :       SetWin32ManifestProperties;
       C:\Program Files\dotnet\sdk\10.0.100\Sdks\Microsoft.NET.Sdk.WindowsDesktop\targets\Microsoft.WinFX.targets(136,5): message :       _SetPreferNativeArm64Win32ManifestProperties;
       C:\Program Files\dotnet\sdk\10.0.100\Sdks\Microsoft.NET.Sdk.WindowsDesktop\targets\Microsoft.WinFX.targets(136,5): message :       FindReferenceAssembliesForReferences;
       C:\Program Files\dotnet\sdk\10.0.100\Sdks\Microsoft.NET.Sdk.WindowsDesktop\targets\Microsoft.WinFX.targets(136,5): message :       _GenerateCompileInputs;
       C:\Program Files\dotnet\sdk\10.0.100\Sdks\Microsoft.NET.Sdk.WindowsDesktop\targets\Microsoft.WinFX.targets(136,5): message :       BeforeCompile;
       C:\Program Files\dotnet\sdk\10.0.100\Sdks\Microsoft.NET.Sdk.WindowsDesktop\targets\Microsoft.WinFX.targets(136,5): message :       _TimeStampBeforeCompile;
       C:\Program Files\dotnet\sdk\10.0.100\Sdks\Microsoft.NET.Sdk.WindowsDesktop\targets\Microsoft.WinFX.targets(136,5): message :       _GenerateCompileDependencyCache;
       C:\Program Files\dotnet\sdk\10.0.100\Sdks\Microsoft.NET.Sdk.WindowsDesktop\targets\Microsoft.WinFX.targets(136,5): message :       CoreCompile;
       C:\Program Files\dotnet\sdk\10.0.100\Sdks\Microsoft.NET.Sdk.WindowsDesktop\targets\Microsoft.WinFX.targets(136,5): message :       _TimeStampAfterCompile;
       C:\Program Files\dotnet\sdk\10.0.100\Sdks\Microsoft.NET.Sdk.WindowsDesktop\targets\Microsoft.WinFX.targets(136,5): message :       AfterCompile;
       C:\Program Files\dotnet\sdk\10.0.100\Sdks\Microsoft.NET.Sdk.WindowsDesktop\targets\Microsoft.WinFX.targets(136,5): message :     ;
       C:\Program Files\dotnet\sdk\10.0.100\Sdks\Microsoft.NET.Sdk.WindowsDesktop\targets\Microsoft.WinFX.targets(136,5): message :       _CreateAppHost;
       C:\Program Files\dotnet\sdk\10.0.100\Sdks\Microsoft.NET.Sdk.WindowsDesktop\targets\Microsoft.WinFX.targets(136,5): message :       _CreateComHost;
       C:\Program Files\dotnet\sdk\10.0.100\Sdks\Microsoft.NET.Sdk.WindowsDesktop\targets\Microsoft.WinFX.targets(136,5): message :       _GetIjwHostPaths;
       C:\Program Files\dotnet\sdk\10.0.100\Sdks\Microsoft.NET.Sdk.WindowsDesktop\targets\Microsoft.WinFX.targets(136,5): message :     ")
       C:\Program Files\dotnet\sdk\10.0.100\Sdks\Microsoft.NET.Sdk.WindowsDesktop\targets\Microsoft.WinFX.targets(803,9): message : 속성 재할당: $(PublishBuildDependsOn)=C:\Program Files\dotnet\sdk\10.0.100\Sdks\Microsoft.NET.Sdk.WindowsDesktop\targets\Microsoft.WinFX.targets (803,9)의 "
       C:\Program Files\dotnet\sdk\10.0.100\Sdks\Microsoft.NET.Sdk.WindowsDesktop\targets\Microsoft.WinFX.targets(803,9): message :             BuildOnlySettings;
       C:\Program Files\dotnet\sdk\10.0.100\Sdks\Microsoft.NET.Sdk.WindowsDesktop\targets\Microsoft.WinFX.targets(803,9): message :             PrepareForBuild;
       C:\Program Files\dotnet\sdk\10.0.100\Sdks\Microsoft.NET.Sdk.WindowsDesktop\targets\Microsoft.WinFX.targets(803,9): message :             ResolveReferences;
       C:\Program Files\dotnet\sdk\10.0.100\Sdks\Microsoft.NET.Sdk.WindowsDesktop\targets\Microsoft.WinFX.targets(803,9): message :             PrepareResources;
       C:\Program Files\dotnet\sdk\10.0.100\Sdks\Microsoft.NET.Sdk.WindowsDesktop\targets\Microsoft.WinFX.targets(803,9): message :             ResolveKeySource;
       C:\Program Files\dotnet\sdk\10.0.100\Sdks\Microsoft.NET.Sdk.WindowsDesktop\targets\Microsoft.WinFX.targets(803,9): message :             PrepareResourcesForSatelliteAssemblies;
       C:\Program Files\dotnet\sdk\10.0.100\Sdks\Microsoft.NET.Sdk.WindowsDesktop\targets\Microsoft.WinFX.targets(803,9): message :             GenerateSerializationAssemblies;
       C:\Program Files\dotnet\sdk\10.0.100\Sdks\Microsoft.NET.Sdk.WindowsDesktop\targets\Microsoft.WinFX.targets(803,9): message :             CreateSatelliteAssemblies;
       C:\Program Files\dotnet\sdk\10.0.100\Sdks\Microsoft.NET.Sdk.WindowsDesktop\targets\Microsoft.WinFX.targets(803,9): message :         "(이전 값: "
       C:\Program Files\dotnet\sdk\10.0.100\Sdks\Microsoft.NET.Sdk.WindowsDesktop\targets\Microsoft.WinFX.targets(803,9): message :       BuildOnlySettings;
       C:\Program Files\dotnet\sdk\10.0.100\Sdks\Microsoft.NET.Sdk.WindowsDesktop\targets\Microsoft.WinFX.targets(803,9): message :       PrepareForBuild;
       C:\Program Files\dotnet\sdk\10.0.100\Sdks\Microsoft.NET.Sdk.WindowsDesktop\targets\Microsoft.WinFX.targets(803,9): message :       ResolveReferences;
       C:\Program Files\dotnet\sdk\10.0.100\Sdks\Microsoft.NET.Sdk.WindowsDesktop\targets\Microsoft.WinFX.targets(803,9): message :       PrepareResources;
       C:\Program Files\dotnet\sdk\10.0.100\Sdks\Microsoft.NET.Sdk.WindowsDesktop\targets\Microsoft.WinFX.targets(803,9): message :       ResolveKeySource;
       C:\Program Files\dotnet\sdk\10.0.100\Sdks\Microsoft.NET.Sdk.WindowsDesktop\targets\Microsoft.WinFX.targets(803,9): message :       GenerateSerializationAssemblies;
       C:\Program Files\dotnet\sdk\10.0.100\Sdks\Microsoft.NET.Sdk.WindowsDesktop\targets\Microsoft.WinFX.targets(803,9): message :       CreateSatelliteAssemblies;
       C:\Program Files\dotnet\sdk\10.0.100\Sdks\Microsoft.NET.Sdk.WindowsDesktop\targets\Microsoft.WinFX.targets(803,9): message :     ")
       C:\Program Files\dotnet\sdk\10.0.100\NuGet.Build.Tasks.Pack.targets(34,5): message : 속성 재할당: $(PackageDescription)=C:\Program Files\dotnet\sdk\10.0.100\NuGet.Build.Tasks.Pack.targets (34,5)의 "Package Description"(이전 값: "")
       C:\Program Files\dotnet\sdk\10.0.100\NuGet.Build.Tasks.Pack.targets(59,5): message : 속성 재할당: $(GenerateNuspecDependsOn)=C:\Program Files\dotnet\sdk\10.0.100\NuGet.Build.Tasks.Pack.targets (59,5)의 "Build;_LoadPackInputItems; _GetTargetFrameworksOutput; _WalkEachTargetPerFramework; _GetPackageFiles; "(이전 값: "_LoadPackInputItems; _GetTargetFrameworksOutput; _WalkEachTargetPerFramework; _GetPackageFiles; ")
       C:\Program Files\dotnet\sdk\10.0.100\Sdks\Microsoft.NET.Sdk\Sdk\Sdk.targets(59,5): message : 속성 재할당: $(_IsNotSetContainersTargetsDir)=C:\Program Files\dotnet\sdk\10.0.100\Sdks\Microsoft.NET.Sdk\Sdk\Sdk.targets (59,5)의 "true"(이전 값: "false")
       C:\Program Files\dotnet\sdk\10.0.100\Containers\build\Microsoft.NET.Build.Containers.targets(5,5): message : 속성 재할당: $(_IsSDKContainerAllowedVersion)=C:\Program Files\dotnet\sdk\10.0.100\Containers\build\Microsoft.NET.Build.Containers.targets (5,5)의 "true"(이전 값: "false")
       C:\Program Files\dotnet\sdk\10.0.100\Containers\build\Microsoft.NET.Build.Containers.targets(15,5): message : 속성 재할당: $(_ContainerIsTargetingNet8TFM)=C:\Program Files\dotnet\sdk\10.0.100\Containers\build\Microsoft.NET.Build.Containers.targets (15,5)의 "true"(이전 값: "false")
       "C:\Program Files\dotnet\sdk\10.0.100\Microsoft.Common.CurrentVersion.targets" 프로젝트의 "ResolveFrameworkReferences" 대상을 "C:\Program Files\dotnet\sdk\10.0.100\Sdks\Microsoft.NET.Sdk\targets\Microsoft.NET.Sdk.FrameworkReferenceResolution.targets" 프로젝트의 "ResolveFrameworkReferences" 대상으로 재정의하고 있습니다.
       "C:\Program Files\dotnet\sdk\10.0.100\Microsoft.Common.CurrentVersion.targets" 프로젝트의 "GenerateSupportedTargetFrameworkAlias" 대상을 "C:\Program Files\dotnet\sdk\10.0.100\Sdks\Microsoft.NET.Sdk\targets\Microsoft.NET.Sdk.targets" 프로젝트의 "GenerateSupportedTargetFrameworkAlias" 대상으로 재정의하고 있습니다.
       "C:\Program Files\dotnet\sdk\10.0.100\Microsoft.Common.CurrentVersion.targets" 프로젝트의 "GetReferenceAssemblyPaths" 대상을 "C:\Program Files\dotnet\sdk\10.0.100\Sdks\Microsoft.NET.Sdk\targets\Microsoft.NET.DisableStandardFrameworkResolution.targets" 프로젝트의 "GetReferenceAssemblyPaths" 대상으로 재정의하고 있습니다.
       "C:\Program Files\dotnet\sdk\10.0.100\Microsoft.Common.CurrentVersion.targets" 프로젝트의 "GetFrameworkPaths" 대상을 "C:\Program Files\dotnet\sdk\10.0.100\Sdks\Microsoft.NET.Sdk\targets\Microsoft.NET.DisableStandardFrameworkResolution.targets" 프로젝트의 "GetFrameworkPaths" 대상으로 재정의하고 있습니다.
       "C:\Program Files\dotnet\sdk\10.0.100\Microsoft.Common.CurrentVersion.targets" 프로젝트의 "DesignerRuntimeImplementationProjectOutputGroup" 대상을 "C:\Program Files\dotnet\sdk\10.0.100\Sdks\Microsoft.NET.Sdk\targets\Microsoft.NET.DesignerSupport.targets" 프로젝트의 "DesignerRuntimeImplementationProjectOutputGroup" 대상으로 재정의하고 있습니다.
       "C:\Program Files\dotnet\sdk\10.0.100\Microsoft.Common.CurrentVersion.targets" 프로젝트의 "Publish" 대상을 "C:\Program Files\dotnet\sdk\10.0.100\Sdks\Microsoft.NET.Sdk\targets\Microsoft.NET.Publish.targets" 프로젝트의 "Publish" 대상으로 재정의하고 있습니다.
       "C:\Program Files\dotnet\sdk\10.0.100\Sdks\Microsoft.NET.Sdk\targets\Microsoft.NET.CrossGen.targets" 프로젝트의 "ResolveReadyToRunCompilers" 대상을 "C:\Program Files\dotnet\sdk\10.0.100\Sdks\Microsoft.NET.Sdk\targets\Microsoft.NET.Publish.targets" 프로젝트의 "ResolveReadyToRunCompilers" 대상으로 재정의하고 있습니다.
       "C:\Program Files\dotnet\sdk\10.0.100\Microsoft.Common.CurrentVersion.targets" 프로젝트의 "GetCopyToPublishDirectoryItems" 대상을 "C:\Program Files\dotnet\sdk\10.0.100\Sdks\Microsoft.NET.Sdk\targets\Microsoft.NET.Publish.targets" 프로젝트의 "GetCopyToPublishDirectoryItems" 대상으로 재정의하고 있습니다.
       "C:\Program Files\dotnet\sdk\10.0.100\Microsoft.Common.CurrentVersion.targets" 프로젝트의 "Run" 대상을 "C:\Program Files\dotnet\sdk\10.0.100\Sdks\Microsoft.NET.Sdk\targets\Microsoft.NET.Sdk.targets" 프로젝트의 "Run" 대상으로 재정의하고 있습니다.
       "C:\Program Files\dotnet\sdk\10.0.100\Microsoft.Common.CurrentVersion.targets" 프로젝트의 "SatelliteDllsProjectOutputGroup" 대상을 "C:\Program Files\dotnet\sdk\10.0.100\Sdks\Microsoft.NET.Sdk.WindowsDesktop\targets\Microsoft.WinFX.targets" 프로젝트의 "SatelliteDllsProjectOutputGroup" 대상으로 재정의하고 있습니다.
     1>"c:\WORK\SRC\Railml_editor\RailmlEditor.sln"(1) 프로젝트가 1 노드에서 "c:\WORK\SRC\Railml_editor\RailmlEditor\RailmlEditor.csproj"(2)을(를) 빌드하고 있습니다(_IsProjectRestoreSupported 대상).
     2>"c:\WORK\SRC\Railml_editor\RailmlEditor\RailmlEditor.csproj" 프로젝트의 "C:\Program Files\dotnet\sdk\10.0.100\NuGet.targets" 파일에 있는 "_IsProjectRestoreSupported" 대상(진입점):
     2>"RailmlEditor.csproj" 프로젝트에 "_IsProjectRestoreSupported" 대상을 빌드했습니다.
     2>"c:\WORK\SRC\Railml_editor\RailmlEditor\RailmlEditor.csproj" 프로젝트를 빌드했습니다(_IsProjectRestoreSupported 대상).
     1>"MSBuild" 작업을 실행했습니다.
       "C:\Program Files\dotnet\sdk\10.0.100\NuGet.Build.Tasks.dll" 어셈블리에서 "WarnForInvalidProjectsTask" 작업을 사용합니다.
       "WarnForInvalidProjectsTask" 작업
       "WarnForInvalidProjectsTask" 작업을 실행했습니다.
     1>"RailmlEditor.sln" 프로젝트에 "_FilterRestoreGraphProjectInputItems" 대상을 빌드했습니다.
       "_FilterRestoreGraphProjectInputItems" 대상을 건너뜁니다. 이전에 빌드되었습니다.
     1>"c:\WORK\SRC\Railml_editor\RailmlEditor.sln" 프로젝트의 "C:\Program Files\dotnet\sdk\10.0.100\NuGet.targets" 파일에 있는 "_GetAllRestoreProjectPathItems" 대상("_GenerateRestoreGraph" 대상이 종속됨):
       "C:\Program Files\dotnet\sdk\10.0.100\NuGet.Build.Tasks.dll" 어셈블리에서 "NuGetMessageTask" 작업을 사용합니다.
       "NuGetMessageTask" 작업
         TaskRun (NuGet.Build.Tasks.NuGetMessageTask) 동안 로드된 어셈블리: NuGet.Build.Tasks.resources, Version=7.0.0.0, Culture=ko, PublicKeyToken=31bf3856ad364e35(위치: C:\Program Files\dotnet\sdk\10.0.100\ko\NuGet.Build.Tasks.resources.dll, MVID: 12dc1cd4-4493-4a80-b9dd-fee17ae0ef00, AssemblyLoadContext: MSBuild plugin C:\Program Files\dotnet\sdk\10.0.100\NuGet.Build.Tasks.dll)
         복원할 프로젝트를 확인하는 중...
       "NuGetMessageTask" 작업을 실행했습니다.
       "MSBuild" 작업
         전역 속성:
           ExcludeRestorePackageImports=true
           _RestoreSolutionFileUsed=true
           SolutionDir=c:\WORK\SRC\Railml_editor\
           SolutionName=RailmlEditor
           SolutionFileName=RailmlEditor.sln
           SolutionPath=c:\WORK\SRC\Railml_editor\RailmlEditor.sln
           SolutionExt=.sln
         "c:\WORK\SRC\Railml_editor\RailmlEditor\RailmlEditor.csproj" 프로젝트의 추가 속성:
           Configuration=Debug
           Platform=AnyCPU
     1>"c:\WORK\SRC\Railml_editor\RailmlEditor.sln"(1) 프로젝트가 1 노드에서 "c:\WORK\SRC\Railml_editor\RailmlEditor\RailmlEditor.csproj"(2:2)을(를) 빌드하고 있습니다(_GenerateRestoreProjectPathWalk 대상).
   2:2>"c:\WORK\SRC\Railml_editor\RailmlEditor\RailmlEditor.csproj" 프로젝트의 "C:\Program Files\dotnet\sdk\10.0.100\NuGet.targets" 파일에 있는 "_GenerateRestoreProjectPathItemsPerFramework" 대상("_GenerateRestoreProjectPathItemsCurrentProject" 대상이 종속됨):
   2:2>"Microsoft.Build.Tasks.Core, Version=15.1.0.0, Culture=neutral, PublicKeyToken=b03f5f7f11d50a3a" 어셈블리에서 "ConvertToAbsolutePath" 작업을 사용합니다.
       "ConvertToAbsolutePath" 작업
       "ConvertToAbsolutePath" 작업을 실행했습니다.
   2:2>"RailmlEditor.csproj" 프로젝트에 "_GenerateRestoreProjectPathItemsPerFramework" 대상을 빌드했습니다.
   2:2>"c:\WORK\SRC\Railml_editor\RailmlEditor\RailmlEditor.csproj" 프로젝트의 "C:\Program Files\dotnet\sdk\10.0.100\NuGet.targets" 파일에 있는 "_GenerateRestoreProjectPathItemsCurrentProject" 대상("_GenerateRestoreProjectPathItems" 대상이 종속됨):
   2:2>"RailmlEditor.csproj" 프로젝트에 "_GenerateRestoreProjectPathItemsCurrentProject" 대상을 빌드했습니다.
   2:2>"c:\WORK\SRC\Railml_editor\RailmlEditor\RailmlEditor.csproj" 프로젝트의 "C:\Program Files\dotnet\sdk\10.0.100\NuGet.targets" 파일에 있는 "_GenerateRestoreProjectPathItems" 대상("_GenerateRestoreProjectPathWalk" 대상이 종속됨):
       "Microsoft.Build.Tasks.Core, Version=15.1.0.0, Culture=neutral, PublicKeyToken=b03f5f7f11d50a3a" 어셈블리에서 "RemoveDuplicates" 작업을 사용합니다.
       "RemoveDuplicates" 작업
       "RemoveDuplicates" 작업을 실행했습니다.
   2:2>"RailmlEditor.csproj" 프로젝트에 "_GenerateRestoreProjectPathItems" 대상을 빌드했습니다.
   2:2>"c:\WORK\SRC\Railml_editor\RailmlEditor\RailmlEditor.csproj" 프로젝트의 "C:\Program Files\dotnet\sdk\10.0.100\NuGet.targets" 파일에 있는 "_GenerateRestoreProjectPathWalk" 대상(진입점):
       "Microsoft.Build.Tasks.Core, Version=15.1.0.0, Culture=neutral, PublicKeyToken=b03f5f7f11d50a3a" 어셈블리에서 "MSBuild" 작업을 사용합니다.
       "MSBuild" 작업
       "MSBuild" 작업을 실행했습니다.
       "RemoveDuplicates" 작업
       "RemoveDuplicates" 작업을 실행했습니다.
   2:2>"RailmlEditor.csproj" 프로젝트에 "_GenerateRestoreProjectPathWalk" 대상을 빌드했습니다.
   2:2>"c:\WORK\SRC\Railml_editor\RailmlEditor\RailmlEditor.csproj" 프로젝트를 빌드했습니다(_GenerateRestoreProjectPathWalk 대상).
     1>"MSBuild" 작업을 실행했습니다.
       "RemoveDuplicates" 작업
       "RemoveDuplicates" 작업을 실행했습니다.
       "MSBuild" 작업
         전역 속성:
           ExcludeRestorePackageImports=true
           _RestoreSolutionFileUsed=true
           SolutionDir=c:\WORK\SRC\Railml_editor\
           SolutionName=RailmlEditor
           SolutionFileName=RailmlEditor.sln
           SolutionPath=c:\WORK\SRC\Railml_editor\RailmlEditor.sln
           SolutionExt=.sln
         "c:\WORK\SRC\Railml_editor\RailmlEditor\RailmlEditor.csproj" 프로젝트의 추가 속성:
           Configuration=Debug
           Platform=AnyCPU
     1>"c:\WORK\SRC\Railml_editor\RailmlEditor.sln"(1) 프로젝트가 1 노드에서 "c:\WORK\SRC\Railml_editor\RailmlEditor\RailmlEditor.csproj"(2:3)을(를) 빌드하고 있습니다(_IsProjectRestoreSupported 대상).
   2:3>"_IsProjectRestoreSupported" 대상을 건너뜁니다. 이전에 빌드되었습니다.
   2:3>"c:\WORK\SRC\Railml_editor\RailmlEditor\RailmlEditor.csproj" 프로젝트를 빌드했습니다(_IsProjectRestoreSupported 대상).
     1>"MSBuild" 작업을 실행했습니다.
     1>"RailmlEditor.sln" 프로젝트에 "_GetAllRestoreProjectPathItems" 대상을 빌드했습니다.
     1>"c:\WORK\SRC\Railml_editor\RailmlEditor.sln" 프로젝트의 "C:\Program Files\dotnet\sdk\10.0.100\NuGet.targets" 파일에 있는 "_GenerateRestoreGraph" 대상("Restore" 대상이 종속됨):
       "Message" 작업
         Generating dg file
       "Message" 작업을 실행했습니다.
       "Message" 작업
         c:\WORK\SRC\Railml_editor\RailmlEditor\RailmlEditor.csproj
       "Message" 작업을 실행했습니다.
       "MSBuild" 작업
         전역 속성:
           ExcludeRestorePackageImports=true
           _RestoreSolutionFileUsed=true
           SolutionDir=c:\WORK\SRC\Railml_editor\
           SolutionName=RailmlEditor
           SolutionFileName=RailmlEditor.sln
           SolutionPath=c:\WORK\SRC\Railml_editor\RailmlEditor.sln
           SolutionExt=.sln
         "c:\WORK\SRC\Railml_editor\RailmlEditor\RailmlEditor.csproj" 프로젝트의 추가 속성:
           Configuration=Debug
           Platform=AnyCPU
     1>"c:\WORK\SRC\Railml_editor\RailmlEditor.sln"(1) 프로젝트가 1 노드에서 "c:\WORK\SRC\Railml_editor\RailmlEditor\RailmlEditor.csproj"(2:4)을(를) 빌드하고 있습니다(_GenerateRestoreGraphProjectEntry 대상).
   2:4>"c:\WORK\SRC\Railml_editor\RailmlEditor\RailmlEditor.csproj" 프로젝트의 "C:\Program Files\dotnet\sdk\10.0.100\Sdks\Microsoft.NET.Sdk\targets\Microsoft.NET.TargetFrameworkInference.targets" 파일에 있는 "_CheckForUnsupportedTargetPlatformIdentifier" 대상("CollectPackageReferences" 대상이 종속됨):
   2:4>"RailmlEditor.csproj" 프로젝트에 "_CheckForUnsupportedTargetPlatformIdentifier" 대상을 빌드했습니다.
   2:4>"c:\WORK\SRC\Railml_editor\RailmlEditor\RailmlEditor.csproj" 프로젝트의 "C:\Program Files\dotnet\sdk\10.0.100\Sdks\Microsoft.NET.Sdk\targets\Microsoft.NET.TargetFrameworkInference.targets" 파일에 있는 "_CheckForUnsupportedNETCoreVersion" 대상("CollectPackageReferences" 대상이 종속됨):
   2:4>"RailmlEditor.csproj" 프로젝트에 "_CheckForUnsupportedNETCoreVersion" 대상을 빌드했습니다.
   2:4>"c:\WORK\SRC\Railml_editor\RailmlEditor\RailmlEditor.csproj" 프로젝트의 "C:\Program Files\dotnet\sdk\10.0.100\Sdks\Microsoft.NET.Sdk\targets\Microsoft.NET.TargetFrameworkInference.targets" 파일에 있는 "_CheckForUnsupportedCppNETCoreVersion" 대상("CollectPackageReferences" 대상이 종속됨):
   2:4>"RailmlEditor.csproj" 프로젝트에 "_CheckForUnsupportedCppNETCoreVersion" 대상을 빌드했습니다.
   2:4>"c:\WORK\SRC\Railml_editor\RailmlEditor\RailmlEditor.csproj" 프로젝트의 "C:\Program Files\dotnet\sdk\10.0.100\Sdks\Microsoft.NET.Sdk\targets\Microsoft.NET.Sdk.DefaultItems.Shared.targets" 파일에 있는 "CheckForImplicitPackageReferenceOverrides" 대상("CollectPackageReferences" 대상이 종속됨):
       "C:\Program Files\dotnet\sdk\10.0.100\Sdks\Microsoft.NET.Sdk\targets\..\tools\net10.0\Microsoft.NET.Build.Tasks.dll" 어셈블리에서 "CheckForImplicitPackageReferenceOverrides" 작업을 사용합니다.
       "CheckForImplicitPackageReferenceOverrides" 작업
       "CheckForImplicitPackageReferenceOverrides" 작업을 실행했습니다.
   2:4>"RailmlEditor.csproj" 프로젝트에 "CheckForImplicitPackageReferenceOverrides" 대상을 빌드했습니다.
   2:4>"c:\WORK\SRC\Railml_editor\RailmlEditor\RailmlEditor.csproj" 프로젝트의 "C:\Program Files\dotnet\sdk\10.0.100\Sdks\Microsoft.NET.Sdk\targets\Microsoft.NET.Sdk.FrameworkReferenceResolution.targets" 파일에 있는 "AddWindowsSdkKnownFrameworkReferences" 대상("ProcessFrameworkReferences" 대상이 종속됨):
       "C:\Program Files\dotnet\sdk\10.0.100\Sdks\Microsoft.NET.Sdk\targets\..\tools\net10.0\Microsoft.NET.Build.Tasks.dll" 어셈블리에서 "CreateWindowsSdkKnownFrameworkReferences" 작업을 사용합니다.
       "CreateWindowsSdkKnownFrameworkReferences" 작업
       "CreateWindowsSdkKnownFrameworkReferences" 작업을 실행했습니다.
   2:4>"RailmlEditor.csproj" 프로젝트에 "AddWindowsSdkKnownFrameworkReferences" 대상을 빌드했습니다.
   2:4>"c:\WORK\SRC\Railml_editor\RailmlEditor\RailmlEditor.csproj" 프로젝트의 "C:\Program Files\dotnet\sdk\10.0.100\Sdks\Microsoft.NET.Sdk\targets\Microsoft.NET.TargetFrameworkInference.targets" 파일에 있는 "_NormalizeTargetPlatformVersion" 대상("ProcessFrameworkReferences" 대상이 종속됨):
   2:4>"RailmlEditor.csproj" 프로젝트에 "_NormalizeTargetPlatformVersion" 대상을 빌드했습니다.
   2:4>"c:\WORK\SRC\Railml_editor\RailmlEditor\RailmlEditor.csproj" 프로젝트의 "C:\Program Files\dotnet\sdk\10.0.100\Sdks\Microsoft.NET.Sdk\targets\Microsoft.NET.RuntimeIdentifierInference.targets" 파일에 있는 "_CheckForLanguageAndFeatureCombinationSupport" 대상("ProcessFrameworkReferences" 대상이 종속됨):
   2:4>"RailmlEditor.csproj" 프로젝트에 "_CheckForLanguageAndFeatureCombinationSupport" 대상을 빌드했습니다.
   2:4>"c:\WORK\SRC\Railml_editor\RailmlEditor\RailmlEditor.csproj" 프로젝트의 "C:\Program Files\dotnet\sdk\10.0.100\Sdks\Microsoft.NET.Sdk\targets\Microsoft.NET.Publish.targets" 파일에 있는 "_ComputeToolPackInputsToProcessFrameworkReferences" 대상("ProcessFrameworkReferences" 대상이 종속됨):
   2:4>"RailmlEditor.csproj" 프로젝트에 "_ComputeToolPackInputsToProcessFrameworkReferences" 대상을 빌드했습니다.
   2:4>"c:\WORK\SRC\Railml_editor\RailmlEditor\RailmlEditor.csproj" 프로젝트의 "C:\Program Files\dotnet\sdk\10.0.100\Sdks\Microsoft.NET.Sdk\targets\Microsoft.NET.Sdk.FrameworkReferenceResolution.targets" 파일에 있는 "ProcessFrameworkReferences" 대상("CollectPackageReferences" 대상이 종속됨):
       "C:\Program Files\dotnet\sdk\10.0.100\Sdks\Microsoft.NET.Sdk\targets\..\tools\net10.0\Microsoft.NET.Build.Tasks.dll" 어셈블리에서 "CheckForDuplicateFrameworkReferences" 작업을 사용합니다.
       "CheckForDuplicateFrameworkReferences" 작업
       "CheckForDuplicateFrameworkReferences" 작업을 실행했습니다.
       "C:\Program Files\dotnet\sdk\10.0.100\Sdks\Microsoft.NET.Sdk\targets\..\tools\net10.0\Microsoft.NET.Build.Tasks.dll" 어셈블리에서 "ProcessFrameworkReferences" 작업을 사용합니다.
       "ProcessFrameworkReferences" 작업
         Found 2 known framework references for target framework .NETCoreApp
         Found 5 known runtime packs for target framework .NETCoreApp
         Selected Microsoft.NETCore.App with RIDs 'linux-arm;linux-arm64;linux-musl-arm64;linux-musl-x64;linux-x64;osx-x64;tizen.4.0.0-armel;tizen.5.0.0-armel;win-arm64;win-x64;win-x86;linux-musl-arm;osx-arm64;linux-s390x;linux-loongarch64;linux-bionic-arm;linux-bionic-arm64;linux-bionic-x64;linux-bionic-x86;linux-ppc64le;freebsd-x64;freebsd-arm64;linux-riscv64;linux-musl-riscv64;linux-musl-loongarch64;android-arm64;android-x64'
         Selected targeting pack 'Microsoft.NETCore.App@10.0.0'
         Added runtime framework 'Microsoft.NETCore.App@10.0.0'
         Selected Microsoft.WindowsDesktop.App with RIDs 'win-x64;win-x86;win-arm64'
         Selected targeting pack 'Microsoft.WindowsDesktop.App@10.0.0'
         Added runtime framework 'Microsoft.WindowsDesktop.App@10.0.0'
         Selected Microsoft.WindowsDesktop.App with RIDs 'win-x64;win-x86;win-arm64'
         Selected targeting pack 'Microsoft.WindowsDesktop.App.WPF@10.0.0'
         Added runtime framework 'Microsoft.WindowsDesktop.App@10.0.0'
         Selected Microsoft.WindowsDesktop.App with RIDs 'win-x64;win-x86;win-arm64'
         Selected targeting pack 'Microsoft.WindowsDesktop.App.WindowsForms@10.0.0'
         Added runtime framework 'Microsoft.WindowsDesktop.App@10.0.0'
         Selected Microsoft.AspNetCore.App with RIDs 'win-x64;win-x86;osx-x64;linux-musl-x64;linux-musl-arm64;linux-x64;linux-arm;linux-arm64;linux-musl-arm;win-arm64;osx-arm64;linux-s390x;linux-loongarch64;linux-ppc64le;freebsd-x64;freebsd-arm64;linux-riscv64;linux-musl-riscv64;linux-loongarch64;linux-musl-loongarch64'
         Selected targeting pack 'Microsoft.AspNetCore.App@10.0.0'
         Added runtime framework 'Microsoft.AspNetCore.App@10.0.0'
       "ProcessFrameworkReferences" 작업을 실행했습니다.
       "C:\Program Files\dotnet\sdk\10.0.100\Sdks\Microsoft.NET.Sdk\targets\..\tools\net10.0\Microsoft.NET.Build.Tasks.dll" 어셈블리에서 "ResolveAppHosts" 작업을 사용합니다.
       "ResolveAppHosts" 작업
       "ResolveAppHosts" 작업을 실행했습니다.
   2:4>"RailmlEditor.csproj" 프로젝트에 "ProcessFrameworkReferences" 대상을 빌드했습니다.
   2:4>"c:\WORK\SRC\Railml_editor\RailmlEditor\RailmlEditor.csproj" 프로젝트의 "C:\Program Files\dotnet\sdk\10.0.100\Sdks\Microsoft.NET.Sdk\targets\Microsoft.NET.ObsoleteReferences.targets" 파일에 있는 "_CheckForObsoleteDotNetCliToolReferences" 대상("CollectPackageReferences" 대상이 종속됨):
   2:4>"RailmlEditor.csproj" 프로젝트에 "_CheckForObsoleteDotNetCliToolReferences" 대상을 빌드했습니다.
   2:4>"c:\WORK\SRC\Railml_editor\RailmlEditor\RailmlEditor.csproj" 프로젝트의 "C:\Program Files\dotnet\sdk\10.0.100\NuGet.targets" 파일에 있는 "CollectPackageReferences" 대상("_GetRestoreProjectStyle" 대상이 종속됨):
       "C:\Program Files\dotnet\sdk\10.0.100\NuGet.Build.Tasks.dll" 어셈블리에서 "CheckForDuplicateNuGetItemsTask" 작업을 사용합니다.
       "CheckForDuplicateNuGetItemsTask" 작업
       "CheckForDuplicateNuGetItemsTask" 작업을 실행했습니다.
   2:4>"RailmlEditor.csproj" 프로젝트에 "CollectPackageReferences" 대상을 빌드했습니다.
   2:4>"c:\WORK\SRC\Railml_editor\RailmlEditor\RailmlEditor.csproj" 프로젝트의 "C:\Program Files\dotnet\sdk\10.0.100\NuGet.targets" 파일에 있는 "_GetRestoreProjectStyle" 대상("_GenerateRestoreSpecs" 대상이 종속됨):
       "C:\Program Files\dotnet\sdk\10.0.100\NuGet.Build.Tasks.dll" 어셈블리에서 "GetRestoreProjectStyleTask" 작업을 사용합니다.
       "GetRestoreProjectStyleTask" 작업
       "GetRestoreProjectStyleTask" 작업을 실행했습니다.
   2:4>"RailmlEditor.csproj" 프로젝트에 "_GetRestoreProjectStyle" 대상을 빌드했습니다.
   2:4>"c:\WORK\SRC\Railml_editor\RailmlEditor\RailmlEditor.csproj" 프로젝트의 "C:\Program Files\dotnet\sdk\10.0.100\NuGet.targets" 파일에 있는 "_GenerateRestoreSpecs" 대상("_GenerateRestoreGraphProjectEntry" 대상이 종속됨):
       "Microsoft.Build.Tasks.Core, Version=15.1.0.0, Culture=neutral, PublicKeyToken=b03f5f7f11d50a3a" 어셈블리에서 "Message" 작업을 사용합니다.
       "Message" 작업
         Restore entry point c:\WORK\SRC\Railml_editor\RailmlEditor\RailmlEditor.csproj
       "Message" 작업을 실행했습니다.
   2:4>"RailmlEditor.csproj" 프로젝트에 "_GenerateRestoreSpecs" 대상을 빌드했습니다.
   2:4>"c:\WORK\SRC\Railml_editor\RailmlEditor\RailmlEditor.csproj" 프로젝트의 "C:\Program Files\dotnet\sdk\10.0.100\NuGet.targets" 파일에 있는 "_GetRestoreSettingsOverrides" 대상("_GetRestoreSettings" 대상이 종속됨):
   2:4>"RailmlEditor.csproj" 프로젝트에 "_GetRestoreSettingsOverrides" 대상을 빌드했습니다.
   2:4>"c:\WORK\SRC\Railml_editor\RailmlEditor\RailmlEditor.csproj" 프로젝트의 "C:\Program Files\dotnet\sdk\10.0.100\NuGet.targets" 파일에 있는 "_GetRestoreSettingsPerFramework" 대상("_GetRestoreSettingsCurrentProject" 대상이 종속됨):
   2:4>"RailmlEditor.csproj" 프로젝트에 "_GetRestoreSettingsPerFramework" 대상을 빌드했습니다.
   2:4>"c:\WORK\SRC\Railml_editor\RailmlEditor\RailmlEditor.csproj" 프로젝트의 "C:\Program Files\dotnet\sdk\10.0.100\NuGet.targets" 파일에 있는 "_GetRestoreSettingsCurrentProject" 대상("_GetRestoreSettings" 대상이 종속됨):
   2:4>"RailmlEditor.csproj" 프로젝트에 "_GetRestoreSettingsCurrentProject" 대상을 빌드했습니다.
   2:4>"c:\WORK\SRC\Railml_editor\RailmlEditor\RailmlEditor.csproj" 프로젝트의 "C:\Program Files\dotnet\sdk\10.0.100\NuGet.targets" 파일에 있는 "_GetRestoreSettings" 대상("_GenerateDotnetCliToolReferenceSpecs" 대상이 종속됨):
       "C:\Program Files\dotnet\sdk\10.0.100\NuGet.Build.Tasks.dll" 어셈블리에서 "GetRestoreSettingsTask" 작업을 사용합니다.
       "GetRestoreSettingsTask" 작업
         TaskRun (NuGet.Build.Tasks.GetRestoreSettingsTask) 동안 로드된 어셈블리: NuGet.Configuration, Version=7.0.0.0, Culture=neutral, PublicKeyToken=31bf3856ad364e35(위치: C:\Program Files\dotnet\sdk\10.0.100\NuGet.Configuration.dll, MVID: bb10013e-187b-462a-933a-e9beabfb7bea, AssemblyLoadContext: MSBuild plugin C:\Program Files\dotnet\sdk\10.0.100\NuGet.Build.Tasks.dll)
       "GetRestoreSettingsTask" 작업을 실행했습니다.
   2:4>"RailmlEditor.csproj" 프로젝트에 "_GetRestoreSettings" 대상을 빌드했습니다.
   2:4>"c:\WORK\SRC\Railml_editor\RailmlEditor\RailmlEditor.csproj" 프로젝트의 "C:\Program Files\dotnet\sdk\10.0.100\NuGet.targets" 파일에 있는 "_GenerateDotnetCliToolReferenceSpecs" 대상("_GenerateRestoreGraphProjectEntry" 대상이 종속됨):
       "C:\Program Files\dotnet\sdk\10.0.100\NuGet.Build.Tasks.dll" 어셈블리에서 "GetRestoreDotnetCliToolsTask" 작업을 사용합니다.
       "GetRestoreDotnetCliToolsTask" 작업
       "GetRestoreDotnetCliToolsTask" 작업을 실행했습니다.
   2:4>"RailmlEditor.csproj" 프로젝트에 "_GenerateDotnetCliToolReferenceSpecs" 대상을 빌드했습니다.
   2:4>"c:\WORK\SRC\Railml_editor\RailmlEditor\RailmlEditor.csproj" 프로젝트의 "C:\Program Files\dotnet\sdk\10.0.100\NuGet.targets" 파일에 있는 "_GenerateRestoreGraphProjectEntry" 대상(진입점):
   2:4>"RailmlEditor.csproj" 프로젝트에 "_GenerateRestoreGraphProjectEntry" 대상을 빌드했습니다.
   2:4>"c:\WORK\SRC\Railml_editor\RailmlEditor\RailmlEditor.csproj" 프로젝트를 빌드했습니다(_GenerateRestoreGraphProjectEntry 대상).
     1>"MSBuild" 작업을 실행했습니다.
       "MSBuild" 작업
         전역 속성:
           ExcludeRestorePackageImports=true
           _RestoreSolutionFileUsed=true
           SolutionDir=c:\WORK\SRC\Railml_editor\
           SolutionName=RailmlEditor
           SolutionFileName=RailmlEditor.sln
           SolutionPath=c:\WORK\SRC\Railml_editor\RailmlEditor.sln
           SolutionExt=.sln
         "c:\WORK\SRC\Railml_editor\RailmlEditor\RailmlEditor.csproj" 프로젝트의 추가 속성:
           Configuration=Debug
           Platform=AnyCPU
     1>"c:\WORK\SRC\Railml_editor\RailmlEditor.sln"(1) 프로젝트가 1 노드에서 "c:\WORK\SRC\Railml_editor\RailmlEditor\RailmlEditor.csproj"(2:5)을(를) 빌드하고 있습니다(_GenerateProjectRestoreGraph 대상).
   2:5>"_GetRestoreProjectStyle" 대상을 건너뜁니다. 이전에 빌드되었습니다.
       "_GetRestoreProjectStyle" 대상을 건너뜁니다. 이전에 빌드되었습니다.
       "_GetRestoreProjectStyle" 대상을 건너뜁니다. 이전에 빌드되었습니다.
   2:5>"c:\WORK\SRC\Railml_editor\RailmlEditor\RailmlEditor.csproj" 프로젝트의 "C:\Program Files\dotnet\sdk\10.0.100\NuGet.targets" 파일에 있는 "_GetRestoreTargetFrameworkOverride" 대상("_GetRestoreTargetFrameworksOutput" 대상이 종속됨):
   2:5>"RailmlEditor.csproj" 프로젝트에 "_GetRestoreTargetFrameworkOverride" 대상을 빌드했습니다.
   2:5>"c:\WORK\SRC\Railml_editor\RailmlEditor\RailmlEditor.csproj" 프로젝트의 "C:\Program Files\dotnet\sdk\10.0.100\NuGet.targets" 파일에 있는 "_GetRestoreTargetFrameworksOutput" 대상("_GenerateRestoreProjectSpec" 대상이 종속됨):
       "C:\Program Files\dotnet\sdk\10.0.100\NuGet.Build.Tasks.dll" 어셈블리에서 "GetProjectTargetFrameworksTask" 작업을 사용합니다.
       "GetProjectTargetFrameworksTask" 작업
       "GetProjectTargetFrameworksTask" 작업을 실행했습니다.
   2:5>"RailmlEditor.csproj" 프로젝트에 "_GetRestoreTargetFrameworksOutput" 대상을 빌드했습니다.
       "_GetRestoreSettings" 대상을 건너뜁니다. 이전에 빌드되었습니다.
   2:5>"c:\WORK\SRC\Railml_editor\RailmlEditor\RailmlEditor.csproj" 프로젝트의 "C:\Program Files\dotnet\sdk\10.0.100\NuGet.targets" 파일에 있는 "_GenerateRestoreProjectSpec" 대상("_GenerateProjectRestoreGraph" 대상이 종속됨):
       "ConvertToAbsolutePath" 작업
       "ConvertToAbsolutePath" 작업을 실행했습니다.
   2:5>"RailmlEditor.csproj" 프로젝트에 "_GenerateRestoreProjectSpec" 대상을 빌드했습니다.
       "_GetRestoreProjectStyle" 대상을 건너뜁니다. 이전에 빌드되었습니다.
       "CollectPackageReferences" 대상을 건너뜁니다. 이전에 빌드되었습니다.
   2:5>"c:\WORK\SRC\Railml_editor\RailmlEditor\RailmlEditor.csproj" 프로젝트의 "C:\Program Files\dotnet\sdk\10.0.100\NuGet.targets" 파일에 있는 "CollectPackageDownloads" 대상("_CollectRestoreInputs" 대상이 종속됨):
       "CheckForDuplicateNuGetItemsTask" 작업
       "CheckForDuplicateNuGetItemsTask" 작업을 실행했습니다.
   2:5>"RailmlEditor.csproj" 프로젝트에 "CollectPackageDownloads" 대상을 빌드했습니다.
   2:5>"c:\WORK\SRC\Railml_editor\RailmlEditor\RailmlEditor.csproj" 프로젝트의 "C:\Program Files\dotnet\sdk\10.0.100\NuGet.targets" 파일에 있는 "CollectFrameworkReferences" 대상("_CollectRestoreInputs" 대상이 종속됨):
   2:5>"RailmlEditor.csproj" 프로젝트에 "CollectFrameworkReferences" 대상을 빌드했습니다.
   2:5>"c:\WORK\SRC\Railml_editor\RailmlEditor\RailmlEditor.csproj" 프로젝트의 "C:\Program Files\dotnet\sdk\10.0.100\NuGet.targets" 파일에 있는 "CollectCentralPackageVersions" 대상("_CollectRestoreInputs" 대상이 종속됨):
       "CheckForDuplicateNuGetItemsTask" 작업
       "CheckForDuplicateNuGetItemsTask" 작업을 실행했습니다.
   2:5>"RailmlEditor.csproj" 프로젝트에 "CollectCentralPackageVersions" 대상을 빌드했습니다.
   2:5>"c:\WORK\SRC\Railml_editor\RailmlEditor\RailmlEditor.csproj" 프로젝트의 "C:\Program Files\dotnet\sdk\10.0.100\NuGet.targets" 파일에 있는 "CollectNuGetAuditSuppressions" 대상("_CollectRestoreInputs" 대상이 종속됨):
       "CheckForDuplicateNuGetItemsTask" 작업
       "CheckForDuplicateNuGetItemsTask" 작업을 실행했습니다.
   2:5>"RailmlEditor.csproj" 프로젝트에 "CollectNuGetAuditSuppressions" 대상을 빌드했습니다.
       "ProcessFrameworkReferences" 대상을 건너뜁니다. 이전에 빌드되었습니다.
   2:5>"c:\WORK\SRC\Railml_editor\RailmlEditor\RailmlEditor.csproj" 프로젝트의 "C:\Program Files\dotnet\sdk\10.0.100\Sdks\Microsoft.NET.Sdk\targets\Microsoft.NET.Sdk.FrameworkReferenceResolution.targets" 파일에 있는 "AddPrunePackageReferences" 대상("CollectPrunePackageReferences" 대상이 종속됨):
       "C:\Program Files\dotnet\sdk\10.0.100\Sdks\Microsoft.NET.Sdk\targets\..\tools\net10.0\Microsoft.NET.Build.Tasks.dll" 어셈블리에서 "GetPackagesToPrune" 작업을 사용합니다.
       "GetPackagesToPrune" 작업
         Loading packages to prune for .NETCoreApp 10.0 Microsoft.NETCore.App
         Loading prune package data from PrunePackageData folder
         Failed to load prune package data from PrunePackageData folder, loading from targeting packs instead
         Looking for targeting packs in C:\Program Files\dotnet\packs\Microsoft.NETCore.App.Ref
         Pack directories found: C:\Program Files\dotnet\packs\Microsoft.NETCore.App.Ref\10.0.0
         Found package overrides file C:\Program Files\dotnet\packs\Microsoft.NETCore.App.Ref\10.0.0\data\PackageOverrides.txt
         Loading packages to prune for .NETCoreApp 10.0 Microsoft.WindowsDesktop.App
         Loading prune package data from PrunePackageData folder
         Failed to load prune package data from PrunePackageData folder, loading from targeting packs instead
         Looking for targeting packs in C:\Program Files\dotnet\packs\Microsoft.WindowsDesktop.App.Ref
         Pack directories found: C:\Program Files\dotnet\packs\Microsoft.WindowsDesktop.App.Ref\10.0.0
         Found package overrides file C:\Program Files\dotnet\packs\Microsoft.WindowsDesktop.App.Ref\10.0.0\data\PackageOverrides.txt
       "GetPackagesToPrune" 작업을 실행했습니다.
   2:5>"RailmlEditor.csproj" 프로젝트에 "AddPrunePackageReferences" 대상을 빌드했습니다.
   2:5>"c:\WORK\SRC\Railml_editor\RailmlEditor\RailmlEditor.csproj" 프로젝트의 "C:\Program Files\dotnet\sdk\10.0.100\NuGet.targets" 파일에 있는 "CollectPrunePackageReferences" 대상("_CollectRestoreInputs" 대상이 종속됨):
       "CheckForDuplicateNuGetItemsTask" 작업
       "CheckForDuplicateNuGetItemsTask" 작업을 실행했습니다.
   2:5>"RailmlEditor.csproj" 프로젝트에 "CollectPrunePackageReferences" 대상을 빌드했습니다.
   2:5>"c:\WORK\SRC\Railml_editor\RailmlEditor\RailmlEditor.csproj" 프로젝트의 "C:\Program Files\dotnet\sdk\10.0.100\NuGet.targets" 파일에 있는 "_CollectRestoreInputs" 대상("_GenerateProjectRestoreGraphPerFramework" 대상이 종속됨):
   2:5>"RailmlEditor.csproj" 프로젝트에 "_CollectRestoreInputs" 대상을 빌드했습니다.
   2:5>"c:\WORK\SRC\Railml_editor\RailmlEditor\RailmlEditor.csproj" 프로젝트의 "C:\Program Files\dotnet\sdk\10.0.100\NuGet.targets" 파일에 있는 "_GenerateProjectRestoreGraphPerFramework" 대상("_GenerateProjectRestoreGraphCurrentProject" 대상이 종속됨):
       "C:\Program Files\dotnet\sdk\10.0.100\NuGet.Build.Tasks.dll" 어셈블리에서 "GetRestoreProjectReferencesTask" 작업을 사용합니다.
       "GetRestoreProjectReferencesTask" 작업
       "GetRestoreProjectReferencesTask" 작업을 실행했습니다.
       "C:\Program Files\dotnet\sdk\10.0.100\NuGet.Build.Tasks.dll" 어셈블리에서 "GetRestorePackageReferencesTask" 작업을 사용합니다.
       "GetRestorePackageReferencesTask" 작업
       "GetRestorePackageReferencesTask" 작업을 실행했습니다.
       "C:\Program Files\dotnet\sdk\10.0.100\NuGet.Build.Tasks.dll" 어셈블리에서 "GetRestorePackageDownloadsTask" 작업을 사용합니다.
       "GetRestorePackageDownloadsTask" 작업
       "GetRestorePackageDownloadsTask" 작업을 실행했습니다.
       "C:\Program Files\dotnet\sdk\10.0.100\NuGet.Build.Tasks.dll" 어셈블리에서 "GetRestoreFrameworkReferencesTask" 작업을 사용합니다.
       "GetRestoreFrameworkReferencesTask" 작업
       "GetRestoreFrameworkReferencesTask" 작업을 실행했습니다.
       "C:\Program Files\dotnet\sdk\10.0.100\NuGet.Build.Tasks.dll" 어셈블리에서 "GetRestoreNuGetAuditSuppressionsTask" 작업을 사용합니다.
       "GetRestoreNuGetAuditSuppressionsTask" 작업
       "GetRestoreNuGetAuditSuppressionsTask" 작업을 실행했습니다.
       "C:\Program Files\dotnet\sdk\10.0.100\NuGet.Build.Tasks.dll" 어셈블리에서 "GetRestorePrunePackageReferencesTask" 작업을 사용합니다.
       "GetRestorePrunePackageReferencesTask" 작업
       "GetRestorePrunePackageReferencesTask" 작업을 실행했습니다.
   2:5>"RailmlEditor.csproj" 프로젝트에 "_GenerateProjectRestoreGraphPerFramework" 대상을 빌드했습니다.
   2:5>"c:\WORK\SRC\Railml_editor\RailmlEditor\RailmlEditor.csproj" 프로젝트의 "C:\Program Files\dotnet\sdk\10.0.100\NuGet.targets" 파일에 있는 "_GenerateProjectRestoreGraphCurrentProject" 대상("_GenerateRestoreDependencies" 대상이 종속됨):
   2:5>"RailmlEditor.csproj" 프로젝트에 "_GenerateProjectRestoreGraphCurrentProject" 대상을 빌드했습니다.
   2:5>"c:\WORK\SRC\Railml_editor\RailmlEditor\RailmlEditor.csproj" 프로젝트의 "C:\Program Files\dotnet\sdk\10.0.100\NuGet.targets" 파일에 있는 "_GenerateRestoreDependencies" 대상("_GenerateProjectRestoreGraph" 대상이 종속됨):
   2:5>"RailmlEditor.csproj" 프로젝트에 "_GenerateRestoreDependencies" 대상을 빌드했습니다.
   2:5>"c:\WORK\SRC\Railml_editor\RailmlEditor\RailmlEditor.csproj" 프로젝트의 "C:\Program Files\dotnet\sdk\10.0.100\NuGet.targets" 파일에 있는 "_GenerateProjectRestoreGraph" 대상(진입점):
   2:5>"RailmlEditor.csproj" 프로젝트에 "_GenerateProjectRestoreGraph" 대상을 빌드했습니다.
   2:5>"c:\WORK\SRC\Railml_editor\RailmlEditor\RailmlEditor.csproj" 프로젝트를 빌드했습니다(_GenerateProjectRestoreGraph 대상).
     1>"MSBuild" 작업을 실행했습니다.
     1>"RailmlEditor.sln" 프로젝트에 "_GenerateRestoreGraph" 대상을 빌드했습니다.
     1>"c:\WORK\SRC\Railml_editor\RailmlEditor.sln" 프로젝트의 "C:\Program Files\dotnet\sdk\10.0.100\NuGet.targets" 파일에 있는 "Restore" 대상(진입점):
       "RemoveDuplicates" 작업
       "RemoveDuplicates" 작업을 실행했습니다.
       "C:\Program Files\dotnet\sdk\10.0.100\NuGet.Build.Tasks.dll" 어셈블리에서 "RestoreTask" 작업을 사용합니다.
       "RestoreTask" 작업
         TaskRun (NuGet.Build.Tasks.RestoreTask) 동안 로드된 어셈블리: NuGet.Packaging, Version=7.0.0.0, Culture=neutral, PublicKeyToken=31bf3856ad364e35(위치: C:\Program Files\dotnet\sdk\10.0.100\NuGet.Packaging.dll, MVID: 213537d6-d9dc-498e-b0c9-d2ec19128b73, AssemblyLoadContext: MSBuild plugin C:\Program Files\dotnet\sdk\10.0.100\NuGet.Build.Tasks.dll)
         TaskRun (NuGet.Build.Tasks.RestoreTask) 동안 로드된 어셈블리: NuGet.LibraryModel, Version=7.0.0.0, Culture=neutral, PublicKeyToken=31bf3856ad364e35(위치: C:\Program Files\dotnet\sdk\10.0.100\NuGet.LibraryModel.dll, MVID: 32cfc5d8-2340-4201-ac21-280f1a055205, AssemblyLoadContext: MSBuild plugin C:\Program Files\dotnet\sdk\10.0.100\NuGet.Build.Tasks.dll)
         TaskRun (NuGet.Build.Tasks.RestoreTask) 동안 로드된 어셈블리: NuGet.Versioning, Version=7.0.0.0, Culture=neutral, PublicKeyToken=31bf3856ad364e35(위치: C:\Program Files\dotnet\sdk\10.0.100\NuGet.Versioning.dll, MVID: 0b79b7cd-ffbc-46b7-8cd2-ea36ee314822, AssemblyLoadContext: MSBuild plugin C:\Program Files\dotnet\sdk\10.0.100\NuGet.Build.Tasks.dll)
         TaskRun (NuGet.Build.Tasks.RestoreTask) 동안 로드된 어셈블리: NuGet.Frameworks, Version=7.0.0.0, Culture=neutral, PublicKeyToken=31bf3856ad364e35(위치: C:\Program Files\dotnet\sdk\10.0.100\NuGet.Frameworks.dll, MVID: 850f02e4-7dfe-443c-87d1-982613f2ce8f, AssemblyLoadContext: MSBuild plugin C:\Program Files\dotnet\sdk\10.0.100\NuGet.Build.Tasks.dll)
         TaskRun (NuGet.Build.Tasks.RestoreTask) 동안 로드된 어셈블리: NuGet.Protocol, Version=7.0.0.0, Culture=neutral, PublicKeyToken=31bf3856ad364e35(위치: C:\Program Files\dotnet\sdk\10.0.100\NuGet.Protocol.dll, MVID: a915e891-4e64-4171-a698-7803468fc56b, AssemblyLoadContext: MSBuild plugin C:\Program Files\dotnet\sdk\10.0.100\NuGet.Build.Tasks.dll)
         TaskRun (NuGet.Build.Tasks.RestoreTask) 동안 로드된 어셈블리: NuGet.Credentials, Version=7.0.0.0, Culture=neutral, PublicKeyToken=31bf3856ad364e35(위치: C:\Program Files\dotnet\sdk\10.0.100\NuGet.Credentials.dll, MVID: 2f2eee8c-110e-4173-8e92-21e0d350b2d5, AssemblyLoadContext: MSBuild plugin C:\Program Files\dotnet\sdk\10.0.100\NuGet.Build.Tasks.dll)
         TaskRun (NuGet.Build.Tasks.RestoreTask) 동안 로드된 어셈블리: NuGet.Packaging.resources, Version=7.0.0.0, Culture=ko, PublicKeyToken=31bf3856ad364e35(위치: C:\Program Files\dotnet\sdk\10.0.100\ko\NuGet.Packaging.resources.dll, MVID: 34366ab4-8766-45f8-9229-aa0cbead290a, AssemblyLoadContext: MSBuild plugin C:\Program Files\dotnet\sdk\10.0.100\NuGet.Build.Tasks.dll)
         X.509 인증서 체인 유효성 검사는 코드 서명에 .NET에서 선택한 기본 신뢰 저장소를 사용합니다.
         X.509 인증서 체인 유효성 검사는 타임스탬프에 .NET에서 선택한 기본 신뢰 저장소를 사용합니다.
         TaskRun (NuGet.Build.Tasks.RestoreTask) 동안 로드된 어셈블리: NuGet.DependencyResolver.Core, Version=7.0.0.0, Culture=neutral, PublicKeyToken=31bf3856ad364e35(위치: C:\Program Files\dotnet\sdk\10.0.100\NuGet.DependencyResolver.Core.dll, MVID: 41537a91-3baf-4c2b-b917-0e542bea4f8f, AssemblyLoadContext: MSBuild plugin C:\Program Files\dotnet\sdk\10.0.100\NuGet.Build.Tasks.dll)
         TaskRun (NuGet.Build.Tasks.RestoreTask) 동안 로드된 어셈블리: NuGet.Commands.resources, Version=7.0.0.0, Culture=ko, PublicKeyToken=31bf3856ad364e35(위치: C:\Program Files\dotnet\sdk\10.0.100\ko\NuGet.Commands.resources.dll, MVID: 1c32b1b8-00e7-478e-9b45-8d2395c94677, AssemblyLoadContext: MSBuild plugin C:\Program Files\dotnet\sdk\10.0.100\NuGet.Build.Tasks.dll)
         24개 동시 작업에서 복원을 실행하는 중입니다.
         프로젝트 파일 c:\WORK\SRC\Railml_editor\RailmlEditor\RailmlEditor.csproj을(를) 읽는 중입니다.
         TaskRun (NuGet.Build.Tasks.RestoreTask) 동안 로드된 어셈블리: Newtonsoft.Json, Version=13.0.0.0, Culture=neutral, PublicKeyToken=30ad4fe6b2a6aeed(위치: C:\Program Files\dotnet\sdk\10.0.100\Newtonsoft.Json.dll, MVID: 7e62198b-eab2-4380-bbac-29171862d1d8, AssemblyLoadContext: MSBuild plugin C:\Program Files\dotnet\sdk\10.0.100\NuGet.Build.Tasks.dll)
         TaskRun (NuGet.Build.Tasks.RestoreTask) 동안 로드된 어셈블리: System.Runtime.Serialization.Primitives, Version=10.0.0.0, Culture=neutral, PublicKeyToken=b03f5f7f11d50a3a(위치: C:\Program Files\dotnet\shared\Microsoft.NETCore.App\10.0.0\System.Runtime.Serialization.Primitives.dll, MVID: 838a4272-75cb-4e94-aee1-4d1fe4c1cdd1, AssemblyLoadContext: Default)
         TaskRun (NuGet.Build.Tasks.RestoreTask) 동안 로드된 어셈블리: System.Runtime.Numerics, Version=10.0.0.0, Culture=neutral, PublicKeyToken=b03f5f7f11d50a3a(위치: C:\Program Files\dotnet\shared\Microsoft.NETCore.App\10.0.0\System.Runtime.Numerics.dll, MVID: f7819309-7cd8-4dc3-b08c-be78679d77da, AssemblyLoadContext: Default)
         TaskRun (NuGet.Build.Tasks.RestoreTask) 동안 로드된 어셈블리: System.Text.Encodings.Web, Version=10.0.0.0, Culture=neutral, PublicKeyToken=cc7b13ffcd2ddd51(위치: C:\Program Files\dotnet\shared\Microsoft.NETCore.App\10.0.0\System.Text.Encodings.Web.dll, MVID: acfd4df8-de5d-4286-b868-f28acd2b46fb, AssemblyLoadContext: Default)
         TaskRun (NuGet.Build.Tasks.RestoreTask) 동안 로드된 어셈블리: System.Reflection.Emit.Lightweight, Version=10.0.0.0, Culture=neutral, PublicKeyToken=b03f5f7f11d50a3a(위치: C:\Program Files\dotnet\shared\Microsoft.NETCore.App\10.0.0\System.Reflection.Emit.Lightweight.dll, MVID: 04a8830f-7779-4293-86e0-cc042d987005, AssemblyLoadContext: Default)
         TaskRun (NuGet.Build.Tasks.RestoreTask) 동안 로드된 어셈블리: System.Reflection.Primitives, Version=10.0.0.0, Culture=neutral, PublicKeyToken=b03f5f7f11d50a3a(위치: C:\Program Files\dotnet\shared\Microsoft.NETCore.App\10.0.0\System.Reflection.Primitives.dll, MVID: 01463719-aa35-42f3-848a-8a227ed9c141, AssemblyLoadContext: Default)
         TaskRun (NuGet.Build.Tasks.RestoreTask) 동안 로드된 어셈블리: System.Reflection.Emit.ILGeneration, Version=10.0.0.0, Culture=neutral, PublicKeyToken=b03f5f7f11d50a3a(위치: C:\Program Files\dotnet\shared\Microsoft.NETCore.App\10.0.0\System.Reflection.Emit.ILGeneration.dll, MVID: 3891ef81-5b90-4c53-91c2-969ac66c9d49, AssemblyLoadContext: Default)
         'RailmlEditor'에 대한 복원 입력이 변경되지 않았습니다. 복원을 완료하기 위해 필요한 추가 작업이 없습니다.
         복원을 커밋하는 중...
         자산 파일이 변경되지 않았습니다. 자산 파일 쓰기를 건너뜁니다. 경로: c:\WORK\SRC\Railml_editor\RailmlEditor\obj\project.assets.json
         No-Op 복원입니다. 캐시가 업데이트되지 않습니다. 경로: c:\WORK\SRC\Railml_editor\RailmlEditor\obj\project.nuget.cache
         TaskRun (NuGet.Build.Tasks.RestoreTask) 동안 로드된 어셈블리: NuGet.Common.resources, Version=7.0.0.0, Culture=ko, PublicKeyToken=31bf3856ad364e35(위치: C:\Program Files\dotnet\sdk\10.0.100\ko\NuGet.Common.resources.dll, MVID: f44b5b6c-07c1-45ba-83b2-0527dbe720a9, AssemblyLoadContext: MSBuild plugin C:\Program Files\dotnet\sdk\10.0.100\NuGet.Build.Tasks.dll)
         c:\WORK\SRC\Railml_editor\RailmlEditor\RailmlEditor.csproj을(를) 35밀리초 동안 복원했습니다.
         
         사용된 NuGet Config 파일:
             C:\Users\user\AppData\Roaming\NuGet\NuGet.Config
         
         사용된 피드:
             https://api.nuget.org/v3/index.json
         복원할 모든 프로젝트가 최신 상태입니다.
       "RestoreTask" 작업을 실행했습니다.
     1>"RailmlEditor.sln" 프로젝트에 "Restore" 대상을 빌드했습니다.
     1>"c:\WORK\SRC\Railml_editor\RailmlEditor.sln" 프로젝트를 빌드했습니다(Restore 대상).
     0>c:\WORK\SRC\Railml_editor\RailmlEditor.sln.metaproj : message : 환경에서 값이 'MSBuildExtensionsPath'인 속성 'C:\Program Files\dotnet\sdk\10.0.100\'이(가) 확장되었습니다.
       "NuGetInteractive" 속성은 전역 속성이므로 수정할 수 없습니다.
       C:\Program Files\dotnet\sdk\10.0.100\NuGet.targets(123,5): message : 속성 재할당: $(_GenerateRestoreGraphProjectEntryInputProperties)=C:\Program Files\dotnet\sdk\10.0.100\NuGet.targets (123,5)의 "
       C:\Program Files\dotnet\sdk\10.0.100\NuGet.targets(123,5): message :       ExcludeRestorePackageImports=true;
       C:\Program Files\dotnet\sdk\10.0.100\NuGet.targets(123,5): message :       _RestoreSolutionFileUsed=true;
       C:\Program Files\dotnet\sdk\10.0.100\NuGet.targets(123,5): message :       SolutionDir=c:\WORK\SRC\Railml_editor\;
       C:\Program Files\dotnet\sdk\10.0.100\NuGet.targets(123,5): message :       SolutionName=RailmlEditor;
       C:\Program Files\dotnet\sdk\10.0.100\NuGet.targets(123,5): message :       SolutionFileName=RailmlEditor.sln;
       C:\Program Files\dotnet\sdk\10.0.100\NuGet.targets(123,5): message :       SolutionPath=c:\WORK\SRC\Railml_editor\RailmlEditor.sln;
       C:\Program Files\dotnet\sdk\10.0.100\NuGet.targets(123,5): message :       SolutionExt=.sln;
       C:\Program Files\dotnet\sdk\10.0.100\NuGet.targets(123,5): message :     "(이전 값: "ExcludeRestorePackageImports=true")
       "C:\Program Files\dotnet\sdk\10.0.100\Current\SolutionFile\ImportAfter\Microsoft.NET.Sdk.Solution.targets(24,11)"의 BeforeTargets 특성에 나열된 "_MTPBuild" 대상이 프로젝트에 없으며 무시됩니다.
       "C:\Program Files\dotnet\sdk\10.0.100\Current\SolutionFile\ImportAfter\Microsoft.NET.Sdk.Solution.targets(33,11)"의 BeforeTargets 특성에 나열된 "Store" 대상이 프로젝트에 없으며 무시됩니다.
       "C:\Program Files\dotnet\sdk\10.0.100\Current\SolutionFile\ImportAfter\Microsoft.NET.Sdk.Solution.targets(33,11)"의 BeforeTargets 특성에 나열된 "VSTest" 대상이 프로젝트에 없으며 무시됩니다.
       "C:\Program Files\dotnet\sdk\10.0.100\Current\SolutionFile\ImportAfter\Microsoft.NET.Sdk.Solution.targets(33,11)"의 BeforeTargets 특성에 나열된 "_MTPBuild" 대상이 프로젝트에 없으며 무시됩니다.
       "C:\Program Files\dotnet\sdk\10.0.100\NuGet.targets(703,11)"의 BeforeTargets 특성에 나열된 "_CheckForInvalidConfigurationAndPlatform" 대상이 프로젝트에 없으며 무시됩니다.
   1:2>1 노드의 "c:\WORK\SRC\Railml_editor\RailmlEditor.sln" 프로젝트(기본 대상)입니다.
   1:2>"c:\WORK\SRC\Railml_editor\RailmlEditor.sln" 프로젝트의 "c:\WORK\SRC\Railml_editor\RailmlEditor.sln.metaproj" 파일에 있는 "ValidateSolutionConfiguration" 대상(진입점):
   1:2>"Microsoft.Build.Tasks.Core, Version=15.1.0.0, Culture=neutral, PublicKeyToken=b03f5f7f11d50a3a" 어셈블리에서 "Message" 작업을 사용합니다.
       "Message" 작업
         솔루션 구성 "Debug|Any CPU"을(를) 빌드하고 있습니다.
       "Message" 작업을 실행했습니다.
   1:2>"RailmlEditor.sln" 프로젝트에 "ValidateSolutionConfiguration" 대상을 빌드했습니다.
   1:2>"c:\WORK\SRC\Railml_editor\RailmlEditor.sln" 프로젝트의 "c:\WORK\SRC\Railml_editor\RailmlEditor.sln.metaproj" 파일에 있는 "ValidateToolsVersions" 대상(진입점):
   1:2>"RailmlEditor.sln" 프로젝트에 "ValidateToolsVersions" 대상을 빌드했습니다.
   1:2>"c:\WORK\SRC\Railml_editor\RailmlEditor.sln" 프로젝트의 "c:\WORK\SRC\Railml_editor\RailmlEditor.sln.metaproj" 파일에 있는 "ValidateProjects" 대상(진입점):
   1:2>"RailmlEditor.sln" 프로젝트에 "ValidateProjects" 대상을 빌드했습니다.
   1:2>"c:\WORK\SRC\Railml_editor\RailmlEditor.sln" 프로젝트의 "c:\WORK\SRC\Railml_editor\RailmlEditor.sln.metaproj" 파일에 있는 "Build" 대상(진입점):
       "Microsoft.Build.Tasks.Core, Version=15.1.0.0, Culture=neutral, PublicKeyToken=b03f5f7f11d50a3a" 어셈블리에서 "MSBuild" 작업을 사용합니다.
       "MSBuild" 작업
         전역 속성:
           BuildingSolutionFile=true
           CurrentSolutionConfigurationContents=<SolutionConfiguration>
           <ProjectConfiguration Project="{0299C39B-5619-4D23-A82D-3C378BC30157}" AbsolutePath="c:\WORK\SRC\Railml_editor\RailmlEditor\RailmlEditor.csproj" BuildProjectInSolution="True">Debug|AnyCPU</ProjectConfiguration>
         </SolutionConfiguration>
           SolutionDir=c:\WORK\SRC\Railml_editor\
           SolutionExt=.sln
           SolutionFileName=RailmlEditor.sln
           SolutionName=RailmlEditor
           SolutionPath=c:\WORK\SRC\Railml_editor\RailmlEditor.sln
         "c:\WORK\SRC\Railml_editor\RailmlEditor\RailmlEditor.csproj" 프로젝트의 추가 속성:
           Configuration=Debug
           Platform=AnyCPU
     0>SDK "Microsoft.NET.Sdk"이(가) "DefaultSdkResolver" 확인자에 의해 "C:\Program Files\dotnet\sdk\10.0.100\Sdks\Microsoft.NET.Sdk\Sdk" 위치 및 "" 버전으로 확인되었습니다.
       C:\Program Files\dotnet\sdk\10.0.100\Sdks\Microsoft.NET.Sdk\Sdk\Sdk.props(49,11): message : 환경에서 값이 'MSBuildExtensionsPath'인 속성 'C:\Program Files\dotnet\sdk\10.0.100\'이(가) 확장되었습니다.
       C:\Program Files\dotnet\sdk\10.0.100\Current\Microsoft.Common.props(60,5): message : 속성 재할당: $(MSBuildProjectExtensionsPath)=C:\Program Files\dotnet\sdk\10.0.100\Current\Microsoft.Common.props (60,5)의 "c:\WORK\SRC\Railml_editor\RailmlEditor\obj\"(이전 값: "obj\")
       c:\WORK\SRC\Railml_editor\RailmlEditor\obj\RailmlEditor.csproj.nuget.g.props(7,5): message : 환경에서 값이 'USERPROFILE'인 속성 'C:\Users\user'이(가) 확장되었습니다.
       C:\Program Files\dotnet\sdk\10.0.100\Current\Microsoft.Common.props(84,119): message : 환경에서 값이 'MSBuildUserExtensionsPath'인 속성 'C:\Users\user\AppData\Local\Microsoft\MSBuild'이(가) 확장되었습니다.
       "Configuration" 속성은 전역 속성이므로 수정할 수 없습니다.
       "Platform" 속성은 전역 속성이므로 수정할 수 없습니다.
       "Configuration" 속성은 전역 속성이므로 수정할 수 없습니다.
       "Platform" 속성은 전역 속성이므로 수정할 수 없습니다.
       C:\Program Files\dotnet\sdk\10.0.100\Sdks\Microsoft.NET.Sdk\targets\Microsoft.NET.Sdk.props(90,5): message : 속성 재할당: $(AssemblySearchPaths)=C:\Program Files\dotnet\sdk\10.0.100\Sdks\Microsoft.NET.Sdk\targets\Microsoft.NET.Sdk.props (90,5)의 "{CandidateAssemblyFiles};{HintPathFromItem}"(이전 값: "{CandidateAssemblyFiles}")
       C:\Program Files\dotnet\sdk\10.0.100\Sdks\Microsoft.NET.Sdk\targets\Microsoft.NET.Sdk.props(91,5): message : 속성 재할당: $(AssemblySearchPaths)=C:\Program Files\dotnet\sdk\10.0.100\Sdks\Microsoft.NET.Sdk\targets\Microsoft.NET.Sdk.props (91,5)의 "{CandidateAssemblyFiles};{HintPathFromItem};{TargetFrameworkDirectory}"(이전 값: "{CandidateAssemblyFiles};{HintPathFromItem}")
       C:\Program Files\dotnet\sdk\10.0.100\Sdks\Microsoft.NET.Sdk\targets\Microsoft.NET.Sdk.props(92,5): message : 속성 재할당: $(AssemblySearchPaths)=C:\Program Files\dotnet\sdk\10.0.100\Sdks\Microsoft.NET.Sdk\targets\Microsoft.NET.Sdk.props (92,5)의 "{CandidateAssemblyFiles};{HintPathFromItem};{TargetFrameworkDirectory};{RawFileName}"(이전 값: "{CandidateAssemblyFiles};{HintPathFromItem};{TargetFrameworkDirectory}")
       "DefaultSdkResolver" 확인자가 SDK "Microsoft.NET.SDK.WorkloadAutoImportPropsLocator"을(를) 확인하려고 했습니다.
       경고: null
       오류: MSB4276: 디렉터리 "Microsoft.NET.SDK.WorkloadAutoImportPropsLocator"이(가) 없으므로 기본 SDK 확인자가 SDK "C:\Program Files\dotnet\sdk\10.0.100\Sdks\Microsoft.NET.SDK.WorkloadAutoImportPropsLocator\Sdk"을(를) 확인하지 못했습니다.
       SDK "Microsoft.NET.SDK.WorkloadAutoImportPropsLocator"이(가) "Microsoft.DotNet.MSBuildWorkloadSdkResolver" 확인자에 의해 "null" 위치 및 "null" 버전으로 확인되었습니다.
       c:\WORK\SRC\Railml_editor\RailmlEditor\RailmlEditor.csproj(4,5): message : 속성 재할당: $(OutputType)=c:\WORK\SRC\Railml_editor\RailmlEditor\RailmlEditor.csproj (4,5)의 "WinExe"(이전 값: "Library")
       "Configuration" 속성은 전역 속성이므로 수정할 수 없습니다.
       "Platform" 속성은 전역 속성이므로 수정할 수 없습니다.
       C:\Program Files\dotnet\sdk\10.0.100\Sdks\Microsoft.NET.Sdk\targets\Microsoft.NET.Sdk.ImportPublishProfile.targets(28,5): message : 속성 재할당: $(PublishProfileImported)=C:\Program Files\dotnet\sdk\10.0.100\Sdks\Microsoft.NET.Sdk\targets\Microsoft.NET.Sdk.ImportPublishProfile.targets (28,5)의 "false"(이전 값: "true")
       C:\Program Files\dotnet\sdk\10.0.100\Sdks\Microsoft.NET.Sdk\targets\Microsoft.NET.TargetFrameworkInference.targets(80,5): message : 속성 재할당: $(TargetPlatformVersion)=C:\Program Files\dotnet\sdk\10.0.100\Sdks\Microsoft.NET.Sdk\targets\Microsoft.NET.TargetFrameworkInference.targets (80,5)의 "0.0"(이전 값: "0.0.0.0")
       C:\Program Files\dotnet\sdk\10.0.100\Sdks\Microsoft.NET.Sdk\targets\Microsoft.NET.TargetFrameworkInference.targets(81,5): message : 속성 재할당: $(TargetPlatformVersion)=C:\Program Files\dotnet\sdk\10.0.100\Sdks\Microsoft.NET.Sdk\targets\Microsoft.NET.TargetFrameworkInference.targets (81,5)의 ""(이전 값: "0.0")
       C:\Program Files\dotnet\sdk\10.0.100\Sdks\Microsoft.NET.Sdk\targets\Microsoft.NET.TargetFrameworkInference.targets(84,5): message : 속성 재할당: $(TargetPlatformIdentifier)=C:\Program Files\dotnet\sdk\10.0.100\Sdks\Microsoft.NET.Sdk\targets\Microsoft.NET.TargetFrameworkInference.targets (84,5)의 "Windows"(이전 값: "windows")
       C:\Program Files\dotnet\sdk\10.0.100\Sdks\Microsoft.NET.Sdk\targets\Microsoft.NET.DefaultOutputPaths.targets(127,5): message : 속성 재할당: $(DefaultItemExcludes)=C:\Program Files\dotnet\sdk\10.0.100\Sdks\Microsoft.NET.Sdk\targets\Microsoft.NET.DefaultOutputPaths.targets (127,5)의 ";bin\Debug\/**;obj\Debug\/**"(이전 값: ";bin\Debug\/**")
       C:\Program Files\dotnet\sdk\10.0.100\Sdks\Microsoft.NET.Sdk\targets\Microsoft.NET.DefaultOutputPaths.targets(142,5): message : 속성 재할당: $(OutputPath)=C:\Program Files\dotnet\sdk\10.0.100\Sdks\Microsoft.NET.Sdk\targets\Microsoft.NET.DefaultOutputPaths.targets (142,5)의 "bin\Debug\net10.0-windows\"(이전 값: "bin\Debug\")
       C:\Program Files\dotnet\sdk\10.0.100\Sdks\Microsoft.NET.Sdk\targets\Microsoft.NET.DefaultOutputPaths.targets(147,5): message : 속성 재할당: $(IntermediateOutputPath)=C:\Program Files\dotnet\sdk\10.0.100\Sdks\Microsoft.NET.Sdk\targets\Microsoft.NET.DefaultOutputPaths.targets (147,5)의 "obj\Debug\net10.0-windows\"(이전 값: "obj\Debug\")
       "DefaultSdkResolver" 확인자가 SDK "Microsoft.NET.SDK.WorkloadManifestTargetsLocator"을(를) 확인하려고 했습니다.
       경고: null
       오류: MSB4276: 디렉터리 "Microsoft.NET.SDK.WorkloadManifestTargetsLocator"이(가) 없으므로 기본 SDK 확인자가 SDK "C:\Program Files\dotnet\sdk\10.0.100\Sdks\Microsoft.NET.SDK.WorkloadManifestTargetsLocator\Sdk"을(를) 확인하지 못했습니다.
       SDK "Microsoft.NET.SDK.WorkloadManifestTargetsLocator"이(가) "Microsoft.DotNet.MSBuildWorkloadSdkResolver" 확인자에 의해 "C:\Program Files\dotnet\sdk-manifests\10.0.100-rc.2\microsoft.net.sdk.android\36.0.0-rc.2.332" 위치 및 "null" 버전으로 확인되었습니다.
       C:\Program Files\dotnet\sdk\10.0.100\Sdks\Microsoft.NET.Sdk\targets\Microsoft.NET.Sdk.BeforeCommon.targets(371,5): message : 속성 재할당: $(RoslynTargetsPath)=C:\Program Files\dotnet\sdk\10.0.100\Sdks\Microsoft.NET.Sdk\targets\Microsoft.NET.Sdk.BeforeCommon.targets (371,5)의 "C:\Program Files\dotnet\sdk\10.0.100\Sdks\Microsoft.NET.Sdk\targets\..\..\..\Roslyn"(이전 값: "C:\Program Files\dotnet\sdk\10.0.100\Roslyn")
       C:\Program Files\dotnet\sdk\10.0.100\Roslyn\Microsoft.Managed.Core.targets(6,5): message : 속성 재할당: $(_BuildTasksDirectory)=C:\Program Files\dotnet\sdk\10.0.100\Roslyn\Microsoft.Managed.Core.targets (6,5)의 "C:\Program Files\dotnet\sdk\10.0.100\Sdks\Microsoft.NET.Sdk\targets\..\..\..\Roslyn\"(이전 값: "C:\Program Files\dotnet\sdk\10.0.100\Roslyn\")
       C:\Program Files\dotnet\sdk\10.0.100\Roslyn\Microsoft.CSharp.Core.targets(200,5): message : 속성 재할당: $(CommandLineArgsForDesignTimeEvaluation)=C:\Program Files\dotnet\sdk\10.0.100\Roslyn\Microsoft.CSharp.Core.targets (200,5)의 "-langversion:14.0 -define:TRACE"(이전 값: "-langversion:14.0")
       "Platform" 속성은 전역 속성이므로 수정할 수 없습니다.
       "Configuration" 속성은 전역 속성이므로 수정할 수 없습니다.
       C:\Program Files\dotnet\sdk\10.0.100\Microsoft.Common.CurrentVersion.targets(175,5): message : 속성 재할당: $(_DebugSymbolsProduced)=C:\Program Files\dotnet\sdk\10.0.100\Microsoft.Common.CurrentVersion.targets (175,5)의 "true"(이전 값: "false")
       C:\Program Files\dotnet\sdk\10.0.100\Microsoft.Common.CurrentVersion.targets(185,5): message : 속성 재할당: $(_DocumentationFileProduced)=C:\Program Files\dotnet\sdk\10.0.100\Microsoft.Common.CurrentVersion.targets (185,5)의 "false"(이전 값: "true")
       "SolutionName" 속성은 전역 속성이므로 수정할 수 없습니다.
       "SolutionFileName" 속성은 전역 속성이므로 수정할 수 없습니다.
       "SolutionPath" 속성은 전역 속성이므로 수정할 수 없습니다.
       "SolutionDir" 속성은 전역 속성이므로 수정할 수 없습니다.
       "SolutionExt" 속성은 전역 속성이므로 수정할 수 없습니다.
       C:\Program Files\dotnet\sdk\10.0.100\Microsoft.Common.CurrentVersion.targets(392,5): message : 속성 재할당: $(MSBuildCopyMarkerName)=C:\Program Files\dotnet\sdk\10.0.100\Microsoft.Common.CurrentVersion.targets (392,5)의 "RailmlEd.D733903B"(이전 값: "RailmlEditor.csproj")
       C:\Program Files\dotnet\sdk\10.0.100\Microsoft.Common.CurrentVersion.targets(393,5): message : 속성 재할당: $(MSBuildCopyMarkerName)=C:\Program Files\dotnet\sdk\10.0.100\Microsoft.Common.CurrentVersion.targets (393,5)의 "RailmlEd.D733903B.Up2Date"(이전 값: "RailmlEd.D733903B")
       C:\Program Files\dotnet\sdk\10.0.100\Microsoft.Common.CurrentVersion.targets(541,5): message : 속성 재할당: $(ProcessorArchitecture)=C:\Program Files\dotnet\sdk\10.0.100\Microsoft.Common.CurrentVersion.targets (541,5)의 "msil"(이전 값: "")
       C:\Program Files\dotnet\sdk\10.0.100\Microsoft.Common.CurrentVersion.targets(580,5): message : 속성 재할당: $(DelaySign)=C:\Program Files\dotnet\sdk\10.0.100\Microsoft.Common.CurrentVersion.targets (580,5)의 ""(이전 값: "false")
       C:\Program Files\dotnet\sdk\10.0.100\Microsoft.Common.CurrentVersion.targets(2606,5): message : 환경에서 값이 'LOCALAPPDATA'인 속성 'C:\Users\user\AppData\Local'이(가) 확장되었습니다.
       C:\Program Files\dotnet\sdk\10.0.100\Microsoft.Common.CurrentVersion.targets(3934,5): message : 속성 재할당: $(_SGenGenerateSerializationAssembliesConfig)=C:\Program Files\dotnet\sdk\10.0.100\Microsoft.Common.CurrentVersion.targets (3934,5)의 "Auto"(이전 값: "")
       C:\Program Files\dotnet\sdk\10.0.100\Microsoft.Common.CurrentVersion.targets(3935,5): message : 속성 재할당: $(_SGenGenerateSerializationAssembliesConfig)=C:\Program Files\dotnet\sdk\10.0.100\Microsoft.Common.CurrentVersion.targets (3935,5)의 "Off"(이전 값: "Auto")
       C:\Program Files\dotnet\sdk\10.0.100\Microsoft.Common.CurrentVersion.targets(5146,5): message : 속성 재할당: $(_TargetsThatPrepareProjectReferences)=C:\Program Files\dotnet\sdk\10.0.100\Microsoft.Common.CurrentVersion.targets (5146,5)의 "
       C:\Program Files\dotnet\sdk\10.0.100\Microsoft.Common.CurrentVersion.targets(5146,5): message :       AssignProjectConfiguration;
       C:\Program Files\dotnet\sdk\10.0.100\Microsoft.Common.CurrentVersion.targets(5146,5): message :       _SplitProjectReferencesByFileExistence
       C:\Program Files\dotnet\sdk\10.0.100\Microsoft.Common.CurrentVersion.targets(5146,5): message :     "(이전 값: "_SplitProjectReferencesByFileExistence")
       C:\Program Files\dotnet\sdk\10.0.100\Microsoft.Common.CurrentVersion.targets(6959,5): message : 환경에서 값이 'MSBuildExtensionsPath32'인 속성 'C:\Program Files\dotnet\sdk\10.0.100'이(가) 확장되었습니다.
       "NuGetInteractive" 속성은 전역 속성이므로 수정할 수 없습니다.
       C:\Program Files\dotnet\sdk\10.0.100\Sdks\Microsoft.NET.Sdk\targets\Microsoft.PackageDependencyResolution.targets(29,5): message : 속성 재할당: $(ProjectAssetsCacheFile)=C:\Program Files\dotnet\sdk\10.0.100\Sdks\Microsoft.NET.Sdk\targets\Microsoft.PackageDependencyResolution.targets (29,5)의 "c:\WORK\SRC\Railml_editor\RailmlEditor\obj\Debug\net10.0-windows\RailmlEditor.assets.cache"(이전 값: "obj\Debug\net10.0-windows\RailmlEditor.assets.cache")
       C:\Program Files\dotnet\sdk\10.0.100\Sdks\Microsoft.NET.Sdk\targets\Microsoft.PackageDependencyResolution.targets(80,5): message : 속성 재할당: $(ResolveAssemblyReferencesDependsOn)=C:\Program Files\dotnet\sdk\10.0.100\Sdks\Microsoft.NET.Sdk\targets\Microsoft.PackageDependencyResolution.targets (80,5)의 "
       C:\Program Files\dotnet\sdk\10.0.100\Sdks\Microsoft.NET.Sdk\targets\Microsoft.PackageDependencyResolution.targets(80,5): message :       
       C:\Program Files\dotnet\sdk\10.0.100\Sdks\Microsoft.NET.Sdk\targets\Microsoft.PackageDependencyResolution.targets(80,5): message :       ResolveProjectReferences;
       C:\Program Files\dotnet\sdk\10.0.100\Sdks\Microsoft.NET.Sdk\targets\Microsoft.PackageDependencyResolution.targets(80,5): message :       FindInvalidProjectReferences;
       C:\Program Files\dotnet\sdk\10.0.100\Sdks\Microsoft.NET.Sdk\targets\Microsoft.PackageDependencyResolution.targets(80,5): message :       GetFrameworkPaths;
       C:\Program Files\dotnet\sdk\10.0.100\Sdks\Microsoft.NET.Sdk\targets\Microsoft.PackageDependencyResolution.targets(80,5): message :       GetReferenceAssemblyPaths;
       C:\Program Files\dotnet\sdk\10.0.100\Sdks\Microsoft.NET.Sdk\targets\Microsoft.PackageDependencyResolution.targets(80,5): message :       PrepareForBuild;
       C:\Program Files\dotnet\sdk\10.0.100\Sdks\Microsoft.NET.Sdk\targets\Microsoft.PackageDependencyResolution.targets(80,5): message :       ResolveSDKReferences;
       C:\Program Files\dotnet\sdk\10.0.100\Sdks\Microsoft.NET.Sdk\targets\Microsoft.PackageDependencyResolution.targets(80,5): message :       ExpandSDKReferences;
       C:\Program Files\dotnet\sdk\10.0.100\Sdks\Microsoft.NET.Sdk\targets\Microsoft.PackageDependencyResolution.targets(80,5): message :     ;
       C:\Program Files\dotnet\sdk\10.0.100\Sdks\Microsoft.NET.Sdk\targets\Microsoft.PackageDependencyResolution.targets(80,5): message :       ResolvePackageDependenciesForBuild;
       C:\Program Files\dotnet\sdk\10.0.100\Sdks\Microsoft.NET.Sdk\targets\Microsoft.PackageDependencyResolution.targets(80,5): message :       _HandlePackageFileConflicts;
       C:\Program Files\dotnet\sdk\10.0.100\Sdks\Microsoft.NET.Sdk\targets\Microsoft.PackageDependencyResolution.targets(80,5): message :     "(이전 값: "
       C:\Program Files\dotnet\sdk\10.0.100\Sdks\Microsoft.NET.Sdk\targets\Microsoft.PackageDependencyResolution.targets(80,5): message :       ResolveProjectReferences;
       C:\Program Files\dotnet\sdk\10.0.100\Sdks\Microsoft.NET.Sdk\targets\Microsoft.PackageDependencyResolution.targets(80,5): message :       FindInvalidProjectReferences;
       C:\Program Files\dotnet\sdk\10.0.100\Sdks\Microsoft.NET.Sdk\targets\Microsoft.PackageDependencyResolution.targets(80,5): message :       GetFrameworkPaths;
       C:\Program Files\dotnet\sdk\10.0.100\Sdks\Microsoft.NET.Sdk\targets\Microsoft.PackageDependencyResolution.targets(80,5): message :       GetReferenceAssemblyPaths;
       C:\Program Files\dotnet\sdk\10.0.100\Sdks\Microsoft.NET.Sdk\targets\Microsoft.PackageDependencyResolution.targets(80,5): message :       PrepareForBuild;
       C:\Program Files\dotnet\sdk\10.0.100\Sdks\Microsoft.NET.Sdk\targets\Microsoft.PackageDependencyResolution.targets(80,5): message :       ResolveSDKReferences;
       C:\Program Files\dotnet\sdk\10.0.100\Sdks\Microsoft.NET.Sdk\targets\Microsoft.PackageDependencyResolution.targets(80,5): message :       ExpandSDKReferences;
       C:\Program Files\dotnet\sdk\10.0.100\Sdks\Microsoft.NET.Sdk\targets\Microsoft.PackageDependencyResolution.targets(80,5): message :     ")
       C:\Program Files\dotnet\sdk\10.0.100\Sdks\Microsoft.NET.Sdk\targets\Microsoft.PackageDependencyResolution.targets(86,5): message : 속성 재할당: $(PrepareResourcesDependsOn)=C:\Program Files\dotnet\sdk\10.0.100\Sdks\Microsoft.NET.Sdk\targets\Microsoft.PackageDependencyResolution.targets (86,5)의 "
       C:\Program Files\dotnet\sdk\10.0.100\Sdks\Microsoft.NET.Sdk\targets\Microsoft.PackageDependencyResolution.targets(86,5): message :       ResolvePackageDependenciesForBuild;
       C:\Program Files\dotnet\sdk\10.0.100\Sdks\Microsoft.NET.Sdk\targets\Microsoft.PackageDependencyResolution.targets(86,5): message :       _HandlePackageFileConflicts;
       C:\Program Files\dotnet\sdk\10.0.100\Sdks\Microsoft.NET.Sdk\targets\Microsoft.PackageDependencyResolution.targets(86,5): message :       
       C:\Program Files\dotnet\sdk\10.0.100\Sdks\Microsoft.NET.Sdk\targets\Microsoft.PackageDependencyResolution.targets(86,5): message :       ;
       C:\Program Files\dotnet\sdk\10.0.100\Sdks\Microsoft.NET.Sdk\targets\Microsoft.PackageDependencyResolution.targets(86,5): message :       PrepareResourceNames;
       C:\Program Files\dotnet\sdk\10.0.100\Sdks\Microsoft.NET.Sdk\targets\Microsoft.PackageDependencyResolution.targets(86,5): message :       ResGen;
       C:\Program Files\dotnet\sdk\10.0.100\Sdks\Microsoft.NET.Sdk\targets\Microsoft.PackageDependencyResolution.targets(86,5): message :       CompileLicxFiles
       C:\Program Files\dotnet\sdk\10.0.100\Sdks\Microsoft.NET.Sdk\targets\Microsoft.PackageDependencyResolution.targets(86,5): message :     
       C:\Program Files\dotnet\sdk\10.0.100\Sdks\Microsoft.NET.Sdk\targets\Microsoft.PackageDependencyResolution.targets(86,5): message :     "(이전 값: "
       C:\Program Files\dotnet\sdk\10.0.100\Sdks\Microsoft.NET.Sdk\targets\Microsoft.PackageDependencyResolution.targets(86,5): message :       ;
       C:\Program Files\dotnet\sdk\10.0.100\Sdks\Microsoft.NET.Sdk\targets\Microsoft.PackageDependencyResolution.targets(86,5): message :       PrepareResourceNames;
       C:\Program Files\dotnet\sdk\10.0.100\Sdks\Microsoft.NET.Sdk\targets\Microsoft.PackageDependencyResolution.targets(86,5): message :       ResGen;
       C:\Program Files\dotnet\sdk\10.0.100\Sdks\Microsoft.NET.Sdk\targets\Microsoft.PackageDependencyResolution.targets(86,5): message :       CompileLicxFiles
       C:\Program Files\dotnet\sdk\10.0.100\Sdks\Microsoft.NET.Sdk\targets\Microsoft.PackageDependencyResolution.targets(86,5): message :     ")
       C:\Program Files\dotnet\sdk\10.0.100\Sdks\Microsoft.NET.Sdk\targets\Microsoft.NET.Sdk.DefaultItems.targets(35,5): message : 속성 재할당: $(DefaultItemExcludes)=C:\Program Files\dotnet\sdk\10.0.100\Sdks\Microsoft.NET.Sdk\targets\Microsoft.NET.Sdk.DefaultItems.targets (35,5)의 ";bin\Debug\/**;obj\Debug\/**;bin\/**"(이전 값: ";bin\Debug\/**;obj\Debug\/**")
       C:\Program Files\dotnet\sdk\10.0.100\Sdks\Microsoft.NET.Sdk\targets\Microsoft.NET.Sdk.DefaultItems.targets(37,5): message : 속성 재할당: $(DefaultItemExcludes)=C:\Program Files\dotnet\sdk\10.0.100\Sdks\Microsoft.NET.Sdk\targets\Microsoft.NET.Sdk.DefaultItems.targets (37,5)의 ";bin\Debug\/**;obj\Debug\/**;bin\/**;obj\/**"(이전 값: ";bin\Debug\/**;obj\Debug\/**;bin\/**")
       C:\Program Files\dotnet\sdk\10.0.100\Sdks\Microsoft.NET.Sdk\targets\Microsoft.NET.Sdk.DefaultItems.targets(40,5): message : 속성 재할당: $(DefaultItemExcludes)=C:\Program Files\dotnet\sdk\10.0.100\Sdks\Microsoft.NET.Sdk\targets\Microsoft.NET.Sdk.DefaultItems.targets (40,5)의 ";bin\Debug\/**;obj\Debug\/**;bin\/**;obj\/**;**/*.user"(이전 값: ";bin\Debug\/**;obj\Debug\/**;bin\/**;obj\/**")
       C:\Program Files\dotnet\sdk\10.0.100\Sdks\Microsoft.NET.Sdk\targets\Microsoft.NET.Sdk.DefaultItems.targets(41,5): message : 속성 재할당: $(DefaultItemExcludes)=C:\Program Files\dotnet\sdk\10.0.100\Sdks\Microsoft.NET.Sdk\targets\Microsoft.NET.Sdk.DefaultItems.targets (41,5)의 ";bin\Debug\/**;obj\Debug\/**;bin\/**;obj\/**;**/*.user;**/*.*proj"(이전 값: ";bin\Debug\/**;obj\Debug\/**;bin\/**;obj\/**;**/*.user")
       C:\Program Files\dotnet\sdk\10.0.100\Sdks\Microsoft.NET.Sdk\targets\Microsoft.NET.Sdk.DefaultItems.targets(42,5): message : 속성 재할당: $(DefaultItemExcludes)=C:\Program Files\dotnet\sdk\10.0.100\Sdks\Microsoft.NET.Sdk\targets\Microsoft.NET.Sdk.DefaultItems.targets (42,5)의 ";bin\Debug\/**;obj\Debug\/**;bin\/**;obj\/**;**/*.user;**/*.*proj;**/*.sln"(이전 값: ";bin\Debug\/**;obj\Debug\/**;bin\/**;obj\/**;**/*.user;**/*.*proj")
       C:\Program Files\dotnet\sdk\10.0.100\Sdks\Microsoft.NET.Sdk\targets\Microsoft.NET.Sdk.DefaultItems.targets(43,5): message : 속성 재할당: $(DefaultItemExcludes)=C:\Program Files\dotnet\sdk\10.0.100\Sdks\Microsoft.NET.Sdk\targets\Microsoft.NET.Sdk.DefaultItems.targets (43,5)의 ";bin\Debug\/**;obj\Debug\/**;bin\/**;obj\/**;**/*.user;**/*.*proj;**/*.sln;**/*.slnx"(이전 값: ";bin\Debug\/**;obj\Debug\/**;bin\/**;obj\/**;**/*.user;**/*.*proj;**/*.sln")
       C:\Program Files\dotnet\sdk\10.0.100\Sdks\Microsoft.NET.Sdk\targets\Microsoft.NET.Sdk.DefaultItems.targets(44,5): message : 속성 재할당: $(DefaultItemExcludes)=C:\Program Files\dotnet\sdk\10.0.100\Sdks\Microsoft.NET.Sdk\targets\Microsoft.NET.Sdk.DefaultItems.targets (44,5)의 ";bin\Debug\/**;obj\Debug\/**;bin\/**;obj\/**;**/*.user;**/*.*proj;**/*.sln;**/*.slnx;**/*.vssscc"(이전 값: ";bin\Debug\/**;obj\Debug\/**;bin\/**;obj\/**;**/*.user;**/*.*proj;**/*.sln;**/*.slnx")
       C:\Program Files\dotnet\sdk\10.0.100\Sdks\Microsoft.NET.Sdk\targets\Microsoft.NET.Sdk.DefaultItems.targets(45,5): message : 속성 재할당: $(DefaultItemExcludes)=C:\Program Files\dotnet\sdk\10.0.100\Sdks\Microsoft.NET.Sdk\targets\Microsoft.NET.Sdk.DefaultItems.targets (45,5)의 ";bin\Debug\/**;obj\Debug\/**;bin\/**;obj\/**;**/*.user;**/*.*proj;**/*.sln;**/*.slnx;**/*.vssscc;**/.DS_Store"(이전 값: ";bin\Debug\/**;obj\Debug\/**;bin\/**;obj\/**;**/*.user;**/*.*proj;**/*.sln;**/*.slnx;**/*.vssscc")
       C:\Program Files\dotnet\sdk\10.0.100\Sdks\Microsoft.NET.Sdk\targets\Microsoft.NET.Sdk.FrameworkReferenceResolution.targets(14,5): message : 속성 재할당: $(ResolveAssemblyReferencesDependsOn)=C:\Program Files\dotnet\sdk\10.0.100\Sdks\Microsoft.NET.Sdk\targets\Microsoft.NET.Sdk.FrameworkReferenceResolution.targets (14,5)의 "
       C:\Program Files\dotnet\sdk\10.0.100\Sdks\Microsoft.NET.Sdk\targets\Microsoft.NET.Sdk.FrameworkReferenceResolution.targets(14,5): message :       
       C:\Program Files\dotnet\sdk\10.0.100\Sdks\Microsoft.NET.Sdk\targets\Microsoft.NET.Sdk.FrameworkReferenceResolution.targets(14,5): message :       
       C:\Program Files\dotnet\sdk\10.0.100\Sdks\Microsoft.NET.Sdk\targets\Microsoft.NET.Sdk.FrameworkReferenceResolution.targets(14,5): message :       ResolveProjectReferences;
       C:\Program Files\dotnet\sdk\10.0.100\Sdks\Microsoft.NET.Sdk\targets\Microsoft.NET.Sdk.FrameworkReferenceResolution.targets(14,5): message :       FindInvalidProjectReferences;
       C:\Program Files\dotnet\sdk\10.0.100\Sdks\Microsoft.NET.Sdk\targets\Microsoft.NET.Sdk.FrameworkReferenceResolution.targets(14,5): message :       GetFrameworkPaths;
       C:\Program Files\dotnet\sdk\10.0.100\Sdks\Microsoft.NET.Sdk\targets\Microsoft.NET.Sdk.FrameworkReferenceResolution.targets(14,5): message :       GetReferenceAssemblyPaths;
       C:\Program Files\dotnet\sdk\10.0.100\Sdks\Microsoft.NET.Sdk\targets\Microsoft.NET.Sdk.FrameworkReferenceResolution.targets(14,5): message :       PrepareForBuild;
       C:\Program Files\dotnet\sdk\10.0.100\Sdks\Microsoft.NET.Sdk\targets\Microsoft.NET.Sdk.FrameworkReferenceResolution.targets(14,5): message :       ResolveSDKReferences;
       C:\Program Files\dotnet\sdk\10.0.100\Sdks\Microsoft.NET.Sdk\targets\Microsoft.NET.Sdk.FrameworkReferenceResolution.targets(14,5): message :       ExpandSDKReferences;
       C:\Program Files\dotnet\sdk\10.0.100\Sdks\Microsoft.NET.Sdk\targets\Microsoft.NET.Sdk.FrameworkReferenceResolution.targets(14,5): message :     ;
       C:\Program Files\dotnet\sdk\10.0.100\Sdks\Microsoft.NET.Sdk\targets\Microsoft.NET.Sdk.FrameworkReferenceResolution.targets(14,5): message :       ResolvePackageDependenciesForBuild;
       C:\Program Files\dotnet\sdk\10.0.100\Sdks\Microsoft.NET.Sdk\targets\Microsoft.NET.Sdk.FrameworkReferenceResolution.targets(14,5): message :       _HandlePackageFileConflicts;
       C:\Program Files\dotnet\sdk\10.0.100\Sdks\Microsoft.NET.Sdk\targets\Microsoft.NET.Sdk.FrameworkReferenceResolution.targets(14,5): message :     ;
       C:\Program Files\dotnet\sdk\10.0.100\Sdks\Microsoft.NET.Sdk\targets\Microsoft.NET.Sdk.FrameworkReferenceResolution.targets(14,5): message :       ResolveTargetingPackAssets;
       C:\Program Files\dotnet\sdk\10.0.100\Sdks\Microsoft.NET.Sdk\targets\Microsoft.NET.Sdk.FrameworkReferenceResolution.targets(14,5): message :     "(이전 값: "
       C:\Program Files\dotnet\sdk\10.0.100\Sdks\Microsoft.NET.Sdk\targets\Microsoft.NET.Sdk.FrameworkReferenceResolution.targets(14,5): message :       
       C:\Program Files\dotnet\sdk\10.0.100\Sdks\Microsoft.NET.Sdk\targets\Microsoft.NET.Sdk.FrameworkReferenceResolution.targets(14,5): message :       ResolveProjectReferences;
       C:\Program Files\dotnet\sdk\10.0.100\Sdks\Microsoft.NET.Sdk\targets\Microsoft.NET.Sdk.FrameworkReferenceResolution.targets(14,5): message :       FindInvalidProjectReferences;
       C:\Program Files\dotnet\sdk\10.0.100\Sdks\Microsoft.NET.Sdk\targets\Microsoft.NET.Sdk.FrameworkReferenceResolution.targets(14,5): message :       GetFrameworkPaths;
       C:\Program Files\dotnet\sdk\10.0.100\Sdks\Microsoft.NET.Sdk\targets\Microsoft.NET.Sdk.FrameworkReferenceResolution.targets(14,5): message :       GetReferenceAssemblyPaths;
       C:\Program Files\dotnet\sdk\10.0.100\Sdks\Microsoft.NET.Sdk\targets\Microsoft.NET.Sdk.FrameworkReferenceResolution.targets(14,5): message :       PrepareForBuild;
       C:\Program Files\dotnet\sdk\10.0.100\Sdks\Microsoft.NET.Sdk\targets\Microsoft.NET.Sdk.FrameworkReferenceResolution.targets(14,5): message :       ResolveSDKReferences;
       C:\Program Files\dotnet\sdk\10.0.100\Sdks\Microsoft.NET.Sdk\targets\Microsoft.NET.Sdk.FrameworkReferenceResolution.targets(14,5): message :       ExpandSDKReferences;
       C:\Program Files\dotnet\sdk\10.0.100\Sdks\Microsoft.NET.Sdk\targets\Microsoft.NET.Sdk.FrameworkReferenceResolution.targets(14,5): message :     ;
       C:\Program Files\dotnet\sdk\10.0.100\Sdks\Microsoft.NET.Sdk\targets\Microsoft.NET.Sdk.FrameworkReferenceResolution.targets(14,5): message :       ResolvePackageDependenciesForBuild;
       C:\Program Files\dotnet\sdk\10.0.100\Sdks\Microsoft.NET.Sdk\targets\Microsoft.NET.Sdk.FrameworkReferenceResolution.targets(14,5): message :       _HandlePackageFileConflicts;
       C:\Program Files\dotnet\sdk\10.0.100\Sdks\Microsoft.NET.Sdk\targets\Microsoft.NET.Sdk.FrameworkReferenceResolution.targets(14,5): message :     ")
       C:\Program Files\dotnet\sdk\10.0.100\Sdks\Microsoft.NET.Sdk\targets\Microsoft.NET.Sdk.targets(44,5): message : 속성 재할당: $(_GenerateRuntimeConfigurationPropertyInputsCache)=C:\Program Files\dotnet\sdk\10.0.100\Sdks\Microsoft.NET.Sdk\targets\Microsoft.NET.Sdk.targets (44,5)의 "c:\WORK\SRC\Railml_editor\RailmlEditor\obj\Debug\net10.0-windows\RailmlEditor.genruntimeconfig.cache"(이전 값: "obj\Debug\net10.0-windows\RailmlEditor.genruntimeconfig.cache")
       C:\Program Files\dotnet\sdk\10.0.100\Sdks\Microsoft.NET.Sdk\targets\Microsoft.NET.Sdk.targets(46,5): message : 속성 재할당: $(_GeneratePublishDependencyFilePropertyInputsCache)=C:\Program Files\dotnet\sdk\10.0.100\Sdks\Microsoft.NET.Sdk\targets\Microsoft.NET.Sdk.targets (46,5)의 "c:\WORK\SRC\Railml_editor\RailmlEditor\obj\Debug\net10.0-windows\RailmlEditor.genpublishdeps.cache"(이전 값: "obj\Debug\net10.0-windows\RailmlEditor.genpublishdeps.cache")
       C:\Program Files\dotnet\sdk\10.0.100\Sdks\Microsoft.NET.Sdk\targets\Microsoft.NET.Sdk.targets(48,5): message : 속성 재할당: $(_GenerateSingleFileBundlePropertyInputsCache)=C:\Program Files\dotnet\sdk\10.0.100\Sdks\Microsoft.NET.Sdk\targets\Microsoft.NET.Sdk.targets (48,5)의 "c:\WORK\SRC\Railml_editor\RailmlEditor\obj\Debug\net10.0-windows\RailmlEditor.genbundle.cache"(이전 값: "obj\Debug\net10.0-windows\RailmlEditor.genbundle.cache")
       C:\Program Files\dotnet\sdk\10.0.100\Sdks\Microsoft.NET.Sdk\targets\Microsoft.NET.Sdk.targets(81,5): message : 속성 재할당: $(GenerateRuntimeConfigDevFile)=C:\Program Files\dotnet\sdk\10.0.100\Sdks\Microsoft.NET.Sdk\targets\Microsoft.NET.Sdk.targets (81,5)의 "false"(이전 값: "true")
       C:\Program Files\dotnet\sdk\10.0.100\Sdks\Microsoft.NET.Sdk\targets\Microsoft.NET.Sdk.targets(98,5): message : 속성 재할당: $(_DefaultUserProfileRuntimeStorePath)=C:\Program Files\dotnet\sdk\10.0.100\Sdks\Microsoft.NET.Sdk\targets\Microsoft.NET.Sdk.targets (98,5)의 "C:\Users\user"(이전 값: "")
       C:\Program Files\dotnet\sdk\10.0.100\Sdks\Microsoft.NET.Sdk\targets\Microsoft.NET.Sdk.targets(99,5): message : 속성 재할당: $(_DefaultUserProfileRuntimeStorePath)=C:\Program Files\dotnet\sdk\10.0.100\Sdks\Microsoft.NET.Sdk\targets\Microsoft.NET.Sdk.targets (99,5)의 "C:\Users\user\.dotnet\store"(이전 값: "C:\Users\user")
       C:\Program Files\dotnet\sdk\10.0.100\Sdks\Microsoft.NET.Sdk\targets\Microsoft.NET.Sdk.targets(144,5): message : 속성 재할당: $(AvailablePlatforms)=C:\Program Files\dotnet\sdk\10.0.100\Sdks\Microsoft.NET.Sdk\targets\Microsoft.NET.Sdk.targets (144,5)의 "Any CPU,x86,x64,ARM32"(이전 값: "Any CPU,x86,x64")
       C:\Program Files\dotnet\sdk\10.0.100\Sdks\Microsoft.NET.Sdk\targets\Microsoft.NET.Sdk.targets(148,5): message : 속성 재할당: $(AvailablePlatforms)=C:\Program Files\dotnet\sdk\10.0.100\Sdks\Microsoft.NET.Sdk\targets\Microsoft.NET.Sdk.targets (148,5)의 "Any CPU,x86,x64,ARM32,ARM64"(이전 값: "Any CPU,x86,x64,ARM32")
       C:\Program Files\dotnet\sdk\10.0.100\Sdks\Microsoft.NET.Sdk\targets\Microsoft.NET.Sdk.targets(204,5): message : 속성 재할당: $(CoreBuildDependsOn)=C:\Program Files\dotnet\sdk\10.0.100\Sdks\Microsoft.NET.Sdk\targets\Microsoft.NET.Sdk.targets (204,5)의 "
       C:\Program Files\dotnet\sdk\10.0.100\Sdks\Microsoft.NET.Sdk\targets\Microsoft.NET.Sdk.targets(204,5): message :       _CheckForBuildWithNoBuild;
       C:\Program Files\dotnet\sdk\10.0.100\Sdks\Microsoft.NET.Sdk\targets\Microsoft.NET.Sdk.targets(204,5): message :       
       C:\Program Files\dotnet\sdk\10.0.100\Sdks\Microsoft.NET.Sdk\targets\Microsoft.NET.Sdk.targets(204,5): message :       BuildOnlySettings;
       C:\Program Files\dotnet\sdk\10.0.100\Sdks\Microsoft.NET.Sdk\targets\Microsoft.NET.Sdk.targets(204,5): message :       PrepareForBuild;
       C:\Program Files\dotnet\sdk\10.0.100\Sdks\Microsoft.NET.Sdk\targets\Microsoft.NET.Sdk.targets(204,5): message :       PreBuildEvent;
       C:\Program Files\dotnet\sdk\10.0.100\Sdks\Microsoft.NET.Sdk\targets\Microsoft.NET.Sdk.targets(204,5): message :       ResolveReferences;
       C:\Program Files\dotnet\sdk\10.0.100\Sdks\Microsoft.NET.Sdk\targets\Microsoft.NET.Sdk.targets(204,5): message :       PrepareResources;
       C:\Program Files\dotnet\sdk\10.0.100\Sdks\Microsoft.NET.Sdk\targets\Microsoft.NET.Sdk.targets(204,5): message :       ResolveKeySource;
       C:\Program Files\dotnet\sdk\10.0.100\Sdks\Microsoft.NET.Sdk\targets\Microsoft.NET.Sdk.targets(204,5): message :       Compile;
       C:\Program Files\dotnet\sdk\10.0.100\Sdks\Microsoft.NET.Sdk\targets\Microsoft.NET.Sdk.targets(204,5): message :       ExportWindowsMDFile;
       C:\Program Files\dotnet\sdk\10.0.100\Sdks\Microsoft.NET.Sdk\targets\Microsoft.NET.Sdk.targets(204,5): message :       UnmanagedUnregistration;
       C:\Program Files\dotnet\sdk\10.0.100\Sdks\Microsoft.NET.Sdk\targets\Microsoft.NET.Sdk.targets(204,5): message :       GenerateSerializationAssemblies;
       C:\Program Files\dotnet\sdk\10.0.100\Sdks\Microsoft.NET.Sdk\targets\Microsoft.NET.Sdk.targets(204,5): message :       CreateSatelliteAssemblies;
       C:\Program Files\dotnet\sdk\10.0.100\Sdks\Microsoft.NET.Sdk\targets\Microsoft.NET.Sdk.targets(204,5): message :       GenerateManifests;
       C:\Program Files\dotnet\sdk\10.0.100\Sdks\Microsoft.NET.Sdk\targets\Microsoft.NET.Sdk.targets(204,5): message :       GetTargetPath;
       C:\Program Files\dotnet\sdk\10.0.100\Sdks\Microsoft.NET.Sdk\targets\Microsoft.NET.Sdk.targets(204,5): message :       PrepareForRun;
       C:\Program Files\dotnet\sdk\10.0.100\Sdks\Microsoft.NET.Sdk\targets\Microsoft.NET.Sdk.targets(204,5): message :       UnmanagedRegistration;
       C:\Program Files\dotnet\sdk\10.0.100\Sdks\Microsoft.NET.Sdk\targets\Microsoft.NET.Sdk.targets(204,5): message :       IncrementalClean;
       C:\Program Files\dotnet\sdk\10.0.100\Sdks\Microsoft.NET.Sdk\targets\Microsoft.NET.Sdk.targets(204,5): message :       PostBuildEvent
       C:\Program Files\dotnet\sdk\10.0.100\Sdks\Microsoft.NET.Sdk\targets\Microsoft.NET.Sdk.targets(204,5): message :     ;
       C:\Program Files\dotnet\sdk\10.0.100\Sdks\Microsoft.NET.Sdk\targets\Microsoft.NET.Sdk.targets(204,5): message :       GenerateBuildDependencyFile;
       C:\Program Files\dotnet\sdk\10.0.100\Sdks\Microsoft.NET.Sdk\targets\Microsoft.NET.Sdk.targets(204,5): message :       GenerateBuildRuntimeConfigurationFiles
       C:\Program Files\dotnet\sdk\10.0.100\Sdks\Microsoft.NET.Sdk\targets\Microsoft.NET.Sdk.targets(204,5): message :     "(이전 값: "
       C:\Program Files\dotnet\sdk\10.0.100\Sdks\Microsoft.NET.Sdk\targets\Microsoft.NET.Sdk.targets(204,5): message :       BuildOnlySettings;
       C:\Program Files\dotnet\sdk\10.0.100\Sdks\Microsoft.NET.Sdk\targets\Microsoft.NET.Sdk.targets(204,5): message :       PrepareForBuild;
       C:\Program Files\dotnet\sdk\10.0.100\Sdks\Microsoft.NET.Sdk\targets\Microsoft.NET.Sdk.targets(204,5): message :       PreBuildEvent;
       C:\Program Files\dotnet\sdk\10.0.100\Sdks\Microsoft.NET.Sdk\targets\Microsoft.NET.Sdk.targets(204,5): message :       ResolveReferences;
       C:\Program Files\dotnet\sdk\10.0.100\Sdks\Microsoft.NET.Sdk\targets\Microsoft.NET.Sdk.targets(204,5): message :       PrepareResources;
       C:\Program Files\dotnet\sdk\10.0.100\Sdks\Microsoft.NET.Sdk\targets\Microsoft.NET.Sdk.targets(204,5): message :       ResolveKeySource;
       C:\Program Files\dotnet\sdk\10.0.100\Sdks\Microsoft.NET.Sdk\targets\Microsoft.NET.Sdk.targets(204,5): message :       Compile;
       C:\Program Files\dotnet\sdk\10.0.100\Sdks\Microsoft.NET.Sdk\targets\Microsoft.NET.Sdk.targets(204,5): message :       ExportWindowsMDFile;
       C:\Program Files\dotnet\sdk\10.0.100\Sdks\Microsoft.NET.Sdk\targets\Microsoft.NET.Sdk.targets(204,5): message :       UnmanagedUnregistration;
       C:\Program Files\dotnet\sdk\10.0.100\Sdks\Microsoft.NET.Sdk\targets\Microsoft.NET.Sdk.targets(204,5): message :       GenerateSerializationAssemblies;
       C:\Program Files\dotnet\sdk\10.0.100\Sdks\Microsoft.NET.Sdk\targets\Microsoft.NET.Sdk.targets(204,5): message :       CreateSatelliteAssemblies;
       C:\Program Files\dotnet\sdk\10.0.100\Sdks\Microsoft.NET.Sdk\targets\Microsoft.NET.Sdk.targets(204,5): message :       GenerateManifests;
       C:\Program Files\dotnet\sdk\10.0.100\Sdks\Microsoft.NET.Sdk\targets\Microsoft.NET.Sdk.targets(204,5): message :       GetTargetPath;
       C:\Program Files\dotnet\sdk\10.0.100\Sdks\Microsoft.NET.Sdk\targets\Microsoft.NET.Sdk.targets(204,5): message :       PrepareForRun;
       C:\Program Files\dotnet\sdk\10.0.100\Sdks\Microsoft.NET.Sdk\targets\Microsoft.NET.Sdk.targets(204,5): message :       UnmanagedRegistration;
       C:\Program Files\dotnet\sdk\10.0.100\Sdks\Microsoft.NET.Sdk\targets\Microsoft.NET.Sdk.targets(204,5): message :       IncrementalClean;
       C:\Program Files\dotnet\sdk\10.0.100\Sdks\Microsoft.NET.Sdk\targets\Microsoft.NET.Sdk.targets(204,5): message :       PostBuildEvent
       C:\Program Files\dotnet\sdk\10.0.100\Sdks\Microsoft.NET.Sdk\targets\Microsoft.NET.Sdk.targets(204,5): message :     ")
       C:\Program Files\dotnet\sdk\10.0.100\Sdks\Microsoft.NET.Sdk\targets\Microsoft.NET.Sdk.targets(213,5): message : 속성 재할당: $(CoreCleanDependsOn)=C:\Program Files\dotnet\sdk\10.0.100\Sdks\Microsoft.NET.Sdk\targets\Microsoft.NET.Sdk.targets (213,5)의 "
       C:\Program Files\dotnet\sdk\10.0.100\Sdks\Microsoft.NET.Sdk\targets\Microsoft.NET.Sdk.targets(213,5): message :       _SdkBeforeClean;
       C:\Program Files\dotnet\sdk\10.0.100\Sdks\Microsoft.NET.Sdk\targets\Microsoft.NET.Sdk.targets(213,5): message :       
       C:\Program Files\dotnet\sdk\10.0.100\Sdks\Microsoft.NET.Sdk\targets\Microsoft.NET.Sdk.targets(213,5): message :     "(이전 값: "")
       C:\Program Files\dotnet\sdk\10.0.100\Sdks\Microsoft.NET.Sdk\targets\Microsoft.NET.Sdk.targets(220,5): message : 속성 재할당: $(RebuildDependsOn)=C:\Program Files\dotnet\sdk\10.0.100\Sdks\Microsoft.NET.Sdk\targets\Microsoft.NET.Sdk.targets (220,5)의 "
       C:\Program Files\dotnet\sdk\10.0.100\Sdks\Microsoft.NET.Sdk\targets\Microsoft.NET.Sdk.targets(220,5): message :       _SdkBeforeRebuild;
       C:\Program Files\dotnet\sdk\10.0.100\Sdks\Microsoft.NET.Sdk\targets\Microsoft.NET.Sdk.targets(220,5): message :       
       C:\Program Files\dotnet\sdk\10.0.100\Sdks\Microsoft.NET.Sdk\targets\Microsoft.NET.Sdk.targets(220,5): message :       BeforeRebuild;
       C:\Program Files\dotnet\sdk\10.0.100\Sdks\Microsoft.NET.Sdk\targets\Microsoft.NET.Sdk.targets(220,5): message :       Clean;
       C:\Program Files\dotnet\sdk\10.0.100\Sdks\Microsoft.NET.Sdk\targets\Microsoft.NET.Sdk.targets(220,5): message :       Build;
       C:\Program Files\dotnet\sdk\10.0.100\Sdks\Microsoft.NET.Sdk\targets\Microsoft.NET.Sdk.targets(220,5): message :       AfterRebuild;
       C:\Program Files\dotnet\sdk\10.0.100\Sdks\Microsoft.NET.Sdk\targets\Microsoft.NET.Sdk.targets(220,5): message :     
       C:\Program Files\dotnet\sdk\10.0.100\Sdks\Microsoft.NET.Sdk\targets\Microsoft.NET.Sdk.targets(220,5): message :     "(이전 값: "
       C:\Program Files\dotnet\sdk\10.0.100\Sdks\Microsoft.NET.Sdk\targets\Microsoft.NET.Sdk.targets(220,5): message :       BeforeRebuild;
       C:\Program Files\dotnet\sdk\10.0.100\Sdks\Microsoft.NET.Sdk\targets\Microsoft.NET.Sdk.targets(220,5): message :       Clean;
       C:\Program Files\dotnet\sdk\10.0.100\Sdks\Microsoft.NET.Sdk\targets\Microsoft.NET.Sdk.targets(220,5): message :       Build;
       C:\Program Files\dotnet\sdk\10.0.100\Sdks\Microsoft.NET.Sdk\targets\Microsoft.NET.Sdk.targets(220,5): message :       AfterRebuild;
       C:\Program Files\dotnet\sdk\10.0.100\Sdks\Microsoft.NET.Sdk\targets\Microsoft.NET.Sdk.targets(220,5): message :     ")
       C:\Program Files\dotnet\sdk\10.0.100\Sdks\Microsoft.NET.Sdk\targets\Microsoft.NET.Sdk.targets(799,5): message : 속성 재할당: $(CompileDependsOn)=C:\Program Files\dotnet\sdk\10.0.100\Sdks\Microsoft.NET.Sdk\targets\Microsoft.NET.Sdk.targets (799,5)의 "
       C:\Program Files\dotnet\sdk\10.0.100\Sdks\Microsoft.NET.Sdk\targets\Microsoft.NET.Sdk.targets(799,5): message :       
       C:\Program Files\dotnet\sdk\10.0.100\Sdks\Microsoft.NET.Sdk\targets\Microsoft.NET.Sdk.targets(799,5): message :       ResolveReferences;
       C:\Program Files\dotnet\sdk\10.0.100\Sdks\Microsoft.NET.Sdk\targets\Microsoft.NET.Sdk.targets(799,5): message :       ResolveKeySource;
       C:\Program Files\dotnet\sdk\10.0.100\Sdks\Microsoft.NET.Sdk\targets\Microsoft.NET.Sdk.targets(799,5): message :       SetWin32ManifestProperties;
       C:\Program Files\dotnet\sdk\10.0.100\Sdks\Microsoft.NET.Sdk\targets\Microsoft.NET.Sdk.targets(799,5): message :       _SetPreferNativeArm64Win32ManifestProperties;
       C:\Program Files\dotnet\sdk\10.0.100\Sdks\Microsoft.NET.Sdk\targets\Microsoft.NET.Sdk.targets(799,5): message :       FindReferenceAssembliesForReferences;
       C:\Program Files\dotnet\sdk\10.0.100\Sdks\Microsoft.NET.Sdk\targets\Microsoft.NET.Sdk.targets(799,5): message :       _GenerateCompileInputs;
       C:\Program Files\dotnet\sdk\10.0.100\Sdks\Microsoft.NET.Sdk\targets\Microsoft.NET.Sdk.targets(799,5): message :       BeforeCompile;
       C:\Program Files\dotnet\sdk\10.0.100\Sdks\Microsoft.NET.Sdk\targets\Microsoft.NET.Sdk.targets(799,5): message :       _TimeStampBeforeCompile;
       C:\Program Files\dotnet\sdk\10.0.100\Sdks\Microsoft.NET.Sdk\targets\Microsoft.NET.Sdk.targets(799,5): message :       _GenerateCompileDependencyCache;
       C:\Program Files\dotnet\sdk\10.0.100\Sdks\Microsoft.NET.Sdk\targets\Microsoft.NET.Sdk.targets(799,5): message :       CoreCompile;
       C:\Program Files\dotnet\sdk\10.0.100\Sdks\Microsoft.NET.Sdk\targets\Microsoft.NET.Sdk.targets(799,5): message :       _TimeStampAfterCompile;
       C:\Program Files\dotnet\sdk\10.0.100\Sdks\Microsoft.NET.Sdk\targets\Microsoft.NET.Sdk.targets(799,5): message :       AfterCompile;
       C:\Program Files\dotnet\sdk\10.0.100\Sdks\Microsoft.NET.Sdk\targets\Microsoft.NET.Sdk.targets(799,5): message :     ;
       C:\Program Files\dotnet\sdk\10.0.100\Sdks\Microsoft.NET.Sdk\targets\Microsoft.NET.Sdk.targets(799,5): message :       _CreateAppHost;
       C:\Program Files\dotnet\sdk\10.0.100\Sdks\Microsoft.NET.Sdk\targets\Microsoft.NET.Sdk.targets(799,5): message :       _CreateComHost;
       C:\Program Files\dotnet\sdk\10.0.100\Sdks\Microsoft.NET.Sdk\targets\Microsoft.NET.Sdk.targets(799,5): message :       _GetIjwHostPaths;
       C:\Program Files\dotnet\sdk\10.0.100\Sdks\Microsoft.NET.Sdk\targets\Microsoft.NET.Sdk.targets(799,5): message :     "(이전 값: "
       C:\Program Files\dotnet\sdk\10.0.100\Sdks\Microsoft.NET.Sdk\targets\Microsoft.NET.Sdk.targets(799,5): message :       ResolveReferences;
       C:\Program Files\dotnet\sdk\10.0.100\Sdks\Microsoft.NET.Sdk\targets\Microsoft.NET.Sdk.targets(799,5): message :       ResolveKeySource;
       C:\Program Files\dotnet\sdk\10.0.100\Sdks\Microsoft.NET.Sdk\targets\Microsoft.NET.Sdk.targets(799,5): message :       SetWin32ManifestProperties;
       C:\Program Files\dotnet\sdk\10.0.100\Sdks\Microsoft.NET.Sdk\targets\Microsoft.NET.Sdk.targets(799,5): message :       _SetPreferNativeArm64Win32ManifestProperties;
       C:\Program Files\dotnet\sdk\10.0.100\Sdks\Microsoft.NET.Sdk\targets\Microsoft.NET.Sdk.targets(799,5): message :       FindReferenceAssembliesForReferences;
       C:\Program Files\dotnet\sdk\10.0.100\Sdks\Microsoft.NET.Sdk\targets\Microsoft.NET.Sdk.targets(799,5): message :       _GenerateCompileInputs;
       C:\Program Files\dotnet\sdk\10.0.100\Sdks\Microsoft.NET.Sdk\targets\Microsoft.NET.Sdk.targets(799,5): message :       BeforeCompile;
       C:\Program Files\dotnet\sdk\10.0.100\Sdks\Microsoft.NET.Sdk\targets\Microsoft.NET.Sdk.targets(799,5): message :       _TimeStampBeforeCompile;
       C:\Program Files\dotnet\sdk\10.0.100\Sdks\Microsoft.NET.Sdk\targets\Microsoft.NET.Sdk.targets(799,5): message :       _GenerateCompileDependencyCache;
       C:\Program Files\dotnet\sdk\10.0.100\Sdks\Microsoft.NET.Sdk\targets\Microsoft.NET.Sdk.targets(799,5): message :       CoreCompile;
       C:\Program Files\dotnet\sdk\10.0.100\Sdks\Microsoft.NET.Sdk\targets\Microsoft.NET.Sdk.targets(799,5): message :       _TimeStampAfterCompile;
       C:\Program Files\dotnet\sdk\10.0.100\Sdks\Microsoft.NET.Sdk\targets\Microsoft.NET.Sdk.targets(799,5): message :       AfterCompile;
       C:\Program Files\dotnet\sdk\10.0.100\Sdks\Microsoft.NET.Sdk\targets\Microsoft.NET.Sdk.targets(799,5): message :     ")
       C:\Program Files\dotnet\sdk\10.0.100\Sdks\Microsoft.NET.Sdk\targets\Microsoft.NET.Sdk.targets(1131,5): message : 속성 재할당: $(CreateSatelliteAssembliesDependsOn)=C:\Program Files\dotnet\sdk\10.0.100\Sdks\Microsoft.NET.Sdk\targets\Microsoft.NET.Sdk.targets (1131,5)의 "
       C:\Program Files\dotnet\sdk\10.0.100\Sdks\Microsoft.NET.Sdk\targets\Microsoft.NET.Sdk.targets(1131,5): message :       
       C:\Program Files\dotnet\sdk\10.0.100\Sdks\Microsoft.NET.Sdk\targets\Microsoft.NET.Sdk.targets(1131,5): message :       ;
       C:\Program Files\dotnet\sdk\10.0.100\Sdks\Microsoft.NET.Sdk\targets\Microsoft.NET.Sdk.targets(1131,5): message :       _GenerateSatelliteAssemblyInputs;
       C:\Program Files\dotnet\sdk\10.0.100\Sdks\Microsoft.NET.Sdk\targets\Microsoft.NET.Sdk.targets(1131,5): message :       ComputeIntermediateSatelliteAssemblies;
       C:\Program Files\dotnet\sdk\10.0.100\Sdks\Microsoft.NET.Sdk\targets\Microsoft.NET.Sdk.targets(1131,5): message :       GenerateSatelliteAssemblies
       C:\Program Files\dotnet\sdk\10.0.100\Sdks\Microsoft.NET.Sdk\targets\Microsoft.NET.Sdk.targets(1131,5): message :     ;
       C:\Program Files\dotnet\sdk\10.0.100\Sdks\Microsoft.NET.Sdk\targets\Microsoft.NET.Sdk.targets(1131,5): message :       CoreGenerateSatelliteAssemblies
       C:\Program Files\dotnet\sdk\10.0.100\Sdks\Microsoft.NET.Sdk\targets\Microsoft.NET.Sdk.targets(1131,5): message :     "(이전 값: "
       C:\Program Files\dotnet\sdk\10.0.100\Sdks\Microsoft.NET.Sdk\targets\Microsoft.NET.Sdk.targets(1131,5): message :       ;
       C:\Program Files\dotnet\sdk\10.0.100\Sdks\Microsoft.NET.Sdk\targets\Microsoft.NET.Sdk.targets(1131,5): message :       _GenerateSatelliteAssemblyInputs;
       C:\Program Files\dotnet\sdk\10.0.100\Sdks\Microsoft.NET.Sdk\targets\Microsoft.NET.Sdk.targets(1131,5): message :       ComputeIntermediateSatelliteAssemblies;
       C:\Program Files\dotnet\sdk\10.0.100\Sdks\Microsoft.NET.Sdk\targets\Microsoft.NET.Sdk.targets(1131,5): message :       GenerateSatelliteAssemblies
       C:\Program Files\dotnet\sdk\10.0.100\Sdks\Microsoft.NET.Sdk\targets\Microsoft.NET.Sdk.targets(1131,5): message :     ")
       C:\Program Files\dotnet\sdk\10.0.100\Sdks\Microsoft.SourceLink.GitLab\build\Microsoft.SourceLink.GitLab.targets(12,5): message : 속성 재할당: $(SourceLinkUrlInitializerTargets)=C:\Program Files\dotnet\sdk\10.0.100\Sdks\Microsoft.SourceLink.GitLab\build\Microsoft.SourceLink.GitLab.targets (12,5)의 ";_InitializeGitHubSourceLinkUrl;_InitializeGitLabSourceLinkUrl"(이전 값: ";_InitializeGitHubSourceLinkUrl")
       C:\Program Files\dotnet\sdk\10.0.100\Sdks\Microsoft.SourceLink.GitLab\build\Microsoft.SourceLink.GitLab.targets(13,5): message : 속성 재할당: $(SourceControlManagerUrlTranslationTargets)=C:\Program Files\dotnet\sdk\10.0.100\Sdks\Microsoft.SourceLink.GitLab\build\Microsoft.SourceLink.GitLab.targets (13,5)의 ";TranslateGitHubUrlsInSourceControlInformation;TranslateGitLabUrlsInSourceControlInformation"(이전 값: ";TranslateGitHubUrlsInSourceControlInformation")
       C:\Program Files\dotnet\sdk\10.0.100\Sdks\Microsoft.SourceLink.AzureRepos.Git\build\Microsoft.SourceLink.AzureRepos.Git.targets(12,5): message : 속성 재할당: $(SourceLinkUrlInitializerTargets)=C:\Program Files\dotnet\sdk\10.0.100\Sdks\Microsoft.SourceLink.AzureRepos.Git\build\Microsoft.SourceLink.AzureRepos.Git.targets (12,5)의 ";_InitializeGitHubSourceLinkUrl;_InitializeGitLabSourceLinkUrl;_InitializeAzureReposGitSourceLinkUrl"(이전 값: ";_InitializeGitHubSourceLinkUrl;_InitializeGitLabSourceLinkUrl")
       C:\Program Files\dotnet\sdk\10.0.100\Sdks\Microsoft.SourceLink.AzureRepos.Git\build\Microsoft.SourceLink.AzureRepos.Git.targets(13,5): message : 속성 재할당: $(SourceControlManagerUrlTranslationTargets)=C:\Program Files\dotnet\sdk\10.0.100\Sdks\Microsoft.SourceLink.AzureRepos.Git\build\Microsoft.SourceLink.AzureRepos.Git.targets (13,5)의 ";TranslateGitHubUrlsInSourceControlInformation;TranslateGitLabUrlsInSourceControlInformation;TranslateAzureReposGitUrlsInSourceControlInformation"(이전 값: ";TranslateGitHubUrlsInSourceControlInformation;TranslateGitLabUrlsInSourceControlInformation")
       C:\Program Files\dotnet\sdk\10.0.100\Sdks\Microsoft.SourceLink.Bitbucket.Git\build\Microsoft.SourceLink.Bitbucket.Git.targets(12,5): message : 속성 재할당: $(SourceLinkUrlInitializerTargets)=C:\Program Files\dotnet\sdk\10.0.100\Sdks\Microsoft.SourceLink.Bitbucket.Git\build\Microsoft.SourceLink.Bitbucket.Git.targets (12,5)의 ";_InitializeGitHubSourceLinkUrl;_InitializeGitLabSourceLinkUrl;_InitializeAzureReposGitSourceLinkUrl;_InitializeBitbucketGitSourceLinkUrl"(이전 값: ";_InitializeGitHubSourceLinkUrl;_InitializeGitLabSourceLinkUrl;_InitializeAzureReposGitSourceLinkUrl")
       C:\Program Files\dotnet\sdk\10.0.100\Sdks\Microsoft.SourceLink.Bitbucket.Git\build\Microsoft.SourceLink.Bitbucket.Git.targets(13,5): message : 속성 재할당: $(SourceControlManagerUrlTranslationTargets)=C:\Program Files\dotnet\sdk\10.0.100\Sdks\Microsoft.SourceLink.Bitbucket.Git\build\Microsoft.SourceLink.Bitbucket.Git.targets (13,5)의 ";TranslateGitHubUrlsInSourceControlInformation;TranslateGitLabUrlsInSourceControlInformation;TranslateAzureReposGitUrlsInSourceControlInformation;TranslateBitbucketGitUrlsInSourceControlInformation"(이전 값: ";TranslateGitHubUrlsInSourceControlInformation;TranslateGitLabUrlsInSourceControlInformation;TranslateAzureReposGitUrlsInSourceControlInformation")
       C:\Program Files\dotnet\sdk\10.0.100\Sdks\Microsoft.NET.Sdk\targets\Microsoft.NET.DesignerSupport.targets(21,5): message : 속성 재할당: $(DesignerRuntimeImplementationProjectOutputGroupDependsOn)=C:\Program Files\dotnet\sdk\10.0.100\Sdks\Microsoft.NET.Sdk\targets\Microsoft.NET.DesignerSupport.targets (21,5)의 "
       C:\Program Files\dotnet\sdk\10.0.100\Sdks\Microsoft.NET.Sdk\targets\Microsoft.NET.DesignerSupport.targets(21,5): message :       
       C:\Program Files\dotnet\sdk\10.0.100\Sdks\Microsoft.NET.Sdk\targets\Microsoft.NET.DesignerSupport.targets(21,5): message :       ;
       C:\Program Files\dotnet\sdk\10.0.100\Sdks\Microsoft.NET.Sdk\targets\Microsoft.NET.DesignerSupport.targets(21,5): message :       
       C:\Program Files\dotnet\sdk\10.0.100\Sdks\Microsoft.NET.Sdk\targets\Microsoft.NET.DesignerSupport.targets(21,5): message :       ;
       C:\Program Files\dotnet\sdk\10.0.100\Sdks\Microsoft.NET.Sdk\targets\Microsoft.NET.DesignerSupport.targets(21,5): message :       BuildOnlySettings;
       C:\Program Files\dotnet\sdk\10.0.100\Sdks\Microsoft.NET.Sdk\targets\Microsoft.NET.DesignerSupport.targets(21,5): message :       PrepareForBuild;
       C:\Program Files\dotnet\sdk\10.0.100\Sdks\Microsoft.NET.Sdk\targets\Microsoft.NET.DesignerSupport.targets(21,5): message :       AssignTargetPaths;
       C:\Program Files\dotnet\sdk\10.0.100\Sdks\Microsoft.NET.Sdk\targets\Microsoft.NET.DesignerSupport.targets(21,5): message :       ResolveReferences
       C:\Program Files\dotnet\sdk\10.0.100\Sdks\Microsoft.NET.Sdk\targets\Microsoft.NET.DesignerSupport.targets(21,5): message :     
       C:\Program Files\dotnet\sdk\10.0.100\Sdks\Microsoft.NET.Sdk\targets\Microsoft.NET.DesignerSupport.targets(21,5): message :     ;
       C:\Program Files\dotnet\sdk\10.0.100\Sdks\Microsoft.NET.Sdk\targets\Microsoft.NET.DesignerSupport.targets(21,5): message :       _GenerateDesignerDepsFile;
       C:\Program Files\dotnet\sdk\10.0.100\Sdks\Microsoft.NET.Sdk\targets\Microsoft.NET.DesignerSupport.targets(21,5): message :       _GenerateDesignerRuntimeConfigFile;
       C:\Program Files\dotnet\sdk\10.0.100\Sdks\Microsoft.NET.Sdk\targets\Microsoft.NET.DesignerSupport.targets(21,5): message :       GetCopyToOutputDirectoryItems;
       C:\Program Files\dotnet\sdk\10.0.100\Sdks\Microsoft.NET.Sdk\targets\Microsoft.NET.DesignerSupport.targets(21,5): message :       _GatherDesignerShadowCopyFiles;
       C:\Program Files\dotnet\sdk\10.0.100\Sdks\Microsoft.NET.Sdk\targets\Microsoft.NET.DesignerSupport.targets(21,5): message :     "(이전 값: "
       C:\Program Files\dotnet\sdk\10.0.100\Sdks\Microsoft.NET.Sdk\targets\Microsoft.NET.DesignerSupport.targets(21,5): message :       ;
       C:\Program Files\dotnet\sdk\10.0.100\Sdks\Microsoft.NET.Sdk\targets\Microsoft.NET.DesignerSupport.targets(21,5): message :       
       C:\Program Files\dotnet\sdk\10.0.100\Sdks\Microsoft.NET.Sdk\targets\Microsoft.NET.DesignerSupport.targets(21,5): message :       ;
       C:\Program Files\dotnet\sdk\10.0.100\Sdks\Microsoft.NET.Sdk\targets\Microsoft.NET.DesignerSupport.targets(21,5): message :       BuildOnlySettings;
       C:\Program Files\dotnet\sdk\10.0.100\Sdks\Microsoft.NET.Sdk\targets\Microsoft.NET.DesignerSupport.targets(21,5): message :       PrepareForBuild;
       C:\Program Files\dotnet\sdk\10.0.100\Sdks\Microsoft.NET.Sdk\targets\Microsoft.NET.DesignerSupport.targets(21,5): message :       AssignTargetPaths;
       C:\Program Files\dotnet\sdk\10.0.100\Sdks\Microsoft.NET.Sdk\targets\Microsoft.NET.DesignerSupport.targets(21,5): message :       ResolveReferences
       C:\Program Files\dotnet\sdk\10.0.100\Sdks\Microsoft.NET.Sdk\targets\Microsoft.NET.DesignerSupport.targets(21,5): message :     
       C:\Program Files\dotnet\sdk\10.0.100\Sdks\Microsoft.NET.Sdk\targets\Microsoft.NET.DesignerSupport.targets(21,5): message :     ")
       C:\Program Files\dotnet\sdk\10.0.100\Sdks\Microsoft.NET.Sdk\targets\Microsoft.NET.Sdk.CSharp.targets(31,5): message : 속성 재할당: $(DefineConstants)=C:\Program Files\dotnet\sdk\10.0.100\Sdks\Microsoft.NET.Sdk\targets\Microsoft.NET.Sdk.CSharp.targets (31,5)의 "TRACE;DEBUG"(이전 값: "TRACE")
       C:\Program Files\dotnet\sdk\10.0.100\Sdks\Microsoft.NET.Sdk\targets\Microsoft.NET.Sdk.CSharp.targets(45,5): message : 속성 재할당: $(WarningsAsErrors)=C:\Program Files\dotnet\sdk\10.0.100\Sdks\Microsoft.NET.Sdk\targets\Microsoft.NET.Sdk.CSharp.targets (45,5)의 ";NU1605;SYSLIB0011"(이전 값: ";NU1605")
       C:\Program Files\dotnet\sdk\10.0.100\Sdks\Microsoft.NET.Sdk\targets\Microsoft.NET.Windows.targets(49,5): message : 속성 재할당: $(TargetPlatformVersion)=C:\Program Files\dotnet\sdk\10.0.100\Sdks\Microsoft.NET.Sdk\targets\Microsoft.NET.Windows.targets (49,5)의 "7.0"(이전 값: "")
       C:\Program Files\dotnet\sdk\10.0.100\Sdks\Microsoft.NET.Sdk\targets\Microsoft.NET.Windows.targets(50,5): message : 속성 재할당: $(EffectiveTargetPlatformVersion)=C:\Program Files\dotnet\sdk\10.0.100\Sdks\Microsoft.NET.Sdk\targets\Microsoft.NET.Windows.targets (50,5)의 "7.0"(이전 값: "")
       C:\Program Files\dotnet\sdk\10.0.100\Sdks\Microsoft.NET.Sdk\targets\Microsoft.NET.Windows.targets(60,5): message : 속성 재할당: $(SupportedOSPlatformVersion)=C:\Program Files\dotnet\sdk\10.0.100\Sdks\Microsoft.NET.Sdk\targets\Microsoft.NET.Windows.targets (60,5)의 "7.0"(이전 값: "")
       C:\Program Files\dotnet\sdk\10.0.100\Sdks\Microsoft.NET.Sdk\targets\Microsoft.NET.Windows.targets(61,5): message : 속성 재할당: $(TargetPlatformMinVersion)=C:\Program Files\dotnet\sdk\10.0.100\Sdks\Microsoft.NET.Sdk\targets\Microsoft.NET.Windows.targets (61,5)의 "7.0"(이전 값: "")
       C:\Program Files\dotnet\sdk\10.0.100\Sdks\Microsoft.NET.Sdk\targets\Microsoft.NET.Windows.targets(239,5): message : 속성 재할당: $(_RunCsWinRTGeneratorPropertyInputsCachePath)=C:\Program Files\dotnet\sdk\10.0.100\Sdks\Microsoft.NET.Sdk\targets\Microsoft.NET.Windows.targets (239,5)의 "c:\WORK\SRC\Railml_editor\RailmlEditor\obj\Debug\net10.0-windows\RailmlEditor.cswinrtgen.cache"(이전 값: "obj\Debug\net10.0-windows\RailmlEditor.cswinrtgen.cache")
       C:\Program Files\dotnet\sdk\10.0.100\Sdks\Microsoft.NET.Sdk\targets\Microsoft.NET.Sdk.targets(1497,5): message : 속성 재할당: $(TargetPlatformDisplayName)=C:\Program Files\dotnet\sdk\10.0.100\Sdks\Microsoft.NET.Sdk\targets\Microsoft.NET.Sdk.targets (1497,5)의 "Windows 7.0"(이전 값: "Windows ")
       C:\Program Files\dotnet\sdk\10.0.100\Sdks\Microsoft.NET.Sdk.WindowsDesktop\targets\Microsoft.NET.Sdk.WindowsDesktop.targets(51,5): message : 속성 재할당: $(_TargetFrameworkVersionValue)=C:\Program Files\dotnet\sdk\10.0.100\Sdks\Microsoft.NET.Sdk.WindowsDesktop\targets\Microsoft.NET.Sdk.WindowsDesktop.targets (51,5)의 "10.0"(이전 값: "0.0")
       C:\Program Files\dotnet\sdk\10.0.100\Sdks\Microsoft.NET.Sdk.WindowsDesktop\targets\Microsoft.WinFX.targets(61,7): message : 속성 재할당: $(PrepareResourceNamesDependsOn)=C:\Program Files\dotnet\sdk\10.0.100\Sdks\Microsoft.NET.Sdk.WindowsDesktop\targets\Microsoft.WinFX.targets (61,7)의 "
       C:\Program Files\dotnet\sdk\10.0.100\Sdks\Microsoft.NET.Sdk.WindowsDesktop\targets\Microsoft.WinFX.targets(61,7): message :                     AssignWinFXEmbeddedResource;
       C:\Program Files\dotnet\sdk\10.0.100\Sdks\Microsoft.NET.Sdk.WindowsDesktop\targets\Microsoft.WinFX.targets(61,7): message :                     
       C:\Program Files\dotnet\sdk\10.0.100\Sdks\Microsoft.NET.Sdk.WindowsDesktop\targets\Microsoft.WinFX.targets(61,7): message :       AssignTargetPaths;
       C:\Program Files\dotnet\sdk\10.0.100\Sdks\Microsoft.NET.Sdk.WindowsDesktop\targets\Microsoft.WinFX.targets(61,7): message :       SplitResourcesByCulture;
       C:\Program Files\dotnet\sdk\10.0.100\Sdks\Microsoft.NET.Sdk.WindowsDesktop\targets\Microsoft.WinFX.targets(61,7): message :       CreateManifestResourceNames;
       C:\Program Files\dotnet\sdk\10.0.100\Sdks\Microsoft.NET.Sdk.WindowsDesktop\targets\Microsoft.WinFX.targets(61,7): message :       CreateCustomManifestResourceNames
       C:\Program Files\dotnet\sdk\10.0.100\Sdks\Microsoft.NET.Sdk.WindowsDesktop\targets\Microsoft.WinFX.targets(61,7): message :     
       C:\Program Files\dotnet\sdk\10.0.100\Sdks\Microsoft.NET.Sdk.WindowsDesktop\targets\Microsoft.WinFX.targets(61,7): message :       "(이전 값: "
       C:\Program Files\dotnet\sdk\10.0.100\Sdks\Microsoft.NET.Sdk.WindowsDesktop\targets\Microsoft.WinFX.targets(61,7): message :       AssignTargetPaths;
       C:\Program Files\dotnet\sdk\10.0.100\Sdks\Microsoft.NET.Sdk.WindowsDesktop\targets\Microsoft.WinFX.targets(61,7): message :       SplitResourcesByCulture;
       C:\Program Files\dotnet\sdk\10.0.100\Sdks\Microsoft.NET.Sdk.WindowsDesktop\targets\Microsoft.WinFX.targets(61,7): message :       CreateManifestResourceNames;
       C:\Program Files\dotnet\sdk\10.0.100\Sdks\Microsoft.NET.Sdk.WindowsDesktop\targets\Microsoft.WinFX.targets(61,7): message :       CreateCustomManifestResourceNames
       C:\Program Files\dotnet\sdk\10.0.100\Sdks\Microsoft.NET.Sdk.WindowsDesktop\targets\Microsoft.WinFX.targets(61,7): message :     ")
       C:\Program Files\dotnet\sdk\10.0.100\Sdks\Microsoft.NET.Sdk.WindowsDesktop\targets\Microsoft.WinFX.targets(69,7): message : 속성 재할당: $(PrepareResourcesDependsOn)=C:\Program Files\dotnet\sdk\10.0.100\Sdks\Microsoft.NET.Sdk.WindowsDesktop\targets\Microsoft.WinFX.targets (69,7)의 "
       C:\Program Files\dotnet\sdk\10.0.100\Sdks\Microsoft.NET.Sdk.WindowsDesktop\targets\Microsoft.WinFX.targets(69,7): message :                 MarkupCompilePass1;
       C:\Program Files\dotnet\sdk\10.0.100\Sdks\Microsoft.NET.Sdk.WindowsDesktop\targets\Microsoft.WinFX.targets(69,7): message :                 AfterMarkupCompilePass1;
       C:\Program Files\dotnet\sdk\10.0.100\Sdks\Microsoft.NET.Sdk.WindowsDesktop\targets\Microsoft.WinFX.targets(69,7): message :                 MarkupCompilePass2ForMainAssembly;
       C:\Program Files\dotnet\sdk\10.0.100\Sdks\Microsoft.NET.Sdk.WindowsDesktop\targets\Microsoft.WinFX.targets(69,7): message :                 FileClassification;
       C:\Program Files\dotnet\sdk\10.0.100\Sdks\Microsoft.NET.Sdk.WindowsDesktop\targets\Microsoft.WinFX.targets(69,7): message :                 MainResourcesGeneration;
       C:\Program Files\dotnet\sdk\10.0.100\Sdks\Microsoft.NET.Sdk.WindowsDesktop\targets\Microsoft.WinFX.targets(69,7): message :                 
       C:\Program Files\dotnet\sdk\10.0.100\Sdks\Microsoft.NET.Sdk.WindowsDesktop\targets\Microsoft.WinFX.targets(69,7): message :       ResolvePackageDependenciesForBuild;
       C:\Program Files\dotnet\sdk\10.0.100\Sdks\Microsoft.NET.Sdk.WindowsDesktop\targets\Microsoft.WinFX.targets(69,7): message :       _HandlePackageFileConflicts;
       C:\Program Files\dotnet\sdk\10.0.100\Sdks\Microsoft.NET.Sdk.WindowsDesktop\targets\Microsoft.WinFX.targets(69,7): message :       
       C:\Program Files\dotnet\sdk\10.0.100\Sdks\Microsoft.NET.Sdk.WindowsDesktop\targets\Microsoft.WinFX.targets(69,7): message :       ;
       C:\Program Files\dotnet\sdk\10.0.100\Sdks\Microsoft.NET.Sdk.WindowsDesktop\targets\Microsoft.WinFX.targets(69,7): message :       PrepareResourceNames;
       C:\Program Files\dotnet\sdk\10.0.100\Sdks\Microsoft.NET.Sdk.WindowsDesktop\targets\Microsoft.WinFX.targets(69,7): message :       ResGen;
       C:\Program Files\dotnet\sdk\10.0.100\Sdks\Microsoft.NET.Sdk.WindowsDesktop\targets\Microsoft.WinFX.targets(69,7): message :       CompileLicxFiles
       C:\Program Files\dotnet\sdk\10.0.100\Sdks\Microsoft.NET.Sdk.WindowsDesktop\targets\Microsoft.WinFX.targets(69,7): message :     
       C:\Program Files\dotnet\sdk\10.0.100\Sdks\Microsoft.NET.Sdk.WindowsDesktop\targets\Microsoft.WinFX.targets(69,7): message :     
       C:\Program Files\dotnet\sdk\10.0.100\Sdks\Microsoft.NET.Sdk.WindowsDesktop\targets\Microsoft.WinFX.targets(69,7): message :       "(이전 값: "
       C:\Program Files\dotnet\sdk\10.0.100\Sdks\Microsoft.NET.Sdk.WindowsDesktop\targets\Microsoft.WinFX.targets(69,7): message :       ResolvePackageDependenciesForBuild;
       C:\Program Files\dotnet\sdk\10.0.100\Sdks\Microsoft.NET.Sdk.WindowsDesktop\targets\Microsoft.WinFX.targets(69,7): message :       _HandlePackageFileConflicts;
       C:\Program Files\dotnet\sdk\10.0.100\Sdks\Microsoft.NET.Sdk.WindowsDesktop\targets\Microsoft.WinFX.targets(69,7): message :       
       C:\Program Files\dotnet\sdk\10.0.100\Sdks\Microsoft.NET.Sdk.WindowsDesktop\targets\Microsoft.WinFX.targets(69,7): message :       ;
       C:\Program Files\dotnet\sdk\10.0.100\Sdks\Microsoft.NET.Sdk.WindowsDesktop\targets\Microsoft.WinFX.targets(69,7): message :       PrepareResourceNames;
       C:\Program Files\dotnet\sdk\10.0.100\Sdks\Microsoft.NET.Sdk.WindowsDesktop\targets\Microsoft.WinFX.targets(69,7): message :       ResGen;
       C:\Program Files\dotnet\sdk\10.0.100\Sdks\Microsoft.NET.Sdk.WindowsDesktop\targets\Microsoft.WinFX.targets(69,7): message :       CompileLicxFiles
       C:\Program Files\dotnet\sdk\10.0.100\Sdks\Microsoft.NET.Sdk.WindowsDesktop\targets\Microsoft.WinFX.targets(69,7): message :     
       C:\Program Files\dotnet\sdk\10.0.100\Sdks\Microsoft.NET.Sdk.WindowsDesktop\targets\Microsoft.WinFX.targets(69,7): message :     ")
       C:\Program Files\dotnet\sdk\10.0.100\Sdks\Microsoft.NET.Sdk.WindowsDesktop\targets\Microsoft.WinFX.targets(136,5): message : 속성 재할당: $(CompileDependsOn)=C:\Program Files\dotnet\sdk\10.0.100\Sdks\Microsoft.NET.Sdk.WindowsDesktop\targets\Microsoft.WinFX.targets (136,5)의 "
       C:\Program Files\dotnet\sdk\10.0.100\Sdks\Microsoft.NET.Sdk.WindowsDesktop\targets\Microsoft.WinFX.targets(136,5): message :         
       C:\Program Files\dotnet\sdk\10.0.100\Sdks\Microsoft.NET.Sdk.WindowsDesktop\targets\Microsoft.WinFX.targets(136,5): message :       
       C:\Program Files\dotnet\sdk\10.0.100\Sdks\Microsoft.NET.Sdk.WindowsDesktop\targets\Microsoft.WinFX.targets(136,5): message :       ResolveReferences;
       C:\Program Files\dotnet\sdk\10.0.100\Sdks\Microsoft.NET.Sdk.WindowsDesktop\targets\Microsoft.WinFX.targets(136,5): message :       ResolveKeySource;
       C:\Program Files\dotnet\sdk\10.0.100\Sdks\Microsoft.NET.Sdk.WindowsDesktop\targets\Microsoft.WinFX.targets(136,5): message :       SetWin32ManifestProperties;
       C:\Program Files\dotnet\sdk\10.0.100\Sdks\Microsoft.NET.Sdk.WindowsDesktop\targets\Microsoft.WinFX.targets(136,5): message :       _SetPreferNativeArm64Win32ManifestProperties;
       C:\Program Files\dotnet\sdk\10.0.100\Sdks\Microsoft.NET.Sdk.WindowsDesktop\targets\Microsoft.WinFX.targets(136,5): message :       FindReferenceAssembliesForReferences;
       C:\Program Files\dotnet\sdk\10.0.100\Sdks\Microsoft.NET.Sdk.WindowsDesktop\targets\Microsoft.WinFX.targets(136,5): message :       _GenerateCompileInputs;
       C:\Program Files\dotnet\sdk\10.0.100\Sdks\Microsoft.NET.Sdk.WindowsDesktop\targets\Microsoft.WinFX.targets(136,5): message :       BeforeCompile;
       C:\Program Files\dotnet\sdk\10.0.100\Sdks\Microsoft.NET.Sdk.WindowsDesktop\targets\Microsoft.WinFX.targets(136,5): message :       _TimeStampBeforeCompile;
       C:\Program Files\dotnet\sdk\10.0.100\Sdks\Microsoft.NET.Sdk.WindowsDesktop\targets\Microsoft.WinFX.targets(136,5): message :       _GenerateCompileDependencyCache;
       C:\Program Files\dotnet\sdk\10.0.100\Sdks\Microsoft.NET.Sdk.WindowsDesktop\targets\Microsoft.WinFX.targets(136,5): message :       CoreCompile;
       C:\Program Files\dotnet\sdk\10.0.100\Sdks\Microsoft.NET.Sdk.WindowsDesktop\targets\Microsoft.WinFX.targets(136,5): message :       _TimeStampAfterCompile;
       C:\Program Files\dotnet\sdk\10.0.100\Sdks\Microsoft.NET.Sdk.WindowsDesktop\targets\Microsoft.WinFX.targets(136,5): message :       AfterCompile;
       C:\Program Files\dotnet\sdk\10.0.100\Sdks\Microsoft.NET.Sdk.WindowsDesktop\targets\Microsoft.WinFX.targets(136,5): message :     ;
       C:\Program Files\dotnet\sdk\10.0.100\Sdks\Microsoft.NET.Sdk.WindowsDesktop\targets\Microsoft.WinFX.targets(136,5): message :       _CreateAppHost;
       C:\Program Files\dotnet\sdk\10.0.100\Sdks\Microsoft.NET.Sdk.WindowsDesktop\targets\Microsoft.WinFX.targets(136,5): message :       _CreateComHost;
       C:\Program Files\dotnet\sdk\10.0.100\Sdks\Microsoft.NET.Sdk.WindowsDesktop\targets\Microsoft.WinFX.targets(136,5): message :       _GetIjwHostPaths;
       C:\Program Files\dotnet\sdk\10.0.100\Sdks\Microsoft.NET.Sdk.WindowsDesktop\targets\Microsoft.WinFX.targets(136,5): message :     ;
       C:\Program Files\dotnet\sdk\10.0.100\Sdks\Microsoft.NET.Sdk.WindowsDesktop\targets\Microsoft.WinFX.targets(136,5): message :         _AfterCompileWinFXInternal
       C:\Program Files\dotnet\sdk\10.0.100\Sdks\Microsoft.NET.Sdk.WindowsDesktop\targets\Microsoft.WinFX.targets(136,5): message :     "(이전 값: "
       C:\Program Files\dotnet\sdk\10.0.100\Sdks\Microsoft.NET.Sdk.WindowsDesktop\targets\Microsoft.WinFX.targets(136,5): message :       
       C:\Program Files\dotnet\sdk\10.0.100\Sdks\Microsoft.NET.Sdk.WindowsDesktop\targets\Microsoft.WinFX.targets(136,5): message :       ResolveReferences;
       C:\Program Files\dotnet\sdk\10.0.100\Sdks\Microsoft.NET.Sdk.WindowsDesktop\targets\Microsoft.WinFX.targets(136,5): message :       ResolveKeySource;
       C:\Program Files\dotnet\sdk\10.0.100\Sdks\Microsoft.NET.Sdk.WindowsDesktop\targets\Microsoft.WinFX.targets(136,5): message :       SetWin32ManifestProperties;
       C:\Program Files\dotnet\sdk\10.0.100\Sdks\Microsoft.NET.Sdk.WindowsDesktop\targets\Microsoft.WinFX.targets(136,5): message :       _SetPreferNativeArm64Win32ManifestProperties;
       C:\Program Files\dotnet\sdk\10.0.100\Sdks\Microsoft.NET.Sdk.WindowsDesktop\targets\Microsoft.WinFX.targets(136,5): message :       FindReferenceAssembliesForReferences;
       C:\Program Files\dotnet\sdk\10.0.100\Sdks\Microsoft.NET.Sdk.WindowsDesktop\targets\Microsoft.WinFX.targets(136,5): message :       _GenerateCompileInputs;
       C:\Program Files\dotnet\sdk\10.0.100\Sdks\Microsoft.NET.Sdk.WindowsDesktop\targets\Microsoft.WinFX.targets(136,5): message :       BeforeCompile;
       C:\Program Files\dotnet\sdk\10.0.100\Sdks\Microsoft.NET.Sdk.WindowsDesktop\targets\Microsoft.WinFX.targets(136,5): message :       _TimeStampBeforeCompile;
       C:\Program Files\dotnet\sdk\10.0.100\Sdks\Microsoft.NET.Sdk.WindowsDesktop\targets\Microsoft.WinFX.targets(136,5): message :       _GenerateCompileDependencyCache;
       C:\Program Files\dotnet\sdk\10.0.100\Sdks\Microsoft.NET.Sdk.WindowsDesktop\targets\Microsoft.WinFX.targets(136,5): message :       CoreCompile;
       C:\Program Files\dotnet\sdk\10.0.100\Sdks\Microsoft.NET.Sdk.WindowsDesktop\targets\Microsoft.WinFX.targets(136,5): message :       _TimeStampAfterCompile;
       C:\Program Files\dotnet\sdk\10.0.100\Sdks\Microsoft.NET.Sdk.WindowsDesktop\targets\Microsoft.WinFX.targets(136,5): message :       AfterCompile;
       C:\Program Files\dotnet\sdk\10.0.100\Sdks\Microsoft.NET.Sdk.WindowsDesktop\targets\Microsoft.WinFX.targets(136,5): message :     ;
       C:\Program Files\dotnet\sdk\10.0.100\Sdks\Microsoft.NET.Sdk.WindowsDesktop\targets\Microsoft.WinFX.targets(136,5): message :       _CreateAppHost;
       C:\Program Files\dotnet\sdk\10.0.100\Sdks\Microsoft.NET.Sdk.WindowsDesktop\targets\Microsoft.WinFX.targets(136,5): message :       _CreateComHost;
       C:\Program Files\dotnet\sdk\10.0.100\Sdks\Microsoft.NET.Sdk.WindowsDesktop\targets\Microsoft.WinFX.targets(136,5): message :       _GetIjwHostPaths;
       C:\Program Files\dotnet\sdk\10.0.100\Sdks\Microsoft.NET.Sdk.WindowsDesktop\targets\Microsoft.WinFX.targets(136,5): message :     ")
       C:\Program Files\dotnet\sdk\10.0.100\Sdks\Microsoft.NET.Sdk.WindowsDesktop\targets\Microsoft.WinFX.targets(803,9): message : 속성 재할당: $(PublishBuildDependsOn)=C:\Program Files\dotnet\sdk\10.0.100\Sdks\Microsoft.NET.Sdk.WindowsDesktop\targets\Microsoft.WinFX.targets (803,9)의 "
       C:\Program Files\dotnet\sdk\10.0.100\Sdks\Microsoft.NET.Sdk.WindowsDesktop\targets\Microsoft.WinFX.targets(803,9): message :             BuildOnlySettings;
       C:\Program Files\dotnet\sdk\10.0.100\Sdks\Microsoft.NET.Sdk.WindowsDesktop\targets\Microsoft.WinFX.targets(803,9): message :             PrepareForBuild;
       C:\Program Files\dotnet\sdk\10.0.100\Sdks\Microsoft.NET.Sdk.WindowsDesktop\targets\Microsoft.WinFX.targets(803,9): message :             ResolveReferences;
       C:\Program Files\dotnet\sdk\10.0.100\Sdks\Microsoft.NET.Sdk.WindowsDesktop\targets\Microsoft.WinFX.targets(803,9): message :             PrepareResources;
       C:\Program Files\dotnet\sdk\10.0.100\Sdks\Microsoft.NET.Sdk.WindowsDesktop\targets\Microsoft.WinFX.targets(803,9): message :             ResolveKeySource;
       C:\Program Files\dotnet\sdk\10.0.100\Sdks\Microsoft.NET.Sdk.WindowsDesktop\targets\Microsoft.WinFX.targets(803,9): message :             PrepareResourcesForSatelliteAssemblies;
       C:\Program Files\dotnet\sdk\10.0.100\Sdks\Microsoft.NET.Sdk.WindowsDesktop\targets\Microsoft.WinFX.targets(803,9): message :             GenerateSerializationAssemblies;
       C:\Program Files\dotnet\sdk\10.0.100\Sdks\Microsoft.NET.Sdk.WindowsDesktop\targets\Microsoft.WinFX.targets(803,9): message :             CreateSatelliteAssemblies;
       C:\Program Files\dotnet\sdk\10.0.100\Sdks\Microsoft.NET.Sdk.WindowsDesktop\targets\Microsoft.WinFX.targets(803,9): message :         "(이전 값: "
       C:\Program Files\dotnet\sdk\10.0.100\Sdks\Microsoft.NET.Sdk.WindowsDesktop\targets\Microsoft.WinFX.targets(803,9): message :       BuildOnlySettings;
       C:\Program Files\dotnet\sdk\10.0.100\Sdks\Microsoft.NET.Sdk.WindowsDesktop\targets\Microsoft.WinFX.targets(803,9): message :       PrepareForBuild;
       C:\Program Files\dotnet\sdk\10.0.100\Sdks\Microsoft.NET.Sdk.WindowsDesktop\targets\Microsoft.WinFX.targets(803,9): message :       ResolveReferences;
       C:\Program Files\dotnet\sdk\10.0.100\Sdks\Microsoft.NET.Sdk.WindowsDesktop\targets\Microsoft.WinFX.targets(803,9): message :       PrepareResources;
       C:\Program Files\dotnet\sdk\10.0.100\Sdks\Microsoft.NET.Sdk.WindowsDesktop\targets\Microsoft.WinFX.targets(803,9): message :       ResolveKeySource;
       C:\Program Files\dotnet\sdk\10.0.100\Sdks\Microsoft.NET.Sdk.WindowsDesktop\targets\Microsoft.WinFX.targets(803,9): message :       GenerateSerializationAssemblies;
       C:\Program Files\dotnet\sdk\10.0.100\Sdks\Microsoft.NET.Sdk.WindowsDesktop\targets\Microsoft.WinFX.targets(803,9): message :       CreateSatelliteAssemblies;
       C:\Program Files\dotnet\sdk\10.0.100\Sdks\Microsoft.NET.Sdk.WindowsDesktop\targets\Microsoft.WinFX.targets(803,9): message :     ")
       C:\Program Files\dotnet\sdk\10.0.100\NuGet.Build.Tasks.Pack.targets(34,5): message : 속성 재할당: $(PackageDescription)=C:\Program Files\dotnet\sdk\10.0.100\NuGet.Build.Tasks.Pack.targets (34,5)의 "Package Description"(이전 값: "")
       C:\Program Files\dotnet\sdk\10.0.100\NuGet.Build.Tasks.Pack.targets(59,5): message : 속성 재할당: $(GenerateNuspecDependsOn)=C:\Program Files\dotnet\sdk\10.0.100\NuGet.Build.Tasks.Pack.targets (59,5)의 "Build;_LoadPackInputItems; _GetTargetFrameworksOutput; _WalkEachTargetPerFramework; _GetPackageFiles; "(이전 값: "_LoadPackInputItems; _GetTargetFrameworksOutput; _WalkEachTargetPerFramework; _GetPackageFiles; ")
       C:\Program Files\dotnet\sdk\10.0.100\Sdks\Microsoft.NET.Sdk\Sdk\Sdk.targets(59,5): message : 속성 재할당: $(_IsNotSetContainersTargetsDir)=C:\Program Files\dotnet\sdk\10.0.100\Sdks\Microsoft.NET.Sdk\Sdk\Sdk.targets (59,5)의 "true"(이전 값: "false")
       C:\Program Files\dotnet\sdk\10.0.100\Containers\build\Microsoft.NET.Build.Containers.targets(5,5): message : 속성 재할당: $(_IsSDKContainerAllowedVersion)=C:\Program Files\dotnet\sdk\10.0.100\Containers\build\Microsoft.NET.Build.Containers.targets (5,5)의 "true"(이전 값: "false")
       C:\Program Files\dotnet\sdk\10.0.100\Containers\build\Microsoft.NET.Build.Containers.targets(15,5): message : 속성 재할당: $(_ContainerIsTargetingNet8TFM)=C:\Program Files\dotnet\sdk\10.0.100\Containers\build\Microsoft.NET.Build.Containers.targets (15,5)의 "true"(이전 값: "false")
       "C:\Program Files\dotnet\sdk\10.0.100\Microsoft.Common.CurrentVersion.targets" 프로젝트의 "ResolveFrameworkReferences" 대상을 "C:\Program Files\dotnet\sdk\10.0.100\Sdks\Microsoft.NET.Sdk\targets\Microsoft.NET.Sdk.FrameworkReferenceResolution.targets" 프로젝트의 "ResolveFrameworkReferences" 대상으로 재정의하고 있습니다.
       "C:\Program Files\dotnet\sdk\10.0.100\Microsoft.Common.CurrentVersion.targets" 프로젝트의 "GenerateSupportedTargetFrameworkAlias" 대상을 "C:\Program Files\dotnet\sdk\10.0.100\Sdks\Microsoft.NET.Sdk\targets\Microsoft.NET.Sdk.targets" 프로젝트의 "GenerateSupportedTargetFrameworkAlias" 대상으로 재정의하고 있습니다.
       "C:\Program Files\dotnet\sdk\10.0.100\Microsoft.Common.CurrentVersion.targets" 프로젝트의 "GetReferenceAssemblyPaths" 대상을 "C:\Program Files\dotnet\sdk\10.0.100\Sdks\Microsoft.NET.Sdk\targets\Microsoft.NET.DisableStandardFrameworkResolution.targets" 프로젝트의 "GetReferenceAssemblyPaths" 대상으로 재정의하고 있습니다.
       "C:\Program Files\dotnet\sdk\10.0.100\Microsoft.Common.CurrentVersion.targets" 프로젝트의 "GetFrameworkPaths" 대상을 "C:\Program Files\dotnet\sdk\10.0.100\Sdks\Microsoft.NET.Sdk\targets\Microsoft.NET.DisableStandardFrameworkResolution.targets" 프로젝트의 "GetFrameworkPaths" 대상으로 재정의하고 있습니다.
       "C:\Program Files\dotnet\sdk\10.0.100\Microsoft.Common.CurrentVersion.targets" 프로젝트의 "DesignerRuntimeImplementationProjectOutputGroup" 대상을 "C:\Program Files\dotnet\sdk\10.0.100\Sdks\Microsoft.NET.Sdk\targets\Microsoft.NET.DesignerSupport.targets" 프로젝트의 "DesignerRuntimeImplementationProjectOutputGroup" 대상으로 재정의하고 있습니다.
       "C:\Program Files\dotnet\sdk\10.0.100\Microsoft.Common.CurrentVersion.targets" 프로젝트의 "Publish" 대상을 "C:\Program Files\dotnet\sdk\10.0.100\Sdks\Microsoft.NET.Sdk\targets\Microsoft.NET.Publish.targets" 프로젝트의 "Publish" 대상으로 재정의하고 있습니다.
       "C:\Program Files\dotnet\sdk\10.0.100\Sdks\Microsoft.NET.Sdk\targets\Microsoft.NET.CrossGen.targets" 프로젝트의 "ResolveReadyToRunCompilers" 대상을 "C:\Program Files\dotnet\sdk\10.0.100\Sdks\Microsoft.NET.Sdk\targets\Microsoft.NET.Publish.targets" 프로젝트의 "ResolveReadyToRunCompilers" 대상으로 재정의하고 있습니다.
       "C:\Program Files\dotnet\sdk\10.0.100\Microsoft.Common.CurrentVersion.targets" 프로젝트의 "GetCopyToPublishDirectoryItems" 대상을 "C:\Program Files\dotnet\sdk\10.0.100\Sdks\Microsoft.NET.Sdk\targets\Microsoft.NET.Publish.targets" 프로젝트의 "GetCopyToPublishDirectoryItems" 대상으로 재정의하고 있습니다.
       "C:\Program Files\dotnet\sdk\10.0.100\Microsoft.Common.CurrentVersion.targets" 프로젝트의 "Run" 대상을 "C:\Program Files\dotnet\sdk\10.0.100\Sdks\Microsoft.NET.Sdk\targets\Microsoft.NET.Sdk.targets" 프로젝트의 "Run" 대상으로 재정의하고 있습니다.
       "C:\Program Files\dotnet\sdk\10.0.100\Microsoft.Common.CurrentVersion.targets" 프로젝트의 "SatelliteDllsProjectOutputGroup" 대상을 "C:\Program Files\dotnet\sdk\10.0.100\Sdks\Microsoft.NET.Sdk.WindowsDesktop\targets\Microsoft.WinFX.targets" 프로젝트의 "SatelliteDllsProjectOutputGroup" 대상으로 재정의하고 있습니다.
   1:2>"c:\WORK\SRC\Railml_editor\RailmlEditor.sln"(1:2) 프로젝트가 1 노드에서 "c:\WORK\SRC\Railml_editor\RailmlEditor\RailmlEditor.csproj"(2:6)을(를) 빌드하고 있습니다(기본 대상).
   2:6>"c:\WORK\SRC\Railml_editor\RailmlEditor\RailmlEditor.csproj" 프로젝트의 "C:\Program Files\dotnet\sdk\10.0.100\Sdks\Microsoft.NET.Sdk\targets\Microsoft.NET.TargetFrameworkInference.targets" 파일에 있는 "_CollectTargetFrameworkForTelemetry" 대상("_CheckForInvalidConfigurationAndPlatform" 대상이 종속됨):
   2:6>"C:\Program Files\dotnet\sdk\10.0.100\Sdks\Microsoft.NET.Sdk\targets\..\tools\net10.0\Microsoft.NET.Build.Tasks.dll" 어셈블리에서 "AllowEmptyTelemetry" 작업을 사용합니다.
       "AllowEmptyTelemetry" 작업
       "AllowEmptyTelemetry" 작업을 실행했습니다.
   2:6>"RailmlEditor.csproj" 프로젝트에 "_CollectTargetFrameworkForTelemetry" 대상을 빌드했습니다.
   2:6>"c:\WORK\SRC\Railml_editor\RailmlEditor\RailmlEditor.csproj" 프로젝트의 "C:\Program Files\dotnet\sdk\10.0.100\Sdks\Microsoft.NET.Sdk\targets\Microsoft.NET.TargetFrameworkInference.targets" 파일에 있는 "_CheckForUnsupportedTargetPlatformIdentifier" 대상("_CheckForInvalidConfigurationAndPlatform" 대상이 종속됨):
   2:6>"RailmlEditor.csproj" 프로젝트에 "_CheckForUnsupportedTargetPlatformIdentifier" 대상을 빌드했습니다.
   2:6>"c:\WORK\SRC\Railml_editor\RailmlEditor\RailmlEditor.csproj" 프로젝트의 "C:\Program Files\dotnet\sdk\10.0.100\Sdks\Microsoft.NET.Sdk\targets\Microsoft.NET.TargetFrameworkInference.targets" 파일에 있는 "_CheckForUnsupportedNETCoreVersion" 대상("_CheckForInvalidConfigurationAndPlatform" 대상이 종속됨):
   2:6>"RailmlEditor.csproj" 프로젝트에 "_CheckForUnsupportedNETCoreVersion" 대상을 빌드했습니다.
   2:6>"c:\WORK\SRC\Railml_editor\RailmlEditor\RailmlEditor.csproj" 프로젝트의 "C:\Program Files\dotnet\sdk\10.0.100\Sdks\Microsoft.NET.Sdk\targets\Microsoft.NET.TargetFrameworkInference.targets" 파일에 있는 "_CheckForUnsupportedCppNETCoreVersion" 대상("_CheckForInvalidConfigurationAndPlatform" 대상이 종속됨):
   2:6>"RailmlEditor.csproj" 프로젝트에 "_CheckForUnsupportedCppNETCoreVersion" 대상을 빌드했습니다.
   2:6>"c:\WORK\SRC\Railml_editor\RailmlEditor\RailmlEditor.csproj" 프로젝트의 "C:\Program Files\dotnet\sdk\10.0.100\Sdks\Microsoft.NET.Sdk\targets\Microsoft.NET.TargetFrameworkInference.targets" 파일에 있는 "_CheckForSupportedOSPlatformVersionHigherThanTargetPlatformVersion" 대상("_CheckForInvalidConfigurationAndPlatform" 대상이 종속됨):
   2:6>"RailmlEditor.csproj" 프로젝트에 "_CheckForSupportedOSPlatformVersionHigherThanTargetPlatformVersion" 대상을 빌드했습니다.
   2:6>"c:\WORK\SRC\Railml_editor\RailmlEditor\RailmlEditor.csproj" 프로젝트의 "C:\Program Files\dotnet\sdk\10.0.100\Sdks\Microsoft.NET.Sdk\targets\Microsoft.NET.TargetFrameworkInference.targets" 파일에 있는 "_NormalizeTargetPlatformVersion" 대상("_CheckForInvalidTargetPlatformVersion" 대상이 종속됨):
   2:6>"RailmlEditor.csproj" 프로젝트에 "_NormalizeTargetPlatformVersion" 대상을 빌드했습니다.
   2:6>"c:\WORK\SRC\Railml_editor\RailmlEditor\RailmlEditor.csproj" 프로젝트의 "C:\Program Files\dotnet\sdk\10.0.100\Sdks\Microsoft.NET.Sdk\targets\Microsoft.NET.TargetFrameworkInference.targets" 파일에 있는 "_CheckForInvalidTargetPlatformVersion" 대상("_CheckForInvalidConfigurationAndPlatform" 대상이 종속됨):
   2:6>"RailmlEditor.csproj" 프로젝트에 "_CheckForInvalidTargetPlatformVersion" 대상을 빌드했습니다.
   2:6>"c:\WORK\SRC\Railml_editor\RailmlEditor\RailmlEditor.csproj" 프로젝트의 "C:\Program Files\dotnet\sdk\10.0.100\Sdks\Microsoft.NET.Sdk\targets\Microsoft.NET.DefaultOutputPaths.targets" 파일에 있는 "_CheckForUnsupportedArtifactsPath" 대상("_CheckForInvalidConfigurationAndPlatform" 대상이 종속됨):
   2:6>"RailmlEditor.csproj" 프로젝트에 "_CheckForUnsupportedArtifactsPath" 대상을 빌드했습니다.
   2:6>"c:\WORK\SRC\Railml_editor\RailmlEditor\RailmlEditor.csproj" 프로젝트의 "C:\Program Files\dotnet\sdk\10.0.100\Sdks\Microsoft.NET.Sdk\targets\Microsoft.NET.RuntimeIdentifierInference.targets" 파일에 있는 "_CheckRIDAsserts" 대상("_CheckForUnsupportedAppHostUsage" 대상이 종속됨):
   2:6>"RailmlEditor.csproj" 프로젝트에 "_CheckRIDAsserts" 대상을 빌드했습니다.
   2:6>"c:\WORK\SRC\Railml_editor\RailmlEditor\RailmlEditor.csproj" 프로젝트의 "C:\Program Files\dotnet\sdk\10.0.100\Sdks\Microsoft.NET.Sdk\targets\Microsoft.NET.RuntimeIdentifierInference.targets" 파일에 있는 "_CheckForUnsupportedAppHostUsage" 대상("_CheckForInvalidConfigurationAndPlatform" 대상이 종속됨):
   2:6>"RailmlEditor.csproj" 프로젝트에 "_CheckForUnsupportedAppHostUsage" 대상을 빌드했습니다.
   2:6>"c:\WORK\SRC\Railml_editor\RailmlEditor\RailmlEditor.csproj" 프로젝트의 "C:\Program Files\dotnet\sdk\10.0.100\Sdks\Microsoft.NET.Sdk\targets\Microsoft.NET.RuntimeIdentifierInference.targets" 파일에 있는 "_CheckForUnsupportedHostingUsage" 대상("_CheckForInvalidConfigurationAndPlatform" 대상이 종속됨):
   2:6>"RailmlEditor.csproj" 프로젝트에 "_CheckForUnsupportedHostingUsage" 대상을 빌드했습니다.
   2:6>"c:\WORK\SRC\Railml_editor\RailmlEditor\RailmlEditor.csproj" 프로젝트의 "C:\Program Files\dotnet\sdk\10.0.100\Sdks\Microsoft.NET.Sdk\targets\Microsoft.NET.RuntimeIdentifierInference.targets" 파일에 있는 "_CheckAndUnsetUnsupportedPrefer32Bit" 대상("_CheckForInvalidConfigurationAndPlatform" 대상이 종속됨):
   2:6>"RailmlEditor.csproj" 프로젝트에 "_CheckAndUnsetUnsupportedPrefer32Bit" 대상을 빌드했습니다.
   2:6>"c:\WORK\SRC\Railml_editor\RailmlEditor\RailmlEditor.csproj" 프로젝트의 "C:\Program Files\dotnet\sdk\10.0.100\Sdks\Microsoft.NET.Sdk\targets\Microsoft.NET.RuntimeIdentifierInference.targets" 파일에 있는 "_CheckForLanguageAndFeatureCombinationSupport" 대상("_CheckForInvalidConfigurationAndPlatform" 대상이 종속됨):
   2:6>"RailmlEditor.csproj" 프로젝트에 "_CheckForLanguageAndFeatureCombinationSupport" 대상을 빌드했습니다.
   2:6>"c:\WORK\SRC\Railml_editor\RailmlEditor\RailmlEditor.csproj" 프로젝트의 "C:\Program Files\dotnet\sdk\10.0.100\Sdks\Microsoft.NET.Sdk\targets\Microsoft.NET.Sdk.DefaultItems.Shared.targets" 파일에 있는 "CheckForImplicitPackageReferenceOverrides" 대상("CollectPackageReferences" 대상이 종속됨):
       "C:\Program Files\dotnet\sdk\10.0.100\Sdks\Microsoft.NET.Sdk\targets\..\tools\net10.0\Microsoft.NET.Build.Tasks.dll" 어셈블리에서 "CheckForImplicitPackageReferenceOverrides" 작업을 사용합니다.
       "CheckForImplicitPackageReferenceOverrides" 작업
       "CheckForImplicitPackageReferenceOverrides" 작업을 실행했습니다.
   2:6>"RailmlEditor.csproj" 프로젝트에 "CheckForImplicitPackageReferenceOverrides" 대상을 빌드했습니다.
   2:6>"c:\WORK\SRC\Railml_editor\RailmlEditor\RailmlEditor.csproj" 프로젝트의 "C:\Program Files\dotnet\sdk\10.0.100\Sdks\Microsoft.NET.Sdk\targets\Microsoft.NET.Sdk.FrameworkReferenceResolution.targets" 파일에 있는 "AddWindowsSdkKnownFrameworkReferences" 대상("ProcessFrameworkReferences" 대상이 종속됨):
       "C:\Program Files\dotnet\sdk\10.0.100\Sdks\Microsoft.NET.Sdk\targets\..\tools\net10.0\Microsoft.NET.Build.Tasks.dll" 어셈블리에서 "CreateWindowsSdkKnownFrameworkReferences" 작업을 사용합니다.
       "CreateWindowsSdkKnownFrameworkReferences" 작업
       "CreateWindowsSdkKnownFrameworkReferences" 작업을 실행했습니다.
   2:6>"RailmlEditor.csproj" 프로젝트에 "AddWindowsSdkKnownFrameworkReferences" 대상을 빌드했습니다.
   2:6>"c:\WORK\SRC\Railml_editor\RailmlEditor\RailmlEditor.csproj" 프로젝트의 "C:\Program Files\dotnet\sdk\10.0.100\Sdks\Microsoft.NET.Sdk\targets\Microsoft.NET.Publish.targets" 파일에 있는 "_ComputeToolPackInputsToProcessFrameworkReferences" 대상("ProcessFrameworkReferences" 대상이 종속됨):
   2:6>"RailmlEditor.csproj" 프로젝트에 "_ComputeToolPackInputsToProcessFrameworkReferences" 대상을 빌드했습니다.
   2:6>"c:\WORK\SRC\Railml_editor\RailmlEditor\RailmlEditor.csproj" 프로젝트의 "C:\Program Files\dotnet\sdk\10.0.100\Sdks\Microsoft.NET.Sdk\targets\Microsoft.NET.Sdk.FrameworkReferenceResolution.targets" 파일에 있는 "ProcessFrameworkReferences" 대상("CollectPackageReferences" 대상이 종속됨):
       "C:\Program Files\dotnet\sdk\10.0.100\Sdks\Microsoft.NET.Sdk\targets\..\tools\net10.0\Microsoft.NET.Build.Tasks.dll" 어셈블리에서 "CheckForDuplicateFrameworkReferences" 작업을 사용합니다.
       "CheckForDuplicateFrameworkReferences" 작업
       "CheckForDuplicateFrameworkReferences" 작업을 실행했습니다.
       "C:\Program Files\dotnet\sdk\10.0.100\Sdks\Microsoft.NET.Sdk\targets\..\tools\net10.0\Microsoft.NET.Build.Tasks.dll" 어셈블리에서 "ProcessFrameworkReferences" 작업을 사용합니다.
       "ProcessFrameworkReferences" 작업
         Found 2 known framework references for target framework .NETCoreApp
         Found 5 known runtime packs for target framework .NETCoreApp
         Selected Microsoft.NETCore.App with RIDs 'linux-arm;linux-arm64;linux-musl-arm64;linux-musl-x64;linux-x64;osx-x64;tizen.4.0.0-armel;tizen.5.0.0-armel;win-arm64;win-x64;win-x86;linux-musl-arm;osx-arm64;linux-s390x;linux-loongarch64;linux-bionic-arm;linux-bionic-arm64;linux-bionic-x64;linux-bionic-x86;linux-ppc64le;freebsd-x64;freebsd-arm64;linux-riscv64;linux-musl-riscv64;linux-musl-loongarch64;android-arm64;android-x64'
         Selected targeting pack 'Microsoft.NETCore.App@10.0.0'
         Added runtime framework 'Microsoft.NETCore.App@10.0.0'
         Selected Microsoft.WindowsDesktop.App with RIDs 'win-x64;win-x86;win-arm64'
         Selected targeting pack 'Microsoft.WindowsDesktop.App@10.0.0'
         Added runtime framework 'Microsoft.WindowsDesktop.App@10.0.0'
         Selected Microsoft.WindowsDesktop.App with RIDs 'win-x64;win-x86;win-arm64'
         Selected targeting pack 'Microsoft.WindowsDesktop.App.WPF@10.0.0'
         Added runtime framework 'Microsoft.WindowsDesktop.App@10.0.0'
         Selected Microsoft.WindowsDesktop.App with RIDs 'win-x64;win-x86;win-arm64'
         Selected targeting pack 'Microsoft.WindowsDesktop.App.WindowsForms@10.0.0'
         Added runtime framework 'Microsoft.WindowsDesktop.App@10.0.0'
         Selected Microsoft.AspNetCore.App with RIDs 'win-x64;win-x86;osx-x64;linux-musl-x64;linux-musl-arm64;linux-x64;linux-arm;linux-arm64;linux-musl-arm;win-arm64;osx-arm64;linux-s390x;linux-loongarch64;linux-ppc64le;freebsd-x64;freebsd-arm64;linux-riscv64;linux-musl-riscv64;linux-loongarch64;linux-musl-loongarch64'
         Selected targeting pack 'Microsoft.AspNetCore.App@10.0.0'
         Added runtime framework 'Microsoft.AspNetCore.App@10.0.0'
       "ProcessFrameworkReferences" 작업을 실행했습니다.
       "C:\Program Files\dotnet\sdk\10.0.100\Sdks\Microsoft.NET.Sdk\targets\..\tools\net10.0\Microsoft.NET.Build.Tasks.dll" 어셈블리에서 "ResolveAppHosts" 작업을 사용합니다.
       "ResolveAppHosts" 작업
       "ResolveAppHosts" 작업을 실행했습니다.
   2:6>"RailmlEditor.csproj" 프로젝트에 "ProcessFrameworkReferences" 대상을 빌드했습니다.
   2:6>"c:\WORK\SRC\Railml_editor\RailmlEditor\RailmlEditor.csproj" 프로젝트의 "C:\Program Files\dotnet\sdk\10.0.100\Sdks\Microsoft.NET.Sdk\targets\Microsoft.NET.ObsoleteReferences.targets" 파일에 있는 "_CheckForObsoleteDotNetCliToolReferences" 대상("CollectPackageReferences" 대상이 종속됨):
   2:6>"RailmlEditor.csproj" 프로젝트에 "_CheckForObsoleteDotNetCliToolReferences" 대상을 빌드했습니다.
   2:6>"c:\WORK\SRC\Railml_editor\RailmlEditor\RailmlEditor.csproj" 프로젝트의 "C:\Program Files\dotnet\sdk\10.0.100\NuGet.targets" 파일에 있는 "CollectPackageReferences" 대상("_GetRestoreProjectStyle" 대상이 종속됨):
       "C:\Program Files\dotnet\sdk\10.0.100\NuGet.Build.Tasks.dll" 어셈블리에서 "CheckForDuplicateNuGetItemsTask" 작업을 사용합니다.
       "CheckForDuplicateNuGetItemsTask" 작업
       "CheckForDuplicateNuGetItemsTask" 작업을 실행했습니다.
   2:6>"RailmlEditor.csproj" 프로젝트에 "CollectPackageReferences" 대상을 빌드했습니다.
   2:6>"c:\WORK\SRC\Railml_editor\RailmlEditor\RailmlEditor.csproj" 프로젝트의 "C:\Program Files\dotnet\sdk\10.0.100\NuGet.targets" 파일에 있는 "_GetRestoreProjectStyle" 대상("EnableIntermediateOutputPathMismatchWarning" 대상이 종속됨):
       "C:\Program Files\dotnet\sdk\10.0.100\NuGet.Build.Tasks.dll" 어셈블리에서 "GetRestoreProjectStyleTask" 작업을 사용합니다.
       "GetRestoreProjectStyleTask" 작업
       "GetRestoreProjectStyleTask" 작업을 실행했습니다.
   2:6>"RailmlEditor.csproj" 프로젝트에 "_GetRestoreProjectStyle" 대상을 빌드했습니다.
   2:6>"c:\WORK\SRC\Railml_editor\RailmlEditor\RailmlEditor.csproj" 프로젝트의 "C:\Program Files\dotnet\sdk\10.0.100\NuGet.targets" 파일에 있는 "EnableIntermediateOutputPathMismatchWarning" 대상("_CheckForInvalidConfigurationAndPlatform" 대상이 종속됨):
   2:6>"RailmlEditor.csproj" 프로젝트에 "EnableIntermediateOutputPathMismatchWarning" 대상을 빌드했습니다.
       "CheckForImplicitPackageReferenceOverrides" 대상을 건너뜁니다. 이전에 빌드되었습니다.
   2:6>"c:\WORK\SRC\Railml_editor\RailmlEditor\RailmlEditor.csproj" 프로젝트의 "C:\Program Files\dotnet\sdk\10.0.100\Sdks\Microsoft.NET.Sdk\targets\Microsoft.NET.Sdk.DefaultItems.Shared.targets" 파일에 있는 "CheckForDuplicateItems" 대상("_CheckForInvalidConfigurationAndPlatform" 대상이 종속됨):
       "C:\Program Files\dotnet\sdk\10.0.100\Sdks\Microsoft.NET.Sdk\targets\..\tools\net10.0\Microsoft.NET.Build.Tasks.dll" 어셈블리에서 "CheckForDuplicateItems" 작업을 사용합니다.
       "CheckForDuplicateItems" 작업
       "CheckForDuplicateItems" 작업을 실행했습니다.
       "CheckForDuplicateItems" 작업
       "CheckForDuplicateItems" 작업을 실행했습니다.
       "CheckForDuplicateItems" 작업
       "CheckForDuplicateItems" 작업을 실행했습니다.
   2:6>"RailmlEditor.csproj" 프로젝트에 "CheckForDuplicateItems" 대상을 빌드했습니다.
   2:6>"c:\WORK\SRC\Railml_editor\RailmlEditor\RailmlEditor.csproj" 프로젝트의 "C:\Program Files\dotnet\sdk\10.0.100\Sdks\Microsoft.NET.Sdk\targets\Microsoft.NET.Sdk.DefaultItems.targets" 파일에 있는 "_CheckForInvalidWindowsDesktopTargetingConfiguration" 대상("_CheckForInvalidConfigurationAndPlatform" 대상이 종속됨):
   2:6>"RailmlEditor.csproj" 프로젝트에 "_CheckForInvalidWindowsDesktopTargetingConfiguration" 대상을 빌드했습니다.
       "ProcessFrameworkReferences" 대상을 건너뜁니다. 이전에 빌드되었습니다.
       "CheckForDuplicateItems" 대상을 건너뜁니다. 이전에 빌드되었습니다.
   2:6>"c:\WORK\SRC\Railml_editor\RailmlEditor\RailmlEditor.csproj" 프로젝트의 "C:\Program Files\dotnet\sdk\10.0.100\Sdks\Microsoft.NET.Sdk.WindowsDesktop\targets\Microsoft.NET.Sdk.WindowsDesktop.targets" 파일에 있는 "CheckForDuplicatePageItems" 대상("_CheckForInvalidConfigurationAndPlatform" 대상이 종속됨):
       "CheckForDuplicateItems" 작업
       "CheckForDuplicateItems" 작업을 실행했습니다.
   2:6>"RailmlEditor.csproj" 프로젝트에 "CheckForDuplicatePageItems" 대상을 빌드했습니다.
   2:6>"c:\WORK\SRC\Railml_editor\RailmlEditor\RailmlEditor.csproj" 프로젝트의 "C:\Program Files\dotnet\sdk\10.0.100\Sdks\Microsoft.NET.Sdk.WindowsDesktop\targets\Microsoft.NET.Sdk.WindowsDesktop.targets" 파일에 있는 "_WindowsDesktopFrameworkRequiresUseWpfOrUseWindowsForms" 대상("_CheckForInvalidConfigurationAndPlatform" 대상이 종속됨):
   2:6>"RailmlEditor.csproj" 프로젝트에 "_WindowsDesktopFrameworkRequiresUseWpfOrUseWindowsForms" 대상을 빌드했습니다.
   2:6>"c:\WORK\SRC\Railml_editor\RailmlEditor\RailmlEditor.csproj" 프로젝트의 "C:\Program Files\dotnet\sdk\10.0.100\Microsoft.Common.CurrentVersion.targets" 파일에 있는 "_CheckForInvalidConfigurationAndPlatform" 대상("BeforeBuild" 대상이 종속됨):
       "Message" 작업
         Configuration=Debug
       "Message" 작업을 실행했습니다.
       "Message" 작업
         Platform=AnyCPU
       "Message" 작업을 실행했습니다.
   2:6>"RailmlEditor.csproj" 프로젝트에 "_CheckForInvalidConfigurationAndPlatform" 대상을 빌드했습니다.
   2:6>"c:\WORK\SRC\Railml_editor\RailmlEditor\RailmlEditor.csproj" 프로젝트의 "C:\Program Files\dotnet\sdk\10.0.100\Sdks\Microsoft.NET.Sdk\targets\Microsoft.NET.Sdk.targets" 파일에 있는 "ValidateCommandLineProperties" 대상("BeforeBuild" 대상이 종속됨):
   2:6>"RailmlEditor.csproj" 프로젝트에 "ValidateCommandLineProperties" 대상을 빌드했습니다.
   2:6>"c:\WORK\SRC\Railml_editor\RailmlEditor\RailmlEditor.csproj" 프로젝트의 "C:\Program Files\dotnet\sdk\10.0.100\Microsoft.Common.CurrentVersion.targets" 파일에 있는 "BeforeBuild" 대상("Build" 대상이 종속됨):
   2:6>"RailmlEditor.csproj" 프로젝트에 "BeforeBuild" 대상을 빌드했습니다.
   2:6>"c:\WORK\SRC\Railml_editor\RailmlEditor\RailmlEditor.csproj" 프로젝트의 "C:\Program Files\dotnet\sdk\10.0.100\Microsoft.Common.CurrentVersion.targets" 파일에 있는 "BuildOnlySettings" 대상("CoreBuild" 대상이 종속됨):
       C:\Program Files\dotnet\sdk\10.0.100\Microsoft.Common.CurrentVersion.targets(1168,7): message : 속성 재할당: $(BuildingProject)=C:\Program Files\dotnet\sdk\10.0.100\Microsoft.Common.CurrentVersion.targets (1168,7)의 "true"(이전 값: "false") [c:\WORK\SRC\Railml_editor\RailmlEditor\RailmlEditor.csproj]
   2:6>"RailmlEditor.csproj" 프로젝트에 "BuildOnlySettings" 대상을 빌드했습니다.
   2:6>"c:\WORK\SRC\Railml_editor\RailmlEditor\RailmlEditor.csproj" 프로젝트의 "C:\Program Files\dotnet\sdk\10.0.100\Sdks\Microsoft.NET.Sdk\targets\Microsoft.NET.DisableStandardFrameworkResolution.targets" 파일에 있는 "GetFrameworkPaths" 대상("PrepareForBuild" 대상이 종속됨):
   2:6>"RailmlEditor.csproj" 프로젝트에 "GetFrameworkPaths" 대상을 빌드했습니다.
   2:6>"c:\WORK\SRC\Railml_editor\RailmlEditor\RailmlEditor.csproj" 프로젝트의 "C:\Program Files\dotnet\sdk\10.0.100\Sdks\Microsoft.NET.Sdk\targets\Microsoft.NET.DisableStandardFrameworkResolution.targets" 파일에 있는 "GetReferenceAssemblyPaths" 대상("PrepareForBuild" 대상이 종속됨):
   2:6>"RailmlEditor.csproj" 프로젝트에 "GetReferenceAssemblyPaths" 대상을 빌드했습니다.
   2:6>"c:\WORK\SRC\Railml_editor\RailmlEditor\RailmlEditor.csproj" 프로젝트의 "C:\Program Files\dotnet\sdk\10.0.100\Microsoft.Common.CurrentVersion.targets" 파일에 있는 "PrepareForBuild" 대상("CoreBuild" 대상이 종속됨):
       "Microsoft.Build.Tasks.Core, Version=15.1.0.0, Culture=neutral, PublicKeyToken=b03f5f7f11d50a3a" 어셈블리에서 "FindAppConfigFile" 작업을 사용합니다.
       "FindAppConfigFile" 작업
       "FindAppConfigFile" 작업을 실행했습니다.
       "Microsoft.Build.Tasks.Core, Version=15.1.0.0, Culture=neutral, PublicKeyToken=b03f5f7f11d50a3a" 어셈블리에서 "MakeDir" 작업을 사용합니다.
       "MakeDir" 작업
       "MakeDir" 작업을 실행했습니다.
   2:6>"RailmlEditor.csproj" 프로젝트에 "PrepareForBuild" 대상을 빌드했습니다.
   2:6>"c:\WORK\SRC\Railml_editor\RailmlEditor\RailmlEditor.csproj" 프로젝트의 "C:\Program Files\dotnet\sdk\10.0.100\Sdks\Microsoft.NET.Sdk\targets\Microsoft.NET.Sdk.BeforeCommon.targets" 파일에 있는 "GenerateTargetFrameworkDefineConstants" 대상("AddImplicitDefineConstants" 대상이 종속됨):
   2:6>"RailmlEditor.csproj" 프로젝트에 "GenerateTargetFrameworkDefineConstants" 대상을 빌드했습니다.
   2:6>"c:\WORK\SRC\Railml_editor\RailmlEditor\RailmlEditor.csproj" 프로젝트의 "C:\Program Files\dotnet\sdk\10.0.100\Sdks\Microsoft.NET.Sdk\targets\Microsoft.NET.Sdk.BeforeCommon.targets" 파일에 있는 "GenerateTargetPlatformDefineConstants" 대상("AddImplicitDefineConstants" 대상이 종속됨):
   2:6>"RailmlEditor.csproj" 프로젝트에 "GenerateTargetPlatformDefineConstants" 대상을 빌드했습니다.
   2:6>"c:\WORK\SRC\Railml_editor\RailmlEditor\RailmlEditor.csproj" 프로젝트의 "C:\Program Files\dotnet\sdk\10.0.100\Sdks\Microsoft.NET.Sdk\targets\Microsoft.NET.Sdk.BeforeCommon.targets" 파일에 있는 "GenerateNETCompatibleDefineConstants" 대상("AddImplicitDefineConstants" 대상이 종속됨):
   2:6>"RailmlEditor.csproj" 프로젝트에 "GenerateNETCompatibleDefineConstants" 대상을 빌드했습니다.
   2:6>"c:\WORK\SRC\Railml_editor\RailmlEditor\RailmlEditor.csproj" 프로젝트의 "C:\Program Files\dotnet\sdk\10.0.100\Sdks\Microsoft.NET.Sdk\targets\Microsoft.NET.Sdk.BeforeCommon.targets" 파일에 있는 "GeneratePlatformCompatibleDefineConstants" 대상("AddImplicitDefineConstants" 대상이 종속됨):
   2:6>"RailmlEditor.csproj" 프로젝트에 "GeneratePlatformCompatibleDefineConstants" 대상을 빌드했습니다.
   2:6>"c:\WORK\SRC\Railml_editor\RailmlEditor\RailmlEditor.csproj" 프로젝트의 "C:\Program Files\dotnet\sdk\10.0.100\Sdks\Microsoft.NET.Sdk\targets\Microsoft.NET.Sdk.BeforeCommon.targets" 파일에 있는 "AddImplicitDefineConstants" 대상("CoreBuild" 대상이 종속됨):
       C:\Program Files\dotnet\sdk\10.0.100\Sdks\Microsoft.NET.Sdk\targets\Microsoft.NET.Sdk.BeforeCommon.targets(295,7): message : 속성 재할당: $(DefineConstants)=C:\Program Files\dotnet\sdk\10.0.100\Sdks\Microsoft.NET.Sdk\targets\Microsoft.NET.Sdk.BeforeCommon.targets (295,7)의 "TRACE;DEBUG;NET;NET10_0;NETCOREAPP;WINDOWS;WINDOWS7_0;NET5_0_OR_GREATER;NET6_0_OR_GREATER;NET7_0_OR_GREATER;NET8_0_OR_GREATER;NET9_0_OR_GREATER;NET10_0_OR_GREATER;NETCOREAPP3_0_OR_GREATER;NETCOREAPP3_1_OR_GREATER;WINDOWS7_0_OR_GREATER"(이전 값: "TRACE;DEBUG") [c:\WORK\SRC\Railml_editor\RailmlEditor\RailmlEditor.csproj]
   2:6>"RailmlEditor.csproj" 프로젝트에 "AddImplicitDefineConstants" 대상을 빌드했습니다.
   2:6>"c:\WORK\SRC\Railml_editor\RailmlEditor\RailmlEditor.csproj" 프로젝트의 "C:\Program Files\dotnet\sdk\10.0.100\Sdks\Microsoft.NET.Sdk\targets\Microsoft.NET.GenerateGlobalUsings.targets" 파일에 있는 "GenerateGlobalUsings" 대상("CoreBuild" 대상이 종속됨):
       "C:\Program Files\dotnet\sdk\10.0.100\Sdks\Microsoft.NET.Sdk\targets\..\tools\net10.0\Microsoft.NET.Build.Tasks.dll" 어셈블리에서 "GenerateGlobalUsings" 작업을 사용합니다.
       "GenerateGlobalUsings" 작업
       "GenerateGlobalUsings" 작업을 실행했습니다.
       "Microsoft.Build.Tasks.Core, Version=15.1.0.0, Culture=neutral, PublicKeyToken=b03f5f7f11d50a3a" 어셈블리에서 "WriteLinesToFile" 작업을 사용합니다.
       "WriteLinesToFile" 작업
         콘텐츠가 변경되지 않아 "obj\Debug\net10.0-windows\RailmlEditor.GlobalUsings.g.cs" 파일에 쓰기를 건너뜁니다.
       "WriteLinesToFile" 작업을 실행했습니다.
   2:6>"RailmlEditor.csproj" 프로젝트에 "GenerateGlobalUsings" 대상을 빌드했습니다.
   2:6>"c:\WORK\SRC\Railml_editor\RailmlEditor\RailmlEditor.csproj" 프로젝트의 "C:\Program Files\dotnet\sdk\10.0.100\Microsoft.Common.CurrentVersion.targets" 파일에 있는 "BeforeResolveReferences" 대상("ResolveReferences" 대상이 종속됨):
   2:6>"RailmlEditor.csproj" 프로젝트에 "BeforeResolveReferences" 대상을 빌드했습니다.
   2:6>"c:\WORK\SRC\Railml_editor\RailmlEditor\RailmlEditor.csproj" 프로젝트의 "C:\Program Files\dotnet\sdk\10.0.100\Microsoft.Common.CurrentVersion.targets" 파일에 있는 "IgnoreJavaScriptOutputAssembly" 대상("AssignProjectConfiguration" 대상이 종속됨):
   2:6>"RailmlEditor.csproj" 프로젝트에 "IgnoreJavaScriptOutputAssembly" 대상을 빌드했습니다.
       "ProcessFrameworkReferences" 대상을 건너뜁니다. 이전에 빌드되었습니다.
   2:6>"c:\WORK\SRC\Railml_editor\RailmlEditor\RailmlEditor.csproj" 프로젝트의 "C:\Program Files\dotnet\sdk\10.0.100\Sdks\Microsoft.NET.Sdk\targets\Microsoft.NET.Sdk.Shared.targets" 파일에 있는 "_DefaultMicrosoftNETPlatformLibrary" 대상("ResolvePackageAssets" 대상이 종속됨):
   2:6>"RailmlEditor.csproj" 프로젝트에 "_DefaultMicrosoftNETPlatformLibrary" 대상을 빌드했습니다.
   2:6>"c:\WORK\SRC\Railml_editor\RailmlEditor\RailmlEditor.csproj" 프로젝트의 "C:\Program Files\dotnet\sdk\10.0.100\Sdks\Microsoft.NET.Sdk\targets\Microsoft.NET.Sdk.Shared.targets" 파일에 있는 "_ComputePackageReferencePublish" 대상("ResolvePackageAssets" 대상이 종속됨):
   2:6>"RailmlEditor.csproj" 프로젝트에 "_ComputePackageReferencePublish" 대상을 빌드했습니다.
   2:6>"c:\WORK\SRC\Railml_editor\RailmlEditor\RailmlEditor.csproj" 프로젝트의 "C:\Program Files\dotnet\sdk\10.0.100\Sdks\Microsoft.NET.Sdk\targets\Microsoft.PackageDependencyResolution.targets" 파일에 있는 "ResolvePackageAssets" 대상("ResolveLockFileReferences" 대상이 종속됨):
       "C:\Program Files\dotnet\sdk\10.0.100\Sdks\Microsoft.NET.Sdk\targets\..\tools\net10.0\Microsoft.NET.Build.Tasks.dll" 어셈블리에서 "ResolvePackageAssets" 작업을 사용합니다.
       "ResolvePackageAssets" 작업
       "ResolvePackageAssets" 작업을 실행했습니다.
   2:6>"RailmlEditor.csproj" 프로젝트에 "ResolvePackageAssets" 대상을 빌드했습니다.
   2:6>"c:\WORK\SRC\Railml_editor\RailmlEditor\RailmlEditor.csproj" 프로젝트의 "C:\Program Files\dotnet\sdk\10.0.100\Sdks\Microsoft.NET.Sdk\targets\Microsoft.PackageDependencyResolution.targets" 파일에 있는 "ResolveLockFileReferences" 대상("ResolvePackageDependenciesForBuild" 대상이 종속됨):
       "C:\Program Files\dotnet\sdk\10.0.100\Sdks\Microsoft.NET.Sdk\targets\..\tools\net10.0\Microsoft.NET.Build.Tasks.dll" 어셈블리에서 "JoinItems" 작업을 사용합니다.
       "JoinItems" 작업
       "JoinItems" 작업을 실행했습니다.
   2:6>"RailmlEditor.csproj" 프로젝트에 "ResolveLockFileReferences" 대상을 빌드했습니다.
       "ResolvePackageAssets" 대상을 건너뜁니다. 이전에 빌드되었습니다.
   2:6>"c:\WORK\SRC\Railml_editor\RailmlEditor\RailmlEditor.csproj" 프로젝트의 "C:\Program Files\dotnet\sdk\10.0.100\Sdks\Microsoft.NET.Sdk\targets\Microsoft.PackageDependencyResolution.targets" 파일에 있는 "ResolveLockFileAnalyzers" 대상("ResolvePackageDependenciesForBuild" 대상이 종속됨):
   2:6>"RailmlEditor.csproj" 프로젝트에 "ResolveLockFileAnalyzers" 대상을 빌드했습니다.
       "ResolvePackageAssets" 대상을 건너뜁니다. 이전에 빌드되었습니다.
   2:6>"c:\WORK\SRC\Railml_editor\RailmlEditor\RailmlEditor.csproj" 프로젝트의 "C:\Program Files\dotnet\sdk\10.0.100\Sdks\Microsoft.NET.Sdk\targets\Microsoft.PackageDependencyResolution.targets" 파일에 있는 "ResolveLockFileCopyLocalFiles" 대상("ResolvePackageDependenciesForBuild" 대상이 종속됨):
   2:6>"RailmlEditor.csproj" 프로젝트에 "ResolveLockFileCopyLocalFiles" 대상을 빌드했습니다.
       "ResolvePackageAssets" 대상을 건너뜁니다. 이전에 빌드되었습니다.
   2:6>"c:\WORK\SRC\Railml_editor\RailmlEditor\RailmlEditor.csproj" 프로젝트의 "C:\Program Files\dotnet\sdk\10.0.100\Sdks\Microsoft.NET.Sdk\targets\Microsoft.PackageDependencyResolution.targets" 파일에 있는 "IncludeTransitiveProjectReferences" 대상("ResolvePackageDependenciesForBuild" 대상이 종속됨):
   2:6>"RailmlEditor.csproj" 프로젝트에 "IncludeTransitiveProjectReferences" 대상을 빌드했습니다.
   2:6>"c:\WORK\SRC\Railml_editor\RailmlEditor\RailmlEditor.csproj" 프로젝트의 "C:\Program Files\dotnet\sdk\10.0.100\Sdks\Microsoft.NET.Sdk\targets\Microsoft.PackageDependencyResolution.targets" 파일에 있는 "ResolvePackageDependenciesForBuild" 대상("AssignProjectConfiguration" 대상이 종속됨):
   2:6>"RailmlEditor.csproj" 프로젝트에 "ResolvePackageDependenciesForBuild" 대상을 빌드했습니다.
   2:6>"c:\WORK\SRC\Railml_editor\RailmlEditor\RailmlEditor.csproj" 프로젝트의 "C:\Program Files\dotnet\sdk\10.0.100\Microsoft.Common.CurrentVersion.targets" 파일에 있는 "AssignProjectConfiguration" 대상("ResolveReferences" 대상이 종속됨):
       "Microsoft.Build.Tasks.Core, Version=15.1.0.0, Culture=neutral, PublicKeyToken=b03f5f7f11d50a3a" 어셈블리에서 "AssignProjectConfiguration" 작업을 사용합니다.
       "AssignProjectConfiguration" 작업
       "AssignProjectConfiguration" 작업을 실행했습니다.
   2:6>"RailmlEditor.csproj" 프로젝트에 "AssignProjectConfiguration" 대상을 빌드했습니다.
       "AssignProjectConfiguration" 대상을 건너뜁니다. 이전에 빌드되었습니다.
   2:6>"c:\WORK\SRC\Railml_editor\RailmlEditor\RailmlEditor.csproj" 프로젝트의 "C:\Program Files\dotnet\sdk\10.0.100\Microsoft.Common.CurrentVersion.targets" 파일에 있는 "_SplitProjectReferencesByFileExistence" 대상("PrepareProjectReferences" 대상이 종속됨):
   2:6>"RailmlEditor.csproj" 프로젝트에 "_SplitProjectReferencesByFileExistence" 대상을 빌드했습니다.
   2:6>"c:\WORK\SRC\Railml_editor\RailmlEditor\RailmlEditor.csproj" 프로젝트의 "C:\Program Files\dotnet\sdk\10.0.100\Microsoft.Common.CurrentVersion.targets" 파일에 있는 "_AddOutputPathToGlobalPropertiesToRemove" 대상("_GetProjectReferenceTargetFrameworkProperties" 대상이 종속됨):
   2:6>"RailmlEditor.csproj" 프로젝트에 "_AddOutputPathToGlobalPropertiesToRemove" 대상을 빌드했습니다.
   2:6>"c:\WORK\SRC\Railml_editor\RailmlEditor\RailmlEditor.csproj" 프로젝트의 "C:\Program Files\dotnet\sdk\10.0.100\Microsoft.Common.CurrentVersion.targets" 파일에 있는 "_GetProjectReferenceTargetFrameworkProperties" 대상("PrepareProjectReferences" 대상이 종속됨):
       "MSBuild" 작업
       "MSBuild" 작업을 실행했습니다.
       "Microsoft.Build.Tasks.Core, Version=15.1.0.0, Culture=neutral, PublicKeyToken=b03f5f7f11d50a3a" 어셈블리에서 "SetRidAgnosticValueForProjects" 작업을 사용합니다.
       "SetRidAgnosticValueForProjects" 작업
       "SetRidAgnosticValueForProjects" 작업을 실행했습니다.
   2:6>"RailmlEditor.csproj" 프로젝트에 "_GetProjectReferenceTargetFrameworkProperties" 대상을 빌드했습니다.
   2:6>"c:\WORK\SRC\Railml_editor\RailmlEditor\RailmlEditor.csproj" 프로젝트의 "C:\Program Files\dotnet\sdk\10.0.100\Sdks\Microsoft.NET.Sdk\targets\Microsoft.NET.Sdk.targets" 파일에 있는 "_CalculateIsVSTestTestProject" 대상("ValidateExecutableReferences" 대상이 종속됨):
   2:6>"RailmlEditor.csproj" 프로젝트에 "_CalculateIsVSTestTestProject" 대상을 빌드했습니다.
   2:6>"c:\WORK\SRC\Railml_editor\RailmlEditor\RailmlEditor.csproj" 프로젝트의 "C:\Program Files\dotnet\sdk\10.0.100\Sdks\Microsoft.NET.Sdk\targets\Microsoft.NET.Sdk.targets" 파일에 있는 "ValidateExecutableReferences" 대상("PrepareProjectReferences" 대상이 종속됨):
       "C:\Program Files\dotnet\sdk\10.0.100\Sdks\Microsoft.NET.Sdk\targets\..\tools\net10.0\Microsoft.NET.Build.Tasks.dll" 어셈블리에서 "ValidateExecutableReferences" 작업을 사용합니다.
       "ValidateExecutableReferences" 작업
       "ValidateExecutableReferences" 작업을 실행했습니다.
   2:6>"RailmlEditor.csproj" 프로젝트에 "ValidateExecutableReferences" 대상을 빌드했습니다.
   2:6>"c:\WORK\SRC\Railml_editor\RailmlEditor\RailmlEditor.csproj" 프로젝트의 "C:\Program Files\dotnet\sdk\10.0.100\Microsoft.Common.CurrentVersion.targets" 파일에 있는 "PrepareProjectReferences" 대상("ResolveProjectReferences" 대상이 종속됨):
   2:6>"RailmlEditor.csproj" 프로젝트에 "PrepareProjectReferences" 대상을 빌드했습니다.
   2:6>"c:\WORK\SRC\Railml_editor\RailmlEditor\RailmlEditor.csproj" 프로젝트의 "C:\Program Files\dotnet\sdk\10.0.100\Microsoft.Common.CurrentVersion.targets" 파일에 있는 "ResolveProjectReferences" 대상("ResolveReferences" 대상이 종속됨):
   2:6>"RailmlEditor.csproj" 프로젝트에 "ResolveProjectReferences" 대상을 빌드했습니다.
   2:6>"c:\WORK\SRC\Railml_editor\RailmlEditor\RailmlEditor.csproj" 프로젝트의 "C:\Program Files\dotnet\sdk\10.0.100\Sdks\Microsoft.NET.Sdk\targets\Microsoft.NET.Windows.targets" 파일에 있는 "RemoveManagedWinRTComponentWinMDReferences" 대상("ResolveReferences" 대상이 종속됨):
   2:6>"RailmlEditor.csproj" 프로젝트에 "RemoveManagedWinRTComponentWinMDReferences" 대상을 빌드했습니다.
       "ResolveProjectReferences" 대상을 건너뜁니다. 이전에 빌드되었습니다.
       "GetFrameworkPaths" 대상을 건너뜁니다. 이전에 빌드되었습니다.
       "GetReferenceAssemblyPaths" 대상을 건너뜁니다. 이전에 빌드되었습니다.
       "PrepareForBuild" 대상을 건너뜁니다. 이전에 빌드되었습니다.
   2:6>"c:\WORK\SRC\Railml_editor\RailmlEditor\RailmlEditor.csproj" 프로젝트의 "C:\Program Files\dotnet\sdk\10.0.100\Microsoft.Common.CurrentVersion.targets" 파일에 있는 "ResolveSDKReferences" 대상("ResolveAssemblyReferences" 대상이 종속됨):
   2:6>"RailmlEditor.csproj" 프로젝트에 "ResolveSDKReferences" 대상을 빌드했습니다.
       "ResolveSDKReferences" 대상을 건너뜁니다. 이전에 빌드되었습니다.
   2:6>"c:\WORK\SRC\Railml_editor\RailmlEditor\RailmlEditor.csproj" 프로젝트의 "C:\Program Files\dotnet\sdk\10.0.100\Microsoft.Common.CurrentVersion.targets" 파일에 있는 "ExpandSDKReferences" 대상("ResolveAssemblyReferences" 대상이 종속됨):
   2:6>"RailmlEditor.csproj" 프로젝트에 "ExpandSDKReferences" 대상을 빌드했습니다.
       "ResolvePackageDependenciesForBuild" 대상을 건너뜁니다. 이전에 빌드되었습니다.
       "GetFrameworkPaths" 대상을 건너뜁니다. 이전에 빌드되었습니다.
       "GetReferenceAssemblyPaths" 대상을 건너뜁니다. 이전에 빌드되었습니다.
       "ProcessFrameworkReferences" 대상을 건너뜁니다. 이전에 빌드되었습니다.
       "ResolvePackageAssets" 대상을 건너뜁니다. 이전에 빌드되었습니다.
   2:6>"c:\WORK\SRC\Railml_editor\RailmlEditor\RailmlEditor.csproj" 프로젝트의 "C:\Program Files\dotnet\sdk\10.0.100\Sdks\Microsoft.NET.Sdk\targets\Microsoft.NET.Sdk.FrameworkReferenceResolution.targets" 파일에 있는 "ResolveFrameworkReferences" 대상("ResolveTargetingPackAssets" 대상이 종속됨):
       "C:\Program Files\dotnet\sdk\10.0.100\Sdks\Microsoft.NET.Sdk\targets\..\tools\net10.0\Microsoft.NET.Build.Tasks.dll" 어셈블리에서 "GetPackageDirectory" 작업을 사용합니다.
       "GetPackageDirectory" 작업
       "GetPackageDirectory" 작업을 실행했습니다.
       "GetPackageDirectory" 작업
       "GetPackageDirectory" 작업을 실행했습니다.
       "GetPackageDirectory" 작업
       "GetPackageDirectory" 작업을 실행했습니다.
       "GetPackageDirectory" 작업
       "GetPackageDirectory" 작업을 실행했습니다.
       "GetPackageDirectory" 작업
       "GetPackageDirectory" 작업을 실행했습니다.
       "GetPackageDirectory" 작업
       "GetPackageDirectory" 작업을 실행했습니다.
       "GetPackageDirectory" 작업
       "GetPackageDirectory" 작업을 실행했습니다.
       "GetPackageDirectory" 작업
       "GetPackageDirectory" 작업을 실행했습니다.
       "GetPackageDirectory" 작업
       "GetPackageDirectory" 작업을 실행했습니다.
       "GetPackageDirectory" 작업
       "GetPackageDirectory" 작업을 실행했습니다.
       "C:\Program Files\dotnet\sdk\10.0.100\Sdks\Microsoft.NET.Sdk\targets\..\tools\net10.0\Microsoft.NET.Build.Tasks.dll" 어셈블리에서 "ResolveFrameworkReferences" 작업을 사용합니다.
       "ResolveFrameworkReferences" 작업
       "ResolveFrameworkReferences" 작업을 실행했습니다.
   2:6>"RailmlEditor.csproj" 프로젝트에 "ResolveFrameworkReferences" 대상을 빌드했습니다.
   2:6>"c:\WORK\SRC\Railml_editor\RailmlEditor\RailmlEditor.csproj" 프로젝트의 "C:\Program Files\dotnet\sdk\10.0.100\Sdks\Microsoft.NET.Sdk\targets\Microsoft.NET.Sdk.FrameworkReferenceResolution.targets" 파일에 있는 "ResolveTargetingPackAssets" 대상("_HandlePackageFileConflicts" 대상이 종속됨):
       "C:\Program Files\dotnet\sdk\10.0.100\Sdks\Microsoft.NET.Sdk\targets\..\tools\net10.0\Microsoft.NET.Build.Tasks.dll" 어셈블리에서 "ResolveTargetingPackAssets" 작업을 사용합니다.
       "ResolveTargetingPackAssets" 작업
       "ResolveTargetingPackAssets" 작업을 실행했습니다.
   2:6>"RailmlEditor.csproj" 프로젝트에 "ResolveTargetingPackAssets" 대상을 빌드했습니다.
   2:6>"c:\WORK\SRC\Railml_editor\RailmlEditor\RailmlEditor.csproj" 프로젝트의 "C:\Program Files\dotnet\sdk\10.0.100\Sdks\Microsoft.NET.Sdk\targets\Microsoft.NET.Sdk.FrameworkReferenceResolution.targets" 파일에 있는 "ResolveOffByDefaultAnalyzers" 대상("_HandlePackageFileConflicts" 대상이 종속됨):
   2:6>"RailmlEditor.csproj" 프로젝트에 "ResolveOffByDefaultAnalyzers" 대상을 빌드했습니다.
   2:6>"c:\WORK\SRC\Railml_editor\RailmlEditor\RailmlEditor.csproj" 프로젝트의 "C:\Program Files\dotnet\sdk\10.0.100\Sdks\Microsoft.NET.Sdk\targets\Microsoft.NET.ConflictResolution.targets" 파일에 있는 "_HandlePackageFileConflicts" 대상("ResolveAssemblyReferences" 대상이 종속됨):
       "C:\Program Files\dotnet\sdk\10.0.100\Sdks\Microsoft.NET.Sdk\targets\..\tools\net10.0\Microsoft.NET.Build.Tasks.dll" 어셈블리에서 "ResolvePackageFileConflicts" 작업을 사용합니다.
       "ResolvePackageFileConflicts" 작업
         'Reference:C:\Program Files\dotnet\packs\Microsoft.NETCore.App.Ref\10.0.0\ref/net10.0/WindowsBase.dll'과(와) 'Reference:C:\Program Files\dotnet\packs\Microsoft.WindowsDesktop.App.Ref\10.0.0\ref/net10.0/WindowsBase.dll' 사이에 충돌이 발생했습니다. AssemblyVersion '10.0.0.0'이(가) '4.0.0.0'보다 크기 때문에 'Reference:C:\Program Files\dotnet\packs\Microsoft.WindowsDesktop.App.Ref\10.0.0\ref/net10.0/WindowsBase.dll'을(를) 선택합니다.
         'Platform:Microsoft.VisualBasic.dll'과(와) 'Platform:Microsoft.VisualBasic.dll' 사이에 충돌이 발생했습니다. AssemblyVersion '10.1.0.0'이(가) '10.0.0.0'보다 크기 때문에 'Platform:Microsoft.VisualBasic.dll'을(를) 선택합니다.
         'Platform:Microsoft.VisualBasic.dll'과(와) 'Platform:Microsoft.VisualBasic.dll' 사이에 충돌이 발생했습니다. AssemblyVersion '10.1.0.0'이(가) '10.0.0.0'보다 크기 때문에 'Platform:Microsoft.VisualBasic.dll'을(를) 선택합니다.
         'Platform:System.Drawing.dll'과(와) 'Platform:System.Drawing.dll' 사이에 충돌이 발생했습니다. AssemblyVersion '10.0.0.0'이(가) '4.0.0.0'보다 크기 때문에 'Platform:System.Drawing.dll'을(를) 선택합니다.
         'Platform:System.Drawing.dll'과(와) 'Platform:System.Drawing.dll' 사이에 충돌이 발생했습니다. AssemblyVersion '10.0.0.0'이(가) '4.0.0.0'보다 크기 때문에 'Platform:System.Drawing.dll'을(를) 선택합니다.
         'Platform:WindowsBase.dll'과(와) 'Platform:WindowsBase.dll' 사이에 충돌이 발생했습니다. AssemblyVersion '10.0.0.0'이(가) '4.0.0.0'보다 크기 때문에 'Platform:WindowsBase.dll'을(를) 선택합니다.
         'Platform:WindowsBase.dll'과(와) 'Platform:WindowsBase.dll' 사이에 충돌이 발생했습니다. AssemblyVersion '10.0.0.0'이(가) '4.0.0.0'보다 크기 때문에 'Platform:WindowsBase.dll'을(를) 선택합니다.
         'Platform:mscorlib.dll'과(와) 'Platform:mscorlib.dll' 사이에 충돌이 발생했습니다. 동일한 파일 및 어셈블리 버전으로 인해 적용되는 내용을 확인할 수 없습니다.
         'Platform:System.dll'과(와) 'Platform:System.dll' 사이에 충돌이 발생했습니다. 동일한 파일 및 어셈블리 버전으로 인해 적용되는 내용을 확인할 수 없습니다.
         'Platform:System.ComponentModel.DataAnnotations.dll'과(와) 'Platform:System.ComponentModel.DataAnnotations.dll' 사이에 충돌이 발생했습니다. 동일한 파일 및 어셈블리 버전으로 인해 적용되는 내용을 확인할 수 없습니다.
         'Platform:System.Configuration.dll'과(와) 'Platform:System.Configuration.dll' 사이에 충돌이 발생했습니다. 동일한 파일 및 어셈블리 버전으로 인해 적용되는 내용을 확인할 수 없습니다.
         'Platform:System.Core.dll'과(와) 'Platform:System.Core.dll' 사이에 충돌이 발생했습니다. 동일한 파일 및 어셈블리 버전으로 인해 적용되는 내용을 확인할 수 없습니다.
         'Platform:System.Data.dll'과(와) 'Platform:System.Data.dll' 사이에 충돌이 발생했습니다. 동일한 파일 및 어셈블리 버전으로 인해 적용되는 내용을 확인할 수 없습니다.
         'Platform:System.IO.Compression.FileSystem.dll'과(와) 'Platform:System.IO.Compression.FileSystem.dll' 사이에 충돌이 발생했습니다. 동일한 파일 및 어셈블리 버전으로 인해 적용되는 내용을 확인할 수 없습니다.
         'Platform:System.Net.dll'과(와) 'Platform:System.Net.dll' 사이에 충돌이 발생했습니다. 동일한 파일 및 어셈블리 버전으로 인해 적용되는 내용을 확인할 수 없습니다.
         'Platform:System.Numerics.dll'과(와) 'Platform:System.Numerics.dll' 사이에 충돌이 발생했습니다. 동일한 파일 및 어셈블리 버전으로 인해 적용되는 내용을 확인할 수 없습니다.
         'Platform:System.Runtime.Serialization.dll'과(와) 'Platform:System.Runtime.Serialization.dll' 사이에 충돌이 발생했습니다. 동일한 파일 및 어셈블리 버전으로 인해 적용되는 내용을 확인할 수 없습니다.
         'Platform:System.Security.dll'과(와) 'Platform:System.Security.dll' 사이에 충돌이 발생했습니다. 동일한 파일 및 어셈블리 버전으로 인해 적용되는 내용을 확인할 수 없습니다.
         'Platform:System.ServiceProcess.dll'과(와) 'Platform:System.ServiceProcess.dll' 사이에 충돌이 발생했습니다. 동일한 파일 및 어셈블리 버전으로 인해 적용되는 내용을 확인할 수 없습니다.
         'Platform:System.ServiceModel.Web.dll'과(와) 'Platform:System.ServiceModel.Web.dll' 사이에 충돌이 발생했습니다. 동일한 파일 및 어셈블리 버전으로 인해 적용되는 내용을 확인할 수 없습니다.
         'Platform:System.Transactions.dll'과(와) 'Platform:System.Transactions.dll' 사이에 충돌이 발생했습니다. 동일한 파일 및 어셈블리 버전으로 인해 적용되는 내용을 확인할 수 없습니다.
         'Platform:System.Web.dll'과(와) 'Platform:System.Web.dll' 사이에 충돌이 발생했습니다. 동일한 파일 및 어셈블리 버전으로 인해 적용되는 내용을 확인할 수 없습니다.
         'Platform:System.Windows.dll'과(와) 'Platform:System.Windows.dll' 사이에 충돌이 발생했습니다. 동일한 파일 및 어셈블리 버전으로 인해 적용되는 내용을 확인할 수 없습니다.
         'Platform:System.Xml.dll'과(와) 'Platform:System.Xml.dll' 사이에 충돌이 발생했습니다. 동일한 파일 및 어셈블리 버전으로 인해 적용되는 내용을 확인할 수 없습니다.
         'Platform:System.Xml.Serialization.dll'과(와) 'Platform:System.Xml.Serialization.dll' 사이에 충돌이 발생했습니다. 동일한 파일 및 어셈블리 버전으로 인해 적용되는 내용을 확인할 수 없습니다.
         'Platform:System.Xml.Linq.dll'과(와) 'Platform:System.Xml.Linq.dll' 사이에 충돌이 발생했습니다. 동일한 파일 및 어셈블리 버전으로 인해 적용되는 내용을 확인할 수 없습니다.
         'Platform:netstandard.dll'과(와) 'Platform:netstandard.dll' 사이에 충돌이 발생했습니다. 동일한 파일 및 어셈블리 버전으로 인해 적용되는 내용을 확인할 수 없습니다.
         'Platform:System.Private.CoreLib.dll'과(와) 'Platform:System.Private.CoreLib.dll' 사이에 충돌이 발생했습니다. 동일한 파일 및 어셈블리 버전으로 인해 적용되는 내용을 확인할 수 없습니다.
         'Platform:System.Private.DataContractSerialization.dll'과(와) 'Platform:System.Private.DataContractSerialization.dll' 사이에 충돌이 발생했습니다. 동일한 파일 및 어셈블리 버전으로 인해 적용되는 내용을 확인할 수 없습니다.
         'Platform:System.Private.Uri.dll'과(와) 'Platform:System.Private.Uri.dll' 사이에 충돌이 발생했습니다. 동일한 파일 및 어셈블리 버전으로 인해 적용되는 내용을 확인할 수 없습니다.
         'Platform:System.Private.Xml.dll'과(와) 'Platform:System.Private.Xml.dll' 사이에 충돌이 발생했습니다. 동일한 파일 및 어셈블리 버전으로 인해 적용되는 내용을 확인할 수 없습니다.
         'Platform:System.Private.Xml.Linq.dll'과(와) 'Platform:System.Private.Xml.Linq.dll' 사이에 충돌이 발생했습니다. 동일한 파일 및 어셈블리 버전으로 인해 적용되는 내용을 확인할 수 없습니다.
         'Platform:mscordaccore_amd64_amd64_10.0.25.52411.dll'과(와) 'Platform:mscordaccore_amd64_amd64_10.0.25.52411.dll' 사이에 충돌이 발생했습니다. 동일한 파일 및 어셈블리 버전으로 인해 적용되는 내용을 확인할 수 없습니다.
       "ResolvePackageFileConflicts" 작업을 실행했습니다.
   2:6>"RailmlEditor.csproj" 프로젝트에 "_HandlePackageFileConflicts" 대상을 빌드했습니다.
       "ResolveTargetingPackAssets" 대상을 건너뜁니다. 이전에 빌드되었습니다.
   2:6>"c:\WORK\SRC\Railml_editor\RailmlEditor\RailmlEditor.csproj" 프로젝트의 "C:\Program Files\dotnet\sdk\10.0.100\Microsoft.Common.CurrentVersion.targets" 파일에 있는 "ResolveAssemblyReferences" 대상("ResolveReferences" 대상이 종속됨):
       "Microsoft.Build.Tasks.Core, Version=15.1.0.0, Culture=neutral, PublicKeyToken=b03f5f7f11d50a3a" 어셈블리에서 "ResolveAssemblyReference" 작업을 사용합니다.
       "ResolveAssemblyReference" 작업
         TargetFrameworkMoniker:
             .NETCoreApp,Version=v10.0
         TargetFrameworkMonikerDisplayName:
             .NET 10.0
         TargetedRuntimeVersion:
             
         Assemblies:
             C:\Program Files\dotnet\packs\Microsoft.NETCore.App.Ref\10.0.0\ref/net10.0/Microsoft.CSharp.dll
                 Private='false'
             C:\Program Files\dotnet\packs\Microsoft.NETCore.App.Ref\10.0.0\ref/net10.0/Microsoft.VisualBasic.Core.dll
                 Private='false'
             C:\Program Files\dotnet\packs\Microsoft.NETCore.App.Ref\10.0.0\ref/net10.0/Microsoft.VisualBasic.dll
                 Private='false'
             C:\Program Files\dotnet\packs\Microsoft.NETCore.App.Ref\10.0.0\ref/net10.0/Microsoft.Win32.Primitives.dll
                 Private='false'
             C:\Program Files\dotnet\packs\Microsoft.NETCore.App.Ref\10.0.0\ref/net10.0/Microsoft.Win32.Registry.dll
                 Private='false'
             C:\Program Files\dotnet\packs\Microsoft.NETCore.App.Ref\10.0.0\ref/net10.0/System.AppContext.dll
                 Private='false'
             C:\Program Files\dotnet\packs\Microsoft.NETCore.App.Ref\10.0.0\ref/net10.0/System.Buffers.dll
                 Private='false'
             C:\Program Files\dotnet\packs\Microsoft.NETCore.App.Ref\10.0.0\ref/net10.0/System.Collections.Concurrent.dll
                 Private='false'
             C:\Program Files\dotnet\packs\Microsoft.NETCore.App.Ref\10.0.0\ref/net10.0/System.Collections.Immutable.dll
                 Private='false'
             C:\Program Files\dotnet\packs\Microsoft.NETCore.App.Ref\10.0.0\ref/net10.0/System.Collections.NonGeneric.dll
                 Private='false'
             C:\Program Files\dotnet\packs\Microsoft.NETCore.App.Ref\10.0.0\ref/net10.0/System.Collections.Specialized.dll
                 Private='false'
             C:\Program Files\dotnet\packs\Microsoft.NETCore.App.Ref\10.0.0\ref/net10.0/System.Collections.dll
                 Private='false'
             C:\Program Files\dotnet\packs\Microsoft.NETCore.App.Ref\10.0.0\ref/net10.0/System.ComponentModel.Annotations.dll
                 Private='false'
             C:\Program Files\dotnet\packs\Microsoft.NETCore.App.Ref\10.0.0\ref/net10.0/System.ComponentModel.DataAnnotations.dll
                 Private='false'
             C:\Program Files\dotnet\packs\Microsoft.NETCore.App.Ref\10.0.0\ref/net10.0/System.ComponentModel.EventBasedAsync.dll
                 Private='false'
             C:\Program Files\dotnet\packs\Microsoft.NETCore.App.Ref\10.0.0\ref/net10.0/System.ComponentModel.Primitives.dll
                 Private='false'
             C:\Program Files\dotnet\packs\Microsoft.NETCore.App.Ref\10.0.0\ref/net10.0/System.ComponentModel.TypeConverter.dll
                 Private='false'
             C:\Program Files\dotnet\packs\Microsoft.NETCore.App.Ref\10.0.0\ref/net10.0/System.ComponentModel.dll
                 Private='false'
             C:\Program Files\dotnet\packs\Microsoft.NETCore.App.Ref\10.0.0\ref/net10.0/System.Configuration.dll
                 Private='false'
             C:\Program Files\dotnet\packs\Microsoft.NETCore.App.Ref\10.0.0\ref/net10.0/System.Console.dll
                 Private='false'
             C:\Program Files\dotnet\packs\Microsoft.NETCore.App.Ref\10.0.0\ref/net10.0/System.Core.dll
                 Private='false'
             C:\Program Files\dotnet\packs\Microsoft.NETCore.App.Ref\10.0.0\ref/net10.0/System.Data.Common.dll
                 Private='false'
             C:\Program Files\dotnet\packs\Microsoft.NETCore.App.Ref\10.0.0\ref/net10.0/System.Data.DataSetExtensions.dll
                 Private='false'
             C:\Program Files\dotnet\packs\Microsoft.NETCore.App.Ref\10.0.0\ref/net10.0/System.Data.dll
                 Private='false'
             C:\Program Files\dotnet\packs\Microsoft.NETCore.App.Ref\10.0.0\ref/net10.0/System.Diagnostics.Contracts.dll
                 Private='false'
             C:\Program Files\dotnet\packs\Microsoft.NETCore.App.Ref\10.0.0\ref/net10.0/System.Diagnostics.Debug.dll
                 Private='false'
             C:\Program Files\dotnet\packs\Microsoft.NETCore.App.Ref\10.0.0\ref/net10.0/System.Diagnostics.DiagnosticSource.dll
                 Private='false'
             C:\Program Files\dotnet\packs\Microsoft.NETCore.App.Ref\10.0.0\ref/net10.0/System.Diagnostics.FileVersionInfo.dll
                 Private='false'
             C:\Program Files\dotnet\packs\Microsoft.NETCore.App.Ref\10.0.0\ref/net10.0/System.Diagnostics.Process.dll
                 Private='false'
             C:\Program Files\dotnet\packs\Microsoft.NETCore.App.Ref\10.0.0\ref/net10.0/System.Diagnostics.StackTrace.dll
                 Private='false'
             C:\Program Files\dotnet\packs\Microsoft.NETCore.App.Ref\10.0.0\ref/net10.0/System.Diagnostics.TextWriterTraceListener.dll
                 Private='false'
             C:\Program Files\dotnet\packs\Microsoft.NETCore.App.Ref\10.0.0\ref/net10.0/System.Diagnostics.Tools.dll
                 Private='false'
             C:\Program Files\dotnet\packs\Microsoft.NETCore.App.Ref\10.0.0\ref/net10.0/System.Diagnostics.TraceSource.dll
                 Private='false'
             C:\Program Files\dotnet\packs\Microsoft.NETCore.App.Ref\10.0.0\ref/net10.0/System.Diagnostics.Tracing.dll
                 Private='false'
             C:\Program Files\dotnet\packs\Microsoft.NETCore.App.Ref\10.0.0\ref/net10.0/System.Drawing.Primitives.dll
                 Private='false'
             C:\Program Files\dotnet\packs\Microsoft.NETCore.App.Ref\10.0.0\ref/net10.0/System.Drawing.dll
                 Private='false'
             C:\Program Files\dotnet\packs\Microsoft.NETCore.App.Ref\10.0.0\ref/net10.0/System.Dynamic.Runtime.dll
                 Private='false'
             C:\Program Files\dotnet\packs\Microsoft.NETCore.App.Ref\10.0.0\ref/net10.0/System.Formats.Asn1.dll
                 Private='false'
             C:\Program Files\dotnet\packs\Microsoft.NETCore.App.Ref\10.0.0\ref/net10.0/System.Formats.Tar.dll
                 Private='false'
             C:\Program Files\dotnet\packs\Microsoft.NETCore.App.Ref\10.0.0\ref/net10.0/System.Globalization.Calendars.dll
                 Private='false'
             C:\Program Files\dotnet\packs\Microsoft.NETCore.App.Ref\10.0.0\ref/net10.0/System.Globalization.Extensions.dll
                 Private='false'
             C:\Program Files\dotnet\packs\Microsoft.NETCore.App.Ref\10.0.0\ref/net10.0/System.Globalization.dll
                 Private='false'
             C:\Program Files\dotnet\packs\Microsoft.NETCore.App.Ref\10.0.0\ref/net10.0/System.IO.Compression.Brotli.dll
                 Private='false'
             C:\Program Files\dotnet\packs\Microsoft.NETCore.App.Ref\10.0.0\ref/net10.0/System.IO.Compression.FileSystem.dll
                 Private='false'
             C:\Program Files\dotnet\packs\Microsoft.NETCore.App.Ref\10.0.0\ref/net10.0/System.IO.Compression.ZipFile.dll
                 Private='false'
             C:\Program Files\dotnet\packs\Microsoft.NETCore.App.Ref\10.0.0\ref/net10.0/System.IO.Compression.dll
                 Private='false'
             C:\Program Files\dotnet\packs\Microsoft.NETCore.App.Ref\10.0.0\ref/net10.0/System.IO.FileSystem.AccessControl.dll
                 Private='false'
             C:\Program Files\dotnet\packs\Microsoft.NETCore.App.Ref\10.0.0\ref/net10.0/System.IO.FileSystem.DriveInfo.dll
                 Private='false'
             C:\Program Files\dotnet\packs\Microsoft.NETCore.App.Ref\10.0.0\ref/net10.0/System.IO.FileSystem.Primitives.dll
                 Private='false'
             C:\Program Files\dotnet\packs\Microsoft.NETCore.App.Ref\10.0.0\ref/net10.0/System.IO.FileSystem.Watcher.dll
                 Private='false'
             C:\Program Files\dotnet\packs\Microsoft.NETCore.App.Ref\10.0.0\ref/net10.0/System.IO.FileSystem.dll
                 Private='false'
             C:\Program Files\dotnet\packs\Microsoft.NETCore.App.Ref\10.0.0\ref/net10.0/System.IO.IsolatedStorage.dll
                 Private='false'
             C:\Program Files\dotnet\packs\Microsoft.NETCore.App.Ref\10.0.0\ref/net10.0/System.IO.MemoryMappedFiles.dll
                 Private='false'
             C:\Program Files\dotnet\packs\Microsoft.NETCore.App.Ref\10.0.0\ref/net10.0/System.IO.Pipelines.dll
                 Private='false'
             C:\Program Files\dotnet\packs\Microsoft.NETCore.App.Ref\10.0.0\ref/net10.0/System.IO.Pipes.AccessControl.dll
                 Private='false'
             C:\Program Files\dotnet\packs\Microsoft.NETCore.App.Ref\10.0.0\ref/net10.0/System.IO.Pipes.dll
                 Private='false'
             C:\Program Files\dotnet\packs\Microsoft.NETCore.App.Ref\10.0.0\ref/net10.0/System.IO.UnmanagedMemoryStream.dll
                 Private='false'
             C:\Program Files\dotnet\packs\Microsoft.NETCore.App.Ref\10.0.0\ref/net10.0/System.IO.dll
                 Private='false'
             C:\Program Files\dotnet\packs\Microsoft.NETCore.App.Ref\10.0.0\ref/net10.0/System.Linq.AsyncEnumerable.dll
                 Private='false'
             C:\Program Files\dotnet\packs\Microsoft.NETCore.App.Ref\10.0.0\ref/net10.0/System.Linq.Expressions.dll
                 Private='false'
             C:\Program Files\dotnet\packs\Microsoft.NETCore.App.Ref\10.0.0\ref/net10.0/System.Linq.Parallel.dll
                 Private='false'
             C:\Program Files\dotnet\packs\Microsoft.NETCore.App.Ref\10.0.0\ref/net10.0/System.Linq.Queryable.dll
                 Private='false'
             C:\Program Files\dotnet\packs\Microsoft.NETCore.App.Ref\10.0.0\ref/net10.0/System.Linq.dll
                 Private='false'
             C:\Program Files\dotnet\packs\Microsoft.NETCore.App.Ref\10.0.0\ref/net10.0/System.Memory.dll
                 Private='false'
             C:\Program Files\dotnet\packs\Microsoft.NETCore.App.Ref\10.0.0\ref/net10.0/System.Net.Http.Json.dll
                 Private='false'
             C:\Program Files\dotnet\packs\Microsoft.NETCore.App.Ref\10.0.0\ref/net10.0/System.Net.Http.dll
                 Private='false'
             C:\Program Files\dotnet\packs\Microsoft.NETCore.App.Ref\10.0.0\ref/net10.0/System.Net.HttpListener.dll
                 Private='false'
             C:\Program Files\dotnet\packs\Microsoft.NETCore.App.Ref\10.0.0\ref/net10.0/System.Net.Mail.dll
                 Private='false'
             C:\Program Files\dotnet\packs\Microsoft.NETCore.App.Ref\10.0.0\ref/net10.0/System.Net.NameResolution.dll
                 Private='false'
             C:\Program Files\dotnet\packs\Microsoft.NETCore.App.Ref\10.0.0\ref/net10.0/System.Net.NetworkInformation.dll
                 Private='false'
             C:\Program Files\dotnet\packs\Microsoft.NETCore.App.Ref\10.0.0\ref/net10.0/System.Net.Ping.dll
                 Private='false'
             C:\Program Files\dotnet\packs\Microsoft.NETCore.App.Ref\10.0.0\ref/net10.0/System.Net.Primitives.dll
                 Private='false'
             C:\Program Files\dotnet\packs\Microsoft.NETCore.App.Ref\10.0.0\ref/net10.0/System.Net.Quic.dll
                 Private='false'
             C:\Program Files\dotnet\packs\Microsoft.NETCore.App.Ref\10.0.0\ref/net10.0/System.Net.Requests.dll
                 Private='false'
             C:\Program Files\dotnet\packs\Microsoft.NETCore.App.Ref\10.0.0\ref/net10.0/System.Net.Security.dll
                 Private='false'
             C:\Program Files\dotnet\packs\Microsoft.NETCore.App.Ref\10.0.0\ref/net10.0/System.Net.ServerSentEvents.dll
                 Private='false'
             C:\Program Files\dotnet\packs\Microsoft.NETCore.App.Ref\10.0.0\ref/net10.0/System.Net.ServicePoint.dll
                 Private='false'
             C:\Program Files\dotnet\packs\Microsoft.NETCore.App.Ref\10.0.0\ref/net10.0/System.Net.Sockets.dll
                 Private='false'
             C:\Program Files\dotnet\packs\Microsoft.NETCore.App.Ref\10.0.0\ref/net10.0/System.Net.WebClient.dll
                 Private='false'
             C:\Program Files\dotnet\packs\Microsoft.NETCore.App.Ref\10.0.0\ref/net10.0/System.Net.WebHeaderCollection.dll
                 Private='false'
             C:\Program Files\dotnet\packs\Microsoft.NETCore.App.Ref\10.0.0\ref/net10.0/System.Net.WebProxy.dll
                 Private='false'
             C:\Program Files\dotnet\packs\Microsoft.NETCore.App.Ref\10.0.0\ref/net10.0/System.Net.WebSockets.Client.dll
                 Private='false'
             C:\Program Files\dotnet\packs\Microsoft.NETCore.App.Ref\10.0.0\ref/net10.0/System.Net.WebSockets.dll
                 Private='false'
             C:\Program Files\dotnet\packs\Microsoft.NETCore.App.Ref\10.0.0\ref/net10.0/System.Net.dll
                 Private='false'
             C:\Program Files\dotnet\packs\Microsoft.NETCore.App.Ref\10.0.0\ref/net10.0/System.Numerics.Vectors.dll
                 Private='false'
             C:\Program Files\dotnet\packs\Microsoft.NETCore.App.Ref\10.0.0\ref/net10.0/System.Numerics.dll
                 Private='false'
             C:\Program Files\dotnet\packs\Microsoft.NETCore.App.Ref\10.0.0\ref/net10.0/System.ObjectModel.dll
                 Private='false'
             C:\Program Files\dotnet\packs\Microsoft.NETCore.App.Ref\10.0.0\ref/net10.0/System.Reflection.DispatchProxy.dll
                 Private='false'
             C:\Program Files\dotnet\packs\Microsoft.NETCore.App.Ref\10.0.0\ref/net10.0/System.Reflection.Emit.ILGeneration.dll
                 Private='false'
             C:\Program Files\dotnet\packs\Microsoft.NETCore.App.Ref\10.0.0\ref/net10.0/System.Reflection.Emit.Lightweight.dll
                 Private='false'
             C:\Program Files\dotnet\packs\Microsoft.NETCore.App.Ref\10.0.0\ref/net10.0/System.Reflection.Emit.dll
                 Private='false'
             C:\Program Files\dotnet\packs\Microsoft.NETCore.App.Ref\10.0.0\ref/net10.0/System.Reflection.Extensions.dll
                 Private='false'
             C:\Program Files\dotnet\packs\Microsoft.NETCore.App.Ref\10.0.0\ref/net10.0/System.Reflection.Metadata.dll
                 Private='false'
             C:\Program Files\dotnet\packs\Microsoft.NETCore.App.Ref\10.0.0\ref/net10.0/System.Reflection.Primitives.dll
                 Private='false'
             C:\Program Files\dotnet\packs\Microsoft.NETCore.App.Ref\10.0.0\ref/net10.0/System.Reflection.TypeExtensions.dll
                 Private='false'
             C:\Program Files\dotnet\packs\Microsoft.NETCore.App.Ref\10.0.0\ref/net10.0/System.Reflection.dll
                 Private='false'
             C:\Program Files\dotnet\packs\Microsoft.NETCore.App.Ref\10.0.0\ref/net10.0/System.Resources.Reader.dll
                 Private='false'
             C:\Program Files\dotnet\packs\Microsoft.NETCore.App.Ref\10.0.0\ref/net10.0/System.Resources.ResourceManager.dll
                 Private='false'
             C:\Program Files\dotnet\packs\Microsoft.NETCore.App.Ref\10.0.0\ref/net10.0/System.Resources.Writer.dll
                 Private='false'
             C:\Program Files\dotnet\packs\Microsoft.NETCore.App.Ref\10.0.0\ref/net10.0/System.Runtime.CompilerServices.Unsafe.dll
                 Private='false'
             C:\Program Files\dotnet\packs\Microsoft.NETCore.App.Ref\10.0.0\ref/net10.0/System.Runtime.CompilerServices.VisualC.dll
                 Private='false'
             C:\Program Files\dotnet\packs\Microsoft.NETCore.App.Ref\10.0.0\ref/net10.0/System.Runtime.Extensions.dll
                 Private='false'
             C:\Program Files\dotnet\packs\Microsoft.NETCore.App.Ref\10.0.0\ref/net10.0/System.Runtime.Handles.dll
                 Private='false'
             C:\Program Files\dotnet\packs\Microsoft.NETCore.App.Ref\10.0.0\ref/net10.0/System.Runtime.InteropServices.JavaScript.dll
                 Private='false'
             C:\Program Files\dotnet\packs\Microsoft.NETCore.App.Ref\10.0.0\ref/net10.0/System.Runtime.InteropServices.RuntimeInformation.dll
                 Private='false'
             C:\Program Files\dotnet\packs\Microsoft.NETCore.App.Ref\10.0.0\ref/net10.0/System.Runtime.InteropServices.dll
                 Private='false'
             C:\Program Files\dotnet\packs\Microsoft.NETCore.App.Ref\10.0.0\ref/net10.0/System.Runtime.Intrinsics.dll
                 Private='false'
             C:\Program Files\dotnet\packs\Microsoft.NETCore.App.Ref\10.0.0\ref/net10.0/System.Runtime.Loader.dll
                 Private='false'
             C:\Program Files\dotnet\packs\Microsoft.NETCore.App.Ref\10.0.0\ref/net10.0/System.Runtime.Numerics.dll
                 Private='false'
             C:\Program Files\dotnet\packs\Microsoft.NETCore.App.Ref\10.0.0\ref/net10.0/System.Runtime.Serialization.Formatters.dll
                 Private='false'
             C:\Program Files\dotnet\packs\Microsoft.NETCore.App.Ref\10.0.0\ref/net10.0/System.Runtime.Serialization.Json.dll
                 Private='false'
             C:\Program Files\dotnet\packs\Microsoft.NETCore.App.Ref\10.0.0\ref/net10.0/System.Runtime.Serialization.Primitives.dll
                 Private='false'
             C:\Program Files\dotnet\packs\Microsoft.NETCore.App.Ref\10.0.0\ref/net10.0/System.Runtime.Serialization.Xml.dll
                 Private='false'
             C:\Program Files\dotnet\packs\Microsoft.NETCore.App.Ref\10.0.0\ref/net10.0/System.Runtime.Serialization.dll
                 Private='false'
             C:\Program Files\dotnet\packs\Microsoft.NETCore.App.Ref\10.0.0\ref/net10.0/System.Runtime.dll
                 Private='false'
             C:\Program Files\dotnet\packs\Microsoft.NETCore.App.Ref\10.0.0\ref/net10.0/System.Security.AccessControl.dll
                 Private='false'
             C:\Program Files\dotnet\packs\Microsoft.NETCore.App.Ref\10.0.0\ref/net10.0/System.Security.Claims.dll
                 Private='false'
             C:\Program Files\dotnet\packs\Microsoft.NETCore.App.Ref\10.0.0\ref/net10.0/System.Security.Cryptography.Algorithms.dll
                 Private='false'
             C:\Program Files\dotnet\packs\Microsoft.NETCore.App.Ref\10.0.0\ref/net10.0/System.Security.Cryptography.Cng.dll
                 Private='false'
             C:\Program Files\dotnet\packs\Microsoft.NETCore.App.Ref\10.0.0\ref/net10.0/System.Security.Cryptography.Csp.dll
                 Private='false'
             C:\Program Files\dotnet\packs\Microsoft.NETCore.App.Ref\10.0.0\ref/net10.0/System.Security.Cryptography.Encoding.dll
                 Private='false'
             C:\Program Files\dotnet\packs\Microsoft.NETCore.App.Ref\10.0.0\ref/net10.0/System.Security.Cryptography.OpenSsl.dll
                 Private='false'
             C:\Program Files\dotnet\packs\Microsoft.NETCore.App.Ref\10.0.0\ref/net10.0/System.Security.Cryptography.Primitives.dll
                 Private='false'
             C:\Program Files\dotnet\packs\Microsoft.NETCore.App.Ref\10.0.0\ref/net10.0/System.Security.Cryptography.X509Certificates.dll
                 Private='false'
             C:\Program Files\dotnet\packs\Microsoft.NETCore.App.Ref\10.0.0\ref/net10.0/System.Security.Cryptography.dll
                 Private='false'
             C:\Program Files\dotnet\packs\Microsoft.NETCore.App.Ref\10.0.0\ref/net10.0/System.Security.Principal.Windows.dll
                 Private='false'
             C:\Program Files\dotnet\packs\Microsoft.NETCore.App.Ref\10.0.0\ref/net10.0/System.Security.Principal.dll
                 Private='false'
             C:\Program Files\dotnet\packs\Microsoft.NETCore.App.Ref\10.0.0\ref/net10.0/System.Security.SecureString.dll
                 Private='false'
             C:\Program Files\dotnet\packs\Microsoft.NETCore.App.Ref\10.0.0\ref/net10.0/System.Security.dll
                 Private='false'
             C:\Program Files\dotnet\packs\Microsoft.NETCore.App.Ref\10.0.0\ref/net10.0/System.ServiceModel.Web.dll
                 Private='false'
             C:\Program Files\dotnet\packs\Microsoft.NETCore.App.Ref\10.0.0\ref/net10.0/System.ServiceProcess.dll
                 Private='false'
             C:\Program Files\dotnet\packs\Microsoft.NETCore.App.Ref\10.0.0\ref/net10.0/System.Text.Encoding.CodePages.dll
                 Private='false'
             C:\Program Files\dotnet\packs\Microsoft.NETCore.App.Ref\10.0.0\ref/net10.0/System.Text.Encoding.Extensions.dll
                 Private='false'
             C:\Program Files\dotnet\packs\Microsoft.NETCore.App.Ref\10.0.0\ref/net10.0/System.Text.Encoding.dll
                 Private='false'
             C:\Program Files\dotnet\packs\Microsoft.NETCore.App.Ref\10.0.0\ref/net10.0/System.Text.Encodings.Web.dll
                 Private='false'
             C:\Program Files\dotnet\packs\Microsoft.NETCore.App.Ref\10.0.0\ref/net10.0/System.Text.Json.dll
                 Private='false'
             C:\Program Files\dotnet\packs\Microsoft.NETCore.App.Ref\10.0.0\ref/net10.0/System.Text.RegularExpressions.dll
                 Private='false'
             C:\Program Files\dotnet\packs\Microsoft.NETCore.App.Ref\10.0.0\ref/net10.0/System.Threading.AccessControl.dll
                 Private='false'
             C:\Program Files\dotnet\packs\Microsoft.NETCore.App.Ref\10.0.0\ref/net10.0/System.Threading.Channels.dll
                 Private='false'
             C:\Program Files\dotnet\packs\Microsoft.NETCore.App.Ref\10.0.0\ref/net10.0/System.Threading.Overlapped.dll
                 Private='false'
             C:\Program Files\dotnet\packs\Microsoft.NETCore.App.Ref\10.0.0\ref/net10.0/System.Threading.Tasks.Dataflow.dll
                 Private='false'
             C:\Program Files\dotnet\packs\Microsoft.NETCore.App.Ref\10.0.0\ref/net10.0/System.Threading.Tasks.Extensions.dll
                 Private='false'
             C:\Program Files\dotnet\packs\Microsoft.NETCore.App.Ref\10.0.0\ref/net10.0/System.Threading.Tasks.Parallel.dll
                 Private='false'
             C:\Program Files\dotnet\packs\Microsoft.NETCore.App.Ref\10.0.0\ref/net10.0/System.Threading.Tasks.dll
                 Private='false'
             C:\Program Files\dotnet\packs\Microsoft.NETCore.App.Ref\10.0.0\ref/net10.0/System.Threading.Thread.dll
                 Private='false'
             C:\Program Files\dotnet\packs\Microsoft.NETCore.App.Ref\10.0.0\ref/net10.0/System.Threading.ThreadPool.dll
                 Private='false'
             C:\Program Files\dotnet\packs\Microsoft.NETCore.App.Ref\10.0.0\ref/net10.0/System.Threading.Timer.dll
                 Private='false'
             C:\Program Files\dotnet\packs\Microsoft.NETCore.App.Ref\10.0.0\ref/net10.0/System.Threading.dll
                 Private='false'
             C:\Program Files\dotnet\packs\Microsoft.NETCore.App.Ref\10.0.0\ref/net10.0/System.Transactions.Local.dll
                 Private='false'
             C:\Program Files\dotnet\packs\Microsoft.NETCore.App.Ref\10.0.0\ref/net10.0/System.Transactions.dll
                 Private='false'
             C:\Program Files\dotnet\packs\Microsoft.NETCore.App.Ref\10.0.0\ref/net10.0/System.ValueTuple.dll
                 Private='false'
             C:\Program Files\dotnet\packs\Microsoft.NETCore.App.Ref\10.0.0\ref/net10.0/System.Web.HttpUtility.dll
                 Private='false'
             C:\Program Files\dotnet\packs\Microsoft.NETCore.App.Ref\10.0.0\ref/net10.0/System.Web.dll
                 Private='false'
             C:\Program Files\dotnet\packs\Microsoft.NETCore.App.Ref\10.0.0\ref/net10.0/System.Windows.dll
                 Private='false'
             C:\Program Files\dotnet\packs\Microsoft.NETCore.App.Ref\10.0.0\ref/net10.0/System.Xml.Linq.dll
                 Private='false'
             C:\Program Files\dotnet\packs\Microsoft.NETCore.App.Ref\10.0.0\ref/net10.0/System.Xml.ReaderWriter.dll
                 Private='false'
             C:\Program Files\dotnet\packs\Microsoft.NETCore.App.Ref\10.0.0\ref/net10.0/System.Xml.Serialization.dll
                 Private='false'
             C:\Program Files\dotnet\packs\Microsoft.NETCore.App.Ref\10.0.0\ref/net10.0/System.Xml.XDocument.dll
                 Private='false'
             C:\Program Files\dotnet\packs\Microsoft.NETCore.App.Ref\10.0.0\ref/net10.0/System.Xml.XPath.XDocument.dll
                 Private='false'
             C:\Program Files\dotnet\packs\Microsoft.NETCore.App.Ref\10.0.0\ref/net10.0/System.Xml.XPath.dll
                 Private='false'
             C:\Program Files\dotnet\packs\Microsoft.NETCore.App.Ref\10.0.0\ref/net10.0/System.Xml.XmlDocument.dll
                 Private='false'
             C:\Program Files\dotnet\packs\Microsoft.NETCore.App.Ref\10.0.0\ref/net10.0/System.Xml.XmlSerializer.dll
                 Private='false'
             C:\Program Files\dotnet\packs\Microsoft.NETCore.App.Ref\10.0.0\ref/net10.0/System.Xml.dll
                 Private='false'
             C:\Program Files\dotnet\packs\Microsoft.NETCore.App.Ref\10.0.0\ref/net10.0/System.dll
                 Private='false'
             C:\Program Files\dotnet\packs\Microsoft.NETCore.App.Ref\10.0.0\ref/net10.0/mscorlib.dll
                 Private='false'
             C:\Program Files\dotnet\packs\Microsoft.NETCore.App.Ref\10.0.0\ref/net10.0/netstandard.dll
                 Private='false'
             C:\Program Files\dotnet\packs\Microsoft.WindowsDesktop.App.Ref\10.0.0\ref/net10.0/Accessibility.dll
                 Private='false'
             C:\Program Files\dotnet\packs\Microsoft.WindowsDesktop.App.Ref\10.0.0\ref/net10.0/Microsoft.Win32.Registry.AccessControl.dll
                 Private='false'
             C:\Program Files\dotnet\packs\Microsoft.WindowsDesktop.App.Ref\10.0.0\ref/net10.0/Microsoft.Win32.SystemEvents.dll
                 Private='false'
             C:\Program Files\dotnet\packs\Microsoft.WindowsDesktop.App.Ref\10.0.0\ref/net10.0/PresentationCore.dll
                 Private='false'
             C:\Program Files\dotnet\packs\Microsoft.WindowsDesktop.App.Ref\10.0.0\ref/net10.0/PresentationFramework.Aero.dll
                 Private='false'
             C:\Program Files\dotnet\packs\Microsoft.WindowsDesktop.App.Ref\10.0.0\ref/net10.0/PresentationFramework.Aero2.dll
                 Private='false'
             C:\Program Files\dotnet\packs\Microsoft.WindowsDesktop.App.Ref\10.0.0\ref/net10.0/PresentationFramework.AeroLite.dll
                 Private='false'
             C:\Program Files\dotnet\packs\Microsoft.WindowsDesktop.App.Ref\10.0.0\ref/net10.0/PresentationFramework.Classic.dll
                 Private='false'
             C:\Program Files\dotnet\packs\Microsoft.WindowsDesktop.App.Ref\10.0.0\ref/net10.0/PresentationFramework.Luna.dll
                 Private='false'
             C:\Program Files\dotnet\packs\Microsoft.WindowsDesktop.App.Ref\10.0.0\ref/net10.0/PresentationFramework.Royale.dll
                 Private='false'
             C:\Program Files\dotnet\packs\Microsoft.WindowsDesktop.App.Ref\10.0.0\ref/net10.0/PresentationFramework.dll
                 Private='false'
             C:\Program Files\dotnet\packs\Microsoft.WindowsDesktop.App.Ref\10.0.0\ref/net10.0/PresentationUI.dll
                 Private='false'
             C:\Program Files\dotnet\packs\Microsoft.WindowsDesktop.App.Ref\10.0.0\ref/net10.0/ReachFramework.dll
                 Private='false'
             C:\Program Files\dotnet\packs\Microsoft.WindowsDesktop.App.Ref\10.0.0\ref/net10.0/System.CodeDom.dll
                 Private='false'
             C:\Program Files\dotnet\packs\Microsoft.WindowsDesktop.App.Ref\10.0.0\ref/net10.0/System.Configuration.ConfigurationManager.dll
                 Private='false'
             C:\Program Files\dotnet\packs\Microsoft.WindowsDesktop.App.Ref\10.0.0\ref/net10.0/System.Diagnostics.EventLog.dll
                 Private='false'
             C:\Program Files\dotnet\packs\Microsoft.WindowsDesktop.App.Ref\10.0.0\ref/net10.0/System.Diagnostics.PerformanceCounter.dll
                 Private='false'
             C:\Program Files\dotnet\packs\Microsoft.WindowsDesktop.App.Ref\10.0.0\ref/net10.0/System.DirectoryServices.dll
                 Private='false'
             C:\Program Files\dotnet\packs\Microsoft.WindowsDesktop.App.Ref\10.0.0\ref/net10.0/System.Drawing.Common.dll
                 Private='false'
             C:\Program Files\dotnet\packs\Microsoft.WindowsDesktop.App.Ref\10.0.0\ref/net10.0/System.Formats.Nrbf.dll
                 Private='false'
             C:\Program Files\dotnet\packs\Microsoft.WindowsDesktop.App.Ref\10.0.0\ref/net10.0/System.IO.Packaging.dll
                 Private='false'
             C:\Program Files\dotnet\packs\Microsoft.WindowsDesktop.App.Ref\10.0.0\ref/net10.0/System.Printing.dll
                 Private='false'
             C:\Program Files\dotnet\packs\Microsoft.WindowsDesktop.App.Ref\10.0.0\ref/net10.0/System.Private.Windows.Core.dll
                 Private='false'
             C:\Program Files\dotnet\packs\Microsoft.WindowsDesktop.App.Ref\10.0.0\ref/net10.0/System.Resources.Extensions.dll
                 Private='false'
             C:\Program Files\dotnet\packs\Microsoft.WindowsDesktop.App.Ref\10.0.0\ref/net10.0/System.Security.Cryptography.Pkcs.dll
                 Private='false'
             C:\Program Files\dotnet\packs\Microsoft.WindowsDesktop.App.Ref\10.0.0\ref/net10.0/System.Security.Cryptography.ProtectedData.dll
                 Private='false'
             C:\Program Files\dotnet\packs\Microsoft.WindowsDesktop.App.Ref\10.0.0\ref/net10.0/System.Security.Cryptography.Xml.dll
                 Private='false'
             C:\Program Files\dotnet\packs\Microsoft.WindowsDesktop.App.Ref\10.0.0\ref/net10.0/System.Security.Permissions.dll
                 Private='false'
             C:\Program Files\dotnet\packs\Microsoft.WindowsDesktop.App.Ref\10.0.0\ref/net10.0/System.Windows.Controls.Ribbon.dll
                 Private='false'
             C:\Program Files\dotnet\packs\Microsoft.WindowsDesktop.App.Ref\10.0.0\ref/net10.0/System.Windows.Extensions.dll
                 Private='false'
             C:\Program Files\dotnet\packs\Microsoft.WindowsDesktop.App.Ref\10.0.0\ref/net10.0/System.Windows.Input.Manipulations.dll
                 Private='false'
             C:\Program Files\dotnet\packs\Microsoft.WindowsDesktop.App.Ref\10.0.0\ref/net10.0/System.Windows.Presentation.dll
                 Private='false'
             C:\Program Files\dotnet\packs\Microsoft.WindowsDesktop.App.Ref\10.0.0\ref/net10.0/System.Windows.Primitives.dll
                 Private='false'
             C:\Program Files\dotnet\packs\Microsoft.WindowsDesktop.App.Ref\10.0.0\ref/net10.0/System.Xaml.dll
                 Private='false'
             C:\Program Files\dotnet\packs\Microsoft.WindowsDesktop.App.Ref\10.0.0\ref/net10.0/UIAutomationClient.dll
                 Private='false'
             C:\Program Files\dotnet\packs\Microsoft.WindowsDesktop.App.Ref\10.0.0\ref/net10.0/UIAutomationClientSideProviders.dll
                 Private='false'
             C:\Program Files\dotnet\packs\Microsoft.WindowsDesktop.App.Ref\10.0.0\ref/net10.0/UIAutomationProvider.dll
                 Private='false'
             C:\Program Files\dotnet\packs\Microsoft.WindowsDesktop.App.Ref\10.0.0\ref/net10.0/UIAutomationTypes.dll
                 Private='false'
             C:\Program Files\dotnet\packs\Microsoft.WindowsDesktop.App.Ref\10.0.0\ref/net10.0/WindowsBase.dll
                 Private='false'
         AssemblyFiles:
         CandidateAssemblyFiles:
         TargetFrameworkDirectories:
             
         NonCultureResourceDirectories:
             
         InstalledAssemblyTables:
         IgnoreInstalledAssemblyTable:
             False
         SearchPaths:
             {CandidateAssemblyFiles}
             {HintPathFromItem}
             {TargetFrameworkDirectory}
             {RawFileName}
         AllowedAssemblyExtensions:
             .winmd
             .dll
             .exe
         AllowedRelatedFileExtensions:
             .pdb
             .xml
             .pri
             .dll.config
             .exe.config
         AppConfigFile:
             
         AutoUnify:
             True
         EnableCustomCulture:
             False
         EnableCustomCulture:
             False
         CopyLocalDependenciesWhenParentReferenceInGac:
             True
         FindDependencies:
             True
         TargetProcessorArchitecture:
             msil
         StateFile:
             obj\Debug\net10.0-windows\RailmlEditor.csproj.AssemblyReference.cache
         InstalledAssemblySubsetTables:
         IgnoreInstalledAssemblySubsetTable:
             False
         TargetFrameworkSubsets:
         FullTargetFrameworkSubsetNames:
             Full
         ProfileName:
             
         FullFrameworkFolders:
         LatestTargetFrameworkDirectories:
         ProfileTablesLocation:
         기본 참조 "Microsoft.CSharp, Version=10.0.0.0, Culture=neutral, PublicKeyToken=b03f5f7f11d50a3a"입니다.
             확인된 파일 경로는 "C:\Program Files\dotnet\packs\Microsoft.NETCore.App.Ref\10.0.0\ref\net10.0\Microsoft.CSharp.dll"입니다.
             검색 경로 위치 "{RawFileName}"에서 참조를 찾았습니다.
             적어도 하나의 소스 항목에 대해 "Private"이 "false"로 설정되었고, "Private"이 "true"로 설정된 소스 항목이 없으므로 이 참조는 "CopyLocal"이 아닙니다.
         기본 참조 "Microsoft.VisualBasic.Core, Version=15.0.0.0, Culture=neutral, PublicKeyToken=b03f5f7f11d50a3a"입니다.
             확인된 파일 경로는 "C:\Program Files\dotnet\packs\Microsoft.NETCore.App.Ref\10.0.0\ref\net10.0\Microsoft.VisualBasic.Core.dll"입니다.
             검색 경로 위치 "{RawFileName}"에서 참조를 찾았습니다.
             적어도 하나의 소스 항목에 대해 "Private"이 "false"로 설정되었고, "Private"이 "true"로 설정된 소스 항목이 없으므로 이 참조는 "CopyLocal"이 아닙니다.
         기본 참조 "Microsoft.VisualBasic, Version=10.0.0.0, Culture=neutral, PublicKeyToken=b03f5f7f11d50a3a"입니다.
             확인된 파일 경로는 "C:\Program Files\dotnet\packs\Microsoft.NETCore.App.Ref\10.0.0\ref\net10.0\Microsoft.VisualBasic.dll"입니다.
             검색 경로 위치 "{RawFileName}"에서 참조를 찾았습니다.
             적어도 하나의 소스 항목에 대해 "Private"이 "false"로 설정되었고, "Private"이 "true"로 설정된 소스 항목이 없으므로 이 참조는 "CopyLocal"이 아닙니다.
         기본 참조 "Microsoft.Win32.Primitives, Version=10.0.0.0, Culture=neutral, PublicKeyToken=b03f5f7f11d50a3a"입니다.
             확인된 파일 경로는 "C:\Program Files\dotnet\packs\Microsoft.NETCore.App.Ref\10.0.0\ref\net10.0\Microsoft.Win32.Primitives.dll"입니다.
             검색 경로 위치 "{RawFileName}"에서 참조를 찾았습니다.
             적어도 하나의 소스 항목에 대해 "Private"이 "false"로 설정되었고, "Private"이 "true"로 설정된 소스 항목이 없으므로 이 참조는 "CopyLocal"이 아닙니다.
         기본 참조 "Microsoft.Win32.Registry, Version=10.0.0.0, Culture=neutral, PublicKeyToken=b03f5f7f11d50a3a"입니다.
             확인된 파일 경로는 "C:\Program Files\dotnet\packs\Microsoft.NETCore.App.Ref\10.0.0\ref\net10.0\Microsoft.Win32.Registry.dll"입니다.
             검색 경로 위치 "{RawFileName}"에서 참조를 찾았습니다.
             적어도 하나의 소스 항목에 대해 "Private"이 "false"로 설정되었고, "Private"이 "true"로 설정된 소스 항목이 없으므로 이 참조는 "CopyLocal"이 아닙니다.
         기본 참조 "System.AppContext, Version=10.0.0.0, Culture=neutral, PublicKeyToken=b03f5f7f11d50a3a"입니다.
             확인된 파일 경로는 "C:\Program Files\dotnet\packs\Microsoft.NETCore.App.Ref\10.0.0\ref\net10.0\System.AppContext.dll"입니다.
             검색 경로 위치 "{RawFileName}"에서 참조를 찾았습니다.
             적어도 하나의 소스 항목에 대해 "Private"이 "false"로 설정되었고, "Private"이 "true"로 설정된 소스 항목이 없으므로 이 참조는 "CopyLocal"이 아닙니다.
         기본 참조 "System.Buffers, Version=10.0.0.0, Culture=neutral, PublicKeyToken=cc7b13ffcd2ddd51"입니다.
             확인된 파일 경로는 "C:\Program Files\dotnet\packs\Microsoft.NETCore.App.Ref\10.0.0\ref\net10.0\System.Buffers.dll"입니다.
             검색 경로 위치 "{RawFileName}"에서 참조를 찾았습니다.
             적어도 하나의 소스 항목에 대해 "Private"이 "false"로 설정되었고, "Private"이 "true"로 설정된 소스 항목이 없으므로 이 참조는 "CopyLocal"이 아닙니다.
         기본 참조 "System.Collections.Concurrent, Version=10.0.0.0, Culture=neutral, PublicKeyToken=b03f5f7f11d50a3a"입니다.
             확인된 파일 경로는 "C:\Program Files\dotnet\packs\Microsoft.NETCore.App.Ref\10.0.0\ref\net10.0\System.Collections.Concurrent.dll"입니다.
             검색 경로 위치 "{RawFileName}"에서 참조를 찾았습니다.
             적어도 하나의 소스 항목에 대해 "Private"이 "false"로 설정되었고, "Private"이 "true"로 설정된 소스 항목이 없으므로 이 참조는 "CopyLocal"이 아닙니다.
         기본 참조 "System.Collections.Immutable, Version=10.0.0.0, Culture=neutral, PublicKeyToken=b03f5f7f11d50a3a"입니다.
             확인된 파일 경로는 "C:\Program Files\dotnet\packs\Microsoft.NETCore.App.Ref\10.0.0\ref\net10.0\System.Collections.Immutable.dll"입니다.
             검색 경로 위치 "{RawFileName}"에서 참조를 찾았습니다.
             적어도 하나의 소스 항목에 대해 "Private"이 "false"로 설정되었고, "Private"이 "true"로 설정된 소스 항목이 없으므로 이 참조는 "CopyLocal"이 아닙니다.
         기본 참조 "System.Collections.NonGeneric, Version=10.0.0.0, Culture=neutral, PublicKeyToken=b03f5f7f11d50a3a"입니다.
             확인된 파일 경로는 "C:\Program Files\dotnet\packs\Microsoft.NETCore.App.Ref\10.0.0\ref\net10.0\System.Collections.NonGeneric.dll"입니다.
             검색 경로 위치 "{RawFileName}"에서 참조를 찾았습니다.
             적어도 하나의 소스 항목에 대해 "Private"이 "false"로 설정되었고, "Private"이 "true"로 설정된 소스 항목이 없으므로 이 참조는 "CopyLocal"이 아닙니다.
         기본 참조 "System.Collections.Specialized, Version=10.0.0.0, Culture=neutral, PublicKeyToken=b03f5f7f11d50a3a"입니다.
             확인된 파일 경로는 "C:\Program Files\dotnet\packs\Microsoft.NETCore.App.Ref\10.0.0\ref\net10.0\System.Collections.Specialized.dll"입니다.
             검색 경로 위치 "{RawFileName}"에서 참조를 찾았습니다.
             적어도 하나의 소스 항목에 대해 "Private"이 "false"로 설정되었고, "Private"이 "true"로 설정된 소스 항목이 없으므로 이 참조는 "CopyLocal"이 아닙니다.
         기본 참조 "System.Collections, Version=10.0.0.0, Culture=neutral, PublicKeyToken=b03f5f7f11d50a3a"입니다.
             확인된 파일 경로는 "C:\Program Files\dotnet\packs\Microsoft.NETCore.App.Ref\10.0.0\ref\net10.0\System.Collections.dll"입니다.
             검색 경로 위치 "{RawFileName}"에서 참조를 찾았습니다.
             적어도 하나의 소스 항목에 대해 "Private"이 "false"로 설정되었고, "Private"이 "true"로 설정된 소스 항목이 없으므로 이 참조는 "CopyLocal"이 아닙니다.
         기본 참조 "System.ComponentModel.Annotations, Version=10.0.0.0, Culture=neutral, PublicKeyToken=b03f5f7f11d50a3a"입니다.
             확인된 파일 경로는 "C:\Program Files\dotnet\packs\Microsoft.NETCore.App.Ref\10.0.0\ref\net10.0\System.ComponentModel.Annotations.dll"입니다.
             검색 경로 위치 "{RawFileName}"에서 참조를 찾았습니다.
             적어도 하나의 소스 항목에 대해 "Private"이 "false"로 설정되었고, "Private"이 "true"로 설정된 소스 항목이 없으므로 이 참조는 "CopyLocal"이 아닙니다.
         기본 참조 "System.ComponentModel.DataAnnotations, Version=4.0.0.0, Culture=neutral, PublicKeyToken=31bf3856ad364e35"입니다.
             확인된 파일 경로는 "C:\Program Files\dotnet\packs\Microsoft.NETCore.App.Ref\10.0.0\ref\net10.0\System.ComponentModel.DataAnnotations.dll"입니다.
             검색 경로 위치 "{RawFileName}"에서 참조를 찾았습니다.
             적어도 하나의 소스 항목에 대해 "Private"이 "false"로 설정되었고, "Private"이 "true"로 설정된 소스 항목이 없으므로 이 참조는 "CopyLocal"이 아닙니다.
         기본 참조 "System.ComponentModel.EventBasedAsync, Version=10.0.0.0, Culture=neutral, PublicKeyToken=b03f5f7f11d50a3a"입니다.
             확인된 파일 경로는 "C:\Program Files\dotnet\packs\Microsoft.NETCore.App.Ref\10.0.0\ref\net10.0\System.ComponentModel.EventBasedAsync.dll"입니다.
             검색 경로 위치 "{RawFileName}"에서 참조를 찾았습니다.
             적어도 하나의 소스 항목에 대해 "Private"이 "false"로 설정되었고, "Private"이 "true"로 설정된 소스 항목이 없으므로 이 참조는 "CopyLocal"이 아닙니다.
         기본 참조 "System.ComponentModel.Primitives, Version=10.0.0.0, Culture=neutral, PublicKeyToken=b03f5f7f11d50a3a"입니다.
             확인된 파일 경로는 "C:\Program Files\dotnet\packs\Microsoft.NETCore.App.Ref\10.0.0\ref\net10.0\System.ComponentModel.Primitives.dll"입니다.
             검색 경로 위치 "{RawFileName}"에서 참조를 찾았습니다.
             적어도 하나의 소스 항목에 대해 "Private"이 "false"로 설정되었고, "Private"이 "true"로 설정된 소스 항목이 없으므로 이 참조는 "CopyLocal"이 아닙니다.
         기본 참조 "System.ComponentModel.TypeConverter, Version=10.0.0.0, Culture=neutral, PublicKeyToken=b03f5f7f11d50a3a"입니다.
             확인된 파일 경로는 "C:\Program Files\dotnet\packs\Microsoft.NETCore.App.Ref\10.0.0\ref\net10.0\System.ComponentModel.TypeConverter.dll"입니다.
             검색 경로 위치 "{RawFileName}"에서 참조를 찾았습니다.
             적어도 하나의 소스 항목에 대해 "Private"이 "false"로 설정되었고, "Private"이 "true"로 설정된 소스 항목이 없으므로 이 참조는 "CopyLocal"이 아닙니다.
         기본 참조 "System.ComponentModel, Version=10.0.0.0, Culture=neutral, PublicKeyToken=b03f5f7f11d50a3a"입니다.
             확인된 파일 경로는 "C:\Program Files\dotnet\packs\Microsoft.NETCore.App.Ref\10.0.0\ref\net10.0\System.ComponentModel.dll"입니다.
             검색 경로 위치 "{RawFileName}"에서 참조를 찾았습니다.
             적어도 하나의 소스 항목에 대해 "Private"이 "false"로 설정되었고, "Private"이 "true"로 설정된 소스 항목이 없으므로 이 참조는 "CopyLocal"이 아닙니다.
         기본 참조 "System.Configuration, Version=4.0.0.0, Culture=neutral, PublicKeyToken=b03f5f7f11d50a3a"입니다.
             확인된 파일 경로는 "C:\Program Files\dotnet\packs\Microsoft.NETCore.App.Ref\10.0.0\ref\net10.0\System.Configuration.dll"입니다.
             검색 경로 위치 "{RawFileName}"에서 참조를 찾았습니다.
             적어도 하나의 소스 항목에 대해 "Private"이 "false"로 설정되었고, "Private"이 "true"로 설정된 소스 항목이 없으므로 이 참조는 "CopyLocal"이 아닙니다.
         기본 참조 "System.Console, Version=10.0.0.0, Culture=neutral, PublicKeyToken=b03f5f7f11d50a3a"입니다.
             확인된 파일 경로는 "C:\Program Files\dotnet\packs\Microsoft.NETCore.App.Ref\10.0.0\ref\net10.0\System.Console.dll"입니다.
             검색 경로 위치 "{RawFileName}"에서 참조를 찾았습니다.
             적어도 하나의 소스 항목에 대해 "Private"이 "false"로 설정되었고, "Private"이 "true"로 설정된 소스 항목이 없으므로 이 참조는 "CopyLocal"이 아닙니다.
         기본 참조 "System.Core, Version=4.0.0.0, Culture=neutral, PublicKeyToken=b77a5c561934e089"입니다.
             확인된 파일 경로는 "C:\Program Files\dotnet\packs\Microsoft.NETCore.App.Ref\10.0.0\ref\net10.0\System.Core.dll"입니다.
             검색 경로 위치 "{RawFileName}"에서 참조를 찾았습니다.
             적어도 하나의 소스 항목에 대해 "Private"이 "false"로 설정되었고, "Private"이 "true"로 설정된 소스 항목이 없으므로 이 참조는 "CopyLocal"이 아닙니다.
         기본 참조 "System.Data.Common, Version=10.0.0.0, Culture=neutral, PublicKeyToken=b03f5f7f11d50a3a"입니다.
             확인된 파일 경로는 "C:\Program Files\dotnet\packs\Microsoft.NETCore.App.Ref\10.0.0\ref\net10.0\System.Data.Common.dll"입니다.
             검색 경로 위치 "{RawFileName}"에서 참조를 찾았습니다.
             적어도 하나의 소스 항목에 대해 "Private"이 "false"로 설정되었고, "Private"이 "true"로 설정된 소스 항목이 없으므로 이 참조는 "CopyLocal"이 아닙니다.
         기본 참조 "System.Data.DataSetExtensions, Version=10.0.0.0, Culture=neutral, PublicKeyToken=b77a5c561934e089"입니다.
             확인된 파일 경로는 "C:\Program Files\dotnet\packs\Microsoft.NETCore.App.Ref\10.0.0\ref\net10.0\System.Data.DataSetExtensions.dll"입니다.
             검색 경로 위치 "{RawFileName}"에서 참조를 찾았습니다.
             적어도 하나의 소스 항목에 대해 "Private"이 "false"로 설정되었고, "Private"이 "true"로 설정된 소스 항목이 없으므로 이 참조는 "CopyLocal"이 아닙니다.
         기본 참조 "System.Data, Version=4.0.0.0, Culture=neutral, PublicKeyToken=b77a5c561934e089"입니다.
             확인된 파일 경로는 "C:\Program Files\dotnet\packs\Microsoft.NETCore.App.Ref\10.0.0\ref\net10.0\System.Data.dll"입니다.
             검색 경로 위치 "{RawFileName}"에서 참조를 찾았습니다.
             적어도 하나의 소스 항목에 대해 "Private"이 "false"로 설정되었고, "Private"이 "true"로 설정된 소스 항목이 없으므로 이 참조는 "CopyLocal"이 아닙니다.
         기본 참조 "System.Diagnostics.Contracts, Version=10.0.0.0, Culture=neutral, PublicKeyToken=b03f5f7f11d50a3a"입니다.
             확인된 파일 경로는 "C:\Program Files\dotnet\packs\Microsoft.NETCore.App.Ref\10.0.0\ref\net10.0\System.Diagnostics.Contracts.dll"입니다.
             검색 경로 위치 "{RawFileName}"에서 참조를 찾았습니다.
             적어도 하나의 소스 항목에 대해 "Private"이 "false"로 설정되었고, "Private"이 "true"로 설정된 소스 항목이 없으므로 이 참조는 "CopyLocal"이 아닙니다.
         기본 참조 "System.Diagnostics.Debug, Version=10.0.0.0, Culture=neutral, PublicKeyToken=b03f5f7f11d50a3a"입니다.
             확인된 파일 경로는 "C:\Program Files\dotnet\packs\Microsoft.NETCore.App.Ref\10.0.0\ref\net10.0\System.Diagnostics.Debug.dll"입니다.
             검색 경로 위치 "{RawFileName}"에서 참조를 찾았습니다.
             적어도 하나의 소스 항목에 대해 "Private"이 "false"로 설정되었고, "Private"이 "true"로 설정된 소스 항목이 없으므로 이 참조는 "CopyLocal"이 아닙니다.
         기본 참조 "System.Diagnostics.DiagnosticSource, Version=10.0.0.0, Culture=neutral, PublicKeyToken=cc7b13ffcd2ddd51"입니다.
             확인된 파일 경로는 "C:\Program Files\dotnet\packs\Microsoft.NETCore.App.Ref\10.0.0\ref\net10.0\System.Diagnostics.DiagnosticSource.dll"입니다.
             검색 경로 위치 "{RawFileName}"에서 참조를 찾았습니다.
             적어도 하나의 소스 항목에 대해 "Private"이 "false"로 설정되었고, "Private"이 "true"로 설정된 소스 항목이 없으므로 이 참조는 "CopyLocal"이 아닙니다.
         기본 참조 "System.Diagnostics.FileVersionInfo, Version=10.0.0.0, Culture=neutral, PublicKeyToken=b03f5f7f11d50a3a"입니다.
             확인된 파일 경로는 "C:\Program Files\dotnet\packs\Microsoft.NETCore.App.Ref\10.0.0\ref\net10.0\System.Diagnostics.FileVersionInfo.dll"입니다.
             검색 경로 위치 "{RawFileName}"에서 참조를 찾았습니다.
             적어도 하나의 소스 항목에 대해 "Private"이 "false"로 설정되었고, "Private"이 "true"로 설정된 소스 항목이 없으므로 이 참조는 "CopyLocal"이 아닙니다.
         기본 참조 "System.Diagnostics.Process, Version=10.0.0.0, Culture=neutral, PublicKeyToken=b03f5f7f11d50a3a"입니다.
             확인된 파일 경로는 "C:\Program Files\dotnet\packs\Microsoft.NETCore.App.Ref\10.0.0\ref\net10.0\System.Diagnostics.Process.dll"입니다.
             검색 경로 위치 "{RawFileName}"에서 참조를 찾았습니다.
             적어도 하나의 소스 항목에 대해 "Private"이 "false"로 설정되었고, "Private"이 "true"로 설정된 소스 항목이 없으므로 이 참조는 "CopyLocal"이 아닙니다.
         기본 참조 "System.Diagnostics.StackTrace, Version=10.0.0.0, Culture=neutral, PublicKeyToken=b03f5f7f11d50a3a"입니다.
             확인된 파일 경로는 "C:\Program Files\dotnet\packs\Microsoft.NETCore.App.Ref\10.0.0\ref\net10.0\System.Diagnostics.StackTrace.dll"입니다.
             검색 경로 위치 "{RawFileName}"에서 참조를 찾았습니다.
             적어도 하나의 소스 항목에 대해 "Private"이 "false"로 설정되었고, "Private"이 "true"로 설정된 소스 항목이 없으므로 이 참조는 "CopyLocal"이 아닙니다.
         기본 참조 "System.Diagnostics.TextWriterTraceListener, Version=10.0.0.0, Culture=neutral, PublicKeyToken=b03f5f7f11d50a3a"입니다.
             확인된 파일 경로는 "C:\Program Files\dotnet\packs\Microsoft.NETCore.App.Ref\10.0.0\ref\net10.0\System.Diagnostics.TextWriterTraceListener.dll"입니다.
             검색 경로 위치 "{RawFileName}"에서 참조를 찾았습니다.
             적어도 하나의 소스 항목에 대해 "Private"이 "false"로 설정되었고, "Private"이 "true"로 설정된 소스 항목이 없으므로 이 참조는 "CopyLocal"이 아닙니다.
         기본 참조 "System.Diagnostics.Tools, Version=10.0.0.0, Culture=neutral, PublicKeyToken=b03f5f7f11d50a3a"입니다.
             확인된 파일 경로는 "C:\Program Files\dotnet\packs\Microsoft.NETCore.App.Ref\10.0.0\ref\net10.0\System.Diagnostics.Tools.dll"입니다.
             검색 경로 위치 "{RawFileName}"에서 참조를 찾았습니다.
             적어도 하나의 소스 항목에 대해 "Private"이 "false"로 설정되었고, "Private"이 "true"로 설정된 소스 항목이 없으므로 이 참조는 "CopyLocal"이 아닙니다.
         기본 참조 "System.Diagnostics.TraceSource, Version=10.0.0.0, Culture=neutral, PublicKeyToken=b03f5f7f11d50a3a"입니다.
             확인된 파일 경로는 "C:\Program Files\dotnet\packs\Microsoft.NETCore.App.Ref\10.0.0\ref\net10.0\System.Diagnostics.TraceSource.dll"입니다.
             검색 경로 위치 "{RawFileName}"에서 참조를 찾았습니다.
             적어도 하나의 소스 항목에 대해 "Private"이 "false"로 설정되었고, "Private"이 "true"로 설정된 소스 항목이 없으므로 이 참조는 "CopyLocal"이 아닙니다.
         기본 참조 "System.Diagnostics.Tracing, Version=10.0.0.0, Culture=neutral, PublicKeyToken=b03f5f7f11d50a3a"입니다.
             확인된 파일 경로는 "C:\Program Files\dotnet\packs\Microsoft.NETCore.App.Ref\10.0.0\ref\net10.0\System.Diagnostics.Tracing.dll"입니다.
             검색 경로 위치 "{RawFileName}"에서 참조를 찾았습니다.
             적어도 하나의 소스 항목에 대해 "Private"이 "false"로 설정되었고, "Private"이 "true"로 설정된 소스 항목이 없으므로 이 참조는 "CopyLocal"이 아닙니다.
         기본 참조 "System.Drawing.Primitives, Version=10.0.0.0, Culture=neutral, PublicKeyToken=b03f5f7f11d50a3a"입니다.
             확인된 파일 경로는 "C:\Program Files\dotnet\packs\Microsoft.NETCore.App.Ref\10.0.0\ref\net10.0\System.Drawing.Primitives.dll"입니다.
             검색 경로 위치 "{RawFileName}"에서 참조를 찾았습니다.
             적어도 하나의 소스 항목에 대해 "Private"이 "false"로 설정되었고, "Private"이 "true"로 설정된 소스 항목이 없으므로 이 참조는 "CopyLocal"이 아닙니다.
         기본 참조 "System.Drawing, Version=4.0.0.0, Culture=neutral, PublicKeyToken=b03f5f7f11d50a3a"입니다.
             확인된 파일 경로는 "C:\Program Files\dotnet\packs\Microsoft.NETCore.App.Ref\10.0.0\ref\net10.0\System.Drawing.dll"입니다.
             검색 경로 위치 "{RawFileName}"에서 참조를 찾았습니다.
             적어도 하나의 소스 항목에 대해 "Private"이 "false"로 설정되었고, "Private"이 "true"로 설정된 소스 항목이 없으므로 이 참조는 "CopyLocal"이 아닙니다.
         기본 참조 "System.Dynamic.Runtime, Version=10.0.0.0, Culture=neutral, PublicKeyToken=b03f5f7f11d50a3a"입니다.
             확인된 파일 경로는 "C:\Program Files\dotnet\packs\Microsoft.NETCore.App.Ref\10.0.0\ref\net10.0\System.Dynamic.Runtime.dll"입니다.
             검색 경로 위치 "{RawFileName}"에서 참조를 찾았습니다.
             적어도 하나의 소스 항목에 대해 "Private"이 "false"로 설정되었고, "Private"이 "true"로 설정된 소스 항목이 없으므로 이 참조는 "CopyLocal"이 아닙니다.
         기본 참조 "System.Formats.Asn1, Version=10.0.0.0, Culture=neutral, PublicKeyToken=cc7b13ffcd2ddd51"입니다.
             확인된 파일 경로는 "C:\Program Files\dotnet\packs\Microsoft.NETCore.App.Ref\10.0.0\ref\net10.0\System.Formats.Asn1.dll"입니다.
             검색 경로 위치 "{RawFileName}"에서 참조를 찾았습니다.
             적어도 하나의 소스 항목에 대해 "Private"이 "false"로 설정되었고, "Private"이 "true"로 설정된 소스 항목이 없으므로 이 참조는 "CopyLocal"이 아닙니다.
         기본 참조 "System.Formats.Tar, Version=10.0.0.0, Culture=neutral, PublicKeyToken=cc7b13ffcd2ddd51"입니다.
             확인된 파일 경로는 "C:\Program Files\dotnet\packs\Microsoft.NETCore.App.Ref\10.0.0\ref\net10.0\System.Formats.Tar.dll"입니다.
             검색 경로 위치 "{RawFileName}"에서 참조를 찾았습니다.
             적어도 하나의 소스 항목에 대해 "Private"이 "false"로 설정되었고, "Private"이 "true"로 설정된 소스 항목이 없으므로 이 참조는 "CopyLocal"이 아닙니다.
         기본 참조 "System.Globalization.Calendars, Version=10.0.0.0, Culture=neutral, PublicKeyToken=b03f5f7f11d50a3a"입니다.
             확인된 파일 경로는 "C:\Program Files\dotnet\packs\Microsoft.NETCore.App.Ref\10.0.0\ref\net10.0\System.Globalization.Calendars.dll"입니다.
             검색 경로 위치 "{RawFileName}"에서 참조를 찾았습니다.
             적어도 하나의 소스 항목에 대해 "Private"이 "false"로 설정되었고, "Private"이 "true"로 설정된 소스 항목이 없으므로 이 참조는 "CopyLocal"이 아닙니다.
         기본 참조 "System.Globalization.Extensions, Version=10.0.0.0, Culture=neutral, PublicKeyToken=b03f5f7f11d50a3a"입니다.
             확인된 파일 경로는 "C:\Program Files\dotnet\packs\Microsoft.NETCore.App.Ref\10.0.0\ref\net10.0\System.Globalization.Extensions.dll"입니다.
             검색 경로 위치 "{RawFileName}"에서 참조를 찾았습니다.
             적어도 하나의 소스 항목에 대해 "Private"이 "false"로 설정되었고, "Private"이 "true"로 설정된 소스 항목이 없으므로 이 참조는 "CopyLocal"이 아닙니다.
         기본 참조 "System.Globalization, Version=10.0.0.0, Culture=neutral, PublicKeyToken=b03f5f7f11d50a3a"입니다.
             확인된 파일 경로는 "C:\Program Files\dotnet\packs\Microsoft.NETCore.App.Ref\10.0.0\ref\net10.0\System.Globalization.dll"입니다.
             검색 경로 위치 "{RawFileName}"에서 참조를 찾았습니다.
             적어도 하나의 소스 항목에 대해 "Private"이 "false"로 설정되었고, "Private"이 "true"로 설정된 소스 항목이 없으므로 이 참조는 "CopyLocal"이 아닙니다.
         기본 참조 "System.IO.Compression.Brotli, Version=10.0.0.0, Culture=neutral, PublicKeyToken=b77a5c561934e089"입니다.
             확인된 파일 경로는 "C:\Program Files\dotnet\packs\Microsoft.NETCore.App.Ref\10.0.0\ref\net10.0\System.IO.Compression.Brotli.dll"입니다.
             검색 경로 위치 "{RawFileName}"에서 참조를 찾았습니다.
             적어도 하나의 소스 항목에 대해 "Private"이 "false"로 설정되었고, "Private"이 "true"로 설정된 소스 항목이 없으므로 이 참조는 "CopyLocal"이 아닙니다.
         기본 참조 "System.IO.Compression.FileSystem, Version=4.0.0.0, Culture=neutral, PublicKeyToken=b77a5c561934e089"입니다.
             확인된 파일 경로는 "C:\Program Files\dotnet\packs\Microsoft.NETCore.App.Ref\10.0.0\ref\net10.0\System.IO.Compression.FileSystem.dll"입니다.
             검색 경로 위치 "{RawFileName}"에서 참조를 찾았습니다.
             적어도 하나의 소스 항목에 대해 "Private"이 "false"로 설정되었고, "Private"이 "true"로 설정된 소스 항목이 없으므로 이 참조는 "CopyLocal"이 아닙니다.
         기본 참조 "System.IO.Compression.ZipFile, Version=10.0.0.0, Culture=neutral, PublicKeyToken=b77a5c561934e089"입니다.
             확인된 파일 경로는 "C:\Program Files\dotnet\packs\Microsoft.NETCore.App.Ref\10.0.0\ref\net10.0\System.IO.Compression.ZipFile.dll"입니다.
             검색 경로 위치 "{RawFileName}"에서 참조를 찾았습니다.
             적어도 하나의 소스 항목에 대해 "Private"이 "false"로 설정되었고, "Private"이 "true"로 설정된 소스 항목이 없으므로 이 참조는 "CopyLocal"이 아닙니다.
         기본 참조 "System.IO.Compression, Version=10.0.0.0, Culture=neutral, PublicKeyToken=b77a5c561934e089"입니다.
             확인된 파일 경로는 "C:\Program Files\dotnet\packs\Microsoft.NETCore.App.Ref\10.0.0\ref\net10.0\System.IO.Compression.dll"입니다.
             검색 경로 위치 "{RawFileName}"에서 참조를 찾았습니다.
             적어도 하나의 소스 항목에 대해 "Private"이 "false"로 설정되었고, "Private"이 "true"로 설정된 소스 항목이 없으므로 이 참조는 "CopyLocal"이 아닙니다.
         기본 참조 "System.IO.FileSystem.AccessControl, Version=10.0.0.0, Culture=neutral, PublicKeyToken=b03f5f7f11d50a3a"입니다.
             확인된 파일 경로는 "C:\Program Files\dotnet\packs\Microsoft.NETCore.App.Ref\10.0.0\ref\net10.0\System.IO.FileSystem.AccessControl.dll"입니다.
             검색 경로 위치 "{RawFileName}"에서 참조를 찾았습니다.
             적어도 하나의 소스 항목에 대해 "Private"이 "false"로 설정되었고, "Private"이 "true"로 설정된 소스 항목이 없으므로 이 참조는 "CopyLocal"이 아닙니다.
         기본 참조 "System.IO.FileSystem.DriveInfo, Version=10.0.0.0, Culture=neutral, PublicKeyToken=b03f5f7f11d50a3a"입니다.
             확인된 파일 경로는 "C:\Program Files\dotnet\packs\Microsoft.NETCore.App.Ref\10.0.0\ref\net10.0\System.IO.FileSystem.DriveInfo.dll"입니다.
             검색 경로 위치 "{RawFileName}"에서 참조를 찾았습니다.
             적어도 하나의 소스 항목에 대해 "Private"이 "false"로 설정되었고, "Private"이 "true"로 설정된 소스 항목이 없으므로 이 참조는 "CopyLocal"이 아닙니다.
         기본 참조 "System.IO.FileSystem.Primitives, Version=10.0.0.0, Culture=neutral, PublicKeyToken=b03f5f7f11d50a3a"입니다.
             확인된 파일 경로는 "C:\Program Files\dotnet\packs\Microsoft.NETCore.App.Ref\10.0.0\ref\net10.0\System.IO.FileSystem.Primitives.dll"입니다.
             검색 경로 위치 "{RawFileName}"에서 참조를 찾았습니다.
             적어도 하나의 소스 항목에 대해 "Private"이 "false"로 설정되었고, "Private"이 "true"로 설정된 소스 항목이 없으므로 이 참조는 "CopyLocal"이 아닙니다.
         기본 참조 "System.IO.FileSystem.Watcher, Version=10.0.0.0, Culture=neutral, PublicKeyToken=b03f5f7f11d50a3a"입니다.
             확인된 파일 경로는 "C:\Program Files\dotnet\packs\Microsoft.NETCore.App.Ref\10.0.0\ref\net10.0\System.IO.FileSystem.Watcher.dll"입니다.
             검색 경로 위치 "{RawFileName}"에서 참조를 찾았습니다.
             적어도 하나의 소스 항목에 대해 "Private"이 "false"로 설정되었고, "Private"이 "true"로 설정된 소스 항목이 없으므로 이 참조는 "CopyLocal"이 아닙니다.
         기본 참조 "System.IO.FileSystem, Version=10.0.0.0, Culture=neutral, PublicKeyToken=b03f5f7f11d50a3a"입니다.
             확인된 파일 경로는 "C:\Program Files\dotnet\packs\Microsoft.NETCore.App.Ref\10.0.0\ref\net10.0\System.IO.FileSystem.dll"입니다.
             검색 경로 위치 "{RawFileName}"에서 참조를 찾았습니다.
             적어도 하나의 소스 항목에 대해 "Private"이 "false"로 설정되었고, "Private"이 "true"로 설정된 소스 항목이 없으므로 이 참조는 "CopyLocal"이 아닙니다.
         기본 참조 "System.IO.IsolatedStorage, Version=10.0.0.0, Culture=neutral, PublicKeyToken=b03f5f7f11d50a3a"입니다.
             확인된 파일 경로는 "C:\Program Files\dotnet\packs\Microsoft.NETCore.App.Ref\10.0.0\ref\net10.0\System.IO.IsolatedStorage.dll"입니다.
             검색 경로 위치 "{RawFileName}"에서 참조를 찾았습니다.
             적어도 하나의 소스 항목에 대해 "Private"이 "false"로 설정되었고, "Private"이 "true"로 설정된 소스 항목이 없으므로 이 참조는 "CopyLocal"이 아닙니다.
         기본 참조 "System.IO.MemoryMappedFiles, Version=10.0.0.0, Culture=neutral, PublicKeyToken=b03f5f7f11d50a3a"입니다.
             확인된 파일 경로는 "C:\Program Files\dotnet\packs\Microsoft.NETCore.App.Ref\10.0.0\ref\net10.0\System.IO.MemoryMappedFiles.dll"입니다.
             검색 경로 위치 "{RawFileName}"에서 참조를 찾았습니다.
             적어도 하나의 소스 항목에 대해 "Private"이 "false"로 설정되었고, "Private"이 "true"로 설정된 소스 항목이 없으므로 이 참조는 "CopyLocal"이 아닙니다.
         기본 참조 "System.IO.Pipelines, Version=10.0.0.0, Culture=neutral, PublicKeyToken=cc7b13ffcd2ddd51"입니다.
             확인된 파일 경로는 "C:\Program Files\dotnet\packs\Microsoft.NETCore.App.Ref\10.0.0\ref\net10.0\System.IO.Pipelines.dll"입니다.
             검색 경로 위치 "{RawFileName}"에서 참조를 찾았습니다.
             적어도 하나의 소스 항목에 대해 "Private"이 "false"로 설정되었고, "Private"이 "true"로 설정된 소스 항목이 없으므로 이 참조는 "CopyLocal"이 아닙니다.
         기본 참조 "System.IO.Pipes.AccessControl, Version=10.0.0.0, Culture=neutral, PublicKeyToken=b03f5f7f11d50a3a"입니다.
             확인된 파일 경로는 "C:\Program Files\dotnet\packs\Microsoft.NETCore.App.Ref\10.0.0\ref\net10.0\System.IO.Pipes.AccessControl.dll"입니다.
             검색 경로 위치 "{RawFileName}"에서 참조를 찾았습니다.
             적어도 하나의 소스 항목에 대해 "Private"이 "false"로 설정되었고, "Private"이 "true"로 설정된 소스 항목이 없으므로 이 참조는 "CopyLocal"이 아닙니다.
         기본 참조 "System.IO.Pipes, Version=10.0.0.0, Culture=neutral, PublicKeyToken=b03f5f7f11d50a3a"입니다.
             확인된 파일 경로는 "C:\Program Files\dotnet\packs\Microsoft.NETCore.App.Ref\10.0.0\ref\net10.0\System.IO.Pipes.dll"입니다.
             검색 경로 위치 "{RawFileName}"에서 참조를 찾았습니다.
             적어도 하나의 소스 항목에 대해 "Private"이 "false"로 설정되었고, "Private"이 "true"로 설정된 소스 항목이 없으므로 이 참조는 "CopyLocal"이 아닙니다.
         기본 참조 "System.IO.UnmanagedMemoryStream, Version=10.0.0.0, Culture=neutral, PublicKeyToken=b03f5f7f11d50a3a"입니다.
             확인된 파일 경로는 "C:\Program Files\dotnet\packs\Microsoft.NETCore.App.Ref\10.0.0\ref\net10.0\System.IO.UnmanagedMemoryStream.dll"입니다.
             검색 경로 위치 "{RawFileName}"에서 참조를 찾았습니다.
             적어도 하나의 소스 항목에 대해 "Private"이 "false"로 설정되었고, "Private"이 "true"로 설정된 소스 항목이 없으므로 이 참조는 "CopyLocal"이 아닙니다.
         기본 참조 "System.IO, Version=10.0.0.0, Culture=neutral, PublicKeyToken=b03f5f7f11d50a3a"입니다.
             확인된 파일 경로는 "C:\Program Files\dotnet\packs\Microsoft.NETCore.App.Ref\10.0.0\ref\net10.0\System.IO.dll"입니다.
             검색 경로 위치 "{RawFileName}"에서 참조를 찾았습니다.
             적어도 하나의 소스 항목에 대해 "Private"이 "false"로 설정되었고, "Private"이 "true"로 설정된 소스 항목이 없으므로 이 참조는 "CopyLocal"이 아닙니다.
         기본 참조 "System.Linq.AsyncEnumerable, Version=10.0.0.0, Culture=neutral, PublicKeyToken=b03f5f7f11d50a3a"입니다.
             확인된 파일 경로는 "C:\Program Files\dotnet\packs\Microsoft.NETCore.App.Ref\10.0.0\ref\net10.0\System.Linq.AsyncEnumerable.dll"입니다.
             검색 경로 위치 "{RawFileName}"에서 참조를 찾았습니다.
             적어도 하나의 소스 항목에 대해 "Private"이 "false"로 설정되었고, "Private"이 "true"로 설정된 소스 항목이 없으므로 이 참조는 "CopyLocal"이 아닙니다.
         기본 참조 "System.Linq.Expressions, Version=10.0.0.0, Culture=neutral, PublicKeyToken=b03f5f7f11d50a3a"입니다.
             확인된 파일 경로는 "C:\Program Files\dotnet\packs\Microsoft.NETCore.App.Ref\10.0.0\ref\net10.0\System.Linq.Expressions.dll"입니다.
             검색 경로 위치 "{RawFileName}"에서 참조를 찾았습니다.
             적어도 하나의 소스 항목에 대해 "Private"이 "false"로 설정되었고, "Private"이 "true"로 설정된 소스 항목이 없으므로 이 참조는 "CopyLocal"이 아닙니다.
         기본 참조 "System.Linq.Parallel, Version=10.0.0.0, Culture=neutral, PublicKeyToken=b03f5f7f11d50a3a"입니다.
             확인된 파일 경로는 "C:\Program Files\dotnet\packs\Microsoft.NETCore.App.Ref\10.0.0\ref\net10.0\System.Linq.Parallel.dll"입니다.
             검색 경로 위치 "{RawFileName}"에서 참조를 찾았습니다.
             적어도 하나의 소스 항목에 대해 "Private"이 "false"로 설정되었고, "Private"이 "true"로 설정된 소스 항목이 없으므로 이 참조는 "CopyLocal"이 아닙니다.
         기본 참조 "System.Linq.Queryable, Version=10.0.0.0, Culture=neutral, PublicKeyToken=b03f5f7f11d50a3a"입니다.
             확인된 파일 경로는 "C:\Program Files\dotnet\packs\Microsoft.NETCore.App.Ref\10.0.0\ref\net10.0\System.Linq.Queryable.dll"입니다.
             검색 경로 위치 "{RawFileName}"에서 참조를 찾았습니다.
             적어도 하나의 소스 항목에 대해 "Private"이 "false"로 설정되었고, "Private"이 "true"로 설정된 소스 항목이 없으므로 이 참조는 "CopyLocal"이 아닙니다.
         기본 참조 "System.Linq, Version=10.0.0.0, Culture=neutral, PublicKeyToken=b03f5f7f11d50a3a"입니다.
             확인된 파일 경로는 "C:\Program Files\dotnet\packs\Microsoft.NETCore.App.Ref\10.0.0\ref\net10.0\System.Linq.dll"입니다.
             검색 경로 위치 "{RawFileName}"에서 참조를 찾았습니다.
             적어도 하나의 소스 항목에 대해 "Private"이 "false"로 설정되었고, "Private"이 "true"로 설정된 소스 항목이 없으므로 이 참조는 "CopyLocal"이 아닙니다.
         기본 참조 "System.Memory, Version=10.0.0.0, Culture=neutral, PublicKeyToken=cc7b13ffcd2ddd51"입니다.
             확인된 파일 경로는 "C:\Program Files\dotnet\packs\Microsoft.NETCore.App.Ref\10.0.0\ref\net10.0\System.Memory.dll"입니다.
             검색 경로 위치 "{RawFileName}"에서 참조를 찾았습니다.
             적어도 하나의 소스 항목에 대해 "Private"이 "false"로 설정되었고, "Private"이 "true"로 설정된 소스 항목이 없으므로 이 참조는 "CopyLocal"이 아닙니다.
         기본 참조 "System.Net.Http.Json, Version=10.0.0.0, Culture=neutral, PublicKeyToken=cc7b13ffcd2ddd51"입니다.
             확인된 파일 경로는 "C:\Program Files\dotnet\packs\Microsoft.NETCore.App.Ref\10.0.0\ref\net10.0\System.Net.Http.Json.dll"입니다.
             검색 경로 위치 "{RawFileName}"에서 참조를 찾았습니다.
             적어도 하나의 소스 항목에 대해 "Private"이 "false"로 설정되었고, "Private"이 "true"로 설정된 소스 항목이 없으므로 이 참조는 "CopyLocal"이 아닙니다.
         기본 참조 "System.Net.Http, Version=10.0.0.0, Culture=neutral, PublicKeyToken=b03f5f7f11d50a3a"입니다.
             확인된 파일 경로는 "C:\Program Files\dotnet\packs\Microsoft.NETCore.App.Ref\10.0.0\ref\net10.0\System.Net.Http.dll"입니다.
             검색 경로 위치 "{RawFileName}"에서 참조를 찾았습니다.
             적어도 하나의 소스 항목에 대해 "Private"이 "false"로 설정되었고, "Private"이 "true"로 설정된 소스 항목이 없으므로 이 참조는 "CopyLocal"이 아닙니다.
         기본 참조 "System.Net.HttpListener, Version=10.0.0.0, Culture=neutral, PublicKeyToken=cc7b13ffcd2ddd51"입니다.
             확인된 파일 경로는 "C:\Program Files\dotnet\packs\Microsoft.NETCore.App.Ref\10.0.0\ref\net10.0\System.Net.HttpListener.dll"입니다.
             검색 경로 위치 "{RawFileName}"에서 참조를 찾았습니다.
             적어도 하나의 소스 항목에 대해 "Private"이 "false"로 설정되었고, "Private"이 "true"로 설정된 소스 항목이 없으므로 이 참조는 "CopyLocal"이 아닙니다.
         기본 참조 "System.Net.Mail, Version=10.0.0.0, Culture=neutral, PublicKeyToken=cc7b13ffcd2ddd51"입니다.
             확인된 파일 경로는 "C:\Program Files\dotnet\packs\Microsoft.NETCore.App.Ref\10.0.0\ref\net10.0\System.Net.Mail.dll"입니다.
             검색 경로 위치 "{RawFileName}"에서 참조를 찾았습니다.
             적어도 하나의 소스 항목에 대해 "Private"이 "false"로 설정되었고, "Private"이 "true"로 설정된 소스 항목이 없으므로 이 참조는 "CopyLocal"이 아닙니다.
         기본 참조 "System.Net.NameResolution, Version=10.0.0.0, Culture=neutral, PublicKeyToken=b03f5f7f11d50a3a"입니다.
             확인된 파일 경로는 "C:\Program Files\dotnet\packs\Microsoft.NETCore.App.Ref\10.0.0\ref\net10.0\System.Net.NameResolution.dll"입니다.
             검색 경로 위치 "{RawFileName}"에서 참조를 찾았습니다.
             적어도 하나의 소스 항목에 대해 "Private"이 "false"로 설정되었고, "Private"이 "true"로 설정된 소스 항목이 없으므로 이 참조는 "CopyLocal"이 아닙니다.
         기본 참조 "System.Net.NetworkInformation, Version=10.0.0.0, Culture=neutral, PublicKeyToken=b03f5f7f11d50a3a"입니다.
             확인된 파일 경로는 "C:\Program Files\dotnet\packs\Microsoft.NETCore.App.Ref\10.0.0\ref\net10.0\System.Net.NetworkInformation.dll"입니다.
             검색 경로 위치 "{RawFileName}"에서 참조를 찾았습니다.
             적어도 하나의 소스 항목에 대해 "Private"이 "false"로 설정되었고, "Private"이 "true"로 설정된 소스 항목이 없으므로 이 참조는 "CopyLocal"이 아닙니다.
         기본 참조 "System.Net.Ping, Version=10.0.0.0, Culture=neutral, PublicKeyToken=b03f5f7f11d50a3a"입니다.
             확인된 파일 경로는 "C:\Program Files\dotnet\packs\Microsoft.NETCore.App.Ref\10.0.0\ref\net10.0\System.Net.Ping.dll"입니다.
             검색 경로 위치 "{RawFileName}"에서 참조를 찾았습니다.
             적어도 하나의 소스 항목에 대해 "Private"이 "false"로 설정되었고, "Private"이 "true"로 설정된 소스 항목이 없으므로 이 참조는 "CopyLocal"이 아닙니다.
         기본 참조 "System.Net.Primitives, Version=10.0.0.0, Culture=neutral, PublicKeyToken=b03f5f7f11d50a3a"입니다.
             확인된 파일 경로는 "C:\Program Files\dotnet\packs\Microsoft.NETCore.App.Ref\10.0.0\ref\net10.0\System.Net.Primitives.dll"입니다.
             검색 경로 위치 "{RawFileName}"에서 참조를 찾았습니다.
             적어도 하나의 소스 항목에 대해 "Private"이 "false"로 설정되었고, "Private"이 "true"로 설정된 소스 항목이 없으므로 이 참조는 "CopyLocal"이 아닙니다.
         기본 참조 "System.Net.Quic, Version=10.0.0.0, Culture=neutral, PublicKeyToken=b03f5f7f11d50a3a"입니다.
             확인된 파일 경로는 "C:\Program Files\dotnet\packs\Microsoft.NETCore.App.Ref\10.0.0\ref\net10.0\System.Net.Quic.dll"입니다.
             검색 경로 위치 "{RawFileName}"에서 참조를 찾았습니다.
             적어도 하나의 소스 항목에 대해 "Private"이 "false"로 설정되었고, "Private"이 "true"로 설정된 소스 항목이 없으므로 이 참조는 "CopyLocal"이 아닙니다.
         기본 참조 "System.Net.Requests, Version=10.0.0.0, Culture=neutral, PublicKeyToken=b03f5f7f11d50a3a"입니다.
             확인된 파일 경로는 "C:\Program Files\dotnet\packs\Microsoft.NETCore.App.Ref\10.0.0\ref\net10.0\System.Net.Requests.dll"입니다.
             검색 경로 위치 "{RawFileName}"에서 참조를 찾았습니다.
             적어도 하나의 소스 항목에 대해 "Private"이 "false"로 설정되었고, "Private"이 "true"로 설정된 소스 항목이 없으므로 이 참조는 "CopyLocal"이 아닙니다.
         기본 참조 "System.Net.Security, Version=10.0.0.0, Culture=neutral, PublicKeyToken=b03f5f7f11d50a3a"입니다.
             확인된 파일 경로는 "C:\Program Files\dotnet\packs\Microsoft.NETCore.App.Ref\10.0.0\ref\net10.0\System.Net.Security.dll"입니다.
             검색 경로 위치 "{RawFileName}"에서 참조를 찾았습니다.
             적어도 하나의 소스 항목에 대해 "Private"이 "false"로 설정되었고, "Private"이 "true"로 설정된 소스 항목이 없으므로 이 참조는 "CopyLocal"이 아닙니다.
         기본 참조 "System.Net.ServerSentEvents, Version=10.0.0.0, Culture=neutral, PublicKeyToken=cc7b13ffcd2ddd51"입니다.
             확인된 파일 경로는 "C:\Program Files\dotnet\packs\Microsoft.NETCore.App.Ref\10.0.0\ref\net10.0\System.Net.ServerSentEvents.dll"입니다.
             검색 경로 위치 "{RawFileName}"에서 참조를 찾았습니다.
             적어도 하나의 소스 항목에 대해 "Private"이 "false"로 설정되었고, "Private"이 "true"로 설정된 소스 항목이 없으므로 이 참조는 "CopyLocal"이 아닙니다.
         기본 참조 "System.Net.ServicePoint, Version=10.0.0.0, Culture=neutral, PublicKeyToken=cc7b13ffcd2ddd51"입니다.
             확인된 파일 경로는 "C:\Program Files\dotnet\packs\Microsoft.NETCore.App.Ref\10.0.0\ref\net10.0\System.Net.ServicePoint.dll"입니다.
             검색 경로 위치 "{RawFileName}"에서 참조를 찾았습니다.
             적어도 하나의 소스 항목에 대해 "Private"이 "false"로 설정되었고, "Private"이 "true"로 설정된 소스 항목이 없으므로 이 참조는 "CopyLocal"이 아닙니다.
         기본 참조 "System.Net.Sockets, Version=10.0.0.0, Culture=neutral, PublicKeyToken=b03f5f7f11d50a3a"입니다.
             확인된 파일 경로는 "C:\Program Files\dotnet\packs\Microsoft.NETCore.App.Ref\10.0.0\ref\net10.0\System.Net.Sockets.dll"입니다.
             검색 경로 위치 "{RawFileName}"에서 참조를 찾았습니다.
             적어도 하나의 소스 항목에 대해 "Private"이 "false"로 설정되었고, "Private"이 "true"로 설정된 소스 항목이 없으므로 이 참조는 "CopyLocal"이 아닙니다.
         기본 참조 "System.Net.WebClient, Version=10.0.0.0, Culture=neutral, PublicKeyToken=cc7b13ffcd2ddd51"입니다.
             확인된 파일 경로는 "C:\Program Files\dotnet\packs\Microsoft.NETCore.App.Ref\10.0.0\ref\net10.0\System.Net.WebClient.dll"입니다.
             검색 경로 위치 "{RawFileName}"에서 참조를 찾았습니다.
             적어도 하나의 소스 항목에 대해 "Private"이 "false"로 설정되었고, "Private"이 "true"로 설정된 소스 항목이 없으므로 이 참조는 "CopyLocal"이 아닙니다.
         기본 참조 "System.Net.WebHeaderCollection, Version=10.0.0.0, Culture=neutral, PublicKeyToken=b03f5f7f11d50a3a"입니다.
             확인된 파일 경로는 "C:\Program Files\dotnet\packs\Microsoft.NETCore.App.Ref\10.0.0\ref\net10.0\System.Net.WebHeaderCollection.dll"입니다.
             검색 경로 위치 "{RawFileName}"에서 참조를 찾았습니다.
             적어도 하나의 소스 항목에 대해 "Private"이 "false"로 설정되었고, "Private"이 "true"로 설정된 소스 항목이 없으므로 이 참조는 "CopyLocal"이 아닙니다.
         기본 참조 "System.Net.WebProxy, Version=10.0.0.0, Culture=neutral, PublicKeyToken=cc7b13ffcd2ddd51"입니다.
             확인된 파일 경로는 "C:\Program Files\dotnet\packs\Microsoft.NETCore.App.Ref\10.0.0\ref\net10.0\System.Net.WebProxy.dll"입니다.
             검색 경로 위치 "{RawFileName}"에서 참조를 찾았습니다.
             적어도 하나의 소스 항목에 대해 "Private"이 "false"로 설정되었고, "Private"이 "true"로 설정된 소스 항목이 없으므로 이 참조는 "CopyLocal"이 아닙니다.
         기본 참조 "System.Net.WebSockets.Client, Version=10.0.0.0, Culture=neutral, PublicKeyToken=b03f5f7f11d50a3a"입니다.
             확인된 파일 경로는 "C:\Program Files\dotnet\packs\Microsoft.NETCore.App.Ref\10.0.0\ref\net10.0\System.Net.WebSockets.Client.dll"입니다.
             검색 경로 위치 "{RawFileName}"에서 참조를 찾았습니다.
             적어도 하나의 소스 항목에 대해 "Private"이 "false"로 설정되었고, "Private"이 "true"로 설정된 소스 항목이 없으므로 이 참조는 "CopyLocal"이 아닙니다.
         기본 참조 "System.Net.WebSockets, Version=10.0.0.0, Culture=neutral, PublicKeyToken=b03f5f7f11d50a3a"입니다.
             확인된 파일 경로는 "C:\Program Files\dotnet\packs\Microsoft.NETCore.App.Ref\10.0.0\ref\net10.0\System.Net.WebSockets.dll"입니다.
             검색 경로 위치 "{RawFileName}"에서 참조를 찾았습니다.
             적어도 하나의 소스 항목에 대해 "Private"이 "false"로 설정되었고, "Private"이 "true"로 설정된 소스 항목이 없으므로 이 참조는 "CopyLocal"이 아닙니다.
         기본 참조 "System.Net, Version=4.0.0.0, Culture=neutral, PublicKeyToken=b03f5f7f11d50a3a"입니다.
             확인된 파일 경로는 "C:\Program Files\dotnet\packs\Microsoft.NETCore.App.Ref\10.0.0\ref\net10.0\System.Net.dll"입니다.
             검색 경로 위치 "{RawFileName}"에서 참조를 찾았습니다.
             적어도 하나의 소스 항목에 대해 "Private"이 "false"로 설정되었고, "Private"이 "true"로 설정된 소스 항목이 없으므로 이 참조는 "CopyLocal"이 아닙니다.
         기본 참조 "System.Numerics.Vectors, Version=10.0.0.0, Culture=neutral, PublicKeyToken=b03f5f7f11d50a3a"입니다.
             확인된 파일 경로는 "C:\Program Files\dotnet\packs\Microsoft.NETCore.App.Ref\10.0.0\ref\net10.0\System.Numerics.Vectors.dll"입니다.
             검색 경로 위치 "{RawFileName}"에서 참조를 찾았습니다.
             적어도 하나의 소스 항목에 대해 "Private"이 "false"로 설정되었고, "Private"이 "true"로 설정된 소스 항목이 없으므로 이 참조는 "CopyLocal"이 아닙니다.
         기본 참조 "System.Numerics, Version=4.0.0.0, Culture=neutral, PublicKeyToken=b77a5c561934e089"입니다.
             확인된 파일 경로는 "C:\Program Files\dotnet\packs\Microsoft.NETCore.App.Ref\10.0.0\ref\net10.0\System.Numerics.dll"입니다.
             검색 경로 위치 "{RawFileName}"에서 참조를 찾았습니다.
             적어도 하나의 소스 항목에 대해 "Private"이 "false"로 설정되었고, "Private"이 "true"로 설정된 소스 항목이 없으므로 이 참조는 "CopyLocal"이 아닙니다.
         기본 참조 "System.ObjectModel, Version=10.0.0.0, Culture=neutral, PublicKeyToken=b03f5f7f11d50a3a"입니다.
             확인된 파일 경로는 "C:\Program Files\dotnet\packs\Microsoft.NETCore.App.Ref\10.0.0\ref\net10.0\System.ObjectModel.dll"입니다.
             검색 경로 위치 "{RawFileName}"에서 참조를 찾았습니다.
             적어도 하나의 소스 항목에 대해 "Private"이 "false"로 설정되었고, "Private"이 "true"로 설정된 소스 항목이 없으므로 이 참조는 "CopyLocal"이 아닙니다.
         기본 참조 "System.Reflection.DispatchProxy, Version=10.0.0.0, Culture=neutral, PublicKeyToken=b03f5f7f11d50a3a"입니다.
             확인된 파일 경로는 "C:\Program Files\dotnet\packs\Microsoft.NETCore.App.Ref\10.0.0\ref\net10.0\System.Reflection.DispatchProxy.dll"입니다.
             검색 경로 위치 "{RawFileName}"에서 참조를 찾았습니다.
             적어도 하나의 소스 항목에 대해 "Private"이 "false"로 설정되었고, "Private"이 "true"로 설정된 소스 항목이 없으므로 이 참조는 "CopyLocal"이 아닙니다.
         기본 참조 "System.Reflection.Emit.ILGeneration, Version=10.0.0.0, Culture=neutral, PublicKeyToken=b03f5f7f11d50a3a"입니다.
             확인된 파일 경로는 "C:\Program Files\dotnet\packs\Microsoft.NETCore.App.Ref\10.0.0\ref\net10.0\System.Reflection.Emit.ILGeneration.dll"입니다.
             검색 경로 위치 "{RawFileName}"에서 참조를 찾았습니다.
             적어도 하나의 소스 항목에 대해 "Private"이 "false"로 설정되었고, "Private"이 "true"로 설정된 소스 항목이 없으므로 이 참조는 "CopyLocal"이 아닙니다.
         기본 참조 "System.Reflection.Emit.Lightweight, Version=10.0.0.0, Culture=neutral, PublicKeyToken=b03f5f7f11d50a3a"입니다.
             확인된 파일 경로는 "C:\Program Files\dotnet\packs\Microsoft.NETCore.App.Ref\10.0.0\ref\net10.0\System.Reflection.Emit.Lightweight.dll"입니다.
             검색 경로 위치 "{RawFileName}"에서 참조를 찾았습니다.
             적어도 하나의 소스 항목에 대해 "Private"이 "false"로 설정되었고, "Private"이 "true"로 설정된 소스 항목이 없으므로 이 참조는 "CopyLocal"이 아닙니다.
         기본 참조 "System.Reflection.Emit, Version=10.0.0.0, Culture=neutral, PublicKeyToken=b03f5f7f11d50a3a"입니다.
             확인된 파일 경로는 "C:\Program Files\dotnet\packs\Microsoft.NETCore.App.Ref\10.0.0\ref\net10.0\System.Reflection.Emit.dll"입니다.
             검색 경로 위치 "{RawFileName}"에서 참조를 찾았습니다.
             적어도 하나의 소스 항목에 대해 "Private"이 "false"로 설정되었고, "Private"이 "true"로 설정된 소스 항목이 없으므로 이 참조는 "CopyLocal"이 아닙니다.
         기본 참조 "System.Reflection.Extensions, Version=10.0.0.0, Culture=neutral, PublicKeyToken=b03f5f7f11d50a3a"입니다.
             확인된 파일 경로는 "C:\Program Files\dotnet\packs\Microsoft.NETCore.App.Ref\10.0.0\ref\net10.0\System.Reflection.Extensions.dll"입니다.
             검색 경로 위치 "{RawFileName}"에서 참조를 찾았습니다.
             적어도 하나의 소스 항목에 대해 "Private"이 "false"로 설정되었고, "Private"이 "true"로 설정된 소스 항목이 없으므로 이 참조는 "CopyLocal"이 아닙니다.
         기본 참조 "System.Reflection.Metadata, Version=10.0.0.0, Culture=neutral, PublicKeyToken=b03f5f7f11d50a3a"입니다.
             확인된 파일 경로는 "C:\Program Files\dotnet\packs\Microsoft.NETCore.App.Ref\10.0.0\ref\net10.0\System.Reflection.Metadata.dll"입니다.
             검색 경로 위치 "{RawFileName}"에서 참조를 찾았습니다.
             적어도 하나의 소스 항목에 대해 "Private"이 "false"로 설정되었고, "Private"이 "true"로 설정된 소스 항목이 없으므로 이 참조는 "CopyLocal"이 아닙니다.
         기본 참조 "System.Reflection.Primitives, Version=10.0.0.0, Culture=neutral, PublicKeyToken=b03f5f7f11d50a3a"입니다.
             확인된 파일 경로는 "C:\Program Files\dotnet\packs\Microsoft.NETCore.App.Ref\10.0.0\ref\net10.0\System.Reflection.Primitives.dll"입니다.
             검색 경로 위치 "{RawFileName}"에서 참조를 찾았습니다.
             적어도 하나의 소스 항목에 대해 "Private"이 "false"로 설정되었고, "Private"이 "true"로 설정된 소스 항목이 없으므로 이 참조는 "CopyLocal"이 아닙니다.
         기본 참조 "System.Reflection.TypeExtensions, Version=10.0.0.0, Culture=neutral, PublicKeyToken=b03f5f7f11d50a3a"입니다.
             확인된 파일 경로는 "C:\Program Files\dotnet\packs\Microsoft.NETCore.App.Ref\10.0.0\ref\net10.0\System.Reflection.TypeExtensions.dll"입니다.
             검색 경로 위치 "{RawFileName}"에서 참조를 찾았습니다.
             적어도 하나의 소스 항목에 대해 "Private"이 "false"로 설정되었고, "Private"이 "true"로 설정된 소스 항목이 없으므로 이 참조는 "CopyLocal"이 아닙니다.
         기본 참조 "System.Reflection, Version=10.0.0.0, Culture=neutral, PublicKeyToken=b03f5f7f11d50a3a"입니다.
             확인된 파일 경로는 "C:\Program Files\dotnet\packs\Microsoft.NETCore.App.Ref\10.0.0\ref\net10.0\System.Reflection.dll"입니다.
             검색 경로 위치 "{RawFileName}"에서 참조를 찾았습니다.
             적어도 하나의 소스 항목에 대해 "Private"이 "false"로 설정되었고, "Private"이 "true"로 설정된 소스 항목이 없으므로 이 참조는 "CopyLocal"이 아닙니다.
         기본 참조 "System.Resources.Reader, Version=10.0.0.0, Culture=neutral, PublicKeyToken=b03f5f7f11d50a3a"입니다.
             확인된 파일 경로는 "C:\Program Files\dotnet\packs\Microsoft.NETCore.App.Ref\10.0.0\ref\net10.0\System.Resources.Reader.dll"입니다.
             검색 경로 위치 "{RawFileName}"에서 참조를 찾았습니다.
             적어도 하나의 소스 항목에 대해 "Private"이 "false"로 설정되었고, "Private"이 "true"로 설정된 소스 항목이 없으므로 이 참조는 "CopyLocal"이 아닙니다.
         기본 참조 "System.Resources.ResourceManager, Version=10.0.0.0, Culture=neutral, PublicKeyToken=b03f5f7f11d50a3a"입니다.
             확인된 파일 경로는 "C:\Program Files\dotnet\packs\Microsoft.NETCore.App.Ref\10.0.0\ref\net10.0\System.Resources.ResourceManager.dll"입니다.
             검색 경로 위치 "{RawFileName}"에서 참조를 찾았습니다.
             적어도 하나의 소스 항목에 대해 "Private"이 "false"로 설정되었고, "Private"이 "true"로 설정된 소스 항목이 없으므로 이 참조는 "CopyLocal"이 아닙니다.
         기본 참조 "System.Resources.Writer, Version=10.0.0.0, Culture=neutral, PublicKeyToken=b03f5f7f11d50a3a"입니다.
             확인된 파일 경로는 "C:\Program Files\dotnet\packs\Microsoft.NETCore.App.Ref\10.0.0\ref\net10.0\System.Resources.Writer.dll"입니다.
             검색 경로 위치 "{RawFileName}"에서 참조를 찾았습니다.
             적어도 하나의 소스 항목에 대해 "Private"이 "false"로 설정되었고, "Private"이 "true"로 설정된 소스 항목이 없으므로 이 참조는 "CopyLocal"이 아닙니다.
         기본 참조 "System.Runtime.CompilerServices.Unsafe, Version=10.0.0.0, Culture=neutral, PublicKeyToken=b03f5f7f11d50a3a"입니다.
             확인된 파일 경로는 "C:\Program Files\dotnet\packs\Microsoft.NETCore.App.Ref\10.0.0\ref\net10.0\System.Runtime.CompilerServices.Unsafe.dll"입니다.
             검색 경로 위치 "{RawFileName}"에서 참조를 찾았습니다.
             적어도 하나의 소스 항목에 대해 "Private"이 "false"로 설정되었고, "Private"이 "true"로 설정된 소스 항목이 없으므로 이 참조는 "CopyLocal"이 아닙니다.
         기본 참조 "System.Runtime.CompilerServices.VisualC, Version=10.0.0.0, Culture=neutral, PublicKeyToken=b03f5f7f11d50a3a"입니다.
             확인된 파일 경로는 "C:\Program Files\dotnet\packs\Microsoft.NETCore.App.Ref\10.0.0\ref\net10.0\System.Runtime.CompilerServices.VisualC.dll"입니다.
             검색 경로 위치 "{RawFileName}"에서 참조를 찾았습니다.
             적어도 하나의 소스 항목에 대해 "Private"이 "false"로 설정되었고, "Private"이 "true"로 설정된 소스 항목이 없으므로 이 참조는 "CopyLocal"이 아닙니다.
         기본 참조 "System.Runtime.Extensions, Version=10.0.0.0, Culture=neutral, PublicKeyToken=b03f5f7f11d50a3a"입니다.
             확인된 파일 경로는 "C:\Program Files\dotnet\packs\Microsoft.NETCore.App.Ref\10.0.0\ref\net10.0\System.Runtime.Extensions.dll"입니다.
             검색 경로 위치 "{RawFileName}"에서 참조를 찾았습니다.
             적어도 하나의 소스 항목에 대해 "Private"이 "false"로 설정되었고, "Private"이 "true"로 설정된 소스 항목이 없으므로 이 참조는 "CopyLocal"이 아닙니다.
         기본 참조 "System.Runtime.Handles, Version=10.0.0.0, Culture=neutral, PublicKeyToken=b03f5f7f11d50a3a"입니다.
             확인된 파일 경로는 "C:\Program Files\dotnet\packs\Microsoft.NETCore.App.Ref\10.0.0\ref\net10.0\System.Runtime.Handles.dll"입니다.
             검색 경로 위치 "{RawFileName}"에서 참조를 찾았습니다.
             적어도 하나의 소스 항목에 대해 "Private"이 "false"로 설정되었고, "Private"이 "true"로 설정된 소스 항목이 없으므로 이 참조는 "CopyLocal"이 아닙니다.
         기본 참조 "System.Runtime.InteropServices.JavaScript, Version=10.0.0.0, Culture=neutral, PublicKeyToken=b03f5f7f11d50a3a"입니다.
             확인된 파일 경로는 "C:\Program Files\dotnet\packs\Microsoft.NETCore.App.Ref\10.0.0\ref\net10.0\System.Runtime.InteropServices.JavaScript.dll"입니다.
             검색 경로 위치 "{RawFileName}"에서 참조를 찾았습니다.
             적어도 하나의 소스 항목에 대해 "Private"이 "false"로 설정되었고, "Private"이 "true"로 설정된 소스 항목이 없으므로 이 참조는 "CopyLocal"이 아닙니다.
         기본 참조 "System.Runtime.InteropServices.RuntimeInformation, Version=10.0.0.0, Culture=neutral, PublicKeyToken=b03f5f7f11d50a3a"입니다.
             확인된 파일 경로는 "C:\Program Files\dotnet\packs\Microsoft.NETCore.App.Ref\10.0.0\ref\net10.0\System.Runtime.InteropServices.RuntimeInformation.dll"입니다.
             검색 경로 위치 "{RawFileName}"에서 참조를 찾았습니다.
             적어도 하나의 소스 항목에 대해 "Private"이 "false"로 설정되었고, "Private"이 "true"로 설정된 소스 항목이 없으므로 이 참조는 "CopyLocal"이 아닙니다.
         기본 참조 "System.Runtime.InteropServices, Version=10.0.0.0, Culture=neutral, PublicKeyToken=b03f5f7f11d50a3a"입니다.
             확인된 파일 경로는 "C:\Program Files\dotnet\packs\Microsoft.NETCore.App.Ref\10.0.0\ref\net10.0\System.Runtime.InteropServices.dll"입니다.
             검색 경로 위치 "{RawFileName}"에서 참조를 찾았습니다.
             적어도 하나의 소스 항목에 대해 "Private"이 "false"로 설정되었고, "Private"이 "true"로 설정된 소스 항목이 없으므로 이 참조는 "CopyLocal"이 아닙니다.
         기본 참조 "System.Runtime.Intrinsics, Version=10.0.0.0, Culture=neutral, PublicKeyToken=cc7b13ffcd2ddd51"입니다.
             확인된 파일 경로는 "C:\Program Files\dotnet\packs\Microsoft.NETCore.App.Ref\10.0.0\ref\net10.0\System.Runtime.Intrinsics.dll"입니다.
             검색 경로 위치 "{RawFileName}"에서 참조를 찾았습니다.
             적어도 하나의 소스 항목에 대해 "Private"이 "false"로 설정되었고, "Private"이 "true"로 설정된 소스 항목이 없으므로 이 참조는 "CopyLocal"이 아닙니다.
         기본 참조 "System.Runtime.Loader, Version=10.0.0.0, Culture=neutral, PublicKeyToken=b03f5f7f11d50a3a"입니다.
             확인된 파일 경로는 "C:\Program Files\dotnet\packs\Microsoft.NETCore.App.Ref\10.0.0\ref\net10.0\System.Runtime.Loader.dll"입니다.
             검색 경로 위치 "{RawFileName}"에서 참조를 찾았습니다.
             적어도 하나의 소스 항목에 대해 "Private"이 "false"로 설정되었고, "Private"이 "true"로 설정된 소스 항목이 없으므로 이 참조는 "CopyLocal"이 아닙니다.
         기본 참조 "System.Runtime.Numerics, Version=10.0.0.0, Culture=neutral, PublicKeyToken=b03f5f7f11d50a3a"입니다.
             확인된 파일 경로는 "C:\Program Files\dotnet\packs\Microsoft.NETCore.App.Ref\10.0.0\ref\net10.0\System.Runtime.Numerics.dll"입니다.
             검색 경로 위치 "{RawFileName}"에서 참조를 찾았습니다.
             적어도 하나의 소스 항목에 대해 "Private"이 "false"로 설정되었고, "Private"이 "true"로 설정된 소스 항목이 없으므로 이 참조는 "CopyLocal"이 아닙니다.
         기본 참조 "System.Runtime.Serialization.Formatters, Version=8.1.0.0, Culture=neutral, PublicKeyToken=b03f5f7f11d50a3a"입니다.
             확인된 파일 경로는 "C:\Program Files\dotnet\packs\Microsoft.NETCore.App.Ref\10.0.0\ref\net10.0\System.Runtime.Serialization.Formatters.dll"입니다.
             검색 경로 위치 "{RawFileName}"에서 참조를 찾았습니다.
             적어도 하나의 소스 항목에 대해 "Private"이 "false"로 설정되었고, "Private"이 "true"로 설정된 소스 항목이 없으므로 이 참조는 "CopyLocal"이 아닙니다.
         기본 참조 "System.Runtime.Serialization.Json, Version=10.0.0.0, Culture=neutral, PublicKeyToken=b03f5f7f11d50a3a"입니다.
             확인된 파일 경로는 "C:\Program Files\dotnet\packs\Microsoft.NETCore.App.Ref\10.0.0\ref\net10.0\System.Runtime.Serialization.Json.dll"입니다.
             검색 경로 위치 "{RawFileName}"에서 참조를 찾았습니다.
             적어도 하나의 소스 항목에 대해 "Private"이 "false"로 설정되었고, "Private"이 "true"로 설정된 소스 항목이 없으므로 이 참조는 "CopyLocal"이 아닙니다.
         기본 참조 "System.Runtime.Serialization.Primitives, Version=10.0.0.0, Culture=neutral, PublicKeyToken=b03f5f7f11d50a3a"입니다.
             확인된 파일 경로는 "C:\Program Files\dotnet\packs\Microsoft.NETCore.App.Ref\10.0.0\ref\net10.0\System.Runtime.Serialization.Primitives.dll"입니다.
             검색 경로 위치 "{RawFileName}"에서 참조를 찾았습니다.
             적어도 하나의 소스 항목에 대해 "Private"이 "false"로 설정되었고, "Private"이 "true"로 설정된 소스 항목이 없으므로 이 참조는 "CopyLocal"이 아닙니다.
         기본 참조 "System.Runtime.Serialization.Xml, Version=10.0.0.0, Culture=neutral, PublicKeyToken=b03f5f7f11d50a3a"입니다.
             확인된 파일 경로는 "C:\Program Files\dotnet\packs\Microsoft.NETCore.App.Ref\10.0.0\ref\net10.0\System.Runtime.Serialization.Xml.dll"입니다.
             검색 경로 위치 "{RawFileName}"에서 참조를 찾았습니다.
             적어도 하나의 소스 항목에 대해 "Private"이 "false"로 설정되었고, "Private"이 "true"로 설정된 소스 항목이 없으므로 이 참조는 "CopyLocal"이 아닙니다.
         기본 참조 "System.Runtime.Serialization, Version=4.0.0.0, Culture=neutral, PublicKeyToken=b77a5c561934e089"입니다.
             확인된 파일 경로는 "C:\Program Files\dotnet\packs\Microsoft.NETCore.App.Ref\10.0.0\ref\net10.0\System.Runtime.Serialization.dll"입니다.
             검색 경로 위치 "{RawFileName}"에서 참조를 찾았습니다.
             적어도 하나의 소스 항목에 대해 "Private"이 "false"로 설정되었고, "Private"이 "true"로 설정된 소스 항목이 없으므로 이 참조는 "CopyLocal"이 아닙니다.
         기본 참조 "System.Runtime, Version=10.0.0.0, Culture=neutral, PublicKeyToken=b03f5f7f11d50a3a"입니다.
             확인된 파일 경로는 "C:\Program Files\dotnet\packs\Microsoft.NETCore.App.Ref\10.0.0\ref\net10.0\System.Runtime.dll"입니다.
             검색 경로 위치 "{RawFileName}"에서 참조를 찾았습니다.
             적어도 하나의 소스 항목에 대해 "Private"이 "false"로 설정되었고, "Private"이 "true"로 설정된 소스 항목이 없으므로 이 참조는 "CopyLocal"이 아닙니다.
         기본 참조 "System.Security.AccessControl, Version=10.0.0.0, Culture=neutral, PublicKeyToken=b03f5f7f11d50a3a"입니다.
             확인된 파일 경로는 "C:\Program Files\dotnet\packs\Microsoft.NETCore.App.Ref\10.0.0\ref\net10.0\System.Security.AccessControl.dll"입니다.
             검색 경로 위치 "{RawFileName}"에서 참조를 찾았습니다.
             적어도 하나의 소스 항목에 대해 "Private"이 "false"로 설정되었고, "Private"이 "true"로 설정된 소스 항목이 없으므로 이 참조는 "CopyLocal"이 아닙니다.
         기본 참조 "System.Security.Claims, Version=10.0.0.0, Culture=neutral, PublicKeyToken=b03f5f7f11d50a3a"입니다.
             확인된 파일 경로는 "C:\Program Files\dotnet\packs\Microsoft.NETCore.App.Ref\10.0.0\ref\net10.0\System.Security.Claims.dll"입니다.
             검색 경로 위치 "{RawFileName}"에서 참조를 찾았습니다.
             적어도 하나의 소스 항목에 대해 "Private"이 "false"로 설정되었고, "Private"이 "true"로 설정된 소스 항목이 없으므로 이 참조는 "CopyLocal"이 아닙니다.
         기본 참조 "System.Security.Cryptography.Algorithms, Version=10.0.0.0, Culture=neutral, PublicKeyToken=b03f5f7f11d50a3a"입니다.
             확인된 파일 경로는 "C:\Program Files\dotnet\packs\Microsoft.NETCore.App.Ref\10.0.0\ref\net10.0\System.Security.Cryptography.Algorithms.dll"입니다.
             검색 경로 위치 "{RawFileName}"에서 참조를 찾았습니다.
             적어도 하나의 소스 항목에 대해 "Private"이 "false"로 설정되었고, "Private"이 "true"로 설정된 소스 항목이 없으므로 이 참조는 "CopyLocal"이 아닙니다.
         기본 참조 "System.Security.Cryptography.Cng, Version=10.0.0.0, Culture=neutral, PublicKeyToken=b03f5f7f11d50a3a"입니다.
             확인된 파일 경로는 "C:\Program Files\dotnet\packs\Microsoft.NETCore.App.Ref\10.0.0\ref\net10.0\System.Security.Cryptography.Cng.dll"입니다.
             검색 경로 위치 "{RawFileName}"에서 참조를 찾았습니다.
             적어도 하나의 소스 항목에 대해 "Private"이 "false"로 설정되었고, "Private"이 "true"로 설정된 소스 항목이 없으므로 이 참조는 "CopyLocal"이 아닙니다.
         기본 참조 "System.Security.Cryptography.Csp, Version=10.0.0.0, Culture=neutral, PublicKeyToken=b03f5f7f11d50a3a"입니다.
             확인된 파일 경로는 "C:\Program Files\dotnet\packs\Microsoft.NETCore.App.Ref\10.0.0\ref\net10.0\System.Security.Cryptography.Csp.dll"입니다.
             검색 경로 위치 "{RawFileName}"에서 참조를 찾았습니다.
             적어도 하나의 소스 항목에 대해 "Private"이 "false"로 설정되었고, "Private"이 "true"로 설정된 소스 항목이 없으므로 이 참조는 "CopyLocal"이 아닙니다.
         기본 참조 "System.Security.Cryptography.Encoding, Version=10.0.0.0, Culture=neutral, PublicKeyToken=b03f5f7f11d50a3a"입니다.
             확인된 파일 경로는 "C:\Program Files\dotnet\packs\Microsoft.NETCore.App.Ref\10.0.0\ref\net10.0\System.Security.Cryptography.Encoding.dll"입니다.
             검색 경로 위치 "{RawFileName}"에서 참조를 찾았습니다.
             적어도 하나의 소스 항목에 대해 "Private"이 "false"로 설정되었고, "Private"이 "true"로 설정된 소스 항목이 없으므로 이 참조는 "CopyLocal"이 아닙니다.
         기본 참조 "System.Security.Cryptography.OpenSsl, Version=10.0.0.0, Culture=neutral, PublicKeyToken=b03f5f7f11d50a3a"입니다.
             확인된 파일 경로는 "C:\Program Files\dotnet\packs\Microsoft.NETCore.App.Ref\10.0.0\ref\net10.0\System.Security.Cryptography.OpenSsl.dll"입니다.
             검색 경로 위치 "{RawFileName}"에서 참조를 찾았습니다.
             적어도 하나의 소스 항목에 대해 "Private"이 "false"로 설정되었고, "Private"이 "true"로 설정된 소스 항목이 없으므로 이 참조는 "CopyLocal"이 아닙니다.
         기본 참조 "System.Security.Cryptography.Primitives, Version=10.0.0.0, Culture=neutral, PublicKeyToken=b03f5f7f11d50a3a"입니다.
             확인된 파일 경로는 "C:\Program Files\dotnet\packs\Microsoft.NETCore.App.Ref\10.0.0\ref\net10.0\System.Security.Cryptography.Primitives.dll"입니다.
             검색 경로 위치 "{RawFileName}"에서 참조를 찾았습니다.
             적어도 하나의 소스 항목에 대해 "Private"이 "false"로 설정되었고, "Private"이 "true"로 설정된 소스 항목이 없으므로 이 참조는 "CopyLocal"이 아닙니다.
         기본 참조 "System.Security.Cryptography.X509Certificates, Version=10.0.0.0, Culture=neutral, PublicKeyToken=b03f5f7f11d50a3a"입니다.
             확인된 파일 경로는 "C:\Program Files\dotnet\packs\Microsoft.NETCore.App.Ref\10.0.0\ref\net10.0\System.Security.Cryptography.X509Certificates.dll"입니다.
             검색 경로 위치 "{RawFileName}"에서 참조를 찾았습니다.
             적어도 하나의 소스 항목에 대해 "Private"이 "false"로 설정되었고, "Private"이 "true"로 설정된 소스 항목이 없으므로 이 참조는 "CopyLocal"이 아닙니다.
         기본 참조 "System.Security.Cryptography, Version=10.0.0.0, Culture=neutral, PublicKeyToken=b03f5f7f11d50a3a"입니다.
             확인된 파일 경로는 "C:\Program Files\dotnet\packs\Microsoft.NETCore.App.Ref\10.0.0\ref\net10.0\System.Security.Cryptography.dll"입니다.
             검색 경로 위치 "{RawFileName}"에서 참조를 찾았습니다.
             적어도 하나의 소스 항목에 대해 "Private"이 "false"로 설정되었고, "Private"이 "true"로 설정된 소스 항목이 없으므로 이 참조는 "CopyLocal"이 아닙니다.
         기본 참조 "System.Security.Principal.Windows, Version=10.0.0.0, Culture=neutral, PublicKeyToken=b03f5f7f11d50a3a"입니다.
             확인된 파일 경로는 "C:\Program Files\dotnet\packs\Microsoft.NETCore.App.Ref\10.0.0\ref\net10.0\System.Security.Principal.Windows.dll"입니다.
             검색 경로 위치 "{RawFileName}"에서 참조를 찾았습니다.
             적어도 하나의 소스 항목에 대해 "Private"이 "false"로 설정되었고, "Private"이 "true"로 설정된 소스 항목이 없으므로 이 참조는 "CopyLocal"이 아닙니다.
         기본 참조 "System.Security.Principal, Version=10.0.0.0, Culture=neutral, PublicKeyToken=b03f5f7f11d50a3a"입니다.
             확인된 파일 경로는 "C:\Program Files\dotnet\packs\Microsoft.NETCore.App.Ref\10.0.0\ref\net10.0\System.Security.Principal.dll"입니다.
             검색 경로 위치 "{RawFileName}"에서 참조를 찾았습니다.
             적어도 하나의 소스 항목에 대해 "Private"이 "false"로 설정되었고, "Private"이 "true"로 설정된 소스 항목이 없으므로 이 참조는 "CopyLocal"이 아닙니다.
         기본 참조 "System.Security.SecureString, Version=10.0.0.0, Culture=neutral, PublicKeyToken=b03f5f7f11d50a3a"입니다.
             확인된 파일 경로는 "C:\Program Files\dotnet\packs\Microsoft.NETCore.App.Ref\10.0.0\ref\net10.0\System.Security.SecureString.dll"입니다.
             검색 경로 위치 "{RawFileName}"에서 참조를 찾았습니다.
             적어도 하나의 소스 항목에 대해 "Private"이 "false"로 설정되었고, "Private"이 "true"로 설정된 소스 항목이 없으므로 이 참조는 "CopyLocal"이 아닙니다.
         기본 참조 "System.Security, Version=4.0.0.0, Culture=neutral, PublicKeyToken=b03f5f7f11d50a3a"입니다.
             확인된 파일 경로는 "C:\Program Files\dotnet\packs\Microsoft.NETCore.App.Ref\10.0.0\ref\net10.0\System.Security.dll"입니다.
             검색 경로 위치 "{RawFileName}"에서 참조를 찾았습니다.
             적어도 하나의 소스 항목에 대해 "Private"이 "false"로 설정되었고, "Private"이 "true"로 설정된 소스 항목이 없으므로 이 참조는 "CopyLocal"이 아닙니다.
         기본 참조 "System.ServiceModel.Web, Version=4.0.0.0, Culture=neutral, PublicKeyToken=31bf3856ad364e35"입니다.
             확인된 파일 경로는 "C:\Program Files\dotnet\packs\Microsoft.NETCore.App.Ref\10.0.0\ref\net10.0\System.ServiceModel.Web.dll"입니다.
             검색 경로 위치 "{RawFileName}"에서 참조를 찾았습니다.
             적어도 하나의 소스 항목에 대해 "Private"이 "false"로 설정되었고, "Private"이 "true"로 설정된 소스 항목이 없으므로 이 참조는 "CopyLocal"이 아닙니다.
         기본 참조 "System.ServiceProcess, Version=4.0.0.0, Culture=neutral, PublicKeyToken=b03f5f7f11d50a3a"입니다.
             확인된 파일 경로는 "C:\Program Files\dotnet\packs\Microsoft.NETCore.App.Ref\10.0.0\ref\net10.0\System.ServiceProcess.dll"입니다.
             검색 경로 위치 "{RawFileName}"에서 참조를 찾았습니다.
             적어도 하나의 소스 항목에 대해 "Private"이 "false"로 설정되었고, "Private"이 "true"로 설정된 소스 항목이 없으므로 이 참조는 "CopyLocal"이 아닙니다.
         기본 참조 "System.Text.Encoding.CodePages, Version=10.0.0.0, Culture=neutral, PublicKeyToken=b03f5f7f11d50a3a"입니다.
             확인된 파일 경로는 "C:\Program Files\dotnet\packs\Microsoft.NETCore.App.Ref\10.0.0\ref\net10.0\System.Text.Encoding.CodePages.dll"입니다.
             검색 경로 위치 "{RawFileName}"에서 참조를 찾았습니다.
             적어도 하나의 소스 항목에 대해 "Private"이 "false"로 설정되었고, "Private"이 "true"로 설정된 소스 항목이 없으므로 이 참조는 "CopyLocal"이 아닙니다.
         기본 참조 "System.Text.Encoding.Extensions, Version=10.0.0.0, Culture=neutral, PublicKeyToken=b03f5f7f11d50a3a"입니다.
             확인된 파일 경로는 "C:\Program Files\dotnet\packs\Microsoft.NETCore.App.Ref\10.0.0\ref\net10.0\System.Text.Encoding.Extensions.dll"입니다.
             검색 경로 위치 "{RawFileName}"에서 참조를 찾았습니다.
             적어도 하나의 소스 항목에 대해 "Private"이 "false"로 설정되었고, "Private"이 "true"로 설정된 소스 항목이 없으므로 이 참조는 "CopyLocal"이 아닙니다.
         기본 참조 "System.Text.Encoding, Version=10.0.0.0, Culture=neutral, PublicKeyToken=b03f5f7f11d50a3a"입니다.
             확인된 파일 경로는 "C:\Program Files\dotnet\packs\Microsoft.NETCore.App.Ref\10.0.0\ref\net10.0\System.Text.Encoding.dll"입니다.
             검색 경로 위치 "{RawFileName}"에서 참조를 찾았습니다.
             적어도 하나의 소스 항목에 대해 "Private"이 "false"로 설정되었고, "Private"이 "true"로 설정된 소스 항목이 없으므로 이 참조는 "CopyLocal"이 아닙니다.
         기본 참조 "System.Text.Encodings.Web, Version=10.0.0.0, Culture=neutral, PublicKeyToken=cc7b13ffcd2ddd51"입니다.
             확인된 파일 경로는 "C:\Program Files\dotnet\packs\Microsoft.NETCore.App.Ref\10.0.0\ref\net10.0\System.Text.Encodings.Web.dll"입니다.
             검색 경로 위치 "{RawFileName}"에서 참조를 찾았습니다.
             적어도 하나의 소스 항목에 대해 "Private"이 "false"로 설정되었고, "Private"이 "true"로 설정된 소스 항목이 없으므로 이 참조는 "CopyLocal"이 아닙니다.
         기본 참조 "System.Text.Json, Version=10.0.0.0, Culture=neutral, PublicKeyToken=cc7b13ffcd2ddd51"입니다.
             확인된 파일 경로는 "C:\Program Files\dotnet\packs\Microsoft.NETCore.App.Ref\10.0.0\ref\net10.0\System.Text.Json.dll"입니다.
             검색 경로 위치 "{RawFileName}"에서 참조를 찾았습니다.
             적어도 하나의 소스 항목에 대해 "Private"이 "false"로 설정되었고, "Private"이 "true"로 설정된 소스 항목이 없으므로 이 참조는 "CopyLocal"이 아닙니다.
         기본 참조 "System.Text.RegularExpressions, Version=10.0.0.0, Culture=neutral, PublicKeyToken=b03f5f7f11d50a3a"입니다.
             확인된 파일 경로는 "C:\Program Files\dotnet\packs\Microsoft.NETCore.App.Ref\10.0.0\ref\net10.0\System.Text.RegularExpressions.dll"입니다.
             검색 경로 위치 "{RawFileName}"에서 참조를 찾았습니다.
             적어도 하나의 소스 항목에 대해 "Private"이 "false"로 설정되었고, "Private"이 "true"로 설정된 소스 항목이 없으므로 이 참조는 "CopyLocal"이 아닙니다.
         기본 참조 "System.Threading.AccessControl, Version=10.0.0.0, Culture=neutral, PublicKeyToken=b03f5f7f11d50a3a"입니다.
             확인된 파일 경로는 "C:\Program Files\dotnet\packs\Microsoft.NETCore.App.Ref\10.0.0\ref\net10.0\System.Threading.AccessControl.dll"입니다.
             검색 경로 위치 "{RawFileName}"에서 참조를 찾았습니다.
             적어도 하나의 소스 항목에 대해 "Private"이 "false"로 설정되었고, "Private"이 "true"로 설정된 소스 항목이 없으므로 이 참조는 "CopyLocal"이 아닙니다.
         기본 참조 "System.Threading.Channels, Version=10.0.0.0, Culture=neutral, PublicKeyToken=cc7b13ffcd2ddd51"입니다.
             확인된 파일 경로는 "C:\Program Files\dotnet\packs\Microsoft.NETCore.App.Ref\10.0.0\ref\net10.0\System.Threading.Channels.dll"입니다.
             검색 경로 위치 "{RawFileName}"에서 참조를 찾았습니다.
             적어도 하나의 소스 항목에 대해 "Private"이 "false"로 설정되었고, "Private"이 "true"로 설정된 소스 항목이 없으므로 이 참조는 "CopyLocal"이 아닙니다.
         기본 참조 "System.Threading.Overlapped, Version=10.0.0.0, Culture=neutral, PublicKeyToken=b03f5f7f11d50a3a"입니다.
             확인된 파일 경로는 "C:\Program Files\dotnet\packs\Microsoft.NETCore.App.Ref\10.0.0\ref\net10.0\System.Threading.Overlapped.dll"입니다.
             검색 경로 위치 "{RawFileName}"에서 참조를 찾았습니다.
             적어도 하나의 소스 항목에 대해 "Private"이 "false"로 설정되었고, "Private"이 "true"로 설정된 소스 항목이 없으므로 이 참조는 "CopyLocal"이 아닙니다.
         기본 참조 "System.Threading.Tasks.Dataflow, Version=10.0.0.0, Culture=neutral, PublicKeyToken=b03f5f7f11d50a3a"입니다.
             확인된 파일 경로는 "C:\Program Files\dotnet\packs\Microsoft.NETCore.App.Ref\10.0.0\ref\net10.0\System.Threading.Tasks.Dataflow.dll"입니다.
             검색 경로 위치 "{RawFileName}"에서 참조를 찾았습니다.
             적어도 하나의 소스 항목에 대해 "Private"이 "false"로 설정되었고, "Private"이 "true"로 설정된 소스 항목이 없으므로 이 참조는 "CopyLocal"이 아닙니다.
         기본 참조 "System.Threading.Tasks.Extensions, Version=10.0.0.0, Culture=neutral, PublicKeyToken=cc7b13ffcd2ddd51"입니다.
             확인된 파일 경로는 "C:\Program Files\dotnet\packs\Microsoft.NETCore.App.Ref\10.0.0\ref\net10.0\System.Threading.Tasks.Extensions.dll"입니다.
             검색 경로 위치 "{RawFileName}"에서 참조를 찾았습니다.
             적어도 하나의 소스 항목에 대해 "Private"이 "false"로 설정되었고, "Private"이 "true"로 설정된 소스 항목이 없으므로 이 참조는 "CopyLocal"이 아닙니다.
         기본 참조 "System.Threading.Tasks.Parallel, Version=10.0.0.0, Culture=neutral, PublicKeyToken=b03f5f7f11d50a3a"입니다.
             확인된 파일 경로는 "C:\Program Files\dotnet\packs\Microsoft.NETCore.App.Ref\10.0.0\ref\net10.0\System.Threading.Tasks.Parallel.dll"입니다.
             검색 경로 위치 "{RawFileName}"에서 참조를 찾았습니다.
             적어도 하나의 소스 항목에 대해 "Private"이 "false"로 설정되었고, "Private"이 "true"로 설정된 소스 항목이 없으므로 이 참조는 "CopyLocal"이 아닙니다.
         기본 참조 "System.Threading.Tasks, Version=10.0.0.0, Culture=neutral, PublicKeyToken=b03f5f7f11d50a3a"입니다.
             확인된 파일 경로는 "C:\Program Files\dotnet\packs\Microsoft.NETCore.App.Ref\10.0.0\ref\net10.0\System.Threading.Tasks.dll"입니다.
             검색 경로 위치 "{RawFileName}"에서 참조를 찾았습니다.
             적어도 하나의 소스 항목에 대해 "Private"이 "false"로 설정되었고, "Private"이 "true"로 설정된 소스 항목이 없으므로 이 참조는 "CopyLocal"이 아닙니다.
         기본 참조 "System.Threading.Thread, Version=10.0.0.0, Culture=neutral, PublicKeyToken=b03f5f7f11d50a3a"입니다.
             확인된 파일 경로는 "C:\Program Files\dotnet\packs\Microsoft.NETCore.App.Ref\10.0.0\ref\net10.0\System.Threading.Thread.dll"입니다.
             검색 경로 위치 "{RawFileName}"에서 참조를 찾았습니다.
             적어도 하나의 소스 항목에 대해 "Private"이 "false"로 설정되었고, "Private"이 "true"로 설정된 소스 항목이 없으므로 이 참조는 "CopyLocal"이 아닙니다.
         기본 참조 "System.Threading.ThreadPool, Version=10.0.0.0, Culture=neutral, PublicKeyToken=b03f5f7f11d50a3a"입니다.
             확인된 파일 경로는 "C:\Program Files\dotnet\packs\Microsoft.NETCore.App.Ref\10.0.0\ref\net10.0\System.Threading.ThreadPool.dll"입니다.
             검색 경로 위치 "{RawFileName}"에서 참조를 찾았습니다.
             적어도 하나의 소스 항목에 대해 "Private"이 "false"로 설정되었고, "Private"이 "true"로 설정된 소스 항목이 없으므로 이 참조는 "CopyLocal"이 아닙니다.
         기본 참조 "System.Threading.Timer, Version=10.0.0.0, Culture=neutral, PublicKeyToken=b03f5f7f11d50a3a"입니다.
             확인된 파일 경로는 "C:\Program Files\dotnet\packs\Microsoft.NETCore.App.Ref\10.0.0\ref\net10.0\System.Threading.Timer.dll"입니다.
             검색 경로 위치 "{RawFileName}"에서 참조를 찾았습니다.
             적어도 하나의 소스 항목에 대해 "Private"이 "false"로 설정되었고, "Private"이 "true"로 설정된 소스 항목이 없으므로 이 참조는 "CopyLocal"이 아닙니다.
         기본 참조 "System.Threading, Version=10.0.0.0, Culture=neutral, PublicKeyToken=b03f5f7f11d50a3a"입니다.
             확인된 파일 경로는 "C:\Program Files\dotnet\packs\Microsoft.NETCore.App.Ref\10.0.0\ref\net10.0\System.Threading.dll"입니다.
             검색 경로 위치 "{RawFileName}"에서 참조를 찾았습니다.
             적어도 하나의 소스 항목에 대해 "Private"이 "false"로 설정되었고, "Private"이 "true"로 설정된 소스 항목이 없으므로 이 참조는 "CopyLocal"이 아닙니다.
         기본 참조 "System.Transactions.Local, Version=10.0.0.0, Culture=neutral, PublicKeyToken=cc7b13ffcd2ddd51"입니다.
             확인된 파일 경로는 "C:\Program Files\dotnet\packs\Microsoft.NETCore.App.Ref\10.0.0\ref\net10.0\System.Transactions.Local.dll"입니다.
             검색 경로 위치 "{RawFileName}"에서 참조를 찾았습니다.
             적어도 하나의 소스 항목에 대해 "Private"이 "false"로 설정되었고, "Private"이 "true"로 설정된 소스 항목이 없으므로 이 참조는 "CopyLocal"이 아닙니다.
         기본 참조 "System.Transactions, Version=4.0.0.0, Culture=neutral, PublicKeyToken=b77a5c561934e089"입니다.
             확인된 파일 경로는 "C:\Program Files\dotnet\packs\Microsoft.NETCore.App.Ref\10.0.0\ref\net10.0\System.Transactions.dll"입니다.
             검색 경로 위치 "{RawFileName}"에서 참조를 찾았습니다.
             적어도 하나의 소스 항목에 대해 "Private"이 "false"로 설정되었고, "Private"이 "true"로 설정된 소스 항목이 없으므로 이 참조는 "CopyLocal"이 아닙니다.
         기본 참조 "System.ValueTuple, Version=10.0.0.0, Culture=neutral, PublicKeyToken=cc7b13ffcd2ddd51"입니다.
             확인된 파일 경로는 "C:\Program Files\dotnet\packs\Microsoft.NETCore.App.Ref\10.0.0\ref\net10.0\System.ValueTuple.dll"입니다.
             검색 경로 위치 "{RawFileName}"에서 참조를 찾았습니다.
             적어도 하나의 소스 항목에 대해 "Private"이 "false"로 설정되었고, "Private"이 "true"로 설정된 소스 항목이 없으므로 이 참조는 "CopyLocal"이 아닙니다.
         기본 참조 "System.Web.HttpUtility, Version=10.0.0.0, Culture=neutral, PublicKeyToken=cc7b13ffcd2ddd51"입니다.
             확인된 파일 경로는 "C:\Program Files\dotnet\packs\Microsoft.NETCore.App.Ref\10.0.0\ref\net10.0\System.Web.HttpUtility.dll"입니다.
             검색 경로 위치 "{RawFileName}"에서 참조를 찾았습니다.
             적어도 하나의 소스 항목에 대해 "Private"이 "false"로 설정되었고, "Private"이 "true"로 설정된 소스 항목이 없으므로 이 참조는 "CopyLocal"이 아닙니다.
         기본 참조 "System.Web, Version=4.0.0.0, Culture=neutral, PublicKeyToken=b03f5f7f11d50a3a"입니다.
             확인된 파일 경로는 "C:\Program Files\dotnet\packs\Microsoft.NETCore.App.Ref\10.0.0\ref\net10.0\System.Web.dll"입니다.
             검색 경로 위치 "{RawFileName}"에서 참조를 찾았습니다.
             적어도 하나의 소스 항목에 대해 "Private"이 "false"로 설정되었고, "Private"이 "true"로 설정된 소스 항목이 없으므로 이 참조는 "CopyLocal"이 아닙니다.
         기본 참조 "System.Windows, Version=4.0.0.0, Culture=neutral, PublicKeyToken=b03f5f7f11d50a3a"입니다.
             확인된 파일 경로는 "C:\Program Files\dotnet\packs\Microsoft.NETCore.App.Ref\10.0.0\ref\net10.0\System.Windows.dll"입니다.
             검색 경로 위치 "{RawFileName}"에서 참조를 찾았습니다.
             적어도 하나의 소스 항목에 대해 "Private"이 "false"로 설정되었고, "Private"이 "true"로 설정된 소스 항목이 없으므로 이 참조는 "CopyLocal"이 아닙니다.
         기본 참조 "System.Xml.Linq, Version=4.0.0.0, Culture=neutral, PublicKeyToken=b77a5c561934e089"입니다.
             확인된 파일 경로는 "C:\Program Files\dotnet\packs\Microsoft.NETCore.App.Ref\10.0.0\ref\net10.0\System.Xml.Linq.dll"입니다.
             검색 경로 위치 "{RawFileName}"에서 참조를 찾았습니다.
             적어도 하나의 소스 항목에 대해 "Private"이 "false"로 설정되었고, "Private"이 "true"로 설정된 소스 항목이 없으므로 이 참조는 "CopyLocal"이 아닙니다.
         기본 참조 "System.Xml.ReaderWriter, Version=10.0.0.0, Culture=neutral, PublicKeyToken=b03f5f7f11d50a3a"입니다.
             확인된 파일 경로는 "C:\Program Files\dotnet\packs\Microsoft.NETCore.App.Ref\10.0.0\ref\net10.0\System.Xml.ReaderWriter.dll"입니다.
             검색 경로 위치 "{RawFileName}"에서 참조를 찾았습니다.
             적어도 하나의 소스 항목에 대해 "Private"이 "false"로 설정되었고, "Private"이 "true"로 설정된 소스 항목이 없으므로 이 참조는 "CopyLocal"이 아닙니다.
         기본 참조 "System.Xml.Serialization, Version=4.0.0.0, Culture=neutral, PublicKeyToken=b77a5c561934e089"입니다.
             확인된 파일 경로는 "C:\Program Files\dotnet\packs\Microsoft.NETCore.App.Ref\10.0.0\ref\net10.0\System.Xml.Serialization.dll"입니다.
             검색 경로 위치 "{RawFileName}"에서 참조를 찾았습니다.
             적어도 하나의 소스 항목에 대해 "Private"이 "false"로 설정되었고, "Private"이 "true"로 설정된 소스 항목이 없으므로 이 참조는 "CopyLocal"이 아닙니다.
         기본 참조 "System.Xml.XDocument, Version=10.0.0.0, Culture=neutral, PublicKeyToken=b03f5f7f11d50a3a"입니다.
             확인된 파일 경로는 "C:\Program Files\dotnet\packs\Microsoft.NETCore.App.Ref\10.0.0\ref\net10.0\System.Xml.XDocument.dll"입니다.
             검색 경로 위치 "{RawFileName}"에서 참조를 찾았습니다.
             적어도 하나의 소스 항목에 대해 "Private"이 "false"로 설정되었고, "Private"이 "true"로 설정된 소스 항목이 없으므로 이 참조는 "CopyLocal"이 아닙니다.
         기본 참조 "System.Xml.XPath.XDocument, Version=10.0.0.0, Culture=neutral, PublicKeyToken=b03f5f7f11d50a3a"입니다.
             확인된 파일 경로는 "C:\Program Files\dotnet\packs\Microsoft.NETCore.App.Ref\10.0.0\ref\net10.0\System.Xml.XPath.XDocument.dll"입니다.
             검색 경로 위치 "{RawFileName}"에서 참조를 찾았습니다.
             적어도 하나의 소스 항목에 대해 "Private"이 "false"로 설정되었고, "Private"이 "true"로 설정된 소스 항목이 없으므로 이 참조는 "CopyLocal"이 아닙니다.
         기본 참조 "System.Xml.XPath, Version=10.0.0.0, Culture=neutral, PublicKeyToken=b03f5f7f11d50a3a"입니다.
             확인된 파일 경로는 "C:\Program Files\dotnet\packs\Microsoft.NETCore.App.Ref\10.0.0\ref\net10.0\System.Xml.XPath.dll"입니다.
             검색 경로 위치 "{RawFileName}"에서 참조를 찾았습니다.
             적어도 하나의 소스 항목에 대해 "Private"이 "false"로 설정되었고, "Private"이 "true"로 설정된 소스 항목이 없으므로 이 참조는 "CopyLocal"이 아닙니다.
         기본 참조 "System.Xml.XmlDocument, Version=10.0.0.0, Culture=neutral, PublicKeyToken=b03f5f7f11d50a3a"입니다.
             확인된 파일 경로는 "C:\Program Files\dotnet\packs\Microsoft.NETCore.App.Ref\10.0.0\ref\net10.0\System.Xml.XmlDocument.dll"입니다.
             검색 경로 위치 "{RawFileName}"에서 참조를 찾았습니다.
             적어도 하나의 소스 항목에 대해 "Private"이 "false"로 설정되었고, "Private"이 "true"로 설정된 소스 항목이 없으므로 이 참조는 "CopyLocal"이 아닙니다.
         기본 참조 "System.Xml.XmlSerializer, Version=10.0.0.0, Culture=neutral, PublicKeyToken=b03f5f7f11d50a3a"입니다.
             확인된 파일 경로는 "C:\Program Files\dotnet\packs\Microsoft.NETCore.App.Ref\10.0.0\ref\net10.0\System.Xml.XmlSerializer.dll"입니다.
             검색 경로 위치 "{RawFileName}"에서 참조를 찾았습니다.
             적어도 하나의 소스 항목에 대해 "Private"이 "false"로 설정되었고, "Private"이 "true"로 설정된 소스 항목이 없으므로 이 참조는 "CopyLocal"이 아닙니다.
         기본 참조 "System.Xml, Version=4.0.0.0, Culture=neutral, PublicKeyToken=b77a5c561934e089"입니다.
             확인된 파일 경로는 "C:\Program Files\dotnet\packs\Microsoft.NETCore.App.Ref\10.0.0\ref\net10.0\System.Xml.dll"입니다.
             검색 경로 위치 "{RawFileName}"에서 참조를 찾았습니다.
             적어도 하나의 소스 항목에 대해 "Private"이 "false"로 설정되었고, "Private"이 "true"로 설정된 소스 항목이 없으므로 이 참조는 "CopyLocal"이 아닙니다.
         기본 참조 "System, Version=4.0.0.0, Culture=neutral, PublicKeyToken=b77a5c561934e089"입니다.
             확인된 파일 경로는 "C:\Program Files\dotnet\packs\Microsoft.NETCore.App.Ref\10.0.0\ref\net10.0\System.dll"입니다.
             검색 경로 위치 "{RawFileName}"에서 참조를 찾았습니다.
             적어도 하나의 소스 항목에 대해 "Private"이 "false"로 설정되었고, "Private"이 "true"로 설정된 소스 항목이 없으므로 이 참조는 "CopyLocal"이 아닙니다.
         기본 참조 "mscorlib, Version=4.0.0.0, Culture=neutral, PublicKeyToken=b77a5c561934e089"입니다.
             확인된 파일 경로는 "C:\Program Files\dotnet\packs\Microsoft.NETCore.App.Ref\10.0.0\ref\net10.0\mscorlib.dll"입니다.
             검색 경로 위치 "{RawFileName}"에서 참조를 찾았습니다.
             적어도 하나의 소스 항목에 대해 "Private"이 "false"로 설정되었고, "Private"이 "true"로 설정된 소스 항목이 없으므로 이 참조는 "CopyLocal"이 아닙니다.
         기본 참조 "netstandard, Version=2.1.0.0, Culture=neutral, PublicKeyToken=cc7b13ffcd2ddd51"입니다.
             확인된 파일 경로는 "C:\Program Files\dotnet\packs\Microsoft.NETCore.App.Ref\10.0.0\ref\net10.0\netstandard.dll"입니다.
             검색 경로 위치 "{RawFileName}"에서 참조를 찾았습니다.
             적어도 하나의 소스 항목에 대해 "Private"이 "false"로 설정되었고, "Private"이 "true"로 설정된 소스 항목이 없으므로 이 참조는 "CopyLocal"이 아닙니다.
         기본 참조 "Accessibility, Version=4.0.0.0, Culture=neutral, PublicKeyToken=31bf3856ad364e35"입니다.
             확인된 파일 경로는 "C:\Program Files\dotnet\packs\Microsoft.WindowsDesktop.App.Ref\10.0.0\ref\net10.0\Accessibility.dll"입니다.
             검색 경로 위치 "{RawFileName}"에서 참조를 찾았습니다.
             적어도 하나의 소스 항목에 대해 "Private"이 "false"로 설정되었고, "Private"이 "true"로 설정된 소스 항목이 없으므로 이 참조는 "CopyLocal"이 아닙니다.
         기본 참조 "Microsoft.Win32.Registry.AccessControl, Version=10.0.0.0, Culture=neutral, PublicKeyToken=b03f5f7f11d50a3a"입니다.
             확인된 파일 경로는 "C:\Program Files\dotnet\packs\Microsoft.WindowsDesktop.App.Ref\10.0.0\ref\net10.0\Microsoft.Win32.Registry.AccessControl.dll"입니다.
             검색 경로 위치 "{RawFileName}"에서 참조를 찾았습니다.
             적어도 하나의 소스 항목에 대해 "Private"이 "false"로 설정되었고, "Private"이 "true"로 설정된 소스 항목이 없으므로 이 참조는 "CopyLocal"이 아닙니다.
         기본 참조 "Microsoft.Win32.SystemEvents, Version=10.0.0.0, Culture=neutral, PublicKeyToken=cc7b13ffcd2ddd51"입니다.
             확인된 파일 경로는 "C:\Program Files\dotnet\packs\Microsoft.WindowsDesktop.App.Ref\10.0.0\ref\net10.0\Microsoft.Win32.SystemEvents.dll"입니다.
             검색 경로 위치 "{RawFileName}"에서 참조를 찾았습니다.
             적어도 하나의 소스 항목에 대해 "Private"이 "false"로 설정되었고, "Private"이 "true"로 설정된 소스 항목이 없으므로 이 참조는 "CopyLocal"이 아닙니다.
         기본 참조 "PresentationCore, Version=10.0.0.0, Culture=neutral, PublicKeyToken=31bf3856ad364e35"입니다.
             확인된 파일 경로는 "C:\Program Files\dotnet\packs\Microsoft.WindowsDesktop.App.Ref\10.0.0\ref\net10.0\PresentationCore.dll"입니다.
             검색 경로 위치 "{RawFileName}"에서 참조를 찾았습니다.
             적어도 하나의 소스 항목에 대해 "Private"이 "false"로 설정되었고, "Private"이 "true"로 설정된 소스 항목이 없으므로 이 참조는 "CopyLocal"이 아닙니다.
         기본 참조 "PresentationFramework.Aero, Version=10.0.0.0, Culture=neutral, PublicKeyToken=31bf3856ad364e35"입니다.
             확인된 파일 경로는 "C:\Program Files\dotnet\packs\Microsoft.WindowsDesktop.App.Ref\10.0.0\ref\net10.0\PresentationFramework.Aero.dll"입니다.
             검색 경로 위치 "{RawFileName}"에서 참조를 찾았습니다.
             적어도 하나의 소스 항목에 대해 "Private"이 "false"로 설정되었고, "Private"이 "true"로 설정된 소스 항목이 없으므로 이 참조는 "CopyLocal"이 아닙니다.
         기본 참조 "PresentationFramework.Aero2, Version=10.0.0.0, Culture=neutral, PublicKeyToken=31bf3856ad364e35"입니다.
             확인된 파일 경로는 "C:\Program Files\dotnet\packs\Microsoft.WindowsDesktop.App.Ref\10.0.0\ref\net10.0\PresentationFramework.Aero2.dll"입니다.
             검색 경로 위치 "{RawFileName}"에서 참조를 찾았습니다.
             적어도 하나의 소스 항목에 대해 "Private"이 "false"로 설정되었고, "Private"이 "true"로 설정된 소스 항목이 없으므로 이 참조는 "CopyLocal"이 아닙니다.
         기본 참조 "PresentationFramework.AeroLite, Version=10.0.0.0, Culture=neutral, PublicKeyToken=31bf3856ad364e35"입니다.
             확인된 파일 경로는 "C:\Program Files\dotnet\packs\Microsoft.WindowsDesktop.App.Ref\10.0.0\ref\net10.0\PresentationFramework.AeroLite.dll"입니다.
             검색 경로 위치 "{RawFileName}"에서 참조를 찾았습니다.
             적어도 하나의 소스 항목에 대해 "Private"이 "false"로 설정되었고, "Private"이 "true"로 설정된 소스 항목이 없으므로 이 참조는 "CopyLocal"이 아닙니다.
         기본 참조 "PresentationFramework.Classic, Version=10.0.0.0, Culture=neutral, PublicKeyToken=31bf3856ad364e35"입니다.
             확인된 파일 경로는 "C:\Program Files\dotnet\packs\Microsoft.WindowsDesktop.App.Ref\10.0.0\ref\net10.0\PresentationFramework.Classic.dll"입니다.
             검색 경로 위치 "{RawFileName}"에서 참조를 찾았습니다.
             적어도 하나의 소스 항목에 대해 "Private"이 "false"로 설정되었고, "Private"이 "true"로 설정된 소스 항목이 없으므로 이 참조는 "CopyLocal"이 아닙니다.
         기본 참조 "PresentationFramework.Luna, Version=10.0.0.0, Culture=neutral, PublicKeyToken=31bf3856ad364e35"입니다.
             확인된 파일 경로는 "C:\Program Files\dotnet\packs\Microsoft.WindowsDesktop.App.Ref\10.0.0\ref\net10.0\PresentationFramework.Luna.dll"입니다.
             검색 경로 위치 "{RawFileName}"에서 참조를 찾았습니다.
             적어도 하나의 소스 항목에 대해 "Private"이 "false"로 설정되었고, "Private"이 "true"로 설정된 소스 항목이 없으므로 이 참조는 "CopyLocal"이 아닙니다.
         기본 참조 "PresentationFramework.Royale, Version=10.0.0.0, Culture=neutral, PublicKeyToken=31bf3856ad364e35"입니다.
             확인된 파일 경로는 "C:\Program Files\dotnet\packs\Microsoft.WindowsDesktop.App.Ref\10.0.0\ref\net10.0\PresentationFramework.Royale.dll"입니다.
             검색 경로 위치 "{RawFileName}"에서 참조를 찾았습니다.
             적어도 하나의 소스 항목에 대해 "Private"이 "false"로 설정되었고, "Private"이 "true"로 설정된 소스 항목이 없으므로 이 참조는 "CopyLocal"이 아닙니다.
         기본 참조 "PresentationFramework, Version=10.0.0.0, Culture=neutral, PublicKeyToken=31bf3856ad364e35"입니다.
             확인된 파일 경로는 "C:\Program Files\dotnet\packs\Microsoft.WindowsDesktop.App.Ref\10.0.0\ref\net10.0\PresentationFramework.dll"입니다.
             검색 경로 위치 "{RawFileName}"에서 참조를 찾았습니다.
             적어도 하나의 소스 항목에 대해 "Private"이 "false"로 설정되었고, "Private"이 "true"로 설정된 소스 항목이 없으므로 이 참조는 "CopyLocal"이 아닙니다.
         기본 참조 "PresentationUI, Version=10.0.0.0, Culture=neutral, PublicKeyToken=b77a5c561934e089"입니다.
             확인된 파일 경로는 "C:\Program Files\dotnet\packs\Microsoft.WindowsDesktop.App.Ref\10.0.0\ref\net10.0\PresentationUI.dll"입니다.
             검색 경로 위치 "{RawFileName}"에서 참조를 찾았습니다.
             적어도 하나의 소스 항목에 대해 "Private"이 "false"로 설정되었고, "Private"이 "true"로 설정된 소스 항목이 없으므로 이 참조는 "CopyLocal"이 아닙니다.
         기본 참조 "ReachFramework, Version=10.0.0.0, Culture=neutral, PublicKeyToken=31bf3856ad364e35"입니다.
             확인된 파일 경로는 "C:\Program Files\dotnet\packs\Microsoft.WindowsDesktop.App.Ref\10.0.0\ref\net10.0\ReachFramework.dll"입니다.
             검색 경로 위치 "{RawFileName}"에서 참조를 찾았습니다.
             적어도 하나의 소스 항목에 대해 "Private"이 "false"로 설정되었고, "Private"이 "true"로 설정된 소스 항목이 없으므로 이 참조는 "CopyLocal"이 아닙니다.
         기본 참조 "System.CodeDom, Version=10.0.0.0, Culture=neutral, PublicKeyToken=cc7b13ffcd2ddd51"입니다.
             확인된 파일 경로는 "C:\Program Files\dotnet\packs\Microsoft.WindowsDesktop.App.Ref\10.0.0\ref\net10.0\System.CodeDom.dll"입니다.
             검색 경로 위치 "{RawFileName}"에서 참조를 찾았습니다.
             적어도 하나의 소스 항목에 대해 "Private"이 "false"로 설정되었고, "Private"이 "true"로 설정된 소스 항목이 없으므로 이 참조는 "CopyLocal"이 아닙니다.
         기본 참조 "System.Configuration.ConfigurationManager, Version=10.0.0.0, Culture=neutral, PublicKeyToken=cc7b13ffcd2ddd51"입니다.
             확인된 파일 경로는 "C:\Program Files\dotnet\packs\Microsoft.WindowsDesktop.App.Ref\10.0.0\ref\net10.0\System.Configuration.ConfigurationManager.dll"입니다.
             검색 경로 위치 "{RawFileName}"에서 참조를 찾았습니다.
             적어도 하나의 소스 항목에 대해 "Private"이 "false"로 설정되었고, "Private"이 "true"로 설정된 소스 항목이 없으므로 이 참조는 "CopyLocal"이 아닙니다.
         기본 참조 "System.Diagnostics.EventLog, Version=10.0.0.0, Culture=neutral, PublicKeyToken=cc7b13ffcd2ddd51"입니다.
             확인된 파일 경로는 "C:\Program Files\dotnet\packs\Microsoft.WindowsDesktop.App.Ref\10.0.0\ref\net10.0\System.Diagnostics.EventLog.dll"입니다.
             검색 경로 위치 "{RawFileName}"에서 참조를 찾았습니다.
             적어도 하나의 소스 항목에 대해 "Private"이 "false"로 설정되었고, "Private"이 "true"로 설정된 소스 항목이 없으므로 이 참조는 "CopyLocal"이 아닙니다.
         기본 참조 "System.Diagnostics.PerformanceCounter, Version=10.0.0.0, Culture=neutral, PublicKeyToken=cc7b13ffcd2ddd51"입니다.
             확인된 파일 경로는 "C:\Program Files\dotnet\packs\Microsoft.WindowsDesktop.App.Ref\10.0.0\ref\net10.0\System.Diagnostics.PerformanceCounter.dll"입니다.
             검색 경로 위치 "{RawFileName}"에서 참조를 찾았습니다.
             적어도 하나의 소스 항목에 대해 "Private"이 "false"로 설정되었고, "Private"이 "true"로 설정된 소스 항목이 없으므로 이 참조는 "CopyLocal"이 아닙니다.
         기본 참조 "System.DirectoryServices, Version=10.0.0.0, Culture=neutral, PublicKeyToken=b03f5f7f11d50a3a"입니다.
             확인된 파일 경로는 "C:\Program Files\dotnet\packs\Microsoft.WindowsDesktop.App.Ref\10.0.0\ref\net10.0\System.DirectoryServices.dll"입니다.
             검색 경로 위치 "{RawFileName}"에서 참조를 찾았습니다.
             적어도 하나의 소스 항목에 대해 "Private"이 "false"로 설정되었고, "Private"이 "true"로 설정된 소스 항목이 없으므로 이 참조는 "CopyLocal"이 아닙니다.
         기본 참조 "System.Drawing.Common, Version=10.0.0.0, Culture=neutral, PublicKeyToken=cc7b13ffcd2ddd51"입니다.
             확인된 파일 경로는 "C:\Program Files\dotnet\packs\Microsoft.WindowsDesktop.App.Ref\10.0.0\ref\net10.0\System.Drawing.Common.dll"입니다.
             검색 경로 위치 "{RawFileName}"에서 참조를 찾았습니다.
             적어도 하나의 소스 항목에 대해 "Private"이 "false"로 설정되었고, "Private"이 "true"로 설정된 소스 항목이 없으므로 이 참조는 "CopyLocal"이 아닙니다.
         기본 참조 "System.Formats.Nrbf, Version=10.0.0.0, Culture=neutral, PublicKeyToken=cc7b13ffcd2ddd51"입니다.
             확인된 파일 경로는 "C:\Program Files\dotnet\packs\Microsoft.WindowsDesktop.App.Ref\10.0.0\ref\net10.0\System.Formats.Nrbf.dll"입니다.
             검색 경로 위치 "{RawFileName}"에서 참조를 찾았습니다.
             적어도 하나의 소스 항목에 대해 "Private"이 "false"로 설정되었고, "Private"이 "true"로 설정된 소스 항목이 없으므로 이 참조는 "CopyLocal"이 아닙니다.
         기본 참조 "System.IO.Packaging, Version=10.0.0.0, Culture=neutral, PublicKeyToken=b03f5f7f11d50a3a"입니다.
             확인된 파일 경로는 "C:\Program Files\dotnet\packs\Microsoft.WindowsDesktop.App.Ref\10.0.0\ref\net10.0\System.IO.Packaging.dll"입니다.
             검색 경로 위치 "{RawFileName}"에서 참조를 찾았습니다.
             적어도 하나의 소스 항목에 대해 "Private"이 "false"로 설정되었고, "Private"이 "true"로 설정된 소스 항목이 없으므로 이 참조는 "CopyLocal"이 아닙니다.
         기본 참조 "System.Printing, Version=10.0.0.0, Culture=neutral, PublicKeyToken=31bf3856ad364e35"입니다.
             확인된 파일 경로는 "C:\Program Files\dotnet\packs\Microsoft.WindowsDesktop.App.Ref\10.0.0\ref\net10.0\System.Printing.dll"입니다.
             검색 경로 위치 "{RawFileName}"에서 참조를 찾았습니다.
             적어도 하나의 소스 항목에 대해 "Private"이 "false"로 설정되었고, "Private"이 "true"로 설정된 소스 항목이 없으므로 이 참조는 "CopyLocal"이 아닙니다.
         기본 참조 "System.Private.Windows.Core, Version=10.0.0.0, Culture=neutral, PublicKeyToken=b77a5c561934e089"입니다.
             확인된 파일 경로는 "C:\Program Files\dotnet\packs\Microsoft.WindowsDesktop.App.Ref\10.0.0\ref\net10.0\System.Private.Windows.Core.dll"입니다.
             검색 경로 위치 "{RawFileName}"에서 참조를 찾았습니다.
             적어도 하나의 소스 항목에 대해 "Private"이 "false"로 설정되었고, "Private"이 "true"로 설정된 소스 항목이 없으므로 이 참조는 "CopyLocal"이 아닙니다.
         기본 참조 "System.Resources.Extensions, Version=10.0.0.0, Culture=neutral, PublicKeyToken=cc7b13ffcd2ddd51"입니다.
             확인된 파일 경로는 "C:\Program Files\dotnet\packs\Microsoft.WindowsDesktop.App.Ref\10.0.0\ref\net10.0\System.Resources.Extensions.dll"입니다.
             검색 경로 위치 "{RawFileName}"에서 참조를 찾았습니다.
             적어도 하나의 소스 항목에 대해 "Private"이 "false"로 설정되었고, "Private"이 "true"로 설정된 소스 항목이 없으므로 이 참조는 "CopyLocal"이 아닙니다.
         기본 참조 "System.Security.Cryptography.Pkcs, Version=10.0.0.0, Culture=neutral, PublicKeyToken=b03f5f7f11d50a3a"입니다.
             확인된 파일 경로는 "C:\Program Files\dotnet\packs\Microsoft.WindowsDesktop.App.Ref\10.0.0\ref\net10.0\System.Security.Cryptography.Pkcs.dll"입니다.
             검색 경로 위치 "{RawFileName}"에서 참조를 찾았습니다.
             적어도 하나의 소스 항목에 대해 "Private"이 "false"로 설정되었고, "Private"이 "true"로 설정된 소스 항목이 없으므로 이 참조는 "CopyLocal"이 아닙니다.
         기본 참조 "System.Security.Cryptography.ProtectedData, Version=10.0.0.0, Culture=neutral, PublicKeyToken=b03f5f7f11d50a3a"입니다.
             확인된 파일 경로는 "C:\Program Files\dotnet\packs\Microsoft.WindowsDesktop.App.Ref\10.0.0\ref\net10.0\System.Security.Cryptography.ProtectedData.dll"입니다.
             검색 경로 위치 "{RawFileName}"에서 참조를 찾았습니다.
             적어도 하나의 소스 항목에 대해 "Private"이 "false"로 설정되었고, "Private"이 "true"로 설정된 소스 항목이 없으므로 이 참조는 "CopyLocal"이 아닙니다.
         기본 참조 "System.Security.Cryptography.Xml, Version=10.0.0.0, Culture=neutral, PublicKeyToken=cc7b13ffcd2ddd51"입니다.
             확인된 파일 경로는 "C:\Program Files\dotnet\packs\Microsoft.WindowsDesktop.App.Ref\10.0.0\ref\net10.0\System.Security.Cryptography.Xml.dll"입니다.
             검색 경로 위치 "{RawFileName}"에서 참조를 찾았습니다.
             적어도 하나의 소스 항목에 대해 "Private"이 "false"로 설정되었고, "Private"이 "true"로 설정된 소스 항목이 없으므로 이 참조는 "CopyLocal"이 아닙니다.
         기본 참조 "System.Security.Permissions, Version=10.0.0.0, Culture=neutral, PublicKeyToken=cc7b13ffcd2ddd51"입니다.
             확인된 파일 경로는 "C:\Program Files\dotnet\packs\Microsoft.WindowsDesktop.App.Ref\10.0.0\ref\net10.0\System.Security.Permissions.dll"입니다.
             검색 경로 위치 "{RawFileName}"에서 참조를 찾았습니다.
             적어도 하나의 소스 항목에 대해 "Private"이 "false"로 설정되었고, "Private"이 "true"로 설정된 소스 항목이 없으므로 이 참조는 "CopyLocal"이 아닙니다.
         기본 참조 "System.Windows.Controls.Ribbon, Version=10.0.0.0, Culture=neutral, PublicKeyToken=b77a5c561934e089"입니다.
             확인된 파일 경로는 "C:\Program Files\dotnet\packs\Microsoft.WindowsDesktop.App.Ref\10.0.0\ref\net10.0\System.Windows.Controls.Ribbon.dll"입니다.
             검색 경로 위치 "{RawFileName}"에서 참조를 찾았습니다.
             적어도 하나의 소스 항목에 대해 "Private"이 "false"로 설정되었고, "Private"이 "true"로 설정된 소스 항목이 없으므로 이 참조는 "CopyLocal"이 아닙니다.
         기본 참조 "System.Windows.Extensions, Version=10.0.0.0, Culture=neutral, PublicKeyToken=cc7b13ffcd2ddd51"입니다.
             확인된 파일 경로는 "C:\Program Files\dotnet\packs\Microsoft.WindowsDesktop.App.Ref\10.0.0\ref\net10.0\System.Windows.Extensions.dll"입니다.
             검색 경로 위치 "{RawFileName}"에서 참조를 찾았습니다.
             적어도 하나의 소스 항목에 대해 "Private"이 "false"로 설정되었고, "Private"이 "true"로 설정된 소스 항목이 없으므로 이 참조는 "CopyLocal"이 아닙니다.
         기본 참조 "System.Windows.Input.Manipulations, Version=10.0.0.0, Culture=neutral, PublicKeyToken=b77a5c561934e089"입니다.
             확인된 파일 경로는 "C:\Program Files\dotnet\packs\Microsoft.WindowsDesktop.App.Ref\10.0.0\ref\net10.0\System.Windows.Input.Manipulations.dll"입니다.
             검색 경로 위치 "{RawFileName}"에서 참조를 찾았습니다.
             적어도 하나의 소스 항목에 대해 "Private"이 "false"로 설정되었고, "Private"이 "true"로 설정된 소스 항목이 없으므로 이 참조는 "CopyLocal"이 아닙니다.
         기본 참조 "System.Windows.Presentation, Version=10.0.0.0, Culture=neutral, PublicKeyToken=b77a5c561934e089"입니다.
             확인된 파일 경로는 "C:\Program Files\dotnet\packs\Microsoft.WindowsDesktop.App.Ref\10.0.0\ref\net10.0\System.Windows.Presentation.dll"입니다.
             검색 경로 위치 "{RawFileName}"에서 참조를 찾았습니다.
             적어도 하나의 소스 항목에 대해 "Private"이 "false"로 설정되었고, "Private"이 "true"로 설정된 소스 항목이 없으므로 이 참조는 "CopyLocal"이 아닙니다.
         기본 참조 "System.Windows.Primitives, Version=10.0.0.0, Culture=neutral, PublicKeyToken=31bf3856ad364e35"입니다.
             확인된 파일 경로는 "C:\Program Files\dotnet\packs\Microsoft.WindowsDesktop.App.Ref\10.0.0\ref\net10.0\System.Windows.Primitives.dll"입니다.
             검색 경로 위치 "{RawFileName}"에서 참조를 찾았습니다.
             적어도 하나의 소스 항목에 대해 "Private"이 "false"로 설정되었고, "Private"이 "true"로 설정된 소스 항목이 없으므로 이 참조는 "CopyLocal"이 아닙니다.
         기본 참조 "System.Xaml, Version=10.0.0.0, Culture=neutral, PublicKeyToken=b77a5c561934e089"입니다.
             확인된 파일 경로는 "C:\Program Files\dotnet\packs\Microsoft.WindowsDesktop.App.Ref\10.0.0\ref\net10.0\System.Xaml.dll"입니다.
             검색 경로 위치 "{RawFileName}"에서 참조를 찾았습니다.
             적어도 하나의 소스 항목에 대해 "Private"이 "false"로 설정되었고, "Private"이 "true"로 설정된 소스 항목이 없으므로 이 참조는 "CopyLocal"이 아닙니다.
         기본 참조 "UIAutomationClient, Version=10.0.0.0, Culture=neutral, PublicKeyToken=31bf3856ad364e35"입니다.
             확인된 파일 경로는 "C:\Program Files\dotnet\packs\Microsoft.WindowsDesktop.App.Ref\10.0.0\ref\net10.0\UIAutomationClient.dll"입니다.
             검색 경로 위치 "{RawFileName}"에서 참조를 찾았습니다.
             적어도 하나의 소스 항목에 대해 "Private"이 "false"로 설정되었고, "Private"이 "true"로 설정된 소스 항목이 없으므로 이 참조는 "CopyLocal"이 아닙니다.
         기본 참조 "UIAutomationClientSideProviders, Version=10.0.0.0, Culture=neutral, PublicKeyToken=b77a5c561934e089"입니다.
             확인된 파일 경로는 "C:\Program Files\dotnet\packs\Microsoft.WindowsDesktop.App.Ref\10.0.0\ref\net10.0\UIAutomationClientSideProviders.dll"입니다.
             검색 경로 위치 "{RawFileName}"에서 참조를 찾았습니다.
             적어도 하나의 소스 항목에 대해 "Private"이 "false"로 설정되었고, "Private"이 "true"로 설정된 소스 항목이 없으므로 이 참조는 "CopyLocal"이 아닙니다.
         기본 참조 "UIAutomationProvider, Version=10.0.0.0, Culture=neutral, PublicKeyToken=31bf3856ad364e35"입니다.
             확인된 파일 경로는 "C:\Program Files\dotnet\packs\Microsoft.WindowsDesktop.App.Ref\10.0.0\ref\net10.0\UIAutomationProvider.dll"입니다.
             검색 경로 위치 "{RawFileName}"에서 참조를 찾았습니다.
             적어도 하나의 소스 항목에 대해 "Private"이 "false"로 설정되었고, "Private"이 "true"로 설정된 소스 항목이 없으므로 이 참조는 "CopyLocal"이 아닙니다.
         기본 참조 "UIAutomationTypes, Version=10.0.0.0, Culture=neutral, PublicKeyToken=31bf3856ad364e35"입니다.
             확인된 파일 경로는 "C:\Program Files\dotnet\packs\Microsoft.WindowsDesktop.App.Ref\10.0.0\ref\net10.0\UIAutomationTypes.dll"입니다.
             검색 경로 위치 "{RawFileName}"에서 참조를 찾았습니다.
             적어도 하나의 소스 항목에 대해 "Private"이 "false"로 설정되었고, "Private"이 "true"로 설정된 소스 항목이 없으므로 이 참조는 "CopyLocal"이 아닙니다.
         기본 참조 "WindowsBase, Version=10.0.0.0, Culture=neutral, PublicKeyToken=31bf3856ad364e35"입니다.
             확인된 파일 경로는 "C:\Program Files\dotnet\packs\Microsoft.WindowsDesktop.App.Ref\10.0.0\ref\net10.0\WindowsBase.dll"입니다.
             검색 경로 위치 "{RawFileName}"에서 참조를 찾았습니다.
             적어도 하나의 소스 항목에 대해 "Private"이 "false"로 설정되었고, "Private"이 "true"로 설정된 소스 항목이 없으므로 이 참조는 "CopyLocal"이 아닙니다.
       "ResolveAssemblyReference" 작업을 실행했습니다.
   2:6>"RailmlEditor.csproj" 프로젝트에 "ResolveAssemblyReferences" 대상을 빌드했습니다.
   2:6>"c:\WORK\SRC\Railml_editor\RailmlEditor\RailmlEditor.csproj" 프로젝트의 "C:\Program Files\dotnet\sdk\10.0.100\Microsoft.Common.CurrentVersion.targets" 파일에 있는 "AfterResolveReferences" 대상("ResolveReferences" 대상이 종속됨):
   2:6>"RailmlEditor.csproj" 프로젝트에 "AfterResolveReferences" 대상을 빌드했습니다.
   2:6>"c:\WORK\SRC\Railml_editor\RailmlEditor\RailmlEditor.csproj" 프로젝트의 "C:\Program Files\dotnet\sdk\10.0.100\Microsoft.Common.CurrentVersion.targets" 파일에 있는 "ResolveReferences" 대상("_BlockWinMDsOnUnsupportedTFMs" 대상이 종속됨):
   2:6>"RailmlEditor.csproj" 프로젝트에 "ResolveReferences" 대상을 빌드했습니다.
   2:6>"c:\WORK\SRC\Railml_editor\RailmlEditor\RailmlEditor.csproj" 프로젝트의 "C:\Program Files\dotnet\sdk\10.0.100\Sdks\Microsoft.NET.Sdk\targets\Microsoft.NET.Sdk.targets" 파일에 있는 "_BlockWinMDsOnUnsupportedTFMs" 대상("CoreBuild" 대상이 종속됨):
       "C:\Program Files\dotnet\sdk\10.0.100\Sdks\Microsoft.NET.Sdk\targets\..\tools\net10.0\Microsoft.NET.Build.Tasks.dll" 어셈블리에서 "CheckForUnsupportedWinMDReferences" 작업을 사용합니다.
       "CheckForUnsupportedWinMDReferences" 작업
       "CheckForUnsupportedWinMDReferences" 작업을 실행했습니다.
   2:6>"RailmlEditor.csproj" 프로젝트에 "_BlockWinMDsOnUnsupportedTFMs" 대상을 빌드했습니다.
       "ResolveReferences" 대상을 건너뜁니다. 이전에 빌드되었습니다.
   2:6>"c:\WORK\SRC\Railml_editor\RailmlEditor\RailmlEditor.csproj" 프로젝트의 "C:\Program Files\dotnet\sdk\10.0.100\Sdks\Microsoft.NET.Sdk.WindowsDesktop\targets\Microsoft.WinFX.targets" 파일에 있는 "MarkupCompilePass1" 대상("PrepareResources" 대상이 종속됨):
       TaskRun 동안 로드된 어셈블리: PresentationBuildTasks, Version=10.0.0.0, Culture=neutral, PublicKeyToken=31bf3856ad364e35(위치: C:\Program Files\dotnet\sdk\10.0.100\Sdks\Microsoft.NET.Sdk.WindowsDesktop\tools\net10.0\PresentationBuildTasks.dll, MVID: 995e2b57-2ba2-4bb3-9094-653c128994fe, AssemblyLoadContext: MSBuild plugin C:\Program Files\dotnet\sdk\10.0.100\Sdks\Microsoft.NET.Sdk.WindowsDesktop\tools\net10.0\PresentationBuildTasks.dll)
       "C:\Program Files\dotnet\sdk\10.0.100\Sdks\Microsoft.NET.Sdk.WindowsDesktop\tools\net10.0\PresentationBuildTasks.dll" 어셈블리에서 "MarkupCompilePass1" 작업을 사용합니다.
       "MarkupCompilePass1" 작업
         
         
         Microsoft (R) Build Task 'MarkupCompilePass1' 버전 '10.0.25.52411'입니다.
         Copyright (c) Microsoft Corporation 2005. All rights reserved.
         
         
         입력: 마크업 ApplicationDefinition 파일: 'c:\WORK\SRC\Railml_editor\RailmlEditor\App.xaml'.
         현재 프로젝트 디렉터리는 'c:\WORK\SRC\Railml_editor\RailmlEditor\'입니다.
         분석 결과: 'PagesWithLocalType'.
         XAML 파일 'c:\WORK\SRC\Railml_editor\RailmlEditor\MainWindow.xaml'을(를) 다시 컴파일했습니다.
         마크업 컴파일을 시작했습니다.
         OutputType은 'winexe'입니다.
         입력: 어셈블리 Reference 파일: 'C:\Program Files\dotnet\packs\Microsoft.WindowsDesktop.App.Ref\10.0.0\ref\net10.0\Accessibility.dll'.
         입력: 어셈블리 Reference 파일: 'C:\Program Files\dotnet\packs\Microsoft.NETCore.App.Ref\10.0.0\ref\net10.0\Microsoft.CSharp.dll'.
         입력: 어셈블리 Reference 파일: 'C:\Program Files\dotnet\packs\Microsoft.NETCore.App.Ref\10.0.0\ref\net10.0\Microsoft.VisualBasic.Core.dll'.
         입력: 어셈블리 Reference 파일: 'C:\Program Files\dotnet\packs\Microsoft.NETCore.App.Ref\10.0.0\ref\net10.0\Microsoft.VisualBasic.dll'.
         입력: 어셈블리 Reference 파일: 'C:\Program Files\dotnet\packs\Microsoft.NETCore.App.Ref\10.0.0\ref\net10.0\Microsoft.Win32.Primitives.dll'.
         입력: 어셈블리 Reference 파일: 'C:\Program Files\dotnet\packs\Microsoft.WindowsDesktop.App.Ref\10.0.0\ref\net10.0\Microsoft.Win32.Registry.AccessControl.dll'.
         입력: 어셈블리 Reference 파일: 'C:\Program Files\dotnet\packs\Microsoft.NETCore.App.Ref\10.0.0\ref\net10.0\Microsoft.Win32.Registry.dll'.
         입력: 어셈블리 Reference 파일: 'C:\Program Files\dotnet\packs\Microsoft.WindowsDesktop.App.Ref\10.0.0\ref\net10.0\Microsoft.Win32.SystemEvents.dll'.
         입력: 어셈블리 Reference 파일: 'C:\Program Files\dotnet\packs\Microsoft.NETCore.App.Ref\10.0.0\ref\net10.0\mscorlib.dll'.
         입력: 어셈블리 Reference 파일: 'C:\Program Files\dotnet\packs\Microsoft.NETCore.App.Ref\10.0.0\ref\net10.0\netstandard.dll'.
         입력: 어셈블리 Reference 파일: 'C:\Program Files\dotnet\packs\Microsoft.WindowsDesktop.App.Ref\10.0.0\ref\net10.0\PresentationCore.dll'.
         입력: 어셈블리 Reference 파일: 'C:\Program Files\dotnet\packs\Microsoft.WindowsDesktop.App.Ref\10.0.0\ref\net10.0\PresentationFramework.Aero.dll'.
         입력: 어셈블리 Reference 파일: 'C:\Program Files\dotnet\packs\Microsoft.WindowsDesktop.App.Ref\10.0.0\ref\net10.0\PresentationFramework.Aero2.dll'.
         입력: 어셈블리 Reference 파일: 'C:\Program Files\dotnet\packs\Microsoft.WindowsDesktop.App.Ref\10.0.0\ref\net10.0\PresentationFramework.AeroLite.dll'.
         입력: 어셈블리 Reference 파일: 'C:\Program Files\dotnet\packs\Microsoft.WindowsDesktop.App.Ref\10.0.0\ref\net10.0\PresentationFramework.Classic.dll'.
         입력: 어셈블리 Reference 파일: 'C:\Program Files\dotnet\packs\Microsoft.WindowsDesktop.App.Ref\10.0.0\ref\net10.0\PresentationFramework.dll'.
         입력: 어셈블리 Reference 파일: 'C:\Program Files\dotnet\packs\Microsoft.WindowsDesktop.App.Ref\10.0.0\ref\net10.0\PresentationFramework.Luna.dll'.
         입력: 어셈블리 Reference 파일: 'C:\Program Files\dotnet\packs\Microsoft.WindowsDesktop.App.Ref\10.0.0\ref\net10.0\PresentationFramework.Royale.dll'.
         입력: 어셈블리 Reference 파일: 'C:\Program Files\dotnet\packs\Microsoft.WindowsDesktop.App.Ref\10.0.0\ref\net10.0\PresentationUI.dll'.
         입력: 어셈블리 Reference 파일: 'C:\Program Files\dotnet\packs\Microsoft.WindowsDesktop.App.Ref\10.0.0\ref\net10.0\ReachFramework.dll'.
         입력: 어셈블리 Reference 파일: 'C:\Program Files\dotnet\packs\Microsoft.NETCore.App.Ref\10.0.0\ref\net10.0\System.AppContext.dll'.
         입력: 어셈블리 Reference 파일: 'C:\Program Files\dotnet\packs\Microsoft.NETCore.App.Ref\10.0.0\ref\net10.0\System.Buffers.dll'.
         입력: 어셈블리 Reference 파일: 'C:\Program Files\dotnet\packs\Microsoft.WindowsDesktop.App.Ref\10.0.0\ref\net10.0\System.CodeDom.dll'.
         입력: 어셈블리 Reference 파일: 'C:\Program Files\dotnet\packs\Microsoft.NETCore.App.Ref\10.0.0\ref\net10.0\System.Collections.Concurrent.dll'.
         입력: 어셈블리 Reference 파일: 'C:\Program Files\dotnet\packs\Microsoft.NETCore.App.Ref\10.0.0\ref\net10.0\System.Collections.dll'.
         입력: 어셈블리 Reference 파일: 'C:\Program Files\dotnet\packs\Microsoft.NETCore.App.Ref\10.0.0\ref\net10.0\System.Collections.Immutable.dll'.
         입력: 어셈블리 Reference 파일: 'C:\Program Files\dotnet\packs\Microsoft.NETCore.App.Ref\10.0.0\ref\net10.0\System.Collections.NonGeneric.dll'.
         입력: 어셈블리 Reference 파일: 'C:\Program Files\dotnet\packs\Microsoft.NETCore.App.Ref\10.0.0\ref\net10.0\System.Collections.Specialized.dll'.
         입력: 어셈블리 Reference 파일: 'C:\Program Files\dotnet\packs\Microsoft.NETCore.App.Ref\10.0.0\ref\net10.0\System.ComponentModel.Annotations.dll'.
         입력: 어셈블리 Reference 파일: 'C:\Program Files\dotnet\packs\Microsoft.NETCore.App.Ref\10.0.0\ref\net10.0\System.ComponentModel.DataAnnotations.dll'.
         입력: 어셈블리 Reference 파일: 'C:\Program Files\dotnet\packs\Microsoft.NETCore.App.Ref\10.0.0\ref\net10.0\System.ComponentModel.dll'.
         입력: 어셈블리 Reference 파일: 'C:\Program Files\dotnet\packs\Microsoft.NETCore.App.Ref\10.0.0\ref\net10.0\System.ComponentModel.EventBasedAsync.dll'.
         입력: 어셈블리 Reference 파일: 'C:\Program Files\dotnet\packs\Microsoft.NETCore.App.Ref\10.0.0\ref\net10.0\System.ComponentModel.Primitives.dll'.
         입력: 어셈블리 Reference 파일: 'C:\Program Files\dotnet\packs\Microsoft.NETCore.App.Ref\10.0.0\ref\net10.0\System.ComponentModel.TypeConverter.dll'.
         입력: 어셈블리 Reference 파일: 'C:\Program Files\dotnet\packs\Microsoft.WindowsDesktop.App.Ref\10.0.0\ref\net10.0\System.Configuration.ConfigurationManager.dll'.
         입력: 어셈블리 Reference 파일: 'C:\Program Files\dotnet\packs\Microsoft.NETCore.App.Ref\10.0.0\ref\net10.0\System.Configuration.dll'.
         입력: 어셈블리 Reference 파일: 'C:\Program Files\dotnet\packs\Microsoft.NETCore.App.Ref\10.0.0\ref\net10.0\System.Console.dll'.
         입력: 어셈블리 Reference 파일: 'C:\Program Files\dotnet\packs\Microsoft.NETCore.App.Ref\10.0.0\ref\net10.0\System.Core.dll'.
         입력: 어셈블리 Reference 파일: 'C:\Program Files\dotnet\packs\Microsoft.NETCore.App.Ref\10.0.0\ref\net10.0\System.Data.Common.dll'.
         입력: 어셈블리 Reference 파일: 'C:\Program Files\dotnet\packs\Microsoft.NETCore.App.Ref\10.0.0\ref\net10.0\System.Data.DataSetExtensions.dll'.
         입력: 어셈블리 Reference 파일: 'C:\Program Files\dotnet\packs\Microsoft.NETCore.App.Ref\10.0.0\ref\net10.0\System.Data.dll'.
         입력: 어셈블리 Reference 파일: 'C:\Program Files\dotnet\packs\Microsoft.NETCore.App.Ref\10.0.0\ref\net10.0\System.Diagnostics.Contracts.dll'.
         입력: 어셈블리 Reference 파일: 'C:\Program Files\dotnet\packs\Microsoft.NETCore.App.Ref\10.0.0\ref\net10.0\System.Diagnostics.Debug.dll'.
         입력: 어셈블리 Reference 파일: 'C:\Program Files\dotnet\packs\Microsoft.NETCore.App.Ref\10.0.0\ref\net10.0\System.Diagnostics.DiagnosticSource.dll'.
         입력: 어셈블리 Reference 파일: 'C:\Program Files\dotnet\packs\Microsoft.WindowsDesktop.App.Ref\10.0.0\ref\net10.0\System.Diagnostics.EventLog.dll'.
         입력: 어셈블리 Reference 파일: 'C:\Program Files\dotnet\packs\Microsoft.NETCore.App.Ref\10.0.0\ref\net10.0\System.Diagnostics.FileVersionInfo.dll'.
         입력: 어셈블리 Reference 파일: 'C:\Program Files\dotnet\packs\Microsoft.WindowsDesktop.App.Ref\10.0.0\ref\net10.0\System.Diagnostics.PerformanceCounter.dll'.
         입력: 어셈블리 Reference 파일: 'C:\Program Files\dotnet\packs\Microsoft.NETCore.App.Ref\10.0.0\ref\net10.0\System.Diagnostics.Process.dll'.
         입력: 어셈블리 Reference 파일: 'C:\Program Files\dotnet\packs\Microsoft.NETCore.App.Ref\10.0.0\ref\net10.0\System.Diagnostics.StackTrace.dll'.
         입력: 어셈블리 Reference 파일: 'C:\Program Files\dotnet\packs\Microsoft.NETCore.App.Ref\10.0.0\ref\net10.0\System.Diagnostics.TextWriterTraceListener.dll'.
         입력: 어셈블리 Reference 파일: 'C:\Program Files\dotnet\packs\Microsoft.NETCore.App.Ref\10.0.0\ref\net10.0\System.Diagnostics.Tools.dll'.
         입력: 어셈블리 Reference 파일: 'C:\Program Files\dotnet\packs\Microsoft.NETCore.App.Ref\10.0.0\ref\net10.0\System.Diagnostics.TraceSource.dll'.
         입력: 어셈블리 Reference 파일: 'C:\Program Files\dotnet\packs\Microsoft.NETCore.App.Ref\10.0.0\ref\net10.0\System.Diagnostics.Tracing.dll'.
         입력: 어셈블리 Reference 파일: 'C:\Program Files\dotnet\packs\Microsoft.WindowsDesktop.App.Ref\10.0.0\ref\net10.0\System.DirectoryServices.dll'.
         입력: 어셈블리 Reference 파일: 'C:\Program Files\dotnet\packs\Microsoft.NETCore.App.Ref\10.0.0\ref\net10.0\System.dll'.
         입력: 어셈블리 Reference 파일: 'C:\Program Files\dotnet\packs\Microsoft.WindowsDesktop.App.Ref\10.0.0\ref\net10.0\System.Drawing.Common.dll'.
         입력: 어셈블리 Reference 파일: 'C:\Program Files\dotnet\packs\Microsoft.NETCore.App.Ref\10.0.0\ref\net10.0\System.Drawing.dll'.
         입력: 어셈블리 Reference 파일: 'C:\Program Files\dotnet\packs\Microsoft.NETCore.App.Ref\10.0.0\ref\net10.0\System.Drawing.Primitives.dll'.
         입력: 어셈블리 Reference 파일: 'C:\Program Files\dotnet\packs\Microsoft.NETCore.App.Ref\10.0.0\ref\net10.0\System.Dynamic.Runtime.dll'.
         입력: 어셈블리 Reference 파일: 'C:\Program Files\dotnet\packs\Microsoft.NETCore.App.Ref\10.0.0\ref\net10.0\System.Formats.Asn1.dll'.
         입력: 어셈블리 Reference 파일: 'C:\Program Files\dotnet\packs\Microsoft.WindowsDesktop.App.Ref\10.0.0\ref\net10.0\System.Formats.Nrbf.dll'.
         입력: 어셈블리 Reference 파일: 'C:\Program Files\dotnet\packs\Microsoft.NETCore.App.Ref\10.0.0\ref\net10.0\System.Formats.Tar.dll'.
         입력: 어셈블리 Reference 파일: 'C:\Program Files\dotnet\packs\Microsoft.NETCore.App.Ref\10.0.0\ref\net10.0\System.Globalization.Calendars.dll'.
         입력: 어셈블리 Reference 파일: 'C:\Program Files\dotnet\packs\Microsoft.NETCore.App.Ref\10.0.0\ref\net10.0\System.Globalization.dll'.
         입력: 어셈블리 Reference 파일: 'C:\Program Files\dotnet\packs\Microsoft.NETCore.App.Ref\10.0.0\ref\net10.0\System.Globalization.Extensions.dll'.
         입력: 어셈블리 Reference 파일: 'C:\Program Files\dotnet\packs\Microsoft.NETCore.App.Ref\10.0.0\ref\net10.0\System.IO.Compression.Brotli.dll'.
         입력: 어셈블리 Reference 파일: 'C:\Program Files\dotnet\packs\Microsoft.NETCore.App.Ref\10.0.0\ref\net10.0\System.IO.Compression.dll'.
         입력: 어셈블리 Reference 파일: 'C:\Program Files\dotnet\packs\Microsoft.NETCore.App.Ref\10.0.0\ref\net10.0\System.IO.Compression.FileSystem.dll'.
         입력: 어셈블리 Reference 파일: 'C:\Program Files\dotnet\packs\Microsoft.NETCore.App.Ref\10.0.0\ref\net10.0\System.IO.Compression.ZipFile.dll'.
         입력: 어셈블리 Reference 파일: 'C:\Program Files\dotnet\packs\Microsoft.NETCore.App.Ref\10.0.0\ref\net10.0\System.IO.dll'.
         입력: 어셈블리 Reference 파일: 'C:\Program Files\dotnet\packs\Microsoft.NETCore.App.Ref\10.0.0\ref\net10.0\System.IO.FileSystem.AccessControl.dll'.
         입력: 어셈블리 Reference 파일: 'C:\Program Files\dotnet\packs\Microsoft.NETCore.App.Ref\10.0.0\ref\net10.0\System.IO.FileSystem.dll'.
         입력: 어셈블리 Reference 파일: 'C:\Program Files\dotnet\packs\Microsoft.NETCore.App.Ref\10.0.0\ref\net10.0\System.IO.FileSystem.DriveInfo.dll'.
         입력: 어셈블리 Reference 파일: 'C:\Program Files\dotnet\packs\Microsoft.NETCore.App.Ref\10.0.0\ref\net10.0\System.IO.FileSystem.Primitives.dll'.
         입력: 어셈블리 Reference 파일: 'C:\Program Files\dotnet\packs\Microsoft.NETCore.App.Ref\10.0.0\ref\net10.0\System.IO.FileSystem.Watcher.dll'.
         입력: 어셈블리 Reference 파일: 'C:\Program Files\dotnet\packs\Microsoft.NETCore.App.Ref\10.0.0\ref\net10.0\System.IO.IsolatedStorage.dll'.
         입력: 어셈블리 Reference 파일: 'C:\Program Files\dotnet\packs\Microsoft.NETCore.App.Ref\10.0.0\ref\net10.0\System.IO.MemoryMappedFiles.dll'.
         입력: 어셈블리 Reference 파일: 'C:\Program Files\dotnet\packs\Microsoft.WindowsDesktop.App.Ref\10.0.0\ref\net10.0\System.IO.Packaging.dll'.
         입력: 어셈블리 Reference 파일: 'C:\Program Files\dotnet\packs\Microsoft.NETCore.App.Ref\10.0.0\ref\net10.0\System.IO.Pipelines.dll'.
         입력: 어셈블리 Reference 파일: 'C:\Program Files\dotnet\packs\Microsoft.NETCore.App.Ref\10.0.0\ref\net10.0\System.IO.Pipes.AccessControl.dll'.
         입력: 어셈블리 Reference 파일: 'C:\Program Files\dotnet\packs\Microsoft.NETCore.App.Ref\10.0.0\ref\net10.0\System.IO.Pipes.dll'.
         입력: 어셈블리 Reference 파일: 'C:\Program Files\dotnet\packs\Microsoft.NETCore.App.Ref\10.0.0\ref\net10.0\System.IO.UnmanagedMemoryStream.dll'.
         입력: 어셈블리 Reference 파일: 'C:\Program Files\dotnet\packs\Microsoft.NETCore.App.Ref\10.0.0\ref\net10.0\System.Linq.AsyncEnumerable.dll'.
         입력: 어셈블리 Reference 파일: 'C:\Program Files\dotnet\packs\Microsoft.NETCore.App.Ref\10.0.0\ref\net10.0\System.Linq.dll'.
         입력: 어셈블리 Reference 파일: 'C:\Program Files\dotnet\packs\Microsoft.NETCore.App.Ref\10.0.0\ref\net10.0\System.Linq.Expressions.dll'.
         입력: 어셈블리 Reference 파일: 'C:\Program Files\dotnet\packs\Microsoft.NETCore.App.Ref\10.0.0\ref\net10.0\System.Linq.Parallel.dll'.
         입력: 어셈블리 Reference 파일: 'C:\Program Files\dotnet\packs\Microsoft.NETCore.App.Ref\10.0.0\ref\net10.0\System.Linq.Queryable.dll'.
         입력: 어셈블리 Reference 파일: 'C:\Program Files\dotnet\packs\Microsoft.NETCore.App.Ref\10.0.0\ref\net10.0\System.Memory.dll'.
         입력: 어셈블리 Reference 파일: 'C:\Program Files\dotnet\packs\Microsoft.NETCore.App.Ref\10.0.0\ref\net10.0\System.Net.dll'.
         입력: 어셈블리 Reference 파일: 'C:\Program Files\dotnet\packs\Microsoft.NETCore.App.Ref\10.0.0\ref\net10.0\System.Net.Http.dll'.
         입력: 어셈블리 Reference 파일: 'C:\Program Files\dotnet\packs\Microsoft.NETCore.App.Ref\10.0.0\ref\net10.0\System.Net.Http.Json.dll'.
         입력: 어셈블리 Reference 파일: 'C:\Program Files\dotnet\packs\Microsoft.NETCore.App.Ref\10.0.0\ref\net10.0\System.Net.HttpListener.dll'.
         입력: 어셈블리 Reference 파일: 'C:\Program Files\dotnet\packs\Microsoft.NETCore.App.Ref\10.0.0\ref\net10.0\System.Net.Mail.dll'.
         입력: 어셈블리 Reference 파일: 'C:\Program Files\dotnet\packs\Microsoft.NETCore.App.Ref\10.0.0\ref\net10.0\System.Net.NameResolution.dll'.
         입력: 어셈블리 Reference 파일: 'C:\Program Files\dotnet\packs\Microsoft.NETCore.App.Ref\10.0.0\ref\net10.0\System.Net.NetworkInformation.dll'.
         입력: 어셈블리 Reference 파일: 'C:\Program Files\dotnet\packs\Microsoft.NETCore.App.Ref\10.0.0\ref\net10.0\System.Net.Ping.dll'.
         입력: 어셈블리 Reference 파일: 'C:\Program Files\dotnet\packs\Microsoft.NETCore.App.Ref\10.0.0\ref\net10.0\System.Net.Primitives.dll'.
         입력: 어셈블리 Reference 파일: 'C:\Program Files\dotnet\packs\Microsoft.NETCore.App.Ref\10.0.0\ref\net10.0\System.Net.Quic.dll'.
         입력: 어셈블리 Reference 파일: 'C:\Program Files\dotnet\packs\Microsoft.NETCore.App.Ref\10.0.0\ref\net10.0\System.Net.Requests.dll'.
         입력: 어셈블리 Reference 파일: 'C:\Program Files\dotnet\packs\Microsoft.NETCore.App.Ref\10.0.0\ref\net10.0\System.Net.Security.dll'.
         입력: 어셈블리 Reference 파일: 'C:\Program Files\dotnet\packs\Microsoft.NETCore.App.Ref\10.0.0\ref\net10.0\System.Net.ServerSentEvents.dll'.
         입력: 어셈블리 Reference 파일: 'C:\Program Files\dotnet\packs\Microsoft.NETCore.App.Ref\10.0.0\ref\net10.0\System.Net.ServicePoint.dll'.
         입력: 어셈블리 Reference 파일: 'C:\Program Files\dotnet\packs\Microsoft.NETCore.App.Ref\10.0.0\ref\net10.0\System.Net.Sockets.dll'.
         입력: 어셈블리 Reference 파일: 'C:\Program Files\dotnet\packs\Microsoft.NETCore.App.Ref\10.0.0\ref\net10.0\System.Net.WebClient.dll'.
         입력: 어셈블리 Reference 파일: 'C:\Program Files\dotnet\packs\Microsoft.NETCore.App.Ref\10.0.0\ref\net10.0\System.Net.WebHeaderCollection.dll'.
         입력: 어셈블리 Reference 파일: 'C:\Program Files\dotnet\packs\Microsoft.NETCore.App.Ref\10.0.0\ref\net10.0\System.Net.WebProxy.dll'.
         입력: 어셈블리 Reference 파일: 'C:\Program Files\dotnet\packs\Microsoft.NETCore.App.Ref\10.0.0\ref\net10.0\System.Net.WebSockets.Client.dll'.
         입력: 어셈블리 Reference 파일: 'C:\Program Files\dotnet\packs\Microsoft.NETCore.App.Ref\10.0.0\ref\net10.0\System.Net.WebSockets.dll'.
         입력: 어셈블리 Reference 파일: 'C:\Program Files\dotnet\packs\Microsoft.NETCore.App.Ref\10.0.0\ref\net10.0\System.Numerics.dll'.
         입력: 어셈블리 Reference 파일: 'C:\Program Files\dotnet\packs\Microsoft.NETCore.App.Ref\10.0.0\ref\net10.0\System.Numerics.Vectors.dll'.
         입력: 어셈블리 Reference 파일: 'C:\Program Files\dotnet\packs\Microsoft.NETCore.App.Ref\10.0.0\ref\net10.0\System.ObjectModel.dll'.
         입력: 어셈블리 Reference 파일: 'C:\Program Files\dotnet\packs\Microsoft.WindowsDesktop.App.Ref\10.0.0\ref\net10.0\System.Printing.dll'.
         입력: 어셈블리 Reference 파일: 'C:\Program Files\dotnet\packs\Microsoft.WindowsDesktop.App.Ref\10.0.0\ref\net10.0\System.Private.Windows.Core.dll'.
         입력: 어셈블리 Reference 파일: 'C:\Program Files\dotnet\packs\Microsoft.NETCore.App.Ref\10.0.0\ref\net10.0\System.Reflection.DispatchProxy.dll'.
         입력: 어셈블리 Reference 파일: 'C:\Program Files\dotnet\packs\Microsoft.NETCore.App.Ref\10.0.0\ref\net10.0\System.Reflection.dll'.
         입력: 어셈블리 Reference 파일: 'C:\Program Files\dotnet\packs\Microsoft.NETCore.App.Ref\10.0.0\ref\net10.0\System.Reflection.Emit.dll'.
         입력: 어셈블리 Reference 파일: 'C:\Program Files\dotnet\packs\Microsoft.NETCore.App.Ref\10.0.0\ref\net10.0\System.Reflection.Emit.ILGeneration.dll'.
         입력: 어셈블리 Reference 파일: 'C:\Program Files\dotnet\packs\Microsoft.NETCore.App.Ref\10.0.0\ref\net10.0\System.Reflection.Emit.Lightweight.dll'.
         입력: 어셈블리 Reference 파일: 'C:\Program Files\dotnet\packs\Microsoft.NETCore.App.Ref\10.0.0\ref\net10.0\System.Reflection.Extensions.dll'.
         입력: 어셈블리 Reference 파일: 'C:\Program Files\dotnet\packs\Microsoft.NETCore.App.Ref\10.0.0\ref\net10.0\System.Reflection.Metadata.dll'.
         입력: 어셈블리 Reference 파일: 'C:\Program Files\dotnet\packs\Microsoft.NETCore.App.Ref\10.0.0\ref\net10.0\System.Reflection.Primitives.dll'.
         입력: 어셈블리 Reference 파일: 'C:\Program Files\dotnet\packs\Microsoft.NETCore.App.Ref\10.0.0\ref\net10.0\System.Reflection.TypeExtensions.dll'.
         입력: 어셈블리 Reference 파일: 'C:\Program Files\dotnet\packs\Microsoft.WindowsDesktop.App.Ref\10.0.0\ref\net10.0\System.Resources.Extensions.dll'.
         입력: 어셈블리 Reference 파일: 'C:\Program Files\dotnet\packs\Microsoft.NETCore.App.Ref\10.0.0\ref\net10.0\System.Resources.Reader.dll'.
         입력: 어셈블리 Reference 파일: 'C:\Program Files\dotnet\packs\Microsoft.NETCore.App.Ref\10.0.0\ref\net10.0\System.Resources.ResourceManager.dll'.
         입력: 어셈블리 Reference 파일: 'C:\Program Files\dotnet\packs\Microsoft.NETCore.App.Ref\10.0.0\ref\net10.0\System.Resources.Writer.dll'.
         입력: 어셈블리 Reference 파일: 'C:\Program Files\dotnet\packs\Microsoft.NETCore.App.Ref\10.0.0\ref\net10.0\System.Runtime.CompilerServices.Unsafe.dll'.
         입력: 어셈블리 Reference 파일: 'C:\Program Files\dotnet\packs\Microsoft.NETCore.App.Ref\10.0.0\ref\net10.0\System.Runtime.CompilerServices.VisualC.dll'.
         입력: 어셈블리 Reference 파일: 'C:\Program Files\dotnet\packs\Microsoft.NETCore.App.Ref\10.0.0\ref\net10.0\System.Runtime.dll'.
         입력: 어셈블리 Reference 파일: 'C:\Program Files\dotnet\packs\Microsoft.NETCore.App.Ref\10.0.0\ref\net10.0\System.Runtime.Extensions.dll'.
         입력: 어셈블리 Reference 파일: 'C:\Program Files\dotnet\packs\Microsoft.NETCore.App.Ref\10.0.0\ref\net10.0\System.Runtime.Handles.dll'.
         입력: 어셈블리 Reference 파일: 'C:\Program Files\dotnet\packs\Microsoft.NETCore.App.Ref\10.0.0\ref\net10.0\System.Runtime.InteropServices.dll'.
         입력: 어셈블리 Reference 파일: 'C:\Program Files\dotnet\packs\Microsoft.NETCore.App.Ref\10.0.0\ref\net10.0\System.Runtime.InteropServices.JavaScript.dll'.
         입력: 어셈블리 Reference 파일: 'C:\Program Files\dotnet\packs\Microsoft.NETCore.App.Ref\10.0.0\ref\net10.0\System.Runtime.InteropServices.RuntimeInformation.dll'.
         입력: 어셈블리 Reference 파일: 'C:\Program Files\dotnet\packs\Microsoft.NETCore.App.Ref\10.0.0\ref\net10.0\System.Runtime.Intrinsics.dll'.
         입력: 어셈블리 Reference 파일: 'C:\Program Files\dotnet\packs\Microsoft.NETCore.App.Ref\10.0.0\ref\net10.0\System.Runtime.Loader.dll'.
         입력: 어셈블리 Reference 파일: 'C:\Program Files\dotnet\packs\Microsoft.NETCore.App.Ref\10.0.0\ref\net10.0\System.Runtime.Numerics.dll'.
         입력: 어셈블리 Reference 파일: 'C:\Program Files\dotnet\packs\Microsoft.NETCore.App.Ref\10.0.0\ref\net10.0\System.Runtime.Serialization.dll'.
         입력: 어셈블리 Reference 파일: 'C:\Program Files\dotnet\packs\Microsoft.NETCore.App.Ref\10.0.0\ref\net10.0\System.Runtime.Serialization.Formatters.dll'.
         입력: 어셈블리 Reference 파일: 'C:\Program Files\dotnet\packs\Microsoft.NETCore.App.Ref\10.0.0\ref\net10.0\System.Runtime.Serialization.Json.dll'.
         입력: 어셈블리 Reference 파일: 'C:\Program Files\dotnet\packs\Microsoft.NETCore.App.Ref\10.0.0\ref\net10.0\System.Runtime.Serialization.Primitives.dll'.
         입력: 어셈블리 Reference 파일: 'C:\Program Files\dotnet\packs\Microsoft.NETCore.App.Ref\10.0.0\ref\net10.0\System.Runtime.Serialization.Xml.dll'.
         입력: 어셈블리 Reference 파일: 'C:\Program Files\dotnet\packs\Microsoft.NETCore.App.Ref\10.0.0\ref\net10.0\System.Security.AccessControl.dll'.
         입력: 어셈블리 Reference 파일: 'C:\Program Files\dotnet\packs\Microsoft.NETCore.App.Ref\10.0.0\ref\net10.0\System.Security.Claims.dll'.
         입력: 어셈블리 Reference 파일: 'C:\Program Files\dotnet\packs\Microsoft.NETCore.App.Ref\10.0.0\ref\net10.0\System.Security.Cryptography.Algorithms.dll'.
         입력: 어셈블리 Reference 파일: 'C:\Program Files\dotnet\packs\Microsoft.NETCore.App.Ref\10.0.0\ref\net10.0\System.Security.Cryptography.Cng.dll'.
         입력: 어셈블리 Reference 파일: 'C:\Program Files\dotnet\packs\Microsoft.NETCore.App.Ref\10.0.0\ref\net10.0\System.Security.Cryptography.Csp.dll'.
         입력: 어셈블리 Reference 파일: 'C:\Program Files\dotnet\packs\Microsoft.NETCore.App.Ref\10.0.0\ref\net10.0\System.Security.Cryptography.dll'.
         입력: 어셈블리 Reference 파일: 'C:\Program Files\dotnet\packs\Microsoft.NETCore.App.Ref\10.0.0\ref\net10.0\System.Security.Cryptography.Encoding.dll'.
         입력: 어셈블리 Reference 파일: 'C:\Program Files\dotnet\packs\Microsoft.NETCore.App.Ref\10.0.0\ref\net10.0\System.Security.Cryptography.OpenSsl.dll'.
         입력: 어셈블리 Reference 파일: 'C:\Program Files\dotnet\packs\Microsoft.WindowsDesktop.App.Ref\10.0.0\ref\net10.0\System.Security.Cryptography.Pkcs.dll'.
         입력: 어셈블리 Reference 파일: 'C:\Program Files\dotnet\packs\Microsoft.NETCore.App.Ref\10.0.0\ref\net10.0\System.Security.Cryptography.Primitives.dll'.
         입력: 어셈블리 Reference 파일: 'C:\Program Files\dotnet\packs\Microsoft.WindowsDesktop.App.Ref\10.0.0\ref\net10.0\System.Security.Cryptography.ProtectedData.dll'.
         입력: 어셈블리 Reference 파일: 'C:\Program Files\dotnet\packs\Microsoft.NETCore.App.Ref\10.0.0\ref\net10.0\System.Security.Cryptography.X509Certificates.dll'.
         입력: 어셈블리 Reference 파일: 'C:\Program Files\dotnet\packs\Microsoft.WindowsDesktop.App.Ref\10.0.0\ref\net10.0\System.Security.Cryptography.Xml.dll'.
         입력: 어셈블리 Reference 파일: 'C:\Program Files\dotnet\packs\Microsoft.NETCore.App.Ref\10.0.0\ref\net10.0\System.Security.dll'.
         입력: 어셈블리 Reference 파일: 'C:\Program Files\dotnet\packs\Microsoft.WindowsDesktop.App.Ref\10.0.0\ref\net10.0\System.Security.Permissions.dll'.
         입력: 어셈블리 Reference 파일: 'C:\Program Files\dotnet\packs\Microsoft.NETCore.App.Ref\10.0.0\ref\net10.0\System.Security.Principal.dll'.
         입력: 어셈블리 Reference 파일: 'C:\Program Files\dotnet\packs\Microsoft.NETCore.App.Ref\10.0.0\ref\net10.0\System.Security.Principal.Windows.dll'.
         입력: 어셈블리 Reference 파일: 'C:\Program Files\dotnet\packs\Microsoft.NETCore.App.Ref\10.0.0\ref\net10.0\System.Security.SecureString.dll'.
         입력: 어셈블리 Reference 파일: 'C:\Program Files\dotnet\packs\Microsoft.NETCore.App.Ref\10.0.0\ref\net10.0\System.ServiceModel.Web.dll'.
         입력: 어셈블리 Reference 파일: 'C:\Program Files\dotnet\packs\Microsoft.NETCore.App.Ref\10.0.0\ref\net10.0\System.ServiceProcess.dll'.
         입력: 어셈블리 Reference 파일: 'C:\Program Files\dotnet\packs\Microsoft.NETCore.App.Ref\10.0.0\ref\net10.0\System.Text.Encoding.CodePages.dll'.
         입력: 어셈블리 Reference 파일: 'C:\Program Files\dotnet\packs\Microsoft.NETCore.App.Ref\10.0.0\ref\net10.0\System.Text.Encoding.dll'.
         입력: 어셈블리 Reference 파일: 'C:\Program Files\dotnet\packs\Microsoft.NETCore.App.Ref\10.0.0\ref\net10.0\System.Text.Encoding.Extensions.dll'.
         입력: 어셈블리 Reference 파일: 'C:\Program Files\dotnet\packs\Microsoft.NETCore.App.Ref\10.0.0\ref\net10.0\System.Text.Encodings.Web.dll'.
         입력: 어셈블리 Reference 파일: 'C:\Program Files\dotnet\packs\Microsoft.NETCore.App.Ref\10.0.0\ref\net10.0\System.Text.Json.dll'.
         입력: 어셈블리 Reference 파일: 'C:\Program Files\dotnet\packs\Microsoft.NETCore.App.Ref\10.0.0\ref\net10.0\System.Text.RegularExpressions.dll'.
         입력: 어셈블리 Reference 파일: 'C:\Program Files\dotnet\packs\Microsoft.NETCore.App.Ref\10.0.0\ref\net10.0\System.Threading.AccessControl.dll'.
         입력: 어셈블리 Reference 파일: 'C:\Program Files\dotnet\packs\Microsoft.NETCore.App.Ref\10.0.0\ref\net10.0\System.Threading.Channels.dll'.
         입력: 어셈블리 Reference 파일: 'C:\Program Files\dotnet\packs\Microsoft.NETCore.App.Ref\10.0.0\ref\net10.0\System.Threading.dll'.
         입력: 어셈블리 Reference 파일: 'C:\Program Files\dotnet\packs\Microsoft.NETCore.App.Ref\10.0.0\ref\net10.0\System.Threading.Overlapped.dll'.
         입력: 어셈블리 Reference 파일: 'C:\Program Files\dotnet\packs\Microsoft.NETCore.App.Ref\10.0.0\ref\net10.0\System.Threading.Tasks.Dataflow.dll'.
         입력: 어셈블리 Reference 파일: 'C:\Program Files\dotnet\packs\Microsoft.NETCore.App.Ref\10.0.0\ref\net10.0\System.Threading.Tasks.dll'.
         입력: 어셈블리 Reference 파일: 'C:\Program Files\dotnet\packs\Microsoft.NETCore.App.Ref\10.0.0\ref\net10.0\System.Threading.Tasks.Extensions.dll'.
         입력: 어셈블리 Reference 파일: 'C:\Program Files\dotnet\packs\Microsoft.NETCore.App.Ref\10.0.0\ref\net10.0\System.Threading.Tasks.Parallel.dll'.
         입력: 어셈블리 Reference 파일: 'C:\Program Files\dotnet\packs\Microsoft.NETCore.App.Ref\10.0.0\ref\net10.0\System.Threading.Thread.dll'.
         입력: 어셈블리 Reference 파일: 'C:\Program Files\dotnet\packs\Microsoft.NETCore.App.Ref\10.0.0\ref\net10.0\System.Threading.ThreadPool.dll'.
         입력: 어셈블리 Reference 파일: 'C:\Program Files\dotnet\packs\Microsoft.NETCore.App.Ref\10.0.0\ref\net10.0\System.Threading.Timer.dll'.
         입력: 어셈블리 Reference 파일: 'C:\Program Files\dotnet\packs\Microsoft.NETCore.App.Ref\10.0.0\ref\net10.0\System.Transactions.dll'.
         입력: 어셈블리 Reference 파일: 'C:\Program Files\dotnet\packs\Microsoft.NETCore.App.Ref\10.0.0\ref\net10.0\System.Transactions.Local.dll'.
         입력: 어셈블리 Reference 파일: 'C:\Program Files\dotnet\packs\Microsoft.NETCore.App.Ref\10.0.0\ref\net10.0\System.ValueTuple.dll'.
         입력: 어셈블리 Reference 파일: 'C:\Program Files\dotnet\packs\Microsoft.NETCore.App.Ref\10.0.0\ref\net10.0\System.Web.dll'.
         입력: 어셈블리 Reference 파일: 'C:\Program Files\dotnet\packs\Microsoft.NETCore.App.Ref\10.0.0\ref\net10.0\System.Web.HttpUtility.dll'.
         입력: 어셈블리 Reference 파일: 'C:\Program Files\dotnet\packs\Microsoft.WindowsDesktop.App.Ref\10.0.0\ref\net10.0\System.Windows.Controls.Ribbon.dll'.
         입력: 어셈블리 Reference 파일: 'C:\Program Files\dotnet\packs\Microsoft.NETCore.App.Ref\10.0.0\ref\net10.0\System.Windows.dll'.
         입력: 어셈블리 Reference 파일: 'C:\Program Files\dotnet\packs\Microsoft.WindowsDesktop.App.Ref\10.0.0\ref\net10.0\System.Windows.Extensions.dll'.
         입력: 어셈블리 Reference 파일: 'C:\Program Files\dotnet\packs\Microsoft.WindowsDesktop.App.Ref\10.0.0\ref\net10.0\System.Windows.Input.Manipulations.dll'.
         입력: 어셈블리 Reference 파일: 'C:\Program Files\dotnet\packs\Microsoft.WindowsDesktop.App.Ref\10.0.0\ref\net10.0\System.Windows.Presentation.dll'.
         입력: 어셈블리 Reference 파일: 'C:\Program Files\dotnet\packs\Microsoft.WindowsDesktop.App.Ref\10.0.0\ref\net10.0\System.Windows.Primitives.dll'.
         입력: 어셈블리 Reference 파일: 'C:\Program Files\dotnet\packs\Microsoft.WindowsDesktop.App.Ref\10.0.0\ref\net10.0\System.Xaml.dll'.
         입력: 어셈블리 Reference 파일: 'C:\Program Files\dotnet\packs\Microsoft.NETCore.App.Ref\10.0.0\ref\net10.0\System.Xml.dll'.
         입력: 어셈블리 Reference 파일: 'C:\Program Files\dotnet\packs\Microsoft.NETCore.App.Ref\10.0.0\ref\net10.0\System.Xml.Linq.dll'.
         입력: 어셈블리 Reference 파일: 'C:\Program Files\dotnet\packs\Microsoft.NETCore.App.Ref\10.0.0\ref\net10.0\System.Xml.ReaderWriter.dll'.
         입력: 어셈블리 Reference 파일: 'C:\Program Files\dotnet\packs\Microsoft.NETCore.App.Ref\10.0.0\ref\net10.0\System.Xml.Serialization.dll'.
         입력: 어셈블리 Reference 파일: 'C:\Program Files\dotnet\packs\Microsoft.NETCore.App.Ref\10.0.0\ref\net10.0\System.Xml.XDocument.dll'.
         입력: 어셈블리 Reference 파일: 'C:\Program Files\dotnet\packs\Microsoft.NETCore.App.Ref\10.0.0\ref\net10.0\System.Xml.XmlDocument.dll'.
         입력: 어셈블리 Reference 파일: 'C:\Program Files\dotnet\packs\Microsoft.NETCore.App.Ref\10.0.0\ref\net10.0\System.Xml.XmlSerializer.dll'.
         입력: 어셈블리 Reference 파일: 'C:\Program Files\dotnet\packs\Microsoft.NETCore.App.Ref\10.0.0\ref\net10.0\System.Xml.XPath.dll'.
         입력: 어셈블리 Reference 파일: 'C:\Program Files\dotnet\packs\Microsoft.NETCore.App.Ref\10.0.0\ref\net10.0\System.Xml.XPath.XDocument.dll'.
         입력: 어셈블리 Reference 파일: 'C:\Program Files\dotnet\packs\Microsoft.WindowsDesktop.App.Ref\10.0.0\ref\net10.0\UIAutomationClient.dll'.
         입력: 어셈블리 Reference 파일: 'C:\Program Files\dotnet\packs\Microsoft.WindowsDesktop.App.Ref\10.0.0\ref\net10.0\UIAutomationClientSideProviders.dll'.
         입력: 어셈블리 Reference 파일: 'C:\Program Files\dotnet\packs\Microsoft.WindowsDesktop.App.Ref\10.0.0\ref\net10.0\UIAutomationProvider.dll'.
         입력: 어셈블리 Reference 파일: 'C:\Program Files\dotnet\packs\Microsoft.WindowsDesktop.App.Ref\10.0.0\ref\net10.0\UIAutomationTypes.dll'.
         입력: 어셈블리 Reference 파일: 'C:\Program Files\dotnet\packs\Microsoft.WindowsDesktop.App.Ref\10.0.0\ref\net10.0\WindowsBase.dll'.
         'c:\WORK\SRC\Railml_editor\RailmlEditor\' 디렉터리의 새로운 상대 경로 'MainWindow.xaml'에 'c:\WORK\SRC\Railml_editor\RailmlEditor\MainWindow.xaml' 입력 파일이 없습니다.
         코드 파일 'c:\WORK\SRC\Railml_editor\RailmlEditor\obj\Debug\net10.0-windows\MainWindow.g.cs'이(가) 생성되었습니다.
         코드 파일 'c:\WORK\SRC\Railml_editor\RailmlEditor\obj\Debug\net10.0-windows\App.g.cs'이(가) 생성되었습니다.
         마크업 컴파일이 완료되었습니다.
         MarkupCompilePass1에서 BAML 또는 소스 코드 파일을 생성했습니다.
       C:\Program Files\dotnet\sdk\10.0.100\Sdks\Microsoft.NET.Sdk.WindowsDesktop\targets\Microsoft.WinFX.targets(242,15): message : 속성 재할당: $(_RequireMCPass2ForMainAssembly)=C:\Program Files\dotnet\sdk\10.0.100\Sdks\Microsoft.NET.Sdk.WindowsDesktop\targets\Microsoft.WinFX.targets (242,15)의 "True"(이전 값: "false") [c:\WORK\SRC\Railml_editor\RailmlEditor\RailmlEditor.csproj]
       C:\Program Files\dotnet\sdk\10.0.100\Sdks\Microsoft.NET.Sdk.WindowsDesktop\targets\Microsoft.WinFX.targets(243,15): message : 속성 재할당: $(_RequireMCPass2ForSatelliteAssemblyOnly)=C:\Program Files\dotnet\sdk\10.0.100\Sdks\Microsoft.NET.Sdk.WindowsDesktop\targets\Microsoft.WinFX.targets (243,15)의 "False"(이전 값: "false") [c:\WORK\SRC\Railml_editor\RailmlEditor\RailmlEditor.csproj]
       "MarkupCompilePass1" 작업을 실행했습니다.
   2:6>"RailmlEditor.csproj" 프로젝트에 "MarkupCompilePass1" 대상을 빌드했습니다.
   2:6>"c:\WORK\SRC\Railml_editor\RailmlEditor\RailmlEditor.csproj" 프로젝트의 "C:\Program Files\dotnet\sdk\10.0.100\Sdks\Microsoft.NET.Sdk.WindowsDesktop\targets\Microsoft.WinFX.targets" 파일에 있는 "AfterMarkupCompilePass1" 대상("PrepareResources" 대상이 종속됨):
   2:6>"RailmlEditor.csproj" 프로젝트에 "AfterMarkupCompilePass1" 대상을 빌드했습니다.
   2:6>"c:\WORK\SRC\Railml_editor\RailmlEditor\RailmlEditor.csproj" 프로젝트의 "C:\Program Files\dotnet\sdk\10.0.100\Sdks\Microsoft.NET.Sdk.WindowsDesktop\targets\Microsoft.WinFX.targets" 파일에 있는 "GenerateTemporaryTargetAssembly" 대상("MarkupCompilePass2ForMainAssembly" 대상이 종속됨):
       "Microsoft.Build.Tasks.Core, Version=15.1.0.0, Culture=neutral, PublicKeyToken=b03f5f7f11d50a3a" 어셈블리에서 "Copy" 작업을 사용합니다.
       "Copy" 작업
         "c:\WORK\SRC\Railml_editor\RailmlEditor\obj\RailmlEditor.csproj.nuget.dgspec.json"에서 "c:\WORK\SRC\Railml_editor\RailmlEditor\obj\RailmlEditor_o34edsgn_wpftmp.csproj.nuget.dgspec.json"(으)로 파일을 복사하고 있습니다.
         "c:\WORK\SRC\Railml_editor\RailmlEditor\obj\RailmlEditor.csproj.nuget.g.targets"에서 "c:\WORK\SRC\Railml_editor\RailmlEditor\obj\RailmlEditor_o34edsgn_wpftmp.csproj.nuget.g.targets"(으)로 파일을 복사하고 있습니다.
         "c:\WORK\SRC\Railml_editor\RailmlEditor\obj\RailmlEditor.csproj.nuget.g.props"에서 "c:\WORK\SRC\Railml_editor\RailmlEditor\obj\RailmlEditor_o34edsgn_wpftmp.csproj.nuget.g.props"(으)로 파일을 복사하고 있습니다.
       "Copy" 작업을 실행했습니다.
       "C:\Program Files\dotnet\sdk\10.0.100\Sdks\Microsoft.NET.Sdk.WindowsDesktop\tools\net10.0\PresentationBuildTasks.dll" 어셈블리에서 "GenerateTemporaryTargetAssembly" 작업을 사용합니다.
       "GenerateTemporaryTargetAssembly" 작업
     0>C:\Program Files\dotnet\sdk\10.0.100\Sdks\Microsoft.NET.Sdk\Sdk\Sdk.props(49,11): message : 환경에서 값이 'MSBuildExtensionsPath'인 속성 'C:\Program Files\dotnet\sdk\10.0.100\'이(가) 확장되었습니다.
       c:\WORK\SRC\Railml_editor\RailmlEditor\obj\RailmlEditor_o34edsgn_wpftmp.csproj.nuget.g.props(7,5): message : 환경에서 값이 'USERPROFILE'인 속성 'C:\Users\user'이(가) 확장되었습니다.
       C:\Program Files\dotnet\sdk\10.0.100\Current\Microsoft.Common.props(84,119): message : 환경에서 값이 'MSBuildUserExtensionsPath'인 속성 'C:\Users\user\AppData\Local\Microsoft\MSBuild'이(가) 확장되었습니다.
       "Configuration" 속성은 전역 속성이므로 수정할 수 없습니다.
       "Platform" 속성은 전역 속성이므로 수정할 수 없습니다.
       "Configuration" 속성은 전역 속성이므로 수정할 수 없습니다.
       "Platform" 속성은 전역 속성이므로 수정할 수 없습니다.
       C:\Program Files\dotnet\sdk\10.0.100\Sdks\Microsoft.NET.Sdk\targets\Microsoft.NET.Sdk.props(90,5): message : 속성 재할당: $(AssemblySearchPaths)=C:\Program Files\dotnet\sdk\10.0.100\Sdks\Microsoft.NET.Sdk\targets\Microsoft.NET.Sdk.props (90,5)의 "{CandidateAssemblyFiles};{HintPathFromItem}"(이전 값: "{CandidateAssemblyFiles}")
       C:\Program Files\dotnet\sdk\10.0.100\Sdks\Microsoft.NET.Sdk\targets\Microsoft.NET.Sdk.props(91,5): message : 속성 재할당: $(AssemblySearchPaths)=C:\Program Files\dotnet\sdk\10.0.100\Sdks\Microsoft.NET.Sdk\targets\Microsoft.NET.Sdk.props (91,5)의 "{CandidateAssemblyFiles};{HintPathFromItem};{TargetFrameworkDirectory}"(이전 값: "{CandidateAssemblyFiles};{HintPathFromItem}")
       C:\Program Files\dotnet\sdk\10.0.100\Sdks\Microsoft.NET.Sdk\targets\Microsoft.NET.Sdk.props(92,5): message : 속성 재할당: $(AssemblySearchPaths)=C:\Program Files\dotnet\sdk\10.0.100\Sdks\Microsoft.NET.Sdk\targets\Microsoft.NET.Sdk.props (92,5)의 "{CandidateAssemblyFiles};{HintPathFromItem};{TargetFrameworkDirectory};{RawFileName}"(이전 값: "{CandidateAssemblyFiles};{HintPathFromItem};{TargetFrameworkDirectory}")
       c:\WORK\SRC\Railml_editor\RailmlEditor\RailmlEditor_o34edsgn_wpftmp.csproj(12,5): message : 속성 재할당: $(OutputType)=c:\WORK\SRC\Railml_editor\RailmlEditor\RailmlEditor_o34edsgn_wpftmp.csproj (12,5)의 "WinExe"(이전 값: "Library")
       "Configuration" 속성은 전역 속성이므로 수정할 수 없습니다.
       "Platform" 속성은 전역 속성이므로 수정할 수 없습니다.
       C:\Program Files\dotnet\sdk\10.0.100\Sdks\Microsoft.NET.Sdk\targets\Microsoft.NET.Sdk.ImportPublishProfile.targets(28,5): message : 속성 재할당: $(PublishProfileImported)=C:\Program Files\dotnet\sdk\10.0.100\Sdks\Microsoft.NET.Sdk\targets\Microsoft.NET.Sdk.ImportPublishProfile.targets (28,5)의 "false"(이전 값: "true")
       C:\Program Files\dotnet\sdk\10.0.100\Sdks\Microsoft.NET.Sdk\targets\Microsoft.NET.TargetFrameworkInference.targets(80,5): message : 속성 재할당: $(TargetPlatformVersion)=C:\Program Files\dotnet\sdk\10.0.100\Sdks\Microsoft.NET.Sdk\targets\Microsoft.NET.TargetFrameworkInference.targets (80,5)의 "0.0"(이전 값: "0.0.0.0")
       C:\Program Files\dotnet\sdk\10.0.100\Sdks\Microsoft.NET.Sdk\targets\Microsoft.NET.TargetFrameworkInference.targets(81,5): message : 속성 재할당: $(TargetPlatformVersion)=C:\Program Files\dotnet\sdk\10.0.100\Sdks\Microsoft.NET.Sdk\targets\Microsoft.NET.TargetFrameworkInference.targets (81,5)의 ""(이전 값: "0.0")
       C:\Program Files\dotnet\sdk\10.0.100\Sdks\Microsoft.NET.Sdk\targets\Microsoft.NET.TargetFrameworkInference.targets(84,5): message : 속성 재할당: $(TargetPlatformIdentifier)=C:\Program Files\dotnet\sdk\10.0.100\Sdks\Microsoft.NET.Sdk\targets\Microsoft.NET.TargetFrameworkInference.targets (84,5)의 "Windows"(이전 값: "windows")
       C:\Program Files\dotnet\sdk\10.0.100\Sdks\Microsoft.NET.Sdk\targets\Microsoft.NET.DefaultOutputPaths.targets(127,5): message : 속성 재할당: $(DefaultItemExcludes)=C:\Program Files\dotnet\sdk\10.0.100\Sdks\Microsoft.NET.Sdk\targets\Microsoft.NET.DefaultOutputPaths.targets (127,5)의 ";bin\Debug\/**;obj\Debug\/**"(이전 값: ";bin\Debug\/**")
       C:\Program Files\dotnet\sdk\10.0.100\Sdks\Microsoft.NET.Sdk\targets\Microsoft.NET.DefaultOutputPaths.targets(142,5): message : 속성 재할당: $(OutputPath)=C:\Program Files\dotnet\sdk\10.0.100\Sdks\Microsoft.NET.Sdk\targets\Microsoft.NET.DefaultOutputPaths.targets (142,5)의 "bin\Debug\net10.0-windows\"(이전 값: "bin\Debug\")
       C:\Program Files\dotnet\sdk\10.0.100\Sdks\Microsoft.NET.Sdk\targets\Microsoft.NET.DefaultOutputPaths.targets(147,5): message : 속성 재할당: $(IntermediateOutputPath)=C:\Program Files\dotnet\sdk\10.0.100\Sdks\Microsoft.NET.Sdk\targets\Microsoft.NET.DefaultOutputPaths.targets (147,5)의 "obj\Debug\net10.0-windows\"(이전 값: "obj\Debug\")
       C:\Program Files\dotnet\sdk\10.0.100\Sdks\Microsoft.NET.Sdk\targets\Microsoft.NET.Sdk.BeforeCommon.targets(371,5): message : 속성 재할당: $(RoslynTargetsPath)=C:\Program Files\dotnet\sdk\10.0.100\Sdks\Microsoft.NET.Sdk\targets\Microsoft.NET.Sdk.BeforeCommon.targets (371,5)의 "C:\Program Files\dotnet\sdk\10.0.100\Sdks\Microsoft.NET.Sdk\targets\..\..\..\Roslyn"(이전 값: "C:\Program Files\dotnet\sdk\10.0.100\Roslyn")
       C:\Program Files\dotnet\sdk\10.0.100\Roslyn\Microsoft.Managed.Core.targets(6,5): message : 속성 재할당: $(_BuildTasksDirectory)=C:\Program Files\dotnet\sdk\10.0.100\Roslyn\Microsoft.Managed.Core.targets (6,5)의 "C:\Program Files\dotnet\sdk\10.0.100\Sdks\Microsoft.NET.Sdk\targets\..\..\..\Roslyn\"(이전 값: "C:\Program Files\dotnet\sdk\10.0.100\Roslyn\")
       C:\Program Files\dotnet\sdk\10.0.100\Roslyn\Microsoft.CSharp.Core.targets(200,5): message : 속성 재할당: $(CommandLineArgsForDesignTimeEvaluation)=C:\Program Files\dotnet\sdk\10.0.100\Roslyn\Microsoft.CSharp.Core.targets (200,5)의 "-langversion:14.0 -define:TRACE"(이전 값: "-langversion:14.0")
       "Platform" 속성은 전역 속성이므로 수정할 수 없습니다.
       "Configuration" 속성은 전역 속성이므로 수정할 수 없습니다.
       C:\Program Files\dotnet\sdk\10.0.100\Microsoft.Common.CurrentVersion.targets(175,5): message : 속성 재할당: $(_DebugSymbolsProduced)=C:\Program Files\dotnet\sdk\10.0.100\Microsoft.Common.CurrentVersion.targets (175,5)의 "true"(이전 값: "false")
       C:\Program Files\dotnet\sdk\10.0.100\Microsoft.Common.CurrentVersion.targets(185,5): message : 속성 재할당: $(_DocumentationFileProduced)=C:\Program Files\dotnet\sdk\10.0.100\Microsoft.Common.CurrentVersion.targets (185,5)의 "false"(이전 값: "true")
       "SolutionName" 속성은 전역 속성이므로 수정할 수 없습니다.
       "SolutionFileName" 속성은 전역 속성이므로 수정할 수 없습니다.
       "SolutionPath" 속성은 전역 속성이므로 수정할 수 없습니다.
       "SolutionDir" 속성은 전역 속성이므로 수정할 수 없습니다.
       "SolutionExt" 속성은 전역 속성이므로 수정할 수 없습니다.
       C:\Program Files\dotnet\sdk\10.0.100\Microsoft.Common.CurrentVersion.targets(392,5): message : 속성 재할당: $(MSBuildCopyMarkerName)=C:\Program Files\dotnet\sdk\10.0.100\Microsoft.Common.CurrentVersion.targets (392,5)의 "RailmlEd.A0DB3444"(이전 값: "RailmlEditor_o34edsgn_wpftmp.csproj")
       C:\Program Files\dotnet\sdk\10.0.100\Microsoft.Common.CurrentVersion.targets(393,5): message : 속성 재할당: $(MSBuildCopyMarkerName)=C:\Program Files\dotnet\sdk\10.0.100\Microsoft.Common.CurrentVersion.targets (393,5)의 "RailmlEd.A0DB3444.Up2Date"(이전 값: "RailmlEd.A0DB3444")
       C:\Program Files\dotnet\sdk\10.0.100\Microsoft.Common.CurrentVersion.targets(541,5): message : 속성 재할당: $(ProcessorArchitecture)=C:\Program Files\dotnet\sdk\10.0.100\Microsoft.Common.CurrentVersion.targets (541,5)의 "msil"(이전 값: "")
       C:\Program Files\dotnet\sdk\10.0.100\Microsoft.Common.CurrentVersion.targets(580,5): message : 속성 재할당: $(DelaySign)=C:\Program Files\dotnet\sdk\10.0.100\Microsoft.Common.CurrentVersion.targets (580,5)의 ""(이전 값: "false")
       C:\Program Files\dotnet\sdk\10.0.100\Microsoft.Common.CurrentVersion.targets(2606,5): message : 환경에서 값이 'LOCALAPPDATA'인 속성 'C:\Users\user\AppData\Local'이(가) 확장되었습니다.
       C:\Program Files\dotnet\sdk\10.0.100\Microsoft.Common.CurrentVersion.targets(3934,5): message : 속성 재할당: $(_SGenGenerateSerializationAssembliesConfig)=C:\Program Files\dotnet\sdk\10.0.100\Microsoft.Common.CurrentVersion.targets (3934,5)의 "Auto"(이전 값: "")
       C:\Program Files\dotnet\sdk\10.0.100\Microsoft.Common.CurrentVersion.targets(3935,5): message : 속성 재할당: $(_SGenGenerateSerializationAssembliesConfig)=C:\Program Files\dotnet\sdk\10.0.100\Microsoft.Common.CurrentVersion.targets (3935,5)의 "Off"(이전 값: "Auto")
       C:\Program Files\dotnet\sdk\10.0.100\Microsoft.Common.CurrentVersion.targets(5146,5): message : 속성 재할당: $(_TargetsThatPrepareProjectReferences)=C:\Program Files\dotnet\sdk\10.0.100\Microsoft.Common.CurrentVersion.targets (5146,5)의 "
       C:\Program Files\dotnet\sdk\10.0.100\Microsoft.Common.CurrentVersion.targets(5146,5): message :       AssignProjectConfiguration;
       C:\Program Files\dotnet\sdk\10.0.100\Microsoft.Common.CurrentVersion.targets(5146,5): message :       _SplitProjectReferencesByFileExistence
       C:\Program Files\dotnet\sdk\10.0.100\Microsoft.Common.CurrentVersion.targets(5146,5): message :     "(이전 값: "_SplitProjectReferencesByFileExistence")
       C:\Program Files\dotnet\sdk\10.0.100\Microsoft.Common.CurrentVersion.targets(6959,5): message : 환경에서 값이 'MSBuildExtensionsPath32'인 속성 'C:\Program Files\dotnet\sdk\10.0.100'이(가) 확장되었습니다.
       "NuGetInteractive" 속성은 전역 속성이므로 수정할 수 없습니다.
       C:\Program Files\dotnet\sdk\10.0.100\Sdks\Microsoft.NET.Sdk\targets\Microsoft.PackageDependencyResolution.targets(29,5): message : 속성 재할당: $(ProjectAssetsCacheFile)=C:\Program Files\dotnet\sdk\10.0.100\Sdks\Microsoft.NET.Sdk\targets\Microsoft.PackageDependencyResolution.targets (29,5)의 "c:\WORK\SRC\Railml_editor\RailmlEditor\obj\Debug\net10.0-windows\RailmlEditor_o34edsgn_wpftmp.assets.cache"(이전 값: "obj\Debug\net10.0-windows\RailmlEditor_o34edsgn_wpftmp.assets.cache")
       C:\Program Files\dotnet\sdk\10.0.100\Sdks\Microsoft.NET.Sdk\targets\Microsoft.PackageDependencyResolution.targets(80,5): message : 속성 재할당: $(ResolveAssemblyReferencesDependsOn)=C:\Program Files\dotnet\sdk\10.0.100\Sdks\Microsoft.NET.Sdk\targets\Microsoft.PackageDependencyResolution.targets (80,5)의 "
       C:\Program Files\dotnet\sdk\10.0.100\Sdks\Microsoft.NET.Sdk\targets\Microsoft.PackageDependencyResolution.targets(80,5): message :       
       C:\Program Files\dotnet\sdk\10.0.100\Sdks\Microsoft.NET.Sdk\targets\Microsoft.PackageDependencyResolution.targets(80,5): message :       ResolveProjectReferences;
       C:\Program Files\dotnet\sdk\10.0.100\Sdks\Microsoft.NET.Sdk\targets\Microsoft.PackageDependencyResolution.targets(80,5): message :       FindInvalidProjectReferences;
       C:\Program Files\dotnet\sdk\10.0.100\Sdks\Microsoft.NET.Sdk\targets\Microsoft.PackageDependencyResolution.targets(80,5): message :       GetFrameworkPaths;
       C:\Program Files\dotnet\sdk\10.0.100\Sdks\Microsoft.NET.Sdk\targets\Microsoft.PackageDependencyResolution.targets(80,5): message :       GetReferenceAssemblyPaths;
       C:\Program Files\dotnet\sdk\10.0.100\Sdks\Microsoft.NET.Sdk\targets\Microsoft.PackageDependencyResolution.targets(80,5): message :       PrepareForBuild;
       C:\Program Files\dotnet\sdk\10.0.100\Sdks\Microsoft.NET.Sdk\targets\Microsoft.PackageDependencyResolution.targets(80,5): message :       ResolveSDKReferences;
       C:\Program Files\dotnet\sdk\10.0.100\Sdks\Microsoft.NET.Sdk\targets\Microsoft.PackageDependencyResolution.targets(80,5): message :       ExpandSDKReferences;
       C:\Program Files\dotnet\sdk\10.0.100\Sdks\Microsoft.NET.Sdk\targets\Microsoft.PackageDependencyResolution.targets(80,5): message :     ;
       C:\Program Files\dotnet\sdk\10.0.100\Sdks\Microsoft.NET.Sdk\targets\Microsoft.PackageDependencyResolution.targets(80,5): message :       ResolvePackageDependenciesForBuild;
       C:\Program Files\dotnet\sdk\10.0.100\Sdks\Microsoft.NET.Sdk\targets\Microsoft.PackageDependencyResolution.targets(80,5): message :       _HandlePackageFileConflicts;
       C:\Program Files\dotnet\sdk\10.0.100\Sdks\Microsoft.NET.Sdk\targets\Microsoft.PackageDependencyResolution.targets(80,5): message :     "(이전 값: "
       C:\Program Files\dotnet\sdk\10.0.100\Sdks\Microsoft.NET.Sdk\targets\Microsoft.PackageDependencyResolution.targets(80,5): message :       ResolveProjectReferences;
       C:\Program Files\dotnet\sdk\10.0.100\Sdks\Microsoft.NET.Sdk\targets\Microsoft.PackageDependencyResolution.targets(80,5): message :       FindInvalidProjectReferences;
       C:\Program Files\dotnet\sdk\10.0.100\Sdks\Microsoft.NET.Sdk\targets\Microsoft.PackageDependencyResolution.targets(80,5): message :       GetFrameworkPaths;
       C:\Program Files\dotnet\sdk\10.0.100\Sdks\Microsoft.NET.Sdk\targets\Microsoft.PackageDependencyResolution.targets(80,5): message :       GetReferenceAssemblyPaths;
       C:\Program Files\dotnet\sdk\10.0.100\Sdks\Microsoft.NET.Sdk\targets\Microsoft.PackageDependencyResolution.targets(80,5): message :       PrepareForBuild;
       C:\Program Files\dotnet\sdk\10.0.100\Sdks\Microsoft.NET.Sdk\targets\Microsoft.PackageDependencyResolution.targets(80,5): message :       ResolveSDKReferences;
       C:\Program Files\dotnet\sdk\10.0.100\Sdks\Microsoft.NET.Sdk\targets\Microsoft.PackageDependencyResolution.targets(80,5): message :       ExpandSDKReferences;
       C:\Program Files\dotnet\sdk\10.0.100\Sdks\Microsoft.NET.Sdk\targets\Microsoft.PackageDependencyResolution.targets(80,5): message :     ")
       C:\Program Files\dotnet\sdk\10.0.100\Sdks\Microsoft.NET.Sdk\targets\Microsoft.PackageDependencyResolution.targets(86,5): message : 속성 재할당: $(PrepareResourcesDependsOn)=C:\Program Files\dotnet\sdk\10.0.100\Sdks\Microsoft.NET.Sdk\targets\Microsoft.PackageDependencyResolution.targets (86,5)의 "
       C:\Program Files\dotnet\sdk\10.0.100\Sdks\Microsoft.NET.Sdk\targets\Microsoft.PackageDependencyResolution.targets(86,5): message :       ResolvePackageDependenciesForBuild;
       C:\Program Files\dotnet\sdk\10.0.100\Sdks\Microsoft.NET.Sdk\targets\Microsoft.PackageDependencyResolution.targets(86,5): message :       _HandlePackageFileConflicts;
       C:\Program Files\dotnet\sdk\10.0.100\Sdks\Microsoft.NET.Sdk\targets\Microsoft.PackageDependencyResolution.targets(86,5): message :       
       C:\Program Files\dotnet\sdk\10.0.100\Sdks\Microsoft.NET.Sdk\targets\Microsoft.PackageDependencyResolution.targets(86,5): message :       ;
       C:\Program Files\dotnet\sdk\10.0.100\Sdks\Microsoft.NET.Sdk\targets\Microsoft.PackageDependencyResolution.targets(86,5): message :       PrepareResourceNames;
       C:\Program Files\dotnet\sdk\10.0.100\Sdks\Microsoft.NET.Sdk\targets\Microsoft.PackageDependencyResolution.targets(86,5): message :       ResGen;
       C:\Program Files\dotnet\sdk\10.0.100\Sdks\Microsoft.NET.Sdk\targets\Microsoft.PackageDependencyResolution.targets(86,5): message :       CompileLicxFiles
       C:\Program Files\dotnet\sdk\10.0.100\Sdks\Microsoft.NET.Sdk\targets\Microsoft.PackageDependencyResolution.targets(86,5): message :     
       C:\Program Files\dotnet\sdk\10.0.100\Sdks\Microsoft.NET.Sdk\targets\Microsoft.PackageDependencyResolution.targets(86,5): message :     "(이전 값: "
       C:\Program Files\dotnet\sdk\10.0.100\Sdks\Microsoft.NET.Sdk\targets\Microsoft.PackageDependencyResolution.targets(86,5): message :       ;
       C:\Program Files\dotnet\sdk\10.0.100\Sdks\Microsoft.NET.Sdk\targets\Microsoft.PackageDependencyResolution.targets(86,5): message :       PrepareResourceNames;
       C:\Program Files\dotnet\sdk\10.0.100\Sdks\Microsoft.NET.Sdk\targets\Microsoft.PackageDependencyResolution.targets(86,5): message :       ResGen;
       C:\Program Files\dotnet\sdk\10.0.100\Sdks\Microsoft.NET.Sdk\targets\Microsoft.PackageDependencyResolution.targets(86,5): message :       CompileLicxFiles
       C:\Program Files\dotnet\sdk\10.0.100\Sdks\Microsoft.NET.Sdk\targets\Microsoft.PackageDependencyResolution.targets(86,5): message :     ")
       C:\Program Files\dotnet\sdk\10.0.100\Sdks\Microsoft.NET.Sdk\targets\Microsoft.NET.Sdk.DefaultItems.targets(35,5): message : 속성 재할당: $(DefaultItemExcludes)=C:\Program Files\dotnet\sdk\10.0.100\Sdks\Microsoft.NET.Sdk\targets\Microsoft.NET.Sdk.DefaultItems.targets (35,5)의 ";bin\Debug\/**;obj\Debug\/**;bin\/**"(이전 값: ";bin\Debug\/**;obj\Debug\/**")
       C:\Program Files\dotnet\sdk\10.0.100\Sdks\Microsoft.NET.Sdk\targets\Microsoft.NET.Sdk.DefaultItems.targets(37,5): message : 속성 재할당: $(DefaultItemExcludes)=C:\Program Files\dotnet\sdk\10.0.100\Sdks\Microsoft.NET.Sdk\targets\Microsoft.NET.Sdk.DefaultItems.targets (37,5)의 ";bin\Debug\/**;obj\Debug\/**;bin\/**;obj\/**"(이전 값: ";bin\Debug\/**;obj\Debug\/**;bin\/**")
       C:\Program Files\dotnet\sdk\10.0.100\Sdks\Microsoft.NET.Sdk\targets\Microsoft.NET.Sdk.DefaultItems.targets(40,5): message : 속성 재할당: $(DefaultItemExcludes)=C:\Program Files\dotnet\sdk\10.0.100\Sdks\Microsoft.NET.Sdk\targets\Microsoft.NET.Sdk.DefaultItems.targets (40,5)의 ";bin\Debug\/**;obj\Debug\/**;bin\/**;obj\/**;**/*.user"(이전 값: ";bin\Debug\/**;obj\Debug\/**;bin\/**;obj\/**")
       C:\Program Files\dotnet\sdk\10.0.100\Sdks\Microsoft.NET.Sdk\targets\Microsoft.NET.Sdk.DefaultItems.targets(41,5): message : 속성 재할당: $(DefaultItemExcludes)=C:\Program Files\dotnet\sdk\10.0.100\Sdks\Microsoft.NET.Sdk\targets\Microsoft.NET.Sdk.DefaultItems.targets (41,5)의 ";bin\Debug\/**;obj\Debug\/**;bin\/**;obj\/**;**/*.user;**/*.*proj"(이전 값: ";bin\Debug\/**;obj\Debug\/**;bin\/**;obj\/**;**/*.user")
       C:\Program Files\dotnet\sdk\10.0.100\Sdks\Microsoft.NET.Sdk\targets\Microsoft.NET.Sdk.DefaultItems.targets(42,5): message : 속성 재할당: $(DefaultItemExcludes)=C:\Program Files\dotnet\sdk\10.0.100\Sdks\Microsoft.NET.Sdk\targets\Microsoft.NET.Sdk.DefaultItems.targets (42,5)의 ";bin\Debug\/**;obj\Debug\/**;bin\/**;obj\/**;**/*.user;**/*.*proj;**/*.sln"(이전 값: ";bin\Debug\/**;obj\Debug\/**;bin\/**;obj\/**;**/*.user;**/*.*proj")
       C:\Program Files\dotnet\sdk\10.0.100\Sdks\Microsoft.NET.Sdk\targets\Microsoft.NET.Sdk.DefaultItems.targets(43,5): message : 속성 재할당: $(DefaultItemExcludes)=C:\Program Files\dotnet\sdk\10.0.100\Sdks\Microsoft.NET.Sdk\targets\Microsoft.NET.Sdk.DefaultItems.targets (43,5)의 ";bin\Debug\/**;obj\Debug\/**;bin\/**;obj\/**;**/*.user;**/*.*proj;**/*.sln;**/*.slnx"(이전 값: ";bin\Debug\/**;obj\Debug\/**;bin\/**;obj\/**;**/*.user;**/*.*proj;**/*.sln")
       C:\Program Files\dotnet\sdk\10.0.100\Sdks\Microsoft.NET.Sdk\targets\Microsoft.NET.Sdk.DefaultItems.targets(44,5): message : 속성 재할당: $(DefaultItemExcludes)=C:\Program Files\dotnet\sdk\10.0.100\Sdks\Microsoft.NET.Sdk\targets\Microsoft.NET.Sdk.DefaultItems.targets (44,5)의 ";bin\Debug\/**;obj\Debug\/**;bin\/**;obj\/**;**/*.user;**/*.*proj;**/*.sln;**/*.slnx;**/*.vssscc"(이전 값: ";bin\Debug\/**;obj\Debug\/**;bin\/**;obj\/**;**/*.user;**/*.*proj;**/*.sln;**/*.slnx")
       C:\Program Files\dotnet\sdk\10.0.100\Sdks\Microsoft.NET.Sdk\targets\Microsoft.NET.Sdk.DefaultItems.targets(45,5): message : 속성 재할당: $(DefaultItemExcludes)=C:\Program Files\dotnet\sdk\10.0.100\Sdks\Microsoft.NET.Sdk\targets\Microsoft.NET.Sdk.DefaultItems.targets (45,5)의 ";bin\Debug\/**;obj\Debug\/**;bin\/**;obj\/**;**/*.user;**/*.*proj;**/*.sln;**/*.slnx;**/*.vssscc;**/.DS_Store"(이전 값: ";bin\Debug\/**;obj\Debug\/**;bin\/**;obj\/**;**/*.user;**/*.*proj;**/*.sln;**/*.slnx;**/*.vssscc")
       C:\Program Files\dotnet\sdk\10.0.100\Sdks\Microsoft.NET.Sdk\targets\Microsoft.NET.Sdk.FrameworkReferenceResolution.targets(14,5): message : 속성 재할당: $(ResolveAssemblyReferencesDependsOn)=C:\Program Files\dotnet\sdk\10.0.100\Sdks\Microsoft.NET.Sdk\targets\Microsoft.NET.Sdk.FrameworkReferenceResolution.targets (14,5)의 "
       C:\Program Files\dotnet\sdk\10.0.100\Sdks\Microsoft.NET.Sdk\targets\Microsoft.NET.Sdk.FrameworkReferenceResolution.targets(14,5): message :       
       C:\Program Files\dotnet\sdk\10.0.100\Sdks\Microsoft.NET.Sdk\targets\Microsoft.NET.Sdk.FrameworkReferenceResolution.targets(14,5): message :       
       C:\Program Files\dotnet\sdk\10.0.100\Sdks\Microsoft.NET.Sdk\targets\Microsoft.NET.Sdk.FrameworkReferenceResolution.targets(14,5): message :       ResolveProjectReferences;
       C:\Program Files\dotnet\sdk\10.0.100\Sdks\Microsoft.NET.Sdk\targets\Microsoft.NET.Sdk.FrameworkReferenceResolution.targets(14,5): message :       FindInvalidProjectReferences;
       C:\Program Files\dotnet\sdk\10.0.100\Sdks\Microsoft.NET.Sdk\targets\Microsoft.NET.Sdk.FrameworkReferenceResolution.targets(14,5): message :       GetFrameworkPaths;
       C:\Program Files\dotnet\sdk\10.0.100\Sdks\Microsoft.NET.Sdk\targets\Microsoft.NET.Sdk.FrameworkReferenceResolution.targets(14,5): message :       GetReferenceAssemblyPaths;
       C:\Program Files\dotnet\sdk\10.0.100\Sdks\Microsoft.NET.Sdk\targets\Microsoft.NET.Sdk.FrameworkReferenceResolution.targets(14,5): message :       PrepareForBuild;
       C:\Program Files\dotnet\sdk\10.0.100\Sdks\Microsoft.NET.Sdk\targets\Microsoft.NET.Sdk.FrameworkReferenceResolution.targets(14,5): message :       ResolveSDKReferences;
       C:\Program Files\dotnet\sdk\10.0.100\Sdks\Microsoft.NET.Sdk\targets\Microsoft.NET.Sdk.FrameworkReferenceResolution.targets(14,5): message :       ExpandSDKReferences;
       C:\Program Files\dotnet\sdk\10.0.100\Sdks\Microsoft.NET.Sdk\targets\Microsoft.NET.Sdk.FrameworkReferenceResolution.targets(14,5): message :     ;
       C:\Program Files\dotnet\sdk\10.0.100\Sdks\Microsoft.NET.Sdk\targets\Microsoft.NET.Sdk.FrameworkReferenceResolution.targets(14,5): message :       ResolvePackageDependenciesForBuild;
       C:\Program Files\dotnet\sdk\10.0.100\Sdks\Microsoft.NET.Sdk\targets\Microsoft.NET.Sdk.FrameworkReferenceResolution.targets(14,5): message :       _HandlePackageFileConflicts;
       C:\Program Files\dotnet\sdk\10.0.100\Sdks\Microsoft.NET.Sdk\targets\Microsoft.NET.Sdk.FrameworkReferenceResolution.targets(14,5): message :     ;
       C:\Program Files\dotnet\sdk\10.0.100\Sdks\Microsoft.NET.Sdk\targets\Microsoft.NET.Sdk.FrameworkReferenceResolution.targets(14,5): message :       ResolveTargetingPackAssets;
       C:\Program Files\dotnet\sdk\10.0.100\Sdks\Microsoft.NET.Sdk\targets\Microsoft.NET.Sdk.FrameworkReferenceResolution.targets(14,5): message :     "(이전 값: "
       C:\Program Files\dotnet\sdk\10.0.100\Sdks\Microsoft.NET.Sdk\targets\Microsoft.NET.Sdk.FrameworkReferenceResolution.targets(14,5): message :       
       C:\Program Files\dotnet\sdk\10.0.100\Sdks\Microsoft.NET.Sdk\targets\Microsoft.NET.Sdk.FrameworkReferenceResolution.targets(14,5): message :       ResolveProjectReferences;
       C:\Program Files\dotnet\sdk\10.0.100\Sdks\Microsoft.NET.Sdk\targets\Microsoft.NET.Sdk.FrameworkReferenceResolution.targets(14,5): message :       FindInvalidProjectReferences;
       C:\Program Files\dotnet\sdk\10.0.100\Sdks\Microsoft.NET.Sdk\targets\Microsoft.NET.Sdk.FrameworkReferenceResolution.targets(14,5): message :       GetFrameworkPaths;
       C:\Program Files\dotnet\sdk\10.0.100\Sdks\Microsoft.NET.Sdk\targets\Microsoft.NET.Sdk.FrameworkReferenceResolution.targets(14,5): message :       GetReferenceAssemblyPaths;
       C:\Program Files\dotnet\sdk\10.0.100\Sdks\Microsoft.NET.Sdk\targets\Microsoft.NET.Sdk.FrameworkReferenceResolution.targets(14,5): message :       PrepareForBuild;
       C:\Program Files\dotnet\sdk\10.0.100\Sdks\Microsoft.NET.Sdk\targets\Microsoft.NET.Sdk.FrameworkReferenceResolution.targets(14,5): message :       ResolveSDKReferences;
       C:\Program Files\dotnet\sdk\10.0.100\Sdks\Microsoft.NET.Sdk\targets\Microsoft.NET.Sdk.FrameworkReferenceResolution.targets(14,5): message :       ExpandSDKReferences;
       C:\Program Files\dotnet\sdk\10.0.100\Sdks\Microsoft.NET.Sdk\targets\Microsoft.NET.Sdk.FrameworkReferenceResolution.targets(14,5): message :     ;
       C:\Program Files\dotnet\sdk\10.0.100\Sdks\Microsoft.NET.Sdk\targets\Microsoft.NET.Sdk.FrameworkReferenceResolution.targets(14,5): message :       ResolvePackageDependenciesForBuild;
       C:\Program Files\dotnet\sdk\10.0.100\Sdks\Microsoft.NET.Sdk\targets\Microsoft.NET.Sdk.FrameworkReferenceResolution.targets(14,5): message :       _HandlePackageFileConflicts;
       C:\Program Files\dotnet\sdk\10.0.100\Sdks\Microsoft.NET.Sdk\targets\Microsoft.NET.Sdk.FrameworkReferenceResolution.targets(14,5): message :     ")
       C:\Program Files\dotnet\sdk\10.0.100\Sdks\Microsoft.NET.Sdk\targets\Microsoft.NET.Sdk.targets(44,5): message : 속성 재할당: $(_GenerateRuntimeConfigurationPropertyInputsCache)=C:\Program Files\dotnet\sdk\10.0.100\Sdks\Microsoft.NET.Sdk\targets\Microsoft.NET.Sdk.targets (44,5)의 "c:\WORK\SRC\Railml_editor\RailmlEditor\obj\Debug\net10.0-windows\RailmlEditor_o34edsgn_wpftmp.genruntimeconfig.cache"(이전 값: "obj\Debug\net10.0-windows\RailmlEditor_o34edsgn_wpftmp.genruntimeconfig.cache")
       C:\Program Files\dotnet\sdk\10.0.100\Sdks\Microsoft.NET.Sdk\targets\Microsoft.NET.Sdk.targets(46,5): message : 속성 재할당: $(_GeneratePublishDependencyFilePropertyInputsCache)=C:\Program Files\dotnet\sdk\10.0.100\Sdks\Microsoft.NET.Sdk\targets\Microsoft.NET.Sdk.targets (46,5)의 "c:\WORK\SRC\Railml_editor\RailmlEditor\obj\Debug\net10.0-windows\RailmlEditor_o34edsgn_wpftmp.genpublishdeps.cache"(이전 값: "obj\Debug\net10.0-windows\RailmlEditor_o34edsgn_wpftmp.genpublishdeps.cache")
       C:\Program Files\dotnet\sdk\10.0.100\Sdks\Microsoft.NET.Sdk\targets\Microsoft.NET.Sdk.targets(48,5): message : 속성 재할당: $(_GenerateSingleFileBundlePropertyInputsCache)=C:\Program Files\dotnet\sdk\10.0.100\Sdks\Microsoft.NET.Sdk\targets\Microsoft.NET.Sdk.targets (48,5)의 "c:\WORK\SRC\Railml_editor\RailmlEditor\obj\Debug\net10.0-windows\RailmlEditor_o34edsgn_wpftmp.genbundle.cache"(이전 값: "obj\Debug\net10.0-windows\RailmlEditor_o34edsgn_wpftmp.genbundle.cache")
       C:\Program Files\dotnet\sdk\10.0.100\Sdks\Microsoft.NET.Sdk\targets\Microsoft.NET.Sdk.targets(81,5): message : 속성 재할당: $(GenerateRuntimeConfigDevFile)=C:\Program Files\dotnet\sdk\10.0.100\Sdks\Microsoft.NET.Sdk\targets\Microsoft.NET.Sdk.targets (81,5)의 "false"(이전 값: "true")
       C:\Program Files\dotnet\sdk\10.0.100\Sdks\Microsoft.NET.Sdk\targets\Microsoft.NET.Sdk.targets(98,5): message : 속성 재할당: $(_DefaultUserProfileRuntimeStorePath)=C:\Program Files\dotnet\sdk\10.0.100\Sdks\Microsoft.NET.Sdk\targets\Microsoft.NET.Sdk.targets (98,5)의 "C:\Users\user"(이전 값: "")
       C:\Program Files\dotnet\sdk\10.0.100\Sdks\Microsoft.NET.Sdk\targets\Microsoft.NET.Sdk.targets(99,5): message : 속성 재할당: $(_DefaultUserProfileRuntimeStorePath)=C:\Program Files\dotnet\sdk\10.0.100\Sdks\Microsoft.NET.Sdk\targets\Microsoft.NET.Sdk.targets (99,5)의 "C:\Users\user\.dotnet\store"(이전 값: "C:\Users\user")
       C:\Program Files\dotnet\sdk\10.0.100\Sdks\Microsoft.NET.Sdk\targets\Microsoft.NET.Sdk.targets(144,5): message : 속성 재할당: $(AvailablePlatforms)=C:\Program Files\dotnet\sdk\10.0.100\Sdks\Microsoft.NET.Sdk\targets\Microsoft.NET.Sdk.targets (144,5)의 "Any CPU,x86,x64,ARM32"(이전 값: "Any CPU,x86,x64")
       C:\Program Files\dotnet\sdk\10.0.100\Sdks\Microsoft.NET.Sdk\targets\Microsoft.NET.Sdk.targets(148,5): message : 속성 재할당: $(AvailablePlatforms)=C:\Program Files\dotnet\sdk\10.0.100\Sdks\Microsoft.NET.Sdk\targets\Microsoft.NET.Sdk.targets (148,5)의 "Any CPU,x86,x64,ARM32,ARM64"(이전 값: "Any CPU,x86,x64,ARM32")
       C:\Program Files\dotnet\sdk\10.0.100\Sdks\Microsoft.NET.Sdk\targets\Microsoft.NET.Sdk.targets(204,5): message : 속성 재할당: $(CoreBuildDependsOn)=C:\Program Files\dotnet\sdk\10.0.100\Sdks\Microsoft.NET.Sdk\targets\Microsoft.NET.Sdk.targets (204,5)의 "
       C:\Program Files\dotnet\sdk\10.0.100\Sdks\Microsoft.NET.Sdk\targets\Microsoft.NET.Sdk.targets(204,5): message :       _CheckForBuildWithNoBuild;
       C:\Program Files\dotnet\sdk\10.0.100\Sdks\Microsoft.NET.Sdk\targets\Microsoft.NET.Sdk.targets(204,5): message :       
       C:\Program Files\dotnet\sdk\10.0.100\Sdks\Microsoft.NET.Sdk\targets\Microsoft.NET.Sdk.targets(204,5): message :       BuildOnlySettings;
       C:\Program Files\dotnet\sdk\10.0.100\Sdks\Microsoft.NET.Sdk\targets\Microsoft.NET.Sdk.targets(204,5): message :       PrepareForBuild;
       C:\Program Files\dotnet\sdk\10.0.100\Sdks\Microsoft.NET.Sdk\targets\Microsoft.NET.Sdk.targets(204,5): message :       PreBuildEvent;
       C:\Program Files\dotnet\sdk\10.0.100\Sdks\Microsoft.NET.Sdk\targets\Microsoft.NET.Sdk.targets(204,5): message :       ResolveReferences;
       C:\Program Files\dotnet\sdk\10.0.100\Sdks\Microsoft.NET.Sdk\targets\Microsoft.NET.Sdk.targets(204,5): message :       PrepareResources;
       C:\Program Files\dotnet\sdk\10.0.100\Sdks\Microsoft.NET.Sdk\targets\Microsoft.NET.Sdk.targets(204,5): message :       ResolveKeySource;
       C:\Program Files\dotnet\sdk\10.0.100\Sdks\Microsoft.NET.Sdk\targets\Microsoft.NET.Sdk.targets(204,5): message :       Compile;
       C:\Program Files\dotnet\sdk\10.0.100\Sdks\Microsoft.NET.Sdk\targets\Microsoft.NET.Sdk.targets(204,5): message :       ExportWindowsMDFile;
       C:\Program Files\dotnet\sdk\10.0.100\Sdks\Microsoft.NET.Sdk\targets\Microsoft.NET.Sdk.targets(204,5): message :       UnmanagedUnregistration;
       C:\Program Files\dotnet\sdk\10.0.100\Sdks\Microsoft.NET.Sdk\targets\Microsoft.NET.Sdk.targets(204,5): message :       GenerateSerializationAssemblies;
       C:\Program Files\dotnet\sdk\10.0.100\Sdks\Microsoft.NET.Sdk\targets\Microsoft.NET.Sdk.targets(204,5): message :       CreateSatelliteAssemblies;
       C:\Program Files\dotnet\sdk\10.0.100\Sdks\Microsoft.NET.Sdk\targets\Microsoft.NET.Sdk.targets(204,5): message :       GenerateManifests;
       C:\Program Files\dotnet\sdk\10.0.100\Sdks\Microsoft.NET.Sdk\targets\Microsoft.NET.Sdk.targets(204,5): message :       GetTargetPath;
       C:\Program Files\dotnet\sdk\10.0.100\Sdks\Microsoft.NET.Sdk\targets\Microsoft.NET.Sdk.targets(204,5): message :       PrepareForRun;
       C:\Program Files\dotnet\sdk\10.0.100\Sdks\Microsoft.NET.Sdk\targets\Microsoft.NET.Sdk.targets(204,5): message :       UnmanagedRegistration;
       C:\Program Files\dotnet\sdk\10.0.100\Sdks\Microsoft.NET.Sdk\targets\Microsoft.NET.Sdk.targets(204,5): message :       IncrementalClean;
       C:\Program Files\dotnet\sdk\10.0.100\Sdks\Microsoft.NET.Sdk\targets\Microsoft.NET.Sdk.targets(204,5): message :       PostBuildEvent
       C:\Program Files\dotnet\sdk\10.0.100\Sdks\Microsoft.NET.Sdk\targets\Microsoft.NET.Sdk.targets(204,5): message :     ;
       C:\Program Files\dotnet\sdk\10.0.100\Sdks\Microsoft.NET.Sdk\targets\Microsoft.NET.Sdk.targets(204,5): message :       GenerateBuildDependencyFile;
       C:\Program Files\dotnet\sdk\10.0.100\Sdks\Microsoft.NET.Sdk\targets\Microsoft.NET.Sdk.targets(204,5): message :       GenerateBuildRuntimeConfigurationFiles
       C:\Program Files\dotnet\sdk\10.0.100\Sdks\Microsoft.NET.Sdk\targets\Microsoft.NET.Sdk.targets(204,5): message :     "(이전 값: "
       C:\Program Files\dotnet\sdk\10.0.100\Sdks\Microsoft.NET.Sdk\targets\Microsoft.NET.Sdk.targets(204,5): message :       BuildOnlySettings;
       C:\Program Files\dotnet\sdk\10.0.100\Sdks\Microsoft.NET.Sdk\targets\Microsoft.NET.Sdk.targets(204,5): message :       PrepareForBuild;
       C:\Program Files\dotnet\sdk\10.0.100\Sdks\Microsoft.NET.Sdk\targets\Microsoft.NET.Sdk.targets(204,5): message :       PreBuildEvent;
       C:\Program Files\dotnet\sdk\10.0.100\Sdks\Microsoft.NET.Sdk\targets\Microsoft.NET.Sdk.targets(204,5): message :       ResolveReferences;
       C:\Program Files\dotnet\sdk\10.0.100\Sdks\Microsoft.NET.Sdk\targets\Microsoft.NET.Sdk.targets(204,5): message :       PrepareResources;
       C:\Program Files\dotnet\sdk\10.0.100\Sdks\Microsoft.NET.Sdk\targets\Microsoft.NET.Sdk.targets(204,5): message :       ResolveKeySource;
       C:\Program Files\dotnet\sdk\10.0.100\Sdks\Microsoft.NET.Sdk\targets\Microsoft.NET.Sdk.targets(204,5): message :       Compile;
       C:\Program Files\dotnet\sdk\10.0.100\Sdks\Microsoft.NET.Sdk\targets\Microsoft.NET.Sdk.targets(204,5): message :       ExportWindowsMDFile;
       C:\Program Files\dotnet\sdk\10.0.100\Sdks\Microsoft.NET.Sdk\targets\Microsoft.NET.Sdk.targets(204,5): message :       UnmanagedUnregistration;
       C:\Program Files\dotnet\sdk\10.0.100\Sdks\Microsoft.NET.Sdk\targets\Microsoft.NET.Sdk.targets(204,5): message :       GenerateSerializationAssemblies;
       C:\Program Files\dotnet\sdk\10.0.100\Sdks\Microsoft.NET.Sdk\targets\Microsoft.NET.Sdk.targets(204,5): message :       CreateSatelliteAssemblies;
       C:\Program Files\dotnet\sdk\10.0.100\Sdks\Microsoft.NET.Sdk\targets\Microsoft.NET.Sdk.targets(204,5): message :       GenerateManifests;
       C:\Program Files\dotnet\sdk\10.0.100\Sdks\Microsoft.NET.Sdk\targets\Microsoft.NET.Sdk.targets(204,5): message :       GetTargetPath;
       C:\Program Files\dotnet\sdk\10.0.100\Sdks\Microsoft.NET.Sdk\targets\Microsoft.NET.Sdk.targets(204,5): message :       PrepareForRun;
       C:\Program Files\dotnet\sdk\10.0.100\Sdks\Microsoft.NET.Sdk\targets\Microsoft.NET.Sdk.targets(204,5): message :       UnmanagedRegistration;
       C:\Program Files\dotnet\sdk\10.0.100\Sdks\Microsoft.NET.Sdk\targets\Microsoft.NET.Sdk.targets(204,5): message :       IncrementalClean;
       C:\Program Files\dotnet\sdk\10.0.100\Sdks\Microsoft.NET.Sdk\targets\Microsoft.NET.Sdk.targets(204,5): message :       PostBuildEvent
       C:\Program Files\dotnet\sdk\10.0.100\Sdks\Microsoft.NET.Sdk\targets\Microsoft.NET.Sdk.targets(204,5): message :     ")
       C:\Program Files\dotnet\sdk\10.0.100\Sdks\Microsoft.NET.Sdk\targets\Microsoft.NET.Sdk.targets(213,5): message : 속성 재할당: $(CoreCleanDependsOn)=C:\Program Files\dotnet\sdk\10.0.100\Sdks\Microsoft.NET.Sdk\targets\Microsoft.NET.Sdk.targets (213,5)의 "
       C:\Program Files\dotnet\sdk\10.0.100\Sdks\Microsoft.NET.Sdk\targets\Microsoft.NET.Sdk.targets(213,5): message :       _SdkBeforeClean;
       C:\Program Files\dotnet\sdk\10.0.100\Sdks\Microsoft.NET.Sdk\targets\Microsoft.NET.Sdk.targets(213,5): message :       
       C:\Program Files\dotnet\sdk\10.0.100\Sdks\Microsoft.NET.Sdk\targets\Microsoft.NET.Sdk.targets(213,5): message :     "(이전 값: "")
       C:\Program Files\dotnet\sdk\10.0.100\Sdks\Microsoft.NET.Sdk\targets\Microsoft.NET.Sdk.targets(220,5): message : 속성 재할당: $(RebuildDependsOn)=C:\Program Files\dotnet\sdk\10.0.100\Sdks\Microsoft.NET.Sdk\targets\Microsoft.NET.Sdk.targets (220,5)의 "
       C:\Program Files\dotnet\sdk\10.0.100\Sdks\Microsoft.NET.Sdk\targets\Microsoft.NET.Sdk.targets(220,5): message :       _SdkBeforeRebuild;
       C:\Program Files\dotnet\sdk\10.0.100\Sdks\Microsoft.NET.Sdk\targets\Microsoft.NET.Sdk.targets(220,5): message :       
       C:\Program Files\dotnet\sdk\10.0.100\Sdks\Microsoft.NET.Sdk\targets\Microsoft.NET.Sdk.targets(220,5): message :       BeforeRebuild;
       C:\Program Files\dotnet\sdk\10.0.100\Sdks\Microsoft.NET.Sdk\targets\Microsoft.NET.Sdk.targets(220,5): message :       Clean;
       C:\Program Files\dotnet\sdk\10.0.100\Sdks\Microsoft.NET.Sdk\targets\Microsoft.NET.Sdk.targets(220,5): message :       Build;
       C:\Program Files\dotnet\sdk\10.0.100\Sdks\Microsoft.NET.Sdk\targets\Microsoft.NET.Sdk.targets(220,5): message :       AfterRebuild;
       C:\Program Files\dotnet\sdk\10.0.100\Sdks\Microsoft.NET.Sdk\targets\Microsoft.NET.Sdk.targets(220,5): message :     
       C:\Program Files\dotnet\sdk\10.0.100\Sdks\Microsoft.NET.Sdk\targets\Microsoft.NET.Sdk.targets(220,5): message :     "(이전 값: "
       C:\Program Files\dotnet\sdk\10.0.100\Sdks\Microsoft.NET.Sdk\targets\Microsoft.NET.Sdk.targets(220,5): message :       BeforeRebuild;
       C:\Program Files\dotnet\sdk\10.0.100\Sdks\Microsoft.NET.Sdk\targets\Microsoft.NET.Sdk.targets(220,5): message :       Clean;
       C:\Program Files\dotnet\sdk\10.0.100\Sdks\Microsoft.NET.Sdk\targets\Microsoft.NET.Sdk.targets(220,5): message :       Build;
       C:\Program Files\dotnet\sdk\10.0.100\Sdks\Microsoft.NET.Sdk\targets\Microsoft.NET.Sdk.targets(220,5): message :       AfterRebuild;
       C:\Program Files\dotnet\sdk\10.0.100\Sdks\Microsoft.NET.Sdk\targets\Microsoft.NET.Sdk.targets(220,5): message :     ")
       C:\Program Files\dotnet\sdk\10.0.100\Sdks\Microsoft.NET.Sdk\targets\Microsoft.NET.Sdk.targets(799,5): message : 속성 재할당: $(CompileDependsOn)=C:\Program Files\dotnet\sdk\10.0.100\Sdks\Microsoft.NET.Sdk\targets\Microsoft.NET.Sdk.targets (799,5)의 "
       C:\Program Files\dotnet\sdk\10.0.100\Sdks\Microsoft.NET.Sdk\targets\Microsoft.NET.Sdk.targets(799,5): message :       
       C:\Program Files\dotnet\sdk\10.0.100\Sdks\Microsoft.NET.Sdk\targets\Microsoft.NET.Sdk.targets(799,5): message :       ResolveReferences;
       C:\Program Files\dotnet\sdk\10.0.100\Sdks\Microsoft.NET.Sdk\targets\Microsoft.NET.Sdk.targets(799,5): message :       ResolveKeySource;
       C:\Program Files\dotnet\sdk\10.0.100\Sdks\Microsoft.NET.Sdk\targets\Microsoft.NET.Sdk.targets(799,5): message :       SetWin32ManifestProperties;
       C:\Program Files\dotnet\sdk\10.0.100\Sdks\Microsoft.NET.Sdk\targets\Microsoft.NET.Sdk.targets(799,5): message :       _SetPreferNativeArm64Win32ManifestProperties;
       C:\Program Files\dotnet\sdk\10.0.100\Sdks\Microsoft.NET.Sdk\targets\Microsoft.NET.Sdk.targets(799,5): message :       FindReferenceAssembliesForReferences;
       C:\Program Files\dotnet\sdk\10.0.100\Sdks\Microsoft.NET.Sdk\targets\Microsoft.NET.Sdk.targets(799,5): message :       _GenerateCompileInputs;
       C:\Program Files\dotnet\sdk\10.0.100\Sdks\Microsoft.NET.Sdk\targets\Microsoft.NET.Sdk.targets(799,5): message :       BeforeCompile;
       C:\Program Files\dotnet\sdk\10.0.100\Sdks\Microsoft.NET.Sdk\targets\Microsoft.NET.Sdk.targets(799,5): message :       _TimeStampBeforeCompile;
       C:\Program Files\dotnet\sdk\10.0.100\Sdks\Microsoft.NET.Sdk\targets\Microsoft.NET.Sdk.targets(799,5): message :       _GenerateCompileDependencyCache;
       C:\Program Files\dotnet\sdk\10.0.100\Sdks\Microsoft.NET.Sdk\targets\Microsoft.NET.Sdk.targets(799,5): message :       CoreCompile;
       C:\Program Files\dotnet\sdk\10.0.100\Sdks\Microsoft.NET.Sdk\targets\Microsoft.NET.Sdk.targets(799,5): message :       _TimeStampAfterCompile;
       C:\Program Files\dotnet\sdk\10.0.100\Sdks\Microsoft.NET.Sdk\targets\Microsoft.NET.Sdk.targets(799,5): message :       AfterCompile;
       C:\Program Files\dotnet\sdk\10.0.100\Sdks\Microsoft.NET.Sdk\targets\Microsoft.NET.Sdk.targets(799,5): message :     ;
       C:\Program Files\dotnet\sdk\10.0.100\Sdks\Microsoft.NET.Sdk\targets\Microsoft.NET.Sdk.targets(799,5): message :       _CreateAppHost;
       C:\Program Files\dotnet\sdk\10.0.100\Sdks\Microsoft.NET.Sdk\targets\Microsoft.NET.Sdk.targets(799,5): message :       _CreateComHost;
       C:\Program Files\dotnet\sdk\10.0.100\Sdks\Microsoft.NET.Sdk\targets\Microsoft.NET.Sdk.targets(799,5): message :       _GetIjwHostPaths;
       C:\Program Files\dotnet\sdk\10.0.100\Sdks\Microsoft.NET.Sdk\targets\Microsoft.NET.Sdk.targets(799,5): message :     "(이전 값: "
       C:\Program Files\dotnet\sdk\10.0.100\Sdks\Microsoft.NET.Sdk\targets\Microsoft.NET.Sdk.targets(799,5): message :       ResolveReferences;
       C:\Program Files\dotnet\sdk\10.0.100\Sdks\Microsoft.NET.Sdk\targets\Microsoft.NET.Sdk.targets(799,5): message :       ResolveKeySource;
       C:\Program Files\dotnet\sdk\10.0.100\Sdks\Microsoft.NET.Sdk\targets\Microsoft.NET.Sdk.targets(799,5): message :       SetWin32ManifestProperties;
       C:\Program Files\dotnet\sdk\10.0.100\Sdks\Microsoft.NET.Sdk\targets\Microsoft.NET.Sdk.targets(799,5): message :       _SetPreferNativeArm64Win32ManifestProperties;
       C:\Program Files\dotnet\sdk\10.0.100\Sdks\Microsoft.NET.Sdk\targets\Microsoft.NET.Sdk.targets(799,5): message :       FindReferenceAssembliesForReferences;
       C:\Program Files\dotnet\sdk\10.0.100\Sdks\Microsoft.NET.Sdk\targets\Microsoft.NET.Sdk.targets(799,5): message :       _GenerateCompileInputs;
       C:\Program Files\dotnet\sdk\10.0.100\Sdks\Microsoft.NET.Sdk\targets\Microsoft.NET.Sdk.targets(799,5): message :       BeforeCompile;
       C:\Program Files\dotnet\sdk\10.0.100\Sdks\Microsoft.NET.Sdk\targets\Microsoft.NET.Sdk.targets(799,5): message :       _TimeStampBeforeCompile;
       C:\Program Files\dotnet\sdk\10.0.100\Sdks\Microsoft.NET.Sdk\targets\Microsoft.NET.Sdk.targets(799,5): message :       _GenerateCompileDependencyCache;
       C:\Program Files\dotnet\sdk\10.0.100\Sdks\Microsoft.NET.Sdk\targets\Microsoft.NET.Sdk.targets(799,5): message :       CoreCompile;
       C:\Program Files\dotnet\sdk\10.0.100\Sdks\Microsoft.NET.Sdk\targets\Microsoft.NET.Sdk.targets(799,5): message :       _TimeStampAfterCompile;
       C:\Program Files\dotnet\sdk\10.0.100\Sdks\Microsoft.NET.Sdk\targets\Microsoft.NET.Sdk.targets(799,5): message :       AfterCompile;
       C:\Program Files\dotnet\sdk\10.0.100\Sdks\Microsoft.NET.Sdk\targets\Microsoft.NET.Sdk.targets(799,5): message :     ")
       C:\Program Files\dotnet\sdk\10.0.100\Sdks\Microsoft.NET.Sdk\targets\Microsoft.NET.Sdk.targets(1131,5): message : 속성 재할당: $(CreateSatelliteAssembliesDependsOn)=C:\Program Files\dotnet\sdk\10.0.100\Sdks\Microsoft.NET.Sdk\targets\Microsoft.NET.Sdk.targets (1131,5)의 "
       C:\Program Files\dotnet\sdk\10.0.100\Sdks\Microsoft.NET.Sdk\targets\Microsoft.NET.Sdk.targets(1131,5): message :       
       C:\Program Files\dotnet\sdk\10.0.100\Sdks\Microsoft.NET.Sdk\targets\Microsoft.NET.Sdk.targets(1131,5): message :       ;
       C:\Program Files\dotnet\sdk\10.0.100\Sdks\Microsoft.NET.Sdk\targets\Microsoft.NET.Sdk.targets(1131,5): message :       _GenerateSatelliteAssemblyInputs;
       C:\Program Files\dotnet\sdk\10.0.100\Sdks\Microsoft.NET.Sdk\targets\Microsoft.NET.Sdk.targets(1131,5): message :       ComputeIntermediateSatelliteAssemblies;
       C:\Program Files\dotnet\sdk\10.0.100\Sdks\Microsoft.NET.Sdk\targets\Microsoft.NET.Sdk.targets(1131,5): message :       GenerateSatelliteAssemblies
       C:\Program Files\dotnet\sdk\10.0.100\Sdks\Microsoft.NET.Sdk\targets\Microsoft.NET.Sdk.targets(1131,5): message :     ;
       C:\Program Files\dotnet\sdk\10.0.100\Sdks\Microsoft.NET.Sdk\targets\Microsoft.NET.Sdk.targets(1131,5): message :       CoreGenerateSatelliteAssemblies
       C:\Program Files\dotnet\sdk\10.0.100\Sdks\Microsoft.NET.Sdk\targets\Microsoft.NET.Sdk.targets(1131,5): message :     "(이전 값: "
       C:\Program Files\dotnet\sdk\10.0.100\Sdks\Microsoft.NET.Sdk\targets\Microsoft.NET.Sdk.targets(1131,5): message :       ;
       C:\Program Files\dotnet\sdk\10.0.100\Sdks\Microsoft.NET.Sdk\targets\Microsoft.NET.Sdk.targets(1131,5): message :       _GenerateSatelliteAssemblyInputs;
       C:\Program Files\dotnet\sdk\10.0.100\Sdks\Microsoft.NET.Sdk\targets\Microsoft.NET.Sdk.targets(1131,5): message :       ComputeIntermediateSatelliteAssemblies;
       C:\Program Files\dotnet\sdk\10.0.100\Sdks\Microsoft.NET.Sdk\targets\Microsoft.NET.Sdk.targets(1131,5): message :       GenerateSatelliteAssemblies
       C:\Program Files\dotnet\sdk\10.0.100\Sdks\Microsoft.NET.Sdk\targets\Microsoft.NET.Sdk.targets(1131,5): message :     ")
       C:\Program Files\dotnet\sdk\10.0.100\Sdks\Microsoft.SourceLink.GitLab\build\Microsoft.SourceLink.GitLab.targets(12,5): message : 속성 재할당: $(SourceLinkUrlInitializerTargets)=C:\Program Files\dotnet\sdk\10.0.100\Sdks\Microsoft.SourceLink.GitLab\build\Microsoft.SourceLink.GitLab.targets (12,5)의 ";_InitializeGitHubSourceLinkUrl;_InitializeGitLabSourceLinkUrl"(이전 값: ";_InitializeGitHubSourceLinkUrl")
       C:\Program Files\dotnet\sdk\10.0.100\Sdks\Microsoft.SourceLink.GitLab\build\Microsoft.SourceLink.GitLab.targets(13,5): message : 속성 재할당: $(SourceControlManagerUrlTranslationTargets)=C:\Program Files\dotnet\sdk\10.0.100\Sdks\Microsoft.SourceLink.GitLab\build\Microsoft.SourceLink.GitLab.targets (13,5)의 ";TranslateGitHubUrlsInSourceControlInformation;TranslateGitLabUrlsInSourceControlInformation"(이전 값: ";TranslateGitHubUrlsInSourceControlInformation")
       C:\Program Files\dotnet\sdk\10.0.100\Sdks\Microsoft.SourceLink.AzureRepos.Git\build\Microsoft.SourceLink.AzureRepos.Git.targets(12,5): message : 속성 재할당: $(SourceLinkUrlInitializerTargets)=C:\Program Files\dotnet\sdk\10.0.100\Sdks\Microsoft.SourceLink.AzureRepos.Git\build\Microsoft.SourceLink.AzureRepos.Git.targets (12,5)의 ";_InitializeGitHubSourceLinkUrl;_InitializeGitLabSourceLinkUrl;_InitializeAzureReposGitSourceLinkUrl"(이전 값: ";_InitializeGitHubSourceLinkUrl;_InitializeGitLabSourceLinkUrl")
       C:\Program Files\dotnet\sdk\10.0.100\Sdks\Microsoft.SourceLink.AzureRepos.Git\build\Microsoft.SourceLink.AzureRepos.Git.targets(13,5): message : 속성 재할당: $(SourceControlManagerUrlTranslationTargets)=C:\Program Files\dotnet\sdk\10.0.100\Sdks\Microsoft.SourceLink.AzureRepos.Git\build\Microsoft.SourceLink.AzureRepos.Git.targets (13,5)의 ";TranslateGitHubUrlsInSourceControlInformation;TranslateGitLabUrlsInSourceControlInformation;TranslateAzureReposGitUrlsInSourceControlInformation"(이전 값: ";TranslateGitHubUrlsInSourceControlInformation;TranslateGitLabUrlsInSourceControlInformation")
       C:\Program Files\dotnet\sdk\10.0.100\Sdks\Microsoft.SourceLink.Bitbucket.Git\build\Microsoft.SourceLink.Bitbucket.Git.targets(12,5): message : 속성 재할당: $(SourceLinkUrlInitializerTargets)=C:\Program Files\dotnet\sdk\10.0.100\Sdks\Microsoft.SourceLink.Bitbucket.Git\build\Microsoft.SourceLink.Bitbucket.Git.targets (12,5)의 ";_InitializeGitHubSourceLinkUrl;_InitializeGitLabSourceLinkUrl;_InitializeAzureReposGitSourceLinkUrl;_InitializeBitbucketGitSourceLinkUrl"(이전 값: ";_InitializeGitHubSourceLinkUrl;_InitializeGitLabSourceLinkUrl;_InitializeAzureReposGitSourceLinkUrl")
       C:\Program Files\dotnet\sdk\10.0.100\Sdks\Microsoft.SourceLink.Bitbucket.Git\build\Microsoft.SourceLink.Bitbucket.Git.targets(13,5): message : 속성 재할당: $(SourceControlManagerUrlTranslationTargets)=C:\Program Files\dotnet\sdk\10.0.100\Sdks\Microsoft.SourceLink.Bitbucket.Git\build\Microsoft.SourceLink.Bitbucket.Git.targets (13,5)의 ";TranslateGitHubUrlsInSourceControlInformation;TranslateGitLabUrlsInSourceControlInformation;TranslateAzureReposGitUrlsInSourceControlInformation;TranslateBitbucketGitUrlsInSourceControlInformation"(이전 값: ";TranslateGitHubUrlsInSourceControlInformation;TranslateGitLabUrlsInSourceControlInformation;TranslateAzureReposGitUrlsInSourceControlInformation")
       C:\Program Files\dotnet\sdk\10.0.100\Sdks\Microsoft.NET.Sdk\targets\Microsoft.NET.DesignerSupport.targets(21,5): message : 속성 재할당: $(DesignerRuntimeImplementationProjectOutputGroupDependsOn)=C:\Program Files\dotnet\sdk\10.0.100\Sdks\Microsoft.NET.Sdk\targets\Microsoft.NET.DesignerSupport.targets (21,5)의 "
       C:\Program Files\dotnet\sdk\10.0.100\Sdks\Microsoft.NET.Sdk\targets\Microsoft.NET.DesignerSupport.targets(21,5): message :       
       C:\Program Files\dotnet\sdk\10.0.100\Sdks\Microsoft.NET.Sdk\targets\Microsoft.NET.DesignerSupport.targets(21,5): message :       ;
       C:\Program Files\dotnet\sdk\10.0.100\Sdks\Microsoft.NET.Sdk\targets\Microsoft.NET.DesignerSupport.targets(21,5): message :       
       C:\Program Files\dotnet\sdk\10.0.100\Sdks\Microsoft.NET.Sdk\targets\Microsoft.NET.DesignerSupport.targets(21,5): message :       ;
       C:\Program Files\dotnet\sdk\10.0.100\Sdks\Microsoft.NET.Sdk\targets\Microsoft.NET.DesignerSupport.targets(21,5): message :       BuildOnlySettings;
       C:\Program Files\dotnet\sdk\10.0.100\Sdks\Microsoft.NET.Sdk\targets\Microsoft.NET.DesignerSupport.targets(21,5): message :       PrepareForBuild;
       C:\Program Files\dotnet\sdk\10.0.100\Sdks\Microsoft.NET.Sdk\targets\Microsoft.NET.DesignerSupport.targets(21,5): message :       AssignTargetPaths;
       C:\Program Files\dotnet\sdk\10.0.100\Sdks\Microsoft.NET.Sdk\targets\Microsoft.NET.DesignerSupport.targets(21,5): message :       ResolveReferences
       C:\Program Files\dotnet\sdk\10.0.100\Sdks\Microsoft.NET.Sdk\targets\Microsoft.NET.DesignerSupport.targets(21,5): message :     
       C:\Program Files\dotnet\sdk\10.0.100\Sdks\Microsoft.NET.Sdk\targets\Microsoft.NET.DesignerSupport.targets(21,5): message :     ;
       C:\Program Files\dotnet\sdk\10.0.100\Sdks\Microsoft.NET.Sdk\targets\Microsoft.NET.DesignerSupport.targets(21,5): message :       _GenerateDesignerDepsFile;
       C:\Program Files\dotnet\sdk\10.0.100\Sdks\Microsoft.NET.Sdk\targets\Microsoft.NET.DesignerSupport.targets(21,5): message :       _GenerateDesignerRuntimeConfigFile;
       C:\Program Files\dotnet\sdk\10.0.100\Sdks\Microsoft.NET.Sdk\targets\Microsoft.NET.DesignerSupport.targets(21,5): message :       GetCopyToOutputDirectoryItems;
       C:\Program Files\dotnet\sdk\10.0.100\Sdks\Microsoft.NET.Sdk\targets\Microsoft.NET.DesignerSupport.targets(21,5): message :       _GatherDesignerShadowCopyFiles;
       C:\Program Files\dotnet\sdk\10.0.100\Sdks\Microsoft.NET.Sdk\targets\Microsoft.NET.DesignerSupport.targets(21,5): message :     "(이전 값: "
       C:\Program Files\dotnet\sdk\10.0.100\Sdks\Microsoft.NET.Sdk\targets\Microsoft.NET.DesignerSupport.targets(21,5): message :       ;
       C:\Program Files\dotnet\sdk\10.0.100\Sdks\Microsoft.NET.Sdk\targets\Microsoft.NET.DesignerSupport.targets(21,5): message :       
       C:\Program Files\dotnet\sdk\10.0.100\Sdks\Microsoft.NET.Sdk\targets\Microsoft.NET.DesignerSupport.targets(21,5): message :       ;
       C:\Program Files\dotnet\sdk\10.0.100\Sdks\Microsoft.NET.Sdk\targets\Microsoft.NET.DesignerSupport.targets(21,5): message :       BuildOnlySettings;
       C:\Program Files\dotnet\sdk\10.0.100\Sdks\Microsoft.NET.Sdk\targets\Microsoft.NET.DesignerSupport.targets(21,5): message :       PrepareForBuild;
       C:\Program Files\dotnet\sdk\10.0.100\Sdks\Microsoft.NET.Sdk\targets\Microsoft.NET.DesignerSupport.targets(21,5): message :       AssignTargetPaths;
       C:\Program Files\dotnet\sdk\10.0.100\Sdks\Microsoft.NET.Sdk\targets\Microsoft.NET.DesignerSupport.targets(21,5): message :       ResolveReferences
       C:\Program Files\dotnet\sdk\10.0.100\Sdks\Microsoft.NET.Sdk\targets\Microsoft.NET.DesignerSupport.targets(21,5): message :     
       C:\Program Files\dotnet\sdk\10.0.100\Sdks\Microsoft.NET.Sdk\targets\Microsoft.NET.DesignerSupport.targets(21,5): message :     ")
       C:\Program Files\dotnet\sdk\10.0.100\Sdks\Microsoft.NET.Sdk\targets\Microsoft.NET.Sdk.CSharp.targets(31,5): message : 속성 재할당: $(DefineConstants)=C:\Program Files\dotnet\sdk\10.0.100\Sdks\Microsoft.NET.Sdk\targets\Microsoft.NET.Sdk.CSharp.targets (31,5)의 "TRACE;DEBUG"(이전 값: "TRACE")
       C:\Program Files\dotnet\sdk\10.0.100\Sdks\Microsoft.NET.Sdk\targets\Microsoft.NET.Sdk.CSharp.targets(45,5): message : 속성 재할당: $(WarningsAsErrors)=C:\Program Files\dotnet\sdk\10.0.100\Sdks\Microsoft.NET.Sdk\targets\Microsoft.NET.Sdk.CSharp.targets (45,5)의 ";NU1605;SYSLIB0011"(이전 값: ";NU1605")
       C:\Program Files\dotnet\sdk\10.0.100\Sdks\Microsoft.NET.Sdk\targets\Microsoft.NET.Windows.targets(49,5): message : 속성 재할당: $(TargetPlatformVersion)=C:\Program Files\dotnet\sdk\10.0.100\Sdks\Microsoft.NET.Sdk\targets\Microsoft.NET.Windows.targets (49,5)의 "7.0"(이전 값: "")
       C:\Program Files\dotnet\sdk\10.0.100\Sdks\Microsoft.NET.Sdk\targets\Microsoft.NET.Windows.targets(50,5): message : 속성 재할당: $(EffectiveTargetPlatformVersion)=C:\Program Files\dotnet\sdk\10.0.100\Sdks\Microsoft.NET.Sdk\targets\Microsoft.NET.Windows.targets (50,5)의 "7.0"(이전 값: "")
       C:\Program Files\dotnet\sdk\10.0.100\Sdks\Microsoft.NET.Sdk\targets\Microsoft.NET.Windows.targets(60,5): message : 속성 재할당: $(SupportedOSPlatformVersion)=C:\Program Files\dotnet\sdk\10.0.100\Sdks\Microsoft.NET.Sdk\targets\Microsoft.NET.Windows.targets (60,5)의 "7.0"(이전 값: "")
       C:\Program Files\dotnet\sdk\10.0.100\Sdks\Microsoft.NET.Sdk\targets\Microsoft.NET.Windows.targets(61,5): message : 속성 재할당: $(TargetPlatformMinVersion)=C:\Program Files\dotnet\sdk\10.0.100\Sdks\Microsoft.NET.Sdk\targets\Microsoft.NET.Windows.targets (61,5)의 "7.0"(이전 값: "")
       C:\Program Files\dotnet\sdk\10.0.100\Sdks\Microsoft.NET.Sdk\targets\Microsoft.NET.Windows.targets(239,5): message : 속성 재할당: $(_RunCsWinRTGeneratorPropertyInputsCachePath)=C:\Program Files\dotnet\sdk\10.0.100\Sdks\Microsoft.NET.Sdk\targets\Microsoft.NET.Windows.targets (239,5)의 "c:\WORK\SRC\Railml_editor\RailmlEditor\obj\Debug\net10.0-windows\RailmlEditor_o34edsgn_wpftmp.cswinrtgen.cache"(이전 값: "obj\Debug\net10.0-windows\RailmlEditor_o34edsgn_wpftmp.cswinrtgen.cache")
       C:\Program Files\dotnet\sdk\10.0.100\Sdks\Microsoft.NET.Sdk\targets\Microsoft.NET.Sdk.targets(1497,5): message : 속성 재할당: $(TargetPlatformDisplayName)=C:\Program Files\dotnet\sdk\10.0.100\Sdks\Microsoft.NET.Sdk\targets\Microsoft.NET.Sdk.targets (1497,5)의 "Windows 7.0"(이전 값: "Windows ")
       C:\Program Files\dotnet\sdk\10.0.100\Sdks\Microsoft.NET.Sdk.WindowsDesktop\targets\Microsoft.NET.Sdk.WindowsDesktop.targets(51,5): message : 속성 재할당: $(_TargetFrameworkVersionValue)=C:\Program Files\dotnet\sdk\10.0.100\Sdks\Microsoft.NET.Sdk.WindowsDesktop\targets\Microsoft.NET.Sdk.WindowsDesktop.targets (51,5)의 "10.0"(이전 값: "0.0")
       C:\Program Files\dotnet\sdk\10.0.100\Sdks\Microsoft.NET.Sdk.WindowsDesktop\targets\Microsoft.WinFX.targets(61,7): message : 속성 재할당: $(PrepareResourceNamesDependsOn)=C:\Program Files\dotnet\sdk\10.0.100\Sdks\Microsoft.NET.Sdk.WindowsDesktop\targets\Microsoft.WinFX.targets (61,7)의 "
       C:\Program Files\dotnet\sdk\10.0.100\Sdks\Microsoft.NET.Sdk.WindowsDesktop\targets\Microsoft.WinFX.targets(61,7): message :                     AssignWinFXEmbeddedResource;
       C:\Program Files\dotnet\sdk\10.0.100\Sdks\Microsoft.NET.Sdk.WindowsDesktop\targets\Microsoft.WinFX.targets(61,7): message :                     
       C:\Program Files\dotnet\sdk\10.0.100\Sdks\Microsoft.NET.Sdk.WindowsDesktop\targets\Microsoft.WinFX.targets(61,7): message :       AssignTargetPaths;
       C:\Program Files\dotnet\sdk\10.0.100\Sdks\Microsoft.NET.Sdk.WindowsDesktop\targets\Microsoft.WinFX.targets(61,7): message :       SplitResourcesByCulture;
       C:\Program Files\dotnet\sdk\10.0.100\Sdks\Microsoft.NET.Sdk.WindowsDesktop\targets\Microsoft.WinFX.targets(61,7): message :       CreateManifestResourceNames;
       C:\Program Files\dotnet\sdk\10.0.100\Sdks\Microsoft.NET.Sdk.WindowsDesktop\targets\Microsoft.WinFX.targets(61,7): message :       CreateCustomManifestResourceNames
       C:\Program Files\dotnet\sdk\10.0.100\Sdks\Microsoft.NET.Sdk.WindowsDesktop\targets\Microsoft.WinFX.targets(61,7): message :     
       C:\Program Files\dotnet\sdk\10.0.100\Sdks\Microsoft.NET.Sdk.WindowsDesktop\targets\Microsoft.WinFX.targets(61,7): message :       "(이전 값: "
       C:\Program Files\dotnet\sdk\10.0.100\Sdks\Microsoft.NET.Sdk.WindowsDesktop\targets\Microsoft.WinFX.targets(61,7): message :       AssignTargetPaths;
       C:\Program Files\dotnet\sdk\10.0.100\Sdks\Microsoft.NET.Sdk.WindowsDesktop\targets\Microsoft.WinFX.targets(61,7): message :       SplitResourcesByCulture;
       C:\Program Files\dotnet\sdk\10.0.100\Sdks\Microsoft.NET.Sdk.WindowsDesktop\targets\Microsoft.WinFX.targets(61,7): message :       CreateManifestResourceNames;
       C:\Program Files\dotnet\sdk\10.0.100\Sdks\Microsoft.NET.Sdk.WindowsDesktop\targets\Microsoft.WinFX.targets(61,7): message :       CreateCustomManifestResourceNames
       C:\Program Files\dotnet\sdk\10.0.100\Sdks\Microsoft.NET.Sdk.WindowsDesktop\targets\Microsoft.WinFX.targets(61,7): message :     ")
       C:\Program Files\dotnet\sdk\10.0.100\Sdks\Microsoft.NET.Sdk.WindowsDesktop\targets\Microsoft.WinFX.targets(69,7): message : 속성 재할당: $(PrepareResourcesDependsOn)=C:\Program Files\dotnet\sdk\10.0.100\Sdks\Microsoft.NET.Sdk.WindowsDesktop\targets\Microsoft.WinFX.targets (69,7)의 "
       C:\Program Files\dotnet\sdk\10.0.100\Sdks\Microsoft.NET.Sdk.WindowsDesktop\targets\Microsoft.WinFX.targets(69,7): message :                 MarkupCompilePass1;
       C:\Program Files\dotnet\sdk\10.0.100\Sdks\Microsoft.NET.Sdk.WindowsDesktop\targets\Microsoft.WinFX.targets(69,7): message :                 AfterMarkupCompilePass1;
       C:\Program Files\dotnet\sdk\10.0.100\Sdks\Microsoft.NET.Sdk.WindowsDesktop\targets\Microsoft.WinFX.targets(69,7): message :                 MarkupCompilePass2ForMainAssembly;
       C:\Program Files\dotnet\sdk\10.0.100\Sdks\Microsoft.NET.Sdk.WindowsDesktop\targets\Microsoft.WinFX.targets(69,7): message :                 FileClassification;
       C:\Program Files\dotnet\sdk\10.0.100\Sdks\Microsoft.NET.Sdk.WindowsDesktop\targets\Microsoft.WinFX.targets(69,7): message :                 MainResourcesGeneration;
       C:\Program Files\dotnet\sdk\10.0.100\Sdks\Microsoft.NET.Sdk.WindowsDesktop\targets\Microsoft.WinFX.targets(69,7): message :                 
       C:\Program Files\dotnet\sdk\10.0.100\Sdks\Microsoft.NET.Sdk.WindowsDesktop\targets\Microsoft.WinFX.targets(69,7): message :       ResolvePackageDependenciesForBuild;
       C:\Program Files\dotnet\sdk\10.0.100\Sdks\Microsoft.NET.Sdk.WindowsDesktop\targets\Microsoft.WinFX.targets(69,7): message :       _HandlePackageFileConflicts;
       C:\Program Files\dotnet\sdk\10.0.100\Sdks\Microsoft.NET.Sdk.WindowsDesktop\targets\Microsoft.WinFX.targets(69,7): message :       
       C:\Program Files\dotnet\sdk\10.0.100\Sdks\Microsoft.NET.Sdk.WindowsDesktop\targets\Microsoft.WinFX.targets(69,7): message :       ;
       C:\Program Files\dotnet\sdk\10.0.100\Sdks\Microsoft.NET.Sdk.WindowsDesktop\targets\Microsoft.WinFX.targets(69,7): message :       PrepareResourceNames;
       C:\Program Files\dotnet\sdk\10.0.100\Sdks\Microsoft.NET.Sdk.WindowsDesktop\targets\Microsoft.WinFX.targets(69,7): message :       ResGen;
       C:\Program Files\dotnet\sdk\10.0.100\Sdks\Microsoft.NET.Sdk.WindowsDesktop\targets\Microsoft.WinFX.targets(69,7): message :       CompileLicxFiles
       C:\Program Files\dotnet\sdk\10.0.100\Sdks\Microsoft.NET.Sdk.WindowsDesktop\targets\Microsoft.WinFX.targets(69,7): message :     
       C:\Program Files\dotnet\sdk\10.0.100\Sdks\Microsoft.NET.Sdk.WindowsDesktop\targets\Microsoft.WinFX.targets(69,7): message :     
       C:\Program Files\dotnet\sdk\10.0.100\Sdks\Microsoft.NET.Sdk.WindowsDesktop\targets\Microsoft.WinFX.targets(69,7): message :       "(이전 값: "
       C:\Program Files\dotnet\sdk\10.0.100\Sdks\Microsoft.NET.Sdk.WindowsDesktop\targets\Microsoft.WinFX.targets(69,7): message :       ResolvePackageDependenciesForBuild;
       C:\Program Files\dotnet\sdk\10.0.100\Sdks\Microsoft.NET.Sdk.WindowsDesktop\targets\Microsoft.WinFX.targets(69,7): message :       _HandlePackageFileConflicts;
       C:\Program Files\dotnet\sdk\10.0.100\Sdks\Microsoft.NET.Sdk.WindowsDesktop\targets\Microsoft.WinFX.targets(69,7): message :       
       C:\Program Files\dotnet\sdk\10.0.100\Sdks\Microsoft.NET.Sdk.WindowsDesktop\targets\Microsoft.WinFX.targets(69,7): message :       ;
       C:\Program Files\dotnet\sdk\10.0.100\Sdks\Microsoft.NET.Sdk.WindowsDesktop\targets\Microsoft.WinFX.targets(69,7): message :       PrepareResourceNames;
       C:\Program Files\dotnet\sdk\10.0.100\Sdks\Microsoft.NET.Sdk.WindowsDesktop\targets\Microsoft.WinFX.targets(69,7): message :       ResGen;
       C:\Program Files\dotnet\sdk\10.0.100\Sdks\Microsoft.NET.Sdk.WindowsDesktop\targets\Microsoft.WinFX.targets(69,7): message :       CompileLicxFiles
       C:\Program Files\dotnet\sdk\10.0.100\Sdks\Microsoft.NET.Sdk.WindowsDesktop\targets\Microsoft.WinFX.targets(69,7): message :     
       C:\Program Files\dotnet\sdk\10.0.100\Sdks\Microsoft.NET.Sdk.WindowsDesktop\targets\Microsoft.WinFX.targets(69,7): message :     ")
       C:\Program Files\dotnet\sdk\10.0.100\Sdks\Microsoft.NET.Sdk.WindowsDesktop\targets\Microsoft.WinFX.targets(136,5): message : 속성 재할당: $(CompileDependsOn)=C:\Program Files\dotnet\sdk\10.0.100\Sdks\Microsoft.NET.Sdk.WindowsDesktop\targets\Microsoft.WinFX.targets (136,5)의 "
       C:\Program Files\dotnet\sdk\10.0.100\Sdks\Microsoft.NET.Sdk.WindowsDesktop\targets\Microsoft.WinFX.targets(136,5): message :         
       C:\Program Files\dotnet\sdk\10.0.100\Sdks\Microsoft.NET.Sdk.WindowsDesktop\targets\Microsoft.WinFX.targets(136,5): message :       
       C:\Program Files\dotnet\sdk\10.0.100\Sdks\Microsoft.NET.Sdk.WindowsDesktop\targets\Microsoft.WinFX.targets(136,5): message :       ResolveReferences;
       C:\Program Files\dotnet\sdk\10.0.100\Sdks\Microsoft.NET.Sdk.WindowsDesktop\targets\Microsoft.WinFX.targets(136,5): message :       ResolveKeySource;
       C:\Program Files\dotnet\sdk\10.0.100\Sdks\Microsoft.NET.Sdk.WindowsDesktop\targets\Microsoft.WinFX.targets(136,5): message :       SetWin32ManifestProperties;
       C:\Program Files\dotnet\sdk\10.0.100\Sdks\Microsoft.NET.Sdk.WindowsDesktop\targets\Microsoft.WinFX.targets(136,5): message :       _SetPreferNativeArm64Win32ManifestProperties;
       C:\Program Files\dotnet\sdk\10.0.100\Sdks\Microsoft.NET.Sdk.WindowsDesktop\targets\Microsoft.WinFX.targets(136,5): message :       FindReferenceAssembliesForReferences;
       C:\Program Files\dotnet\sdk\10.0.100\Sdks\Microsoft.NET.Sdk.WindowsDesktop\targets\Microsoft.WinFX.targets(136,5): message :       _GenerateCompileInputs;
       C:\Program Files\dotnet\sdk\10.0.100\Sdks\Microsoft.NET.Sdk.WindowsDesktop\targets\Microsoft.WinFX.targets(136,5): message :       BeforeCompile;
       C:\Program Files\dotnet\sdk\10.0.100\Sdks\Microsoft.NET.Sdk.WindowsDesktop\targets\Microsoft.WinFX.targets(136,5): message :       _TimeStampBeforeCompile;
       C:\Program Files\dotnet\sdk\10.0.100\Sdks\Microsoft.NET.Sdk.WindowsDesktop\targets\Microsoft.WinFX.targets(136,5): message :       _GenerateCompileDependencyCache;
       C:\Program Files\dotnet\sdk\10.0.100\Sdks\Microsoft.NET.Sdk.WindowsDesktop\targets\Microsoft.WinFX.targets(136,5): message :       CoreCompile;
       C:\Program Files\dotnet\sdk\10.0.100\Sdks\Microsoft.NET.Sdk.WindowsDesktop\targets\Microsoft.WinFX.targets(136,5): message :       _TimeStampAfterCompile;
       C:\Program Files\dotnet\sdk\10.0.100\Sdks\Microsoft.NET.Sdk.WindowsDesktop\targets\Microsoft.WinFX.targets(136,5): message :       AfterCompile;
       C:\Program Files\dotnet\sdk\10.0.100\Sdks\Microsoft.NET.Sdk.WindowsDesktop\targets\Microsoft.WinFX.targets(136,5): message :     ;
       C:\Program Files\dotnet\sdk\10.0.100\Sdks\Microsoft.NET.Sdk.WindowsDesktop\targets\Microsoft.WinFX.targets(136,5): message :       _CreateAppHost;
       C:\Program Files\dotnet\sdk\10.0.100\Sdks\Microsoft.NET.Sdk.WindowsDesktop\targets\Microsoft.WinFX.targets(136,5): message :       _CreateComHost;
       C:\Program Files\dotnet\sdk\10.0.100\Sdks\Microsoft.NET.Sdk.WindowsDesktop\targets\Microsoft.WinFX.targets(136,5): message :       _GetIjwHostPaths;
       C:\Program Files\dotnet\sdk\10.0.100\Sdks\Microsoft.NET.Sdk.WindowsDesktop\targets\Microsoft.WinFX.targets(136,5): message :     ;
       C:\Program Files\dotnet\sdk\10.0.100\Sdks\Microsoft.NET.Sdk.WindowsDesktop\targets\Microsoft.WinFX.targets(136,5): message :         _AfterCompileWinFXInternal
       C:\Program Files\dotnet\sdk\10.0.100\Sdks\Microsoft.NET.Sdk.WindowsDesktop\targets\Microsoft.WinFX.targets(136,5): message :     "(이전 값: "
       C:\Program Files\dotnet\sdk\10.0.100\Sdks\Microsoft.NET.Sdk.WindowsDesktop\targets\Microsoft.WinFX.targets(136,5): message :       
       C:\Program Files\dotnet\sdk\10.0.100\Sdks\Microsoft.NET.Sdk.WindowsDesktop\targets\Microsoft.WinFX.targets(136,5): message :       ResolveReferences;
       C:\Program Files\dotnet\sdk\10.0.100\Sdks\Microsoft.NET.Sdk.WindowsDesktop\targets\Microsoft.WinFX.targets(136,5): message :       ResolveKeySource;
       C:\Program Files\dotnet\sdk\10.0.100\Sdks\Microsoft.NET.Sdk.WindowsDesktop\targets\Microsoft.WinFX.targets(136,5): message :       SetWin32ManifestProperties;
       C:\Program Files\dotnet\sdk\10.0.100\Sdks\Microsoft.NET.Sdk.WindowsDesktop\targets\Microsoft.WinFX.targets(136,5): message :       _SetPreferNativeArm64Win32ManifestProperties;
       C:\Program Files\dotnet\sdk\10.0.100\Sdks\Microsoft.NET.Sdk.WindowsDesktop\targets\Microsoft.WinFX.targets(136,5): message :       FindReferenceAssembliesForReferences;
       C:\Program Files\dotnet\sdk\10.0.100\Sdks\Microsoft.NET.Sdk.WindowsDesktop\targets\Microsoft.WinFX.targets(136,5): message :       _GenerateCompileInputs;
       C:\Program Files\dotnet\sdk\10.0.100\Sdks\Microsoft.NET.Sdk.WindowsDesktop\targets\Microsoft.WinFX.targets(136,5): message :       BeforeCompile;
       C:\Program Files\dotnet\sdk\10.0.100\Sdks\Microsoft.NET.Sdk.WindowsDesktop\targets\Microsoft.WinFX.targets(136,5): message :       _TimeStampBeforeCompile;
       C:\Program Files\dotnet\sdk\10.0.100\Sdks\Microsoft.NET.Sdk.WindowsDesktop\targets\Microsoft.WinFX.targets(136,5): message :       _GenerateCompileDependencyCache;
       C:\Program Files\dotnet\sdk\10.0.100\Sdks\Microsoft.NET.Sdk.WindowsDesktop\targets\Microsoft.WinFX.targets(136,5): message :       CoreCompile;
       C:\Program Files\dotnet\sdk\10.0.100\Sdks\Microsoft.NET.Sdk.WindowsDesktop\targets\Microsoft.WinFX.targets(136,5): message :       _TimeStampAfterCompile;
       C:\Program Files\dotnet\sdk\10.0.100\Sdks\Microsoft.NET.Sdk.WindowsDesktop\targets\Microsoft.WinFX.targets(136,5): message :       AfterCompile;
       C:\Program Files\dotnet\sdk\10.0.100\Sdks\Microsoft.NET.Sdk.WindowsDesktop\targets\Microsoft.WinFX.targets(136,5): message :     ;
       C:\Program Files\dotnet\sdk\10.0.100\Sdks\Microsoft.NET.Sdk.WindowsDesktop\targets\Microsoft.WinFX.targets(136,5): message :       _CreateAppHost;
       C:\Program Files\dotnet\sdk\10.0.100\Sdks\Microsoft.NET.Sdk.WindowsDesktop\targets\Microsoft.WinFX.targets(136,5): message :       _CreateComHost;
       C:\Program Files\dotnet\sdk\10.0.100\Sdks\Microsoft.NET.Sdk.WindowsDesktop\targets\Microsoft.WinFX.targets(136,5): message :       _GetIjwHostPaths;
       C:\Program Files\dotnet\sdk\10.0.100\Sdks\Microsoft.NET.Sdk.WindowsDesktop\targets\Microsoft.WinFX.targets(136,5): message :     ")
       C:\Program Files\dotnet\sdk\10.0.100\Sdks\Microsoft.NET.Sdk.WindowsDesktop\targets\Microsoft.WinFX.targets(803,9): message : 속성 재할당: $(PublishBuildDependsOn)=C:\Program Files\dotnet\sdk\10.0.100\Sdks\Microsoft.NET.Sdk.WindowsDesktop\targets\Microsoft.WinFX.targets (803,9)의 "
       C:\Program Files\dotnet\sdk\10.0.100\Sdks\Microsoft.NET.Sdk.WindowsDesktop\targets\Microsoft.WinFX.targets(803,9): message :             BuildOnlySettings;
       C:\Program Files\dotnet\sdk\10.0.100\Sdks\Microsoft.NET.Sdk.WindowsDesktop\targets\Microsoft.WinFX.targets(803,9): message :             PrepareForBuild;
       C:\Program Files\dotnet\sdk\10.0.100\Sdks\Microsoft.NET.Sdk.WindowsDesktop\targets\Microsoft.WinFX.targets(803,9): message :             ResolveReferences;
       C:\Program Files\dotnet\sdk\10.0.100\Sdks\Microsoft.NET.Sdk.WindowsDesktop\targets\Microsoft.WinFX.targets(803,9): message :             PrepareResources;
       C:\Program Files\dotnet\sdk\10.0.100\Sdks\Microsoft.NET.Sdk.WindowsDesktop\targets\Microsoft.WinFX.targets(803,9): message :             ResolveKeySource;
       C:\Program Files\dotnet\sdk\10.0.100\Sdks\Microsoft.NET.Sdk.WindowsDesktop\targets\Microsoft.WinFX.targets(803,9): message :             PrepareResourcesForSatelliteAssemblies;
       C:\Program Files\dotnet\sdk\10.0.100\Sdks\Microsoft.NET.Sdk.WindowsDesktop\targets\Microsoft.WinFX.targets(803,9): message :             GenerateSerializationAssemblies;
       C:\Program Files\dotnet\sdk\10.0.100\Sdks\Microsoft.NET.Sdk.WindowsDesktop\targets\Microsoft.WinFX.targets(803,9): message :             CreateSatelliteAssemblies;
       C:\Program Files\dotnet\sdk\10.0.100\Sdks\Microsoft.NET.Sdk.WindowsDesktop\targets\Microsoft.WinFX.targets(803,9): message :         "(이전 값: "
       C:\Program Files\dotnet\sdk\10.0.100\Sdks\Microsoft.NET.Sdk.WindowsDesktop\targets\Microsoft.WinFX.targets(803,9): message :       BuildOnlySettings;
       C:\Program Files\dotnet\sdk\10.0.100\Sdks\Microsoft.NET.Sdk.WindowsDesktop\targets\Microsoft.WinFX.targets(803,9): message :       PrepareForBuild;
       C:\Program Files\dotnet\sdk\10.0.100\Sdks\Microsoft.NET.Sdk.WindowsDesktop\targets\Microsoft.WinFX.targets(803,9): message :       ResolveReferences;
       C:\Program Files\dotnet\sdk\10.0.100\Sdks\Microsoft.NET.Sdk.WindowsDesktop\targets\Microsoft.WinFX.targets(803,9): message :       PrepareResources;
       C:\Program Files\dotnet\sdk\10.0.100\Sdks\Microsoft.NET.Sdk.WindowsDesktop\targets\Microsoft.WinFX.targets(803,9): message :       ResolveKeySource;
       C:\Program Files\dotnet\sdk\10.0.100\Sdks\Microsoft.NET.Sdk.WindowsDesktop\targets\Microsoft.WinFX.targets(803,9): message :       GenerateSerializationAssemblies;
       C:\Program Files\dotnet\sdk\10.0.100\Sdks\Microsoft.NET.Sdk.WindowsDesktop\targets\Microsoft.WinFX.targets(803,9): message :       CreateSatelliteAssemblies;
       C:\Program Files\dotnet\sdk\10.0.100\Sdks\Microsoft.NET.Sdk.WindowsDesktop\targets\Microsoft.WinFX.targets(803,9): message :     ")
       C:\Program Files\dotnet\sdk\10.0.100\NuGet.Build.Tasks.Pack.targets(34,5): message : 속성 재할당: $(PackageDescription)=C:\Program Files\dotnet\sdk\10.0.100\NuGet.Build.Tasks.Pack.targets (34,5)의 "Package Description"(이전 값: "")
       C:\Program Files\dotnet\sdk\10.0.100\NuGet.Build.Tasks.Pack.targets(59,5): message : 속성 재할당: $(GenerateNuspecDependsOn)=C:\Program Files\dotnet\sdk\10.0.100\NuGet.Build.Tasks.Pack.targets (59,5)의 "Build;_LoadPackInputItems; _GetTargetFrameworksOutput; _WalkEachTargetPerFramework; _GetPackageFiles; "(이전 값: "_LoadPackInputItems; _GetTargetFrameworksOutput; _WalkEachTargetPerFramework; _GetPackageFiles; ")
       C:\Program Files\dotnet\sdk\10.0.100\Sdks\Microsoft.NET.Sdk\Sdk\Sdk.targets(59,5): message : 속성 재할당: $(_IsNotSetContainersTargetsDir)=C:\Program Files\dotnet\sdk\10.0.100\Sdks\Microsoft.NET.Sdk\Sdk\Sdk.targets (59,5)의 "true"(이전 값: "false")
       C:\Program Files\dotnet\sdk\10.0.100\Containers\build\Microsoft.NET.Build.Containers.targets(5,5): message : 속성 재할당: $(_IsSDKContainerAllowedVersion)=C:\Program Files\dotnet\sdk\10.0.100\Containers\build\Microsoft.NET.Build.Containers.targets (5,5)의 "true"(이전 값: "false")
       C:\Program Files\dotnet\sdk\10.0.100\Containers\build\Microsoft.NET.Build.Containers.targets(15,5): message : 속성 재할당: $(_ContainerIsTargetingNet8TFM)=C:\Program Files\dotnet\sdk\10.0.100\Containers\build\Microsoft.NET.Build.Containers.targets (15,5)의 "true"(이전 값: "false")
       "C:\Program Files\dotnet\sdk\10.0.100\Microsoft.Common.CurrentVersion.targets" 프로젝트의 "ResolveFrameworkReferences" 대상을 "C:\Program Files\dotnet\sdk\10.0.100\Sdks\Microsoft.NET.Sdk\targets\Microsoft.NET.Sdk.FrameworkReferenceResolution.targets" 프로젝트의 "ResolveFrameworkReferences" 대상으로 재정의하고 있습니다.
       "C:\Program Files\dotnet\sdk\10.0.100\Microsoft.Common.CurrentVersion.targets" 프로젝트의 "GenerateSupportedTargetFrameworkAlias" 대상을 "C:\Program Files\dotnet\sdk\10.0.100\Sdks\Microsoft.NET.Sdk\targets\Microsoft.NET.Sdk.targets" 프로젝트의 "GenerateSupportedTargetFrameworkAlias" 대상으로 재정의하고 있습니다.
       "C:\Program Files\dotnet\sdk\10.0.100\Microsoft.Common.CurrentVersion.targets" 프로젝트의 "GetReferenceAssemblyPaths" 대상을 "C:\Program Files\dotnet\sdk\10.0.100\Sdks\Microsoft.NET.Sdk\targets\Microsoft.NET.DisableStandardFrameworkResolution.targets" 프로젝트의 "GetReferenceAssemblyPaths" 대상으로 재정의하고 있습니다.
       "C:\Program Files\dotnet\sdk\10.0.100\Microsoft.Common.CurrentVersion.targets" 프로젝트의 "GetFrameworkPaths" 대상을 "C:\Program Files\dotnet\sdk\10.0.100\Sdks\Microsoft.NET.Sdk\targets\Microsoft.NET.DisableStandardFrameworkResolution.targets" 프로젝트의 "GetFrameworkPaths" 대상으로 재정의하고 있습니다.
       "C:\Program Files\dotnet\sdk\10.0.100\Microsoft.Common.CurrentVersion.targets" 프로젝트의 "DesignerRuntimeImplementationProjectOutputGroup" 대상을 "C:\Program Files\dotnet\sdk\10.0.100\Sdks\Microsoft.NET.Sdk\targets\Microsoft.NET.DesignerSupport.targets" 프로젝트의 "DesignerRuntimeImplementationProjectOutputGroup" 대상으로 재정의하고 있습니다.
       "C:\Program Files\dotnet\sdk\10.0.100\Microsoft.Common.CurrentVersion.targets" 프로젝트의 "Publish" 대상을 "C:\Program Files\dotnet\sdk\10.0.100\Sdks\Microsoft.NET.Sdk\targets\Microsoft.NET.Publish.targets" 프로젝트의 "Publish" 대상으로 재정의하고 있습니다.
       "C:\Program Files\dotnet\sdk\10.0.100\Sdks\Microsoft.NET.Sdk\targets\Microsoft.NET.CrossGen.targets" 프로젝트의 "ResolveReadyToRunCompilers" 대상을 "C:\Program Files\dotnet\sdk\10.0.100\Sdks\Microsoft.NET.Sdk\targets\Microsoft.NET.Publish.targets" 프로젝트의 "ResolveReadyToRunCompilers" 대상으로 재정의하고 있습니다.
       "C:\Program Files\dotnet\sdk\10.0.100\Microsoft.Common.CurrentVersion.targets" 프로젝트의 "GetCopyToPublishDirectoryItems" 대상을 "C:\Program Files\dotnet\sdk\10.0.100\Sdks\Microsoft.NET.Sdk\targets\Microsoft.NET.Publish.targets" 프로젝트의 "GetCopyToPublishDirectoryItems" 대상으로 재정의하고 있습니다.
       "C:\Program Files\dotnet\sdk\10.0.100\Microsoft.Common.CurrentVersion.targets" 프로젝트의 "Run" 대상을 "C:\Program Files\dotnet\sdk\10.0.100\Sdks\Microsoft.NET.Sdk\targets\Microsoft.NET.Sdk.targets" 프로젝트의 "Run" 대상으로 재정의하고 있습니다.
       "C:\Program Files\dotnet\sdk\10.0.100\Microsoft.Common.CurrentVersion.targets" 프로젝트의 "SatelliteDllsProjectOutputGroup" 대상을 "C:\Program Files\dotnet\sdk\10.0.100\Sdks\Microsoft.NET.Sdk.WindowsDesktop\targets\Microsoft.WinFX.targets" 프로젝트의 "SatelliteDllsProjectOutputGroup" 대상으로 재정의하고 있습니다.
   2:6>"c:\WORK\SRC\Railml_editor\RailmlEditor\RailmlEditor.csproj"(2:6) 프로젝트가 1 노드에서 "c:\WORK\SRC\Railml_editor\RailmlEditor\RailmlEditor_o34edsgn_wpftmp.csproj"(3)을(를) 빌드하고 있습니다(_CompileTemporaryAssembly 대상).
     3>"c:\WORK\SRC\Railml_editor\RailmlEditor\RailmlEditor_o34edsgn_wpftmp.csproj" 프로젝트의 "C:\Program Files\dotnet\sdk\10.0.100\Microsoft.Common.CurrentVersion.targets" 파일에 있는 "BuildOnlySettings" 대상("_CompileTemporaryAssembly" 대상이 종속됨):
     3>C:\Program Files\dotnet\sdk\10.0.100\Microsoft.Common.CurrentVersion.targets(1168,7): message : 속성 재할당: $(BuildingProject)=C:\Program Files\dotnet\sdk\10.0.100\Microsoft.Common.CurrentVersion.targets (1168,7)의 "true"(이전 값: "false") [c:\WORK\SRC\Railml_editor\RailmlEditor\RailmlEditor_o34edsgn_wpftmp.csproj]
     3>"RailmlEditor_o34edsgn_wpftmp.csproj" 프로젝트에 "BuildOnlySettings" 대상을 빌드했습니다.
     3>"c:\WORK\SRC\Railml_editor\RailmlEditor\RailmlEditor_o34edsgn_wpftmp.csproj" 프로젝트의 "C:\Program Files\dotnet\sdk\10.0.100\Microsoft.Common.CurrentVersion.targets" 파일에 있는 "IgnoreJavaScriptOutputAssembly" 대상("AssignProjectConfiguration" 대상이 종속됨):
     3>"RailmlEditor_o34edsgn_wpftmp.csproj" 프로젝트에 "IgnoreJavaScriptOutputAssembly" 대상을 빌드했습니다.
     3>"c:\WORK\SRC\Railml_editor\RailmlEditor\RailmlEditor_o34edsgn_wpftmp.csproj" 프로젝트의 "C:\Program Files\dotnet\sdk\10.0.100\Sdks\Microsoft.NET.Sdk\targets\Microsoft.NET.Sdk.FrameworkReferenceResolution.targets" 파일에 있는 "AddWindowsSdkKnownFrameworkReferences" 대상("ProcessFrameworkReferences" 대상이 종속됨):
       "C:\Program Files\dotnet\sdk\10.0.100\Sdks\Microsoft.NET.Sdk\targets\..\tools\net10.0\Microsoft.NET.Build.Tasks.dll" 어셈블리에서 "CreateWindowsSdkKnownFrameworkReferences" 작업을 사용합니다.
       "CreateWindowsSdkKnownFrameworkReferences" 작업
       "CreateWindowsSdkKnownFrameworkReferences" 작업을 실행했습니다.
     3>"RailmlEditor_o34edsgn_wpftmp.csproj" 프로젝트에 "AddWindowsSdkKnownFrameworkReferences" 대상을 빌드했습니다.
     3>"c:\WORK\SRC\Railml_editor\RailmlEditor\RailmlEditor_o34edsgn_wpftmp.csproj" 프로젝트의 "C:\Program Files\dotnet\sdk\10.0.100\Sdks\Microsoft.NET.Sdk\targets\Microsoft.NET.TargetFrameworkInference.targets" 파일에 있는 "_NormalizeTargetPlatformVersion" 대상("ProcessFrameworkReferences" 대상이 종속됨):
     3>"RailmlEditor_o34edsgn_wpftmp.csproj" 프로젝트에 "_NormalizeTargetPlatformVersion" 대상을 빌드했습니다.
     3>"c:\WORK\SRC\Railml_editor\RailmlEditor\RailmlEditor_o34edsgn_wpftmp.csproj" 프로젝트의 "C:\Program Files\dotnet\sdk\10.0.100\Sdks\Microsoft.NET.Sdk\targets\Microsoft.NET.RuntimeIdentifierInference.targets" 파일에 있는 "_CheckForLanguageAndFeatureCombinationSupport" 대상("ProcessFrameworkReferences" 대상이 종속됨):
     3>"RailmlEditor_o34edsgn_wpftmp.csproj" 프로젝트에 "_CheckForLanguageAndFeatureCombinationSupport" 대상을 빌드했습니다.
     3>"c:\WORK\SRC\Railml_editor\RailmlEditor\RailmlEditor_o34edsgn_wpftmp.csproj" 프로젝트의 "C:\Program Files\dotnet\sdk\10.0.100\Sdks\Microsoft.NET.Sdk\targets\Microsoft.NET.Publish.targets" 파일에 있는 "_ComputeToolPackInputsToProcessFrameworkReferences" 대상("ProcessFrameworkReferences" 대상이 종속됨):
     3>"RailmlEditor_o34edsgn_wpftmp.csproj" 프로젝트에 "_ComputeToolPackInputsToProcessFrameworkReferences" 대상을 빌드했습니다.
     3>"c:\WORK\SRC\Railml_editor\RailmlEditor\RailmlEditor_o34edsgn_wpftmp.csproj" 프로젝트의 "C:\Program Files\dotnet\sdk\10.0.100\Sdks\Microsoft.NET.Sdk\targets\Microsoft.NET.Sdk.FrameworkReferenceResolution.targets" 파일에 있는 "ProcessFrameworkReferences" 대상("ResolvePackageAssets" 대상이 종속됨):
       "C:\Program Files\dotnet\sdk\10.0.100\Sdks\Microsoft.NET.Sdk\targets\..\tools\net10.0\Microsoft.NET.Build.Tasks.dll" 어셈블리에서 "CheckForDuplicateFrameworkReferences" 작업을 사용합니다.
       "CheckForDuplicateFrameworkReferences" 작업
       "CheckForDuplicateFrameworkReferences" 작업을 실행했습니다.
       "C:\Program Files\dotnet\sdk\10.0.100\Sdks\Microsoft.NET.Sdk\targets\..\tools\net10.0\Microsoft.NET.Build.Tasks.dll" 어셈블리에서 "ProcessFrameworkReferences" 작업을 사용합니다.
       "ProcessFrameworkReferences" 작업
         Found 2 known framework references for target framework .NETCoreApp
         Found 5 known runtime packs for target framework .NETCoreApp
         Selected Microsoft.NETCore.App with RIDs 'linux-arm;linux-arm64;linux-musl-arm64;linux-musl-x64;linux-x64;osx-x64;tizen.4.0.0-armel;tizen.5.0.0-armel;win-arm64;win-x64;win-x86;linux-musl-arm;osx-arm64;linux-s390x;linux-loongarch64;linux-bionic-arm;linux-bionic-arm64;linux-bionic-x64;linux-bionic-x86;linux-ppc64le;freebsd-x64;freebsd-arm64;linux-riscv64;linux-musl-riscv64;linux-musl-loongarch64;android-arm64;android-x64'
         Selected targeting pack 'Microsoft.NETCore.App@10.0.0'
         Added runtime framework 'Microsoft.NETCore.App@10.0.0'
         Selected Microsoft.WindowsDesktop.App with RIDs 'win-x64;win-x86;win-arm64'
         Selected targeting pack 'Microsoft.WindowsDesktop.App@10.0.0'
         Added runtime framework 'Microsoft.WindowsDesktop.App@10.0.0'
         Selected Microsoft.WindowsDesktop.App with RIDs 'win-x64;win-x86;win-arm64'
         Selected targeting pack 'Microsoft.WindowsDesktop.App.WPF@10.0.0'
         Added runtime framework 'Microsoft.WindowsDesktop.App@10.0.0'
         Selected Microsoft.WindowsDesktop.App with RIDs 'win-x64;win-x86;win-arm64'
         Selected targeting pack 'Microsoft.WindowsDesktop.App.WindowsForms@10.0.0'
         Added runtime framework 'Microsoft.WindowsDesktop.App@10.0.0'
         Selected Microsoft.AspNetCore.App with RIDs 'win-x64;win-x86;osx-x64;linux-musl-x64;linux-musl-arm64;linux-x64;linux-arm;linux-arm64;linux-musl-arm;win-arm64;osx-arm64;linux-s390x;linux-loongarch64;linux-ppc64le;freebsd-x64;freebsd-arm64;linux-riscv64;linux-musl-riscv64;linux-loongarch64;linux-musl-loongarch64'
         Selected targeting pack 'Microsoft.AspNetCore.App@10.0.0'
         Added runtime framework 'Microsoft.AspNetCore.App@10.0.0'
       "ProcessFrameworkReferences" 작업을 실행했습니다.
       "C:\Program Files\dotnet\sdk\10.0.100\Sdks\Microsoft.NET.Sdk\targets\..\tools\net10.0\Microsoft.NET.Build.Tasks.dll" 어셈블리에서 "ResolveAppHosts" 작업을 사용합니다.
       "ResolveAppHosts" 작업
       "ResolveAppHosts" 작업을 실행했습니다.
     3>"RailmlEditor_o34edsgn_wpftmp.csproj" 프로젝트에 "ProcessFrameworkReferences" 대상을 빌드했습니다.
     3>"c:\WORK\SRC\Railml_editor\RailmlEditor\RailmlEditor_o34edsgn_wpftmp.csproj" 프로젝트의 "C:\Program Files\dotnet\sdk\10.0.100\Sdks\Microsoft.NET.Sdk\targets\Microsoft.NET.Sdk.Shared.targets" 파일에 있는 "_DefaultMicrosoftNETPlatformLibrary" 대상("ResolvePackageAssets" 대상이 종속됨):
     3>"RailmlEditor_o34edsgn_wpftmp.csproj" 프로젝트에 "_DefaultMicrosoftNETPlatformLibrary" 대상을 빌드했습니다.
     3>"c:\WORK\SRC\Railml_editor\RailmlEditor\RailmlEditor_o34edsgn_wpftmp.csproj" 프로젝트의 "C:\Program Files\dotnet\sdk\10.0.100\Sdks\Microsoft.NET.Sdk\targets\Microsoft.NET.Sdk.Shared.targets" 파일에 있는 "_ComputePackageReferencePublish" 대상("ResolvePackageAssets" 대상이 종속됨):
     3>"RailmlEditor_o34edsgn_wpftmp.csproj" 프로젝트에 "_ComputePackageReferencePublish" 대상을 빌드했습니다.
     3>"c:\WORK\SRC\Railml_editor\RailmlEditor\RailmlEditor_o34edsgn_wpftmp.csproj" 프로젝트의 "C:\Program Files\dotnet\sdk\10.0.100\Sdks\Microsoft.NET.Sdk\targets\Microsoft.PackageDependencyResolution.targets" 파일에 있는 "ResolvePackageAssets" 대상("ResolveLockFileReferences" 대상이 종속됨):
       "C:\Program Files\dotnet\sdk\10.0.100\Sdks\Microsoft.NET.Sdk\targets\..\tools\net10.0\Microsoft.NET.Build.Tasks.dll" 어셈블리에서 "ResolvePackageAssets" 작업을 사용합니다.
       "ResolvePackageAssets" 작업
       "ResolvePackageAssets" 작업을 실행했습니다.
     3>"RailmlEditor_o34edsgn_wpftmp.csproj" 프로젝트에 "ResolvePackageAssets" 대상을 빌드했습니다.
     3>"c:\WORK\SRC\Railml_editor\RailmlEditor\RailmlEditor_o34edsgn_wpftmp.csproj" 프로젝트의 "C:\Program Files\dotnet\sdk\10.0.100\Sdks\Microsoft.NET.Sdk\targets\Microsoft.PackageDependencyResolution.targets" 파일에 있는 "ResolveLockFileReferences" 대상("ResolvePackageDependenciesForBuild" 대상이 종속됨):
       "C:\Program Files\dotnet\sdk\10.0.100\Sdks\Microsoft.NET.Sdk\targets\..\tools\net10.0\Microsoft.NET.Build.Tasks.dll" 어셈블리에서 "JoinItems" 작업을 사용합니다.
       "JoinItems" 작업
       "JoinItems" 작업을 실행했습니다.
     3>"RailmlEditor_o34edsgn_wpftmp.csproj" 프로젝트에 "ResolveLockFileReferences" 대상을 빌드했습니다.
       "ResolvePackageAssets" 대상을 건너뜁니다. 이전에 빌드되었습니다.
     3>"c:\WORK\SRC\Railml_editor\RailmlEditor\RailmlEditor_o34edsgn_wpftmp.csproj" 프로젝트의 "C:\Program Files\dotnet\sdk\10.0.100\Sdks\Microsoft.NET.Sdk\targets\Microsoft.PackageDependencyResolution.targets" 파일에 있는 "ResolveLockFileAnalyzers" 대상("ResolvePackageDependenciesForBuild" 대상이 종속됨):
     3>"RailmlEditor_o34edsgn_wpftmp.csproj" 프로젝트에 "ResolveLockFileAnalyzers" 대상을 빌드했습니다.
       "ResolvePackageAssets" 대상을 건너뜁니다. 이전에 빌드되었습니다.
     3>"c:\WORK\SRC\Railml_editor\RailmlEditor\RailmlEditor_o34edsgn_wpftmp.csproj" 프로젝트의 "C:\Program Files\dotnet\sdk\10.0.100\Sdks\Microsoft.NET.Sdk\targets\Microsoft.PackageDependencyResolution.targets" 파일에 있는 "ResolveLockFileCopyLocalFiles" 대상("ResolvePackageDependenciesForBuild" 대상이 종속됨):
     3>"RailmlEditor_o34edsgn_wpftmp.csproj" 프로젝트에 "ResolveLockFileCopyLocalFiles" 대상을 빌드했습니다.
       "ResolvePackageAssets" 대상을 건너뜁니다. 이전에 빌드되었습니다.
     3>"c:\WORK\SRC\Railml_editor\RailmlEditor\RailmlEditor_o34edsgn_wpftmp.csproj" 프로젝트의 "C:\Program Files\dotnet\sdk\10.0.100\Sdks\Microsoft.NET.Sdk\targets\Microsoft.PackageDependencyResolution.targets" 파일에 있는 "IncludeTransitiveProjectReferences" 대상("ResolvePackageDependenciesForBuild" 대상이 종속됨):
     3>"RailmlEditor_o34edsgn_wpftmp.csproj" 프로젝트에 "IncludeTransitiveProjectReferences" 대상을 빌드했습니다.
     3>"c:\WORK\SRC\Railml_editor\RailmlEditor\RailmlEditor_o34edsgn_wpftmp.csproj" 프로젝트의 "C:\Program Files\dotnet\sdk\10.0.100\Sdks\Microsoft.NET.Sdk\targets\Microsoft.PackageDependencyResolution.targets" 파일에 있는 "ResolvePackageDependenciesForBuild" 대상("AssignProjectConfiguration" 대상이 종속됨):
     3>"RailmlEditor_o34edsgn_wpftmp.csproj" 프로젝트에 "ResolvePackageDependenciesForBuild" 대상을 빌드했습니다.
     3>"c:\WORK\SRC\Railml_editor\RailmlEditor\RailmlEditor_o34edsgn_wpftmp.csproj" 프로젝트의 "C:\Program Files\dotnet\sdk\10.0.100\Microsoft.Common.CurrentVersion.targets" 파일에 있는 "AssignProjectConfiguration" 대상("PrepareProjectReferences" 대상이 종속됨):
       "AssignProjectConfiguration" 작업
       "AssignProjectConfiguration" 작업을 실행했습니다.
     3>"RailmlEditor_o34edsgn_wpftmp.csproj" 프로젝트에 "AssignProjectConfiguration" 대상을 빌드했습니다.
     3>"c:\WORK\SRC\Railml_editor\RailmlEditor\RailmlEditor_o34edsgn_wpftmp.csproj" 프로젝트의 "C:\Program Files\dotnet\sdk\10.0.100\Microsoft.Common.CurrentVersion.targets" 파일에 있는 "_SplitProjectReferencesByFileExistence" 대상("PrepareProjectReferences" 대상이 종속됨):
     3>"RailmlEditor_o34edsgn_wpftmp.csproj" 프로젝트에 "_SplitProjectReferencesByFileExistence" 대상을 빌드했습니다.
     3>"c:\WORK\SRC\Railml_editor\RailmlEditor\RailmlEditor_o34edsgn_wpftmp.csproj" 프로젝트의 "C:\Program Files\dotnet\sdk\10.0.100\Microsoft.Common.CurrentVersion.targets" 파일에 있는 "_AddOutputPathToGlobalPropertiesToRemove" 대상("_GetProjectReferenceTargetFrameworkProperties" 대상이 종속됨):
     3>"RailmlEditor_o34edsgn_wpftmp.csproj" 프로젝트에 "_AddOutputPathToGlobalPropertiesToRemove" 대상을 빌드했습니다.
     3>"c:\WORK\SRC\Railml_editor\RailmlEditor\RailmlEditor_o34edsgn_wpftmp.csproj" 프로젝트의 "C:\Program Files\dotnet\sdk\10.0.100\Microsoft.Common.CurrentVersion.targets" 파일에 있는 "_GetProjectReferenceTargetFrameworkProperties" 대상("PrepareProjectReferences" 대상이 종속됨):
       "MSBuild" 작업
       "MSBuild" 작업을 실행했습니다.
       "SetRidAgnosticValueForProjects" 작업
       "SetRidAgnosticValueForProjects" 작업을 실행했습니다.
     3>"RailmlEditor_o34edsgn_wpftmp.csproj" 프로젝트에 "_GetProjectReferenceTargetFrameworkProperties" 대상을 빌드했습니다.
     3>"c:\WORK\SRC\Railml_editor\RailmlEditor\RailmlEditor_o34edsgn_wpftmp.csproj" 프로젝트의 "C:\Program Files\dotnet\sdk\10.0.100\Sdks\Microsoft.NET.Sdk\targets\Microsoft.NET.Sdk.targets" 파일에 있는 "_CalculateIsVSTestTestProject" 대상("ValidateExecutableReferences" 대상이 종속됨):
     3>"RailmlEditor_o34edsgn_wpftmp.csproj" 프로젝트에 "_CalculateIsVSTestTestProject" 대상을 빌드했습니다.
     3>"c:\WORK\SRC\Railml_editor\RailmlEditor\RailmlEditor_o34edsgn_wpftmp.csproj" 프로젝트의 "C:\Program Files\dotnet\sdk\10.0.100\Sdks\Microsoft.NET.Sdk\targets\Microsoft.NET.Sdk.targets" 파일에 있는 "ValidateExecutableReferences" 대상("PrepareProjectReferences" 대상이 종속됨):
       "C:\Program Files\dotnet\sdk\10.0.100\Sdks\Microsoft.NET.Sdk\targets\..\tools\net10.0\Microsoft.NET.Build.Tasks.dll" 어셈블리에서 "ValidateExecutableReferences" 작업을 사용합니다.
       "ValidateExecutableReferences" 작업
       "ValidateExecutableReferences" 작업을 실행했습니다.
     3>"RailmlEditor_o34edsgn_wpftmp.csproj" 프로젝트에 "ValidateExecutableReferences" 대상을 빌드했습니다.
     3>"c:\WORK\SRC\Railml_editor\RailmlEditor\RailmlEditor_o34edsgn_wpftmp.csproj" 프로젝트의 "C:\Program Files\dotnet\sdk\10.0.100\Microsoft.Common.CurrentVersion.targets" 파일에 있는 "PrepareProjectReferences" 대상("ResolveProjectReferences" 대상이 종속됨):
     3>"RailmlEditor_o34edsgn_wpftmp.csproj" 프로젝트에 "PrepareProjectReferences" 대상을 빌드했습니다.
     3>"c:\WORK\SRC\Railml_editor\RailmlEditor\RailmlEditor_o34edsgn_wpftmp.csproj" 프로젝트의 "C:\Program Files\dotnet\sdk\10.0.100\Microsoft.Common.CurrentVersion.targets" 파일에 있는 "ResolveProjectReferences" 대상("_CompileTemporaryAssembly" 대상이 종속됨):
     3>"RailmlEditor_o34edsgn_wpftmp.csproj" 프로젝트에 "ResolveProjectReferences" 대상을 빌드했습니다.
     3>"c:\WORK\SRC\Railml_editor\RailmlEditor\RailmlEditor_o34edsgn_wpftmp.csproj" 프로젝트의 "C:\Program Files\dotnet\sdk\10.0.100\Sdks\Microsoft.NET.Sdk\targets\Microsoft.NET.Windows.targets" 파일에 있는 "RemoveManagedWinRTComponentWinMDReferences" 대상("_CompileTemporaryAssembly" 대상이 종속됨):
     3>"RailmlEditor_o34edsgn_wpftmp.csproj" 프로젝트에 "RemoveManagedWinRTComponentWinMDReferences" 대상을 빌드했습니다.
     3>"c:\WORK\SRC\Railml_editor\RailmlEditor\RailmlEditor_o34edsgn_wpftmp.csproj" 프로젝트의 "C:\Program Files\dotnet\sdk\10.0.100\Roslyn\Microsoft.Managed.Core.targets" 파일에 있는 "ShimReferencePathsWhenCommonTargetsDoesNotUnderstandReferenceAssemblies" 대상("_BeforeVBCSCoreCompile" 대상이 종속됨):
     3>"RailmlEditor_o34edsgn_wpftmp.csproj" 프로젝트에 "ShimReferencePathsWhenCommonTargetsDoesNotUnderstandReferenceAssemblies" 대상을 빌드했습니다.
     3>"c:\WORK\SRC\Railml_editor\RailmlEditor\RailmlEditor_o34edsgn_wpftmp.csproj" 프로젝트의 "C:\Program Files\dotnet\sdk\10.0.100\Roslyn\Microsoft.Managed.Core.targets" 파일에 있는 "_BeforeVBCSCoreCompile" 대상("CoreCompile" 대상이 종속됨):
     3>"RailmlEditor_o34edsgn_wpftmp.csproj" 프로젝트에 "_BeforeVBCSCoreCompile" 대상을 빌드했습니다.
       "ShimReferencePathsWhenCommonTargetsDoesNotUnderstandReferenceAssemblies" 대상을 건너뜁니다. 이전에 빌드되었습니다.
     3>"c:\WORK\SRC\Railml_editor\RailmlEditor\RailmlEditor_o34edsgn_wpftmp.csproj" 프로젝트의 "C:\Program Files\dotnet\sdk\10.0.100\Roslyn\Microsoft.Managed.Core.targets" 파일에 있는 "_ComputeSkipAnalyzers" 대상("CoreCompile" 대상이 종속됨):
     3>"RailmlEditor_o34edsgn_wpftmp.csproj" 프로젝트에 "_ComputeSkipAnalyzers" 대상을 빌드했습니다.
     3>"c:\WORK\SRC\Railml_editor\RailmlEditor\RailmlEditor_o34edsgn_wpftmp.csproj" 프로젝트의 "C:\Program Files\dotnet\sdk\10.0.100\Sdks\Microsoft.NET.Sdk\targets\Microsoft.NET.TargetFrameworkInference.targets" 파일에 있는 "_CollectTargetFrameworkForTelemetry" 대상("GetFrameworkPaths" 대상이 종속됨):
       "C:\Program Files\dotnet\sdk\10.0.100\Sdks\Microsoft.NET.Sdk\targets\..\tools\net10.0\Microsoft.NET.Build.Tasks.dll" 어셈블리에서 "AllowEmptyTelemetry" 작업을 사용합니다.
       "AllowEmptyTelemetry" 작업
       "AllowEmptyTelemetry" 작업을 실행했습니다.
     3>"RailmlEditor_o34edsgn_wpftmp.csproj" 프로젝트에 "_CollectTargetFrameworkForTelemetry" 대상을 빌드했습니다.
     3>"c:\WORK\SRC\Railml_editor\RailmlEditor\RailmlEditor_o34edsgn_wpftmp.csproj" 프로젝트의 "C:\Program Files\dotnet\sdk\10.0.100\Sdks\Microsoft.NET.Sdk\targets\Microsoft.NET.TargetFrameworkInference.targets" 파일에 있는 "_CheckForUnsupportedTargetPlatformIdentifier" 대상("GetFrameworkPaths" 대상이 종속됨):
     3>"RailmlEditor_o34edsgn_wpftmp.csproj" 프로젝트에 "_CheckForUnsupportedTargetPlatformIdentifier" 대상을 빌드했습니다.
     3>"c:\WORK\SRC\Railml_editor\RailmlEditor\RailmlEditor_o34edsgn_wpftmp.csproj" 프로젝트의 "C:\Program Files\dotnet\sdk\10.0.100\Sdks\Microsoft.NET.Sdk\targets\Microsoft.NET.DisableStandardFrameworkResolution.targets" 파일에 있는 "GetFrameworkPaths" 대상("PrepareForBuild" 대상이 종속됨):
     3>"RailmlEditor_o34edsgn_wpftmp.csproj" 프로젝트에 "GetFrameworkPaths" 대상을 빌드했습니다.
     3>"c:\WORK\SRC\Railml_editor\RailmlEditor\RailmlEditor_o34edsgn_wpftmp.csproj" 프로젝트의 "C:\Program Files\dotnet\sdk\10.0.100\Sdks\Microsoft.NET.Sdk\targets\Microsoft.NET.DisableStandardFrameworkResolution.targets" 파일에 있는 "GetReferenceAssemblyPaths" 대상("PrepareForBuild" 대상이 종속됨):
     3>"RailmlEditor_o34edsgn_wpftmp.csproj" 프로젝트에 "GetReferenceAssemblyPaths" 대상을 빌드했습니다.
     3>"c:\WORK\SRC\Railml_editor\RailmlEditor\RailmlEditor_o34edsgn_wpftmp.csproj" 프로젝트의 "C:\Program Files\dotnet\sdk\10.0.100\Microsoft.Common.CurrentVersion.targets" 파일에 있는 "PrepareForBuild" 대상("GenerateMSBuildEditorConfigFile" 대상이 종속됨):
       "FindAppConfigFile" 작업
       "FindAppConfigFile" 작업을 실행했습니다.
       "MakeDir" 작업
       "MakeDir" 작업을 실행했습니다.
     3>"RailmlEditor_o34edsgn_wpftmp.csproj" 프로젝트에 "PrepareForBuild" 대상을 빌드했습니다.
     3>"c:\WORK\SRC\Railml_editor\RailmlEditor\RailmlEditor_o34edsgn_wpftmp.csproj" 프로젝트의 "C:\Program Files\dotnet\sdk\10.0.100\Sdks\Microsoft.NET.Sdk\targets\Microsoft.NET.Sdk.BeforeCommon.targets" 파일에 있는 "GenerateTargetFrameworkDefineConstants" 대상("AddImplicitDefineConstants" 대상이 종속됨):
     3>"RailmlEditor_o34edsgn_wpftmp.csproj" 프로젝트에 "GenerateTargetFrameworkDefineConstants" 대상을 빌드했습니다.
     3>"c:\WORK\SRC\Railml_editor\RailmlEditor\RailmlEditor_o34edsgn_wpftmp.csproj" 프로젝트의 "C:\Program Files\dotnet\sdk\10.0.100\Sdks\Microsoft.NET.Sdk\targets\Microsoft.NET.Sdk.BeforeCommon.targets" 파일에 있는 "GenerateTargetPlatformDefineConstants" 대상("AddImplicitDefineConstants" 대상이 종속됨):
     3>"RailmlEditor_o34edsgn_wpftmp.csproj" 프로젝트에 "GenerateTargetPlatformDefineConstants" 대상을 빌드했습니다.
     3>"c:\WORK\SRC\Railml_editor\RailmlEditor\RailmlEditor_o34edsgn_wpftmp.csproj" 프로젝트의 "C:\Program Files\dotnet\sdk\10.0.100\Sdks\Microsoft.NET.Sdk\targets\Microsoft.NET.Sdk.BeforeCommon.targets" 파일에 있는 "GenerateNETCompatibleDefineConstants" 대상("AddImplicitDefineConstants" 대상이 종속됨):
     3>"RailmlEditor_o34edsgn_wpftmp.csproj" 프로젝트에 "GenerateNETCompatibleDefineConstants" 대상을 빌드했습니다.
     3>"c:\WORK\SRC\Railml_editor\RailmlEditor\RailmlEditor_o34edsgn_wpftmp.csproj" 프로젝트의 "C:\Program Files\dotnet\sdk\10.0.100\Sdks\Microsoft.NET.Sdk\targets\Microsoft.NET.Sdk.BeforeCommon.targets" 파일에 있는 "GeneratePlatformCompatibleDefineConstants" 대상("AddImplicitDefineConstants" 대상이 종속됨):
     3>"RailmlEditor_o34edsgn_wpftmp.csproj" 프로젝트에 "GeneratePlatformCompatibleDefineConstants" 대상을 빌드했습니다.
     3>"c:\WORK\SRC\Railml_editor\RailmlEditor\RailmlEditor_o34edsgn_wpftmp.csproj" 프로젝트의 "C:\Program Files\dotnet\sdk\10.0.100\Sdks\Microsoft.NET.Sdk\targets\Microsoft.NET.Sdk.BeforeCommon.targets" 파일에 있는 "AddImplicitDefineConstants" 대상("GenerateMSBuildEditorConfigFile" 대상이 종속됨):
       C:\Program Files\dotnet\sdk\10.0.100\Sdks\Microsoft.NET.Sdk\targets\Microsoft.NET.Sdk.BeforeCommon.targets(295,7): message : 속성 재할당: $(DefineConstants)=C:\Program Files\dotnet\sdk\10.0.100\Sdks\Microsoft.NET.Sdk\targets\Microsoft.NET.Sdk.BeforeCommon.targets (295,7)의 "TRACE;DEBUG;NET;NET10_0;NETCOREAPP;WINDOWS;WINDOWS7_0;NET5_0_OR_GREATER;NET6_0_OR_GREATER;NET7_0_OR_GREATER;NET8_0_OR_GREATER;NET9_0_OR_GREATER;NET10_0_OR_GREATER;NETCOREAPP3_0_OR_GREATER;NETCOREAPP3_1_OR_GREATER;WINDOWS7_0_OR_GREATER"(이전 값: "TRACE;DEBUG") [c:\WORK\SRC\Railml_editor\RailmlEditor\RailmlEditor_o34edsgn_wpftmp.csproj]
     3>"RailmlEditor_o34edsgn_wpftmp.csproj" 프로젝트에 "AddImplicitDefineConstants" 대상을 빌드했습니다.
     3>"c:\WORK\SRC\Railml_editor\RailmlEditor\RailmlEditor_o34edsgn_wpftmp.csproj" 프로젝트의 "C:\Program Files\dotnet\sdk\10.0.100\Roslyn\Microsoft.Managed.Core.targets" 파일에 있는 "GenerateMSBuildEditorConfigFileShouldRun" 대상("GenerateMSBuildEditorConfigFile" 대상이 종속됨):
     3>"RailmlEditor_o34edsgn_wpftmp.csproj" 프로젝트에 "GenerateMSBuildEditorConfigFileShouldRun" 대상을 빌드했습니다.
     3>"c:\WORK\SRC\Railml_editor\RailmlEditor\RailmlEditor_o34edsgn_wpftmp.csproj" 프로젝트의 "C:\Program Files\dotnet\sdk\10.0.100\Sdks\Microsoft.NET.Sdk\codestyle\cs\build\Microsoft.CodeAnalysis.CSharp.CodeStyle.targets" 파일에 있는 "AddGlobalAnalyzerConfigForPackage_MicrosoftCodeAnalysisCSharpCodeStyle" 대상("GenerateMSBuildEditorConfigFileCore" 대상이 종속됨):
     3>"RailmlEditor_o34edsgn_wpftmp.csproj" 프로젝트에 "AddGlobalAnalyzerConfigForPackage_MicrosoftCodeAnalysisCSharpCodeStyle" 대상을 빌드했습니다.
     3>"c:\WORK\SRC\Railml_editor\RailmlEditor\RailmlEditor_o34edsgn_wpftmp.csproj" 프로젝트의 "C:\Program Files\dotnet\sdk\10.0.100\Roslyn\Microsoft.Managed.Core.targets" 파일에 있는 "GenerateMSBuildEditorConfigFileCore" 대상("GenerateMSBuildEditorConfigFile" 대상이 종속됨):
       "GenerateMSBuildEditorConfigFileCore" 대상을 모두 빌드하고 있습니다.
       입력 파일을 지정하지 않았습니다.
       "C:\Program Files\dotnet\sdk\10.0.100\Sdks\Microsoft.NET.Sdk\targets\..\..\..\Roslyn\Microsoft.Build.Tasks.CodeAnalysis.dll" 어셈블리에서 "GenerateMSBuildEditorConfig" 작업을 사용합니다.
       "GenerateMSBuildEditorConfig" 작업
       "GenerateMSBuildEditorConfig" 작업을 실행했습니다.
     3>"RailmlEditor_o34edsgn_wpftmp.csproj" 프로젝트에 "GenerateMSBuildEditorConfigFileCore" 대상을 빌드했습니다.
     3>"c:\WORK\SRC\Railml_editor\RailmlEditor\RailmlEditor_o34edsgn_wpftmp.csproj" 프로젝트의 "C:\Program Files\dotnet\sdk\10.0.100\Roslyn\Microsoft.Managed.Core.targets" 파일에 있는 "GenerateMSBuildEditorConfigFile" 대상("CoreCompile" 대상이 종속됨):
     3>"RailmlEditor_o34edsgn_wpftmp.csproj" 프로젝트에 "GenerateMSBuildEditorConfigFile" 대상을 빌드했습니다.
     3>"c:\WORK\SRC\Railml_editor\RailmlEditor\RailmlEditor_o34edsgn_wpftmp.csproj" 프로젝트의 "C:\Program Files\dotnet\sdk\10.0.100\Sdks\Microsoft.NET.Sdk\targets\Microsoft.NET.Sdk.DefaultItems.Shared.targets" 파일에 있는 "CheckForDuplicateItems" 대상("CoreCompile" 대상이 종속됨):
       "C:\Program Files\dotnet\sdk\10.0.100\Sdks\Microsoft.NET.Sdk\targets\..\tools\net10.0\Microsoft.NET.Build.Tasks.dll" 어셈블리에서 "CheckForDuplicateItems" 작업을 사용합니다.
       "CheckForDuplicateItems" 작업
       "CheckForDuplicateItems" 작업을 실행했습니다.
       "CheckForDuplicateItems" 작업
       "CheckForDuplicateItems" 작업을 실행했습니다.
       "CheckForDuplicateItems" 작업
       "CheckForDuplicateItems" 작업을 실행했습니다.
     3>"RailmlEditor_o34edsgn_wpftmp.csproj" 프로젝트에 "CheckForDuplicateItems" 대상을 빌드했습니다.
       "PrepareForBuild" 대상을 건너뜁니다. 이전에 빌드되었습니다.
       "GetReferenceAssemblyPaths" 대상을 건너뜁니다. 이전에 빌드되었습니다.
     3>"c:\WORK\SRC\Railml_editor\RailmlEditor\RailmlEditor_o34edsgn_wpftmp.csproj" 프로젝트의 "C:\Program Files\dotnet\sdk\10.0.100\Microsoft.CSharp.CurrentVersion.targets" 파일에 있는 "_SetTargetFrameworkMonikerAttribute" 대상("GenerateTargetFrameworkMonikerAttribute" 대상이 종속됨):
     3>"RailmlEditor_o34edsgn_wpftmp.csproj" 프로젝트에 "_SetTargetFrameworkMonikerAttribute" 대상을 빌드했습니다.
     3>"c:\WORK\SRC\Railml_editor\RailmlEditor\RailmlEditor_o34edsgn_wpftmp.csproj" 프로젝트의 "C:\Program Files\dotnet\sdk\10.0.100\Microsoft.Common.CurrentVersion.targets" 파일에 있는 "GenerateTargetFrameworkMonikerAttribute" 대상("BeforeCompile" 대상이 종속됨):
       해당 입력 파일과 비교하여 출력 파일이 모두 최신 파일이므로 "GenerateTargetFrameworkMonikerAttribute" 대상을 건너뜁니다.
       입력 파일: C:\Program Files\dotnet\sdk\10.0.100\Microsoft.Common.targets
       출력 파일: obj\Debug\net10.0-windows\.NETCoreApp,Version=v10.0.AssemblyAttributes.cs
     3>"RailmlEditor_o34edsgn_wpftmp.csproj" 프로젝트에 "GenerateTargetFrameworkMonikerAttribute" 대상을 빌드했습니다.
       "PrepareForBuild" 대상을 건너뜁니다. 이전에 빌드되었습니다.
     3>"c:\WORK\SRC\Railml_editor\RailmlEditor\RailmlEditor_o34edsgn_wpftmp.csproj" 프로젝트의 "C:\Program Files\dotnet\sdk\10.0.100\Sdks\Microsoft.NET.Sdk\targets\Microsoft.NET.GenerateAssemblyInfo.targets" 파일에 있는 "GetAssemblyVersion" 대상("GetAssemblyAttributes" 대상이 종속됨):
       "C:\Program Files\dotnet\sdk\10.0.100\Sdks\Microsoft.NET.Sdk\targets\..\tools\net10.0\Microsoft.NET.Build.Tasks.dll" 어셈블리에서 "GetAssemblyVersion" 작업을 사용합니다.
       "GetAssemblyVersion" 작업
       "GetAssemblyVersion" 작업을 실행했습니다.
     3>"RailmlEditor_o34edsgn_wpftmp.csproj" 프로젝트에 "GetAssemblyVersion" 대상을 빌드했습니다.
     3>"c:\WORK\SRC\Railml_editor\RailmlEditor\RailmlEditor_o34edsgn_wpftmp.csproj" 프로젝트의 "C:\Program Files\dotnet\sdk\10.0.100\Sdks\Microsoft.Build.Tasks.Git\build\Microsoft.Build.Tasks.Git.targets" 파일에 있는 "InitializeSourceControlInformationFromSourceControlManager" 대상("_InitializeSourceControlInformationFromSourceControlManager" 대상이 종속됨):
       "C:\Program Files\dotnet\sdk\10.0.100\Sdks\Microsoft.Build.Tasks.Git\build\..\tools\net\Microsoft.Build.Tasks.Git.dll" 어셈블리에서 "Microsoft.Build.Tasks.Git.LocateRepository" 작업을 사용합니다.
       "Microsoft.Build.Tasks.Git.LocateRepository" 작업
         SourceLink: Repository instance not found in cache: '*:c:\WORK\SRC\Railml_editor\.git'
       "Microsoft.Build.Tasks.Git.LocateRepository" 작업을 실행했습니다.
     3>"RailmlEditor_o34edsgn_wpftmp.csproj" 프로젝트에 "InitializeSourceControlInformationFromSourceControlManager" 대상을 빌드했습니다.
     3>"c:\WORK\SRC\Railml_editor\RailmlEditor\RailmlEditor_o34edsgn_wpftmp.csproj" 프로젝트의 "C:\Program Files\dotnet\sdk\10.0.100\Sdks\Microsoft.SourceLink.Common\build\InitializeSourceControlInformation.targets" 파일에 있는 "_SourceLinkHasSingleProvider" 대상("_InitializeSourceControlInformationFromSourceControlManager" 대상이 종속됨):
       TaskRun 동안 로드된 어셈블리: Microsoft.SourceLink.Common, Version=10.0.13.2411, Culture=neutral, PublicKeyToken=31bf3856ad364e35(위치: C:\Program Files\dotnet\sdk\10.0.100\Sdks\Microsoft.SourceLink.Common\tools\net\Microsoft.SourceLink.Common.dll, MVID: 5f611ff4-3f0b-490f-9735-93d2b7899a92, AssemblyLoadContext: MSBuild plugin C:\Program Files\dotnet\sdk\10.0.100\Sdks\Microsoft.SourceLink.Common\tools\net\Microsoft.SourceLink.Common.dll)
       "C:\Program Files\dotnet\sdk\10.0.100\Sdks\Microsoft.SourceLink.Common\build\..\tools\net\Microsoft.SourceLink.Common.dll" 어셈블리에서 "Microsoft.SourceLink.Common.SourceLinkHasSingleProvider" 작업을 사용합니다.
       "Microsoft.SourceLink.Common.SourceLinkHasSingleProvider" 작업
       "Microsoft.SourceLink.Common.SourceLinkHasSingleProvider" 작업을 실행했습니다.
     3>"RailmlEditor_o34edsgn_wpftmp.csproj" 프로젝트에 "_SourceLinkHasSingleProvider" 대상을 빌드했습니다.
     3>"c:\WORK\SRC\Railml_editor\RailmlEditor\RailmlEditor_o34edsgn_wpftmp.csproj" 프로젝트의 "C:\Program Files\dotnet\sdk\10.0.100\Sdks\Microsoft.SourceLink.GitHub\build\Microsoft.SourceLink.GitHub.targets" 파일에 있는 "TranslateGitHubUrlsInSourceControlInformation" 대상("_InitializeSourceControlInformationFromSourceControlManager" 대상이 종속됨):
       TaskRun 동안 로드된 어셈블리: Microsoft.SourceLink.GitHub, Version=10.0.13.2411, Culture=neutral, PublicKeyToken=31bf3856ad364e35(위치: C:\Program Files\dotnet\sdk\10.0.100\Sdks\Microsoft.SourceLink.GitHub\tools\net\Microsoft.SourceLink.GitHub.dll, MVID: d13ad165-5515-4da1-83af-c1cddad4ec10, AssemblyLoadContext: MSBuild plugin C:\Program Files\dotnet\sdk\10.0.100\Sdks\Microsoft.SourceLink.GitHub\tools\net\Microsoft.SourceLink.GitHub.dll)
       "C:\Program Files\dotnet\sdk\10.0.100\Sdks\Microsoft.SourceLink.GitHub\build\..\tools\net\Microsoft.SourceLink.GitHub.dll" 어셈블리에서 "Microsoft.SourceLink.GitHub.TranslateRepositoryUrls" 작업을 사용합니다.
       "Microsoft.SourceLink.GitHub.TranslateRepositoryUrls" 작업
       "Microsoft.SourceLink.GitHub.TranslateRepositoryUrls" 작업을 실행했습니다.
     3>"RailmlEditor_o34edsgn_wpftmp.csproj" 프로젝트에 "TranslateGitHubUrlsInSourceControlInformation" 대상을 빌드했습니다.
     3>"c:\WORK\SRC\Railml_editor\RailmlEditor\RailmlEditor_o34edsgn_wpftmp.csproj" 프로젝트의 "C:\Program Files\dotnet\sdk\10.0.100\Sdks\Microsoft.SourceLink.GitLab\build\Microsoft.SourceLink.GitLab.targets" 파일에 있는 "TranslateGitLabUrlsInSourceControlInformation" 대상("_InitializeSourceControlInformationFromSourceControlManager" 대상이 종속됨):
       TaskRun 동안 로드된 어셈블리: Microsoft.SourceLink.GitLab, Version=10.0.13.2411, Culture=neutral, PublicKeyToken=31bf3856ad364e35(위치: C:\Program Files\dotnet\sdk\10.0.100\Sdks\Microsoft.SourceLink.GitLab\tools\net\Microsoft.SourceLink.GitLab.dll, MVID: 67b18a57-466c-4625-91b7-b18750b52e73, AssemblyLoadContext: MSBuild plugin C:\Program Files\dotnet\sdk\10.0.100\Sdks\Microsoft.SourceLink.GitLab\tools\net\Microsoft.SourceLink.GitLab.dll)
       "C:\Program Files\dotnet\sdk\10.0.100\Sdks\Microsoft.SourceLink.GitLab\build\..\tools\net\Microsoft.SourceLink.GitLab.dll" 어셈블리에서 "Microsoft.SourceLink.GitLab.TranslateRepositoryUrls" 작업을 사용합니다.
       "Microsoft.SourceLink.GitLab.TranslateRepositoryUrls" 작업
       "Microsoft.SourceLink.GitLab.TranslateRepositoryUrls" 작업을 실행했습니다.
     3>"RailmlEditor_o34edsgn_wpftmp.csproj" 프로젝트에 "TranslateGitLabUrlsInSourceControlInformation" 대상을 빌드했습니다.
     3>"c:\WORK\SRC\Railml_editor\RailmlEditor\RailmlEditor_o34edsgn_wpftmp.csproj" 프로젝트의 "C:\Program Files\dotnet\sdk\10.0.100\Sdks\Microsoft.SourceLink.AzureRepos.Git\build\Microsoft.SourceLink.AzureRepos.Git.targets" 파일에 있는 "TranslateAzureReposGitUrlsInSourceControlInformation" 대상("_InitializeSourceControlInformationFromSourceControlManager" 대상이 종속됨):
       TaskRun 동안 로드된 어셈블리: Microsoft.SourceLink.AzureRepos.Git, Version=10.0.13.2411, Culture=neutral, PublicKeyToken=31bf3856ad364e35(위치: C:\Program Files\dotnet\sdk\10.0.100\Sdks\Microsoft.SourceLink.AzureRepos.Git\tools\net\Microsoft.SourceLink.AzureRepos.Git.dll, MVID: 0da536d0-a07d-48b0-90be-83105508dc0e, AssemblyLoadContext: MSBuild plugin C:\Program Files\dotnet\sdk\10.0.100\Sdks\Microsoft.SourceLink.AzureRepos.Git\tools\net\Microsoft.SourceLink.AzureRepos.Git.dll)
       "C:\Program Files\dotnet\sdk\10.0.100\Sdks\Microsoft.SourceLink.AzureRepos.Git\build\..\tools\net\Microsoft.SourceLink.AzureRepos.Git.dll" 어셈블리에서 "Microsoft.SourceLink.AzureRepos.Git.TranslateRepositoryUrls" 작업을 사용합니다.
       "Microsoft.SourceLink.AzureRepos.Git.TranslateRepositoryUrls" 작업
       "Microsoft.SourceLink.AzureRepos.Git.TranslateRepositoryUrls" 작업을 실행했습니다.
     3>"RailmlEditor_o34edsgn_wpftmp.csproj" 프로젝트에 "TranslateAzureReposGitUrlsInSourceControlInformation" 대상을 빌드했습니다.
     3>"c:\WORK\SRC\Railml_editor\RailmlEditor\RailmlEditor_o34edsgn_wpftmp.csproj" 프로젝트의 "C:\Program Files\dotnet\sdk\10.0.100\Sdks\Microsoft.SourceLink.Bitbucket.Git\build\Microsoft.SourceLink.Bitbucket.Git.targets" 파일에 있는 "TranslateBitbucketGitUrlsInSourceControlInformation" 대상("_InitializeSourceControlInformationFromSourceControlManager" 대상이 종속됨):
       TaskRun 동안 로드된 어셈블리: Microsoft.SourceLink.Bitbucket.Git, Version=10.0.13.2411, Culture=neutral, PublicKeyToken=31bf3856ad364e35(위치: C:\Program Files\dotnet\sdk\10.0.100\Sdks\Microsoft.SourceLink.Bitbucket.Git\tools\net\Microsoft.SourceLink.Bitbucket.Git.dll, MVID: f4faf052-0f79-41cb-9611-4f3a8e9cb843, AssemblyLoadContext: MSBuild plugin C:\Program Files\dotnet\sdk\10.0.100\Sdks\Microsoft.SourceLink.Bitbucket.Git\tools\net\Microsoft.SourceLink.Bitbucket.Git.dll)
       "C:\Program Files\dotnet\sdk\10.0.100\Sdks\Microsoft.SourceLink.Bitbucket.Git\build\..\tools\net\Microsoft.SourceLink.Bitbucket.Git.dll" 어셈블리에서 "Microsoft.SourceLink.Bitbucket.Git.TranslateRepositoryUrls" 작업을 사용합니다.
       "Microsoft.SourceLink.Bitbucket.Git.TranslateRepositoryUrls" 작업
       "Microsoft.SourceLink.Bitbucket.Git.TranslateRepositoryUrls" 작업을 실행했습니다.
     3>"RailmlEditor_o34edsgn_wpftmp.csproj" 프로젝트에 "TranslateBitbucketGitUrlsInSourceControlInformation" 대상을 빌드했습니다.
     3>"c:\WORK\SRC\Railml_editor\RailmlEditor\RailmlEditor_o34edsgn_wpftmp.csproj" 프로젝트의 "C:\Program Files\dotnet\sdk\10.0.100\Sdks\Microsoft.SourceLink.Common\build\InitializeSourceControlInformation.targets" 파일에 있는 "SourceControlManagerPublishTranslatedUrls" 대상("_InitializeSourceControlInformationFromSourceControlManager" 대상이 종속됨):
     3>"RailmlEditor_o34edsgn_wpftmp.csproj" 프로젝트에 "SourceControlManagerPublishTranslatedUrls" 대상을 빌드했습니다.
     3>"c:\WORK\SRC\Railml_editor\RailmlEditor\RailmlEditor_o34edsgn_wpftmp.csproj" 프로젝트의 "C:\Program Files\dotnet\sdk\10.0.100\Sdks\Microsoft.SourceLink.Common\build\InitializeSourceControlInformation.targets" 파일에 있는 "_InitializeSourceControlInformationFromSourceControlManager" 대상("InitializeSourceControlInformation" 대상이 종속됨):
     3>"RailmlEditor_o34edsgn_wpftmp.csproj" 프로젝트에 "_InitializeSourceControlInformationFromSourceControlManager" 대상을 빌드했습니다.
     3>"c:\WORK\SRC\Railml_editor\RailmlEditor\RailmlEditor_o34edsgn_wpftmp.csproj" 프로젝트의 "C:\Program Files\dotnet\sdk\10.0.100\Microsoft.Common.CurrentVersion.targets" 파일에 있는 "InitializeSourceControlInformation" 대상("GetAssemblyAttributes" 대상이 종속됨):
     3>"RailmlEditor_o34edsgn_wpftmp.csproj" 프로젝트에 "InitializeSourceControlInformation" 대상을 빌드했습니다.
       "GetAssemblyVersion" 대상을 건너뜁니다. 이전에 빌드되었습니다.
       "InitializeSourceControlInformation" 대상을 건너뜁니다. 이전에 빌드되었습니다.
     3>"c:\WORK\SRC\Railml_editor\RailmlEditor\RailmlEditor_o34edsgn_wpftmp.csproj" 프로젝트의 "C:\Program Files\dotnet\sdk\10.0.100\Sdks\Microsoft.NET.Sdk\targets\Microsoft.NET.GenerateAssemblyInfo.targets" 파일에 있는 "AddSourceRevisionToInformationalVersion" 대상("GetAssemblyAttributes" 대상이 종속됨):
       C:\Program Files\dotnet\sdk\10.0.100\Sdks\Microsoft.NET.Sdk\targets\Microsoft.NET.GenerateAssemblyInfo.targets(70,7): message : 속성 재할당: $(InformationalVersion)=C:\Program Files\dotnet\sdk\10.0.100\Sdks\Microsoft.NET.Sdk\targets\Microsoft.NET.GenerateAssemblyInfo.targets (70,7)의 "1.0.0+922dd4cd3d4d854527299afa953fc058f387b51c"(이전 값: "1.0.0") [c:\WORK\SRC\Railml_editor\RailmlEditor\RailmlEditor_o34edsgn_wpftmp.csproj]
     3>"RailmlEditor_o34edsgn_wpftmp.csproj" 프로젝트에 "AddSourceRevisionToInformationalVersion" 대상을 빌드했습니다.
     3>"c:\WORK\SRC\Railml_editor\RailmlEditor\RailmlEditor_o34edsgn_wpftmp.csproj" 프로젝트의 "C:\Program Files\dotnet\sdk\10.0.100\Sdks\Microsoft.NET.Sdk\targets\Microsoft.NET.GenerateAssemblyInfo.targets" 파일에 있는 "GetAssemblyAttributes" 대상("CreateGeneratedAssemblyInfoInputsCacheFile" 대상이 종속됨):
     3>"RailmlEditor_o34edsgn_wpftmp.csproj" 프로젝트에 "GetAssemblyAttributes" 대상을 빌드했습니다.
     3>"c:\WORK\SRC\Railml_editor\RailmlEditor\RailmlEditor_o34edsgn_wpftmp.csproj" 프로젝트의 "C:\Program Files\dotnet\sdk\10.0.100\Sdks\Microsoft.NET.Sdk\targets\Microsoft.NET.GenerateAssemblyInfo.targets" 파일에 있는 "CreateGeneratedAssemblyInfoInputsCacheFile" 대상("CoreGenerateAssemblyInfo" 대상이 종속됨):
       "Microsoft.Build.Tasks.Core, Version=15.1.0.0, Culture=neutral, PublicKeyToken=b03f5f7f11d50a3a" 어셈블리에서 "Hash" 작업을 사용합니다.
       "Hash" 작업
       "Hash" 작업을 실행했습니다.
       "WriteLinesToFile" 작업
       "WriteLinesToFile" 작업을 실행했습니다.
     3>"RailmlEditor_o34edsgn_wpftmp.csproj" 프로젝트에 "CreateGeneratedAssemblyInfoInputsCacheFile" 대상을 빌드했습니다.
     3>"c:\WORK\SRC\Railml_editor\RailmlEditor\RailmlEditor_o34edsgn_wpftmp.csproj" 프로젝트의 "C:\Program Files\dotnet\sdk\10.0.100\Sdks\Microsoft.NET.Sdk\targets\Microsoft.NET.GenerateAssemblyInfo.targets" 파일에 있는 "CoreGenerateAssemblyInfo" 대상("GenerateAssemblyInfo" 대상이 종속됨):
       "CoreGenerateAssemblyInfo" 대상을 모두 빌드하고 있습니다.
       출력 파일 "obj\Debug\net10.0-windows\RailmlEditor_o34edsgn_wpftmp.AssemblyInfo.cs"이(가) 없습니다.
       "Microsoft.Build.Tasks.Core, Version=15.1.0.0, Culture=neutral, PublicKeyToken=b03f5f7f11d50a3a" 어셈블리에서 "WriteCodeFragment" 작업을 사용합니다.
       "WriteCodeFragment" 작업
         지정한 코드를 "obj\Debug\net10.0-windows\RailmlEditor_o34edsgn_wpftmp.AssemblyInfo.cs"(으)로 내보냈습니다.
       "WriteCodeFragment" 작업을 실행했습니다.
     3>"RailmlEditor_o34edsgn_wpftmp.csproj" 프로젝트에 "CoreGenerateAssemblyInfo" 대상을 빌드했습니다.
     3>"c:\WORK\SRC\Railml_editor\RailmlEditor\RailmlEditor_o34edsgn_wpftmp.csproj" 프로젝트의 "C:\Program Files\dotnet\sdk\10.0.100\Sdks\Microsoft.NET.Sdk\targets\Microsoft.NET.GenerateAssemblyInfo.targets" 파일에 있는 "GenerateAssemblyInfo" 대상("BeforeCompile" 대상이 종속됨):
     3>"RailmlEditor_o34edsgn_wpftmp.csproj" 프로젝트에 "GenerateAssemblyInfo" 대상을 빌드했습니다.
     3>"c:\WORK\SRC\Railml_editor\RailmlEditor\RailmlEditor_o34edsgn_wpftmp.csproj" 프로젝트의 "C:\Program Files\dotnet\sdk\10.0.100\Sdks\Microsoft.NET.Sdk\targets\Microsoft.NET.GenerateGlobalUsings.targets" 파일에 있는 "GenerateGlobalUsings" 대상("BeforeCompile" 대상이 종속됨):
       "C:\Program Files\dotnet\sdk\10.0.100\Sdks\Microsoft.NET.Sdk\targets\..\tools\net10.0\Microsoft.NET.Build.Tasks.dll" 어셈블리에서 "GenerateGlobalUsings" 작업을 사용합니다.
       "GenerateGlobalUsings" 작업
       "GenerateGlobalUsings" 작업을 실행했습니다.
       "WriteLinesToFile" 작업
       "WriteLinesToFile" 작업을 실행했습니다.
     3>"RailmlEditor_o34edsgn_wpftmp.csproj" 프로젝트에 "GenerateGlobalUsings" 대상을 빌드했습니다.
     3>"c:\WORK\SRC\Railml_editor\RailmlEditor\RailmlEditor_o34edsgn_wpftmp.csproj" 프로젝트의 "C:\Program Files\dotnet\sdk\10.0.100\Microsoft.Common.CurrentVersion.targets" 파일에 있는 "BeforeCompile" 대상("_SetEmbeddedFilesFromSourceControlManagerUntrackedFiles" 대상이 종속됨):
     3>"RailmlEditor_o34edsgn_wpftmp.csproj" 프로젝트에 "BeforeCompile" 대상을 빌드했습니다.
       "InitializeSourceControlInformationFromSourceControlManager" 대상을 건너뜁니다. 이전에 빌드되었습니다.
     3>"c:\WORK\SRC\Railml_editor\RailmlEditor\RailmlEditor_o34edsgn_wpftmp.csproj" 프로젝트의 "C:\Program Files\dotnet\sdk\10.0.100\Sdks\Microsoft.Build.Tasks.Git\build\Microsoft.Build.Tasks.Git.targets" 파일에 있는 "SetEmbeddedFilesFromSourceControlManagerUntrackedFiles" 대상("_SetEmbeddedFilesFromSourceControlManagerUntrackedFiles" 대상이 종속됨):
       "C:\Program Files\dotnet\sdk\10.0.100\Sdks\Microsoft.Build.Tasks.Git\build\..\tools\net\Microsoft.Build.Tasks.Git.dll" 어셈블리에서 "Microsoft.Build.Tasks.Git.GetUntrackedFiles" 작업을 사용합니다.
       "Microsoft.Build.Tasks.Git.GetUntrackedFiles" 작업
         SourceLink: Reusing cached git repository information.
       "Microsoft.Build.Tasks.Git.GetUntrackedFiles" 작업을 실행했습니다.
     3>"RailmlEditor_o34edsgn_wpftmp.csproj" 프로젝트에 "SetEmbeddedFilesFromSourceControlManagerUntrackedFiles" 대상을 빌드했습니다.
     3>"c:\WORK\SRC\Railml_editor\RailmlEditor\RailmlEditor_o34edsgn_wpftmp.csproj" 프로젝트의 "C:\Program Files\dotnet\sdk\10.0.100\Sdks\Microsoft.SourceLink.Common\build\Microsoft.SourceLink.Common.targets" 파일에 있는 "_SetEmbeddedFilesFromSourceControlManagerUntrackedFiles" 대상("CoreCompile" 대상이 종속됨):
     3>"RailmlEditor_o34edsgn_wpftmp.csproj" 프로젝트에 "_SetEmbeddedFilesFromSourceControlManagerUntrackedFiles" 대상을 빌드했습니다.
       "InitializeSourceControlInformation" 대상을 건너뜁니다. 이전에 빌드되었습니다.
     3>"c:\WORK\SRC\Railml_editor\RailmlEditor\RailmlEditor_o34edsgn_wpftmp.csproj" 프로젝트의 "C:\Program Files\dotnet\sdk\10.0.100\Sdks\Microsoft.SourceLink.Common\build\Microsoft.SourceLink.Common.targets" 파일에 있는 "_SetSourceLinkFilePath" 대상("_GenerateSourceLinkFile" 대상이 종속됨):
     3>"RailmlEditor_o34edsgn_wpftmp.csproj" 프로젝트에 "_SetSourceLinkFilePath" 대상을 빌드했습니다.
       "InitializeSourceControlInformation" 대상을 건너뜁니다. 이전에 빌드되었습니다.
     3>"c:\WORK\SRC\Railml_editor\RailmlEditor\RailmlEditor_o34edsgn_wpftmp.csproj" 프로젝트의 "C:\Program Files\dotnet\sdk\10.0.100\Roslyn\Microsoft.Managed.Core.targets" 파일에 있는 "_InitializeSourceRootMappedPathsFromSourceControl" 대상("InitializeSourceRootMappedPaths" 대상이 종속됨):
     3>"RailmlEditor_o34edsgn_wpftmp.csproj" 프로젝트에 "_InitializeSourceRootMappedPathsFromSourceControl" 대상을 빌드했습니다.
     3>"c:\WORK\SRC\Railml_editor\RailmlEditor\RailmlEditor_o34edsgn_wpftmp.csproj" 프로젝트의 "C:\Program Files\dotnet\sdk\10.0.100\Roslyn\Microsoft.Managed.Core.targets" 파일에 있는 "InitializeSourceRootMappedPaths" 대상("_InitializeSourceRootMappedPathsOpt" 대상이 종속됨):
       "C:\Program Files\dotnet\sdk\10.0.100\Sdks\Microsoft.NET.Sdk\targets\..\..\..\Roslyn\Microsoft.Build.Tasks.CodeAnalysis.dll" 어셈블리에서 "Microsoft.CodeAnalysis.BuildTasks.MapSourceRoots" 작업을 사용합니다.
       "Microsoft.CodeAnalysis.BuildTasks.MapSourceRoots" 작업
       "Microsoft.CodeAnalysis.BuildTasks.MapSourceRoots" 작업을 실행했습니다.
     3>"RailmlEditor_o34edsgn_wpftmp.csproj" 프로젝트에 "InitializeSourceRootMappedPaths" 대상을 빌드했습니다.
     3>"c:\WORK\SRC\Railml_editor\RailmlEditor\RailmlEditor_o34edsgn_wpftmp.csproj" 프로젝트의 "C:\Program Files\dotnet\sdk\10.0.100\Sdks\Microsoft.SourceLink.Common\build\Microsoft.SourceLink.Common.targets" 파일에 있는 "_InitializeSourceRootMappedPathsOpt" 대상("_GenerateSourceLinkFile" 대상이 종속됨):
     3>"RailmlEditor_o34edsgn_wpftmp.csproj" 프로젝트에 "_InitializeSourceRootMappedPathsOpt" 대상을 빌드했습니다.
     3>"c:\WORK\SRC\Railml_editor\RailmlEditor\RailmlEditor_o34edsgn_wpftmp.csproj" 프로젝트의 "C:\Program Files\dotnet\sdk\10.0.100\Sdks\Microsoft.SourceLink.GitHub\build\Microsoft.SourceLink.GitHub.targets" 파일에 있는 "_InitializeGitHubSourceLinkUrl" 대상("_GenerateSourceLinkFile" 대상이 종속됨):
       "_InitializeGitHubSourceLinkUrl" 대상을 모두 빌드하고 있습니다.
       입력 파일을 지정하지 않았습니다.
       "C:\Program Files\dotnet\sdk\10.0.100\Sdks\Microsoft.SourceLink.GitHub\build\..\tools\net\Microsoft.SourceLink.GitHub.dll" 어셈블리에서 "Microsoft.SourceLink.GitHub.GetSourceLinkUrl" 작업을 사용합니다.
       "Microsoft.SourceLink.GitHub.GetSourceLinkUrl" 작업
       "Microsoft.SourceLink.GitHub.GetSourceLinkUrl" 작업을 실행했습니다.
     3>"RailmlEditor_o34edsgn_wpftmp.csproj" 프로젝트에 "_InitializeGitHubSourceLinkUrl" 대상을 빌드했습니다.
     3>"c:\WORK\SRC\Railml_editor\RailmlEditor\RailmlEditor_o34edsgn_wpftmp.csproj" 프로젝트의 "C:\Program Files\dotnet\sdk\10.0.100\Sdks\Microsoft.SourceLink.GitHub\build\Microsoft.SourceLink.GitHub.targets" 파일에 있는 "_InitializeGitHubSourceLinkUrl" 대상("_GenerateSourceLinkFile" 대상이 종속됨):
       "_InitializeGitHubSourceLinkUrl" 대상을 모두 빌드하고 있습니다.
       입력 파일을 지정하지 않았습니다.
       "Microsoft.SourceLink.GitHub.GetSourceLinkUrl" 작업
       "Microsoft.SourceLink.GitHub.GetSourceLinkUrl" 작업을 실행했습니다.
     3>"RailmlEditor_o34edsgn_wpftmp.csproj" 프로젝트에 "_InitializeGitHubSourceLinkUrl" 대상을 빌드했습니다.
     3>"c:\WORK\SRC\Railml_editor\RailmlEditor\RailmlEditor_o34edsgn_wpftmp.csproj" 프로젝트의 "C:\Program Files\dotnet\sdk\10.0.100\Sdks\Microsoft.SourceLink.GitLab\build\Microsoft.SourceLink.GitLab.targets" 파일에 있는 "_InitializeGitLabSourceLinkUrl" 대상("_GenerateSourceLinkFile" 대상이 종속됨):
       "_InitializeGitLabSourceLinkUrl" 대상을 모두 빌드하고 있습니다.
       입력 파일을 지정하지 않았습니다.
       "C:\Program Files\dotnet\sdk\10.0.100\Sdks\Microsoft.SourceLink.GitLab\build\..\tools\net\Microsoft.SourceLink.GitLab.dll" 어셈블리에서 "Microsoft.SourceLink.GitLab.GetSourceLinkUrl" 작업을 사용합니다.
       "Microsoft.SourceLink.GitLab.GetSourceLinkUrl" 작업
       C:\Program Files\dotnet\sdk\10.0.100\Sdks\Microsoft.SourceLink.GitLab\build\Microsoft.SourceLink.GitLab.targets(37,7): message : 속성 재할당: $(_SourceLinkUrlToUpdate)=C:\Program Files\dotnet\sdk\10.0.100\Sdks\Microsoft.SourceLink.GitLab\build\Microsoft.SourceLink.GitLab.targets (37,7)의 "N/A"(이전 값: "https://raw.githubusercontent.com/keepsky/Railml_editor/922dd4cd3d4d854527299afa953fc058f387b51c/*") [c:\WORK\SRC\Railml_editor\RailmlEditor\RailmlEditor_o34edsgn_wpftmp.csproj]
       "Microsoft.SourceLink.GitLab.GetSourceLinkUrl" 작업을 실행했습니다.
     3>"RailmlEditor_o34edsgn_wpftmp.csproj" 프로젝트에 "_InitializeGitLabSourceLinkUrl" 대상을 빌드했습니다.
     3>"c:\WORK\SRC\Railml_editor\RailmlEditor\RailmlEditor_o34edsgn_wpftmp.csproj" 프로젝트의 "C:\Program Files\dotnet\sdk\10.0.100\Sdks\Microsoft.SourceLink.GitLab\build\Microsoft.SourceLink.GitLab.targets" 파일에 있는 "_InitializeGitLabSourceLinkUrl" 대상("_GenerateSourceLinkFile" 대상이 종속됨):
       "_InitializeGitLabSourceLinkUrl" 대상을 모두 빌드하고 있습니다.
       입력 파일을 지정하지 않았습니다.
       "Microsoft.SourceLink.GitLab.GetSourceLinkUrl" 작업
       C:\Program Files\dotnet\sdk\10.0.100\Sdks\Microsoft.SourceLink.GitLab\build\Microsoft.SourceLink.GitLab.targets(37,7): message : 속성 재할당: $(_SourceLinkUrlToUpdate)=C:\Program Files\dotnet\sdk\10.0.100\Sdks\Microsoft.SourceLink.GitLab\build\Microsoft.SourceLink.GitLab.targets (37,7)의 "N/A"(이전 값: "https://raw.githubusercontent.com/keepsky/Railml_editor/922dd4cd3d4d854527299afa953fc058f387b51c/*") [c:\WORK\SRC\Railml_editor\RailmlEditor\RailmlEditor_o34edsgn_wpftmp.csproj]
       "Microsoft.SourceLink.GitLab.GetSourceLinkUrl" 작업을 실행했습니다.
     3>"RailmlEditor_o34edsgn_wpftmp.csproj" 프로젝트에 "_InitializeGitLabSourceLinkUrl" 대상을 빌드했습니다.
     3>"c:\WORK\SRC\Railml_editor\RailmlEditor\RailmlEditor_o34edsgn_wpftmp.csproj" 프로젝트의 "C:\Program Files\dotnet\sdk\10.0.100\Sdks\Microsoft.SourceLink.AzureRepos.Git\build\Microsoft.SourceLink.AzureRepos.Git.targets" 파일에 있는 "_InitializeAzureReposGitSourceLinkUrl" 대상("_GenerateSourceLinkFile" 대상이 종속됨):
       "_InitializeAzureReposGitSourceLinkUrl" 대상을 모두 빌드하고 있습니다.
       입력 파일을 지정하지 않았습니다.
       "C:\Program Files\dotnet\sdk\10.0.100\Sdks\Microsoft.SourceLink.AzureRepos.Git\build\..\tools\net\Microsoft.SourceLink.AzureRepos.Git.dll" 어셈블리에서 "Microsoft.SourceLink.AzureRepos.Git.GetSourceLinkUrl" 작업을 사용합니다.
       "Microsoft.SourceLink.AzureRepos.Git.GetSourceLinkUrl" 작업
       "Microsoft.SourceLink.AzureRepos.Git.GetSourceLinkUrl" 작업을 실행했습니다.
     3>"RailmlEditor_o34edsgn_wpftmp.csproj" 프로젝트에 "_InitializeAzureReposGitSourceLinkUrl" 대상을 빌드했습니다.
     3>"c:\WORK\SRC\Railml_editor\RailmlEditor\RailmlEditor_o34edsgn_wpftmp.csproj" 프로젝트의 "C:\Program Files\dotnet\sdk\10.0.100\Sdks\Microsoft.SourceLink.AzureRepos.Git\build\Microsoft.SourceLink.AzureRepos.Git.targets" 파일에 있는 "_InitializeAzureReposGitSourceLinkUrl" 대상("_GenerateSourceLinkFile" 대상이 종속됨):
       "_InitializeAzureReposGitSourceLinkUrl" 대상을 모두 빌드하고 있습니다.
       입력 파일을 지정하지 않았습니다.
       "Microsoft.SourceLink.AzureRepos.Git.GetSourceLinkUrl" 작업
       "Microsoft.SourceLink.AzureRepos.Git.GetSourceLinkUrl" 작업을 실행했습니다.
     3>"RailmlEditor_o34edsgn_wpftmp.csproj" 프로젝트에 "_InitializeAzureReposGitSourceLinkUrl" 대상을 빌드했습니다.
     3>"c:\WORK\SRC\Railml_editor\RailmlEditor\RailmlEditor_o34edsgn_wpftmp.csproj" 프로젝트의 "C:\Program Files\dotnet\sdk\10.0.100\Sdks\Microsoft.SourceLink.Bitbucket.Git\build\Microsoft.SourceLink.Bitbucket.Git.targets" 파일에 있는 "_InitializeBitbucketGitSourceLinkUrl" 대상("_GenerateSourceLinkFile" 대상이 종속됨):
       "_InitializeBitbucketGitSourceLinkUrl" 대상을 모두 빌드하고 있습니다.
       입력 파일을 지정하지 않았습니다.
       "C:\Program Files\dotnet\sdk\10.0.100\Sdks\Microsoft.SourceLink.Bitbucket.Git\build\..\tools\net\Microsoft.SourceLink.Bitbucket.Git.dll" 어셈블리에서 "Microsoft.SourceLink.Bitbucket.Git.GetSourceLinkUrl" 작업을 사용합니다.
       "Microsoft.SourceLink.Bitbucket.Git.GetSourceLinkUrl" 작업
       "Microsoft.SourceLink.Bitbucket.Git.GetSourceLinkUrl" 작업을 실행했습니다.
     3>"RailmlEditor_o34edsgn_wpftmp.csproj" 프로젝트에 "_InitializeBitbucketGitSourceLinkUrl" 대상을 빌드했습니다.
     3>"c:\WORK\SRC\Railml_editor\RailmlEditor\RailmlEditor_o34edsgn_wpftmp.csproj" 프로젝트의 "C:\Program Files\dotnet\sdk\10.0.100\Sdks\Microsoft.SourceLink.Bitbucket.Git\build\Microsoft.SourceLink.Bitbucket.Git.targets" 파일에 있는 "_InitializeBitbucketGitSourceLinkUrl" 대상("_GenerateSourceLinkFile" 대상이 종속됨):
       "_InitializeBitbucketGitSourceLinkUrl" 대상을 모두 빌드하고 있습니다.
       입력 파일을 지정하지 않았습니다.
       "Microsoft.SourceLink.Bitbucket.Git.GetSourceLinkUrl" 작업
       "Microsoft.SourceLink.Bitbucket.Git.GetSourceLinkUrl" 작업을 실행했습니다.
     3>"RailmlEditor_o34edsgn_wpftmp.csproj" 프로젝트에 "_InitializeBitbucketGitSourceLinkUrl" 대상을 빌드했습니다.
     3>"c:\WORK\SRC\Railml_editor\RailmlEditor\RailmlEditor_o34edsgn_wpftmp.csproj" 프로젝트의 "C:\Program Files\dotnet\sdk\10.0.100\Sdks\Microsoft.SourceLink.Common\build\Microsoft.SourceLink.Common.targets" 파일에 있는 "_GenerateSourceLinkFile" 대상("GenerateSourceLinkFile" 대상이 종속됨):
       "_GenerateSourceLinkFile" 대상을 모두 빌드하고 있습니다.
       입력 파일을 지정하지 않았습니다.
       "C:\Program Files\dotnet\sdk\10.0.100\Sdks\Microsoft.SourceLink.Common\build\..\tools\net\Microsoft.SourceLink.Common.dll" 어셈블리에서 "Microsoft.SourceLink.Common.GenerateSourceLinkFile" 작업을 사용합니다.
       "Microsoft.SourceLink.Common.GenerateSourceLinkFile" 작업
         TaskRun (Microsoft.SourceLink.Common.GenerateSourceLinkFile) 동안 로드된 어셈블리: Microsoft.SourceLink.Common.resources, Version=10.0.13.2411, Culture=ko, PublicKeyToken=31bf3856ad364e35(위치: C:\Program Files\dotnet\sdk\10.0.100\Sdks\Microsoft.SourceLink.Common\tools\net\ko\Microsoft.SourceLink.Common.resources.dll, MVID: d6021c5d-4a76-4c72-bc00-d21e49409d5e, AssemblyLoadContext: MSBuild plugin C:\Program Files\dotnet\sdk\10.0.100\Sdks\Microsoft.SourceLink.Common\tools\net\Microsoft.SourceLink.Common.dll)
         Source Link 파일 'obj\Debug\net10.0-windows\RailmlEditor_o34edsgn_wpftmp.sourcelink.json'을(를) 업데이트하는 중입니다.
       "Microsoft.SourceLink.Common.GenerateSourceLinkFile" 작업을 실행했습니다.
     3>"RailmlEditor_o34edsgn_wpftmp.csproj" 프로젝트에 "_GenerateSourceLinkFile" 대상을 빌드했습니다.
     3>"c:\WORK\SRC\Railml_editor\RailmlEditor\RailmlEditor_o34edsgn_wpftmp.csproj" 프로젝트의 "C:\Program Files\dotnet\sdk\10.0.100\Sdks\Microsoft.SourceLink.Common\build\Microsoft.SourceLink.Common.targets" 파일에 있는 "GenerateSourceLinkFile" 대상("CoreCompile" 대상이 종속됨):
     3>"RailmlEditor_o34edsgn_wpftmp.csproj" 프로젝트에 "GenerateSourceLinkFile" 대상을 빌드했습니다.
       "GenerateAssemblyInfo" 대상을 건너뜁니다. 이전에 빌드되었습니다.
       "GenerateGlobalUsings" 대상을 건너뜁니다. 이전에 빌드되었습니다.
     3>"c:\WORK\SRC\Railml_editor\RailmlEditor\RailmlEditor_o34edsgn_wpftmp.csproj" 프로젝트의 "C:\Program Files\dotnet\sdk\10.0.100\Sdks\Microsoft.NET.Sdk\analyzers\build\Microsoft.CodeAnalysis.NetAnalyzers.targets" 파일에 있는 "AddGlobalAnalyzerConfigForPackage_MicrosoftCodeAnalysisNetAnalyzers" 대상("CoreCompile" 대상이 종속됨):
     3>"RailmlEditor_o34edsgn_wpftmp.csproj" 프로젝트에 "AddGlobalAnalyzerConfigForPackage_MicrosoftCodeAnalysisNetAnalyzers" 대상을 빌드했습니다.
       "AddGlobalAnalyzerConfigForPackage_MicrosoftCodeAnalysisCSharpCodeStyle" 대상을 건너뜁니다. 이전에 빌드되었습니다.
       "CheckForDuplicateItems" 대상을 건너뜁니다. 이전에 빌드되었습니다.
     3>"c:\WORK\SRC\Railml_editor\RailmlEditor\RailmlEditor_o34edsgn_wpftmp.csproj" 프로젝트의 "C:\Program Files\dotnet\sdk\10.0.100\Sdks\Microsoft.NET.Sdk.WindowsDesktop\targets\Microsoft.NET.Sdk.WindowsDesktop.targets" 파일에 있는 "CheckForDuplicatePageItems" 대상("CoreCompile" 대상이 종속됨):
       "CheckForDuplicateItems" 작업
       "CheckForDuplicateItems" 작업을 실행했습니다.
     3>"RailmlEditor_o34edsgn_wpftmp.csproj" 프로젝트에 "CheckForDuplicatePageItems" 대상을 빌드했습니다.
     3>"c:\WORK\SRC\Railml_editor\RailmlEditor\RailmlEditor_o34edsgn_wpftmp.csproj" 프로젝트의 "C:\Program Files\dotnet\sdk\10.0.100\Sdks\Microsoft.NET.Sdk.WindowsDesktop\targets\Microsoft.WinFX.targets" 파일에 있는 "RemoveDuplicateAnalyzers" 대상("CoreCompile" 대상이 종속됨):
     3>"RailmlEditor_o34edsgn_wpftmp.csproj" 프로젝트에 "RemoveDuplicateAnalyzers" 대상을 빌드했습니다.
     3>"c:\WORK\SRC\Railml_editor\RailmlEditor\RailmlEditor_o34edsgn_wpftmp.csproj" 프로젝트의 "C:\Program Files\dotnet\sdk\10.0.100\Roslyn\Microsoft.CSharp.Core.targets" 파일에 있는 "CoreCompile" 대상("_CompileTemporaryAssembly" 대상이 종속됨):
       "CoreCompile" 대상을 모두 빌드하고 있습니다.
       입력 파일 "MainWindow.xaml.cs"이(가) 출력 파일 "obj\Debug\net10.0-windows\RailmlEditor.pdb"보다 최신 파일입니다.
       C:\Program Files\dotnet\sdk\10.0.100\Roslyn\Microsoft.CSharp.Core.targets(66,7): message : 속성 재할당: $(NoWarn)=C:\Program Files\dotnet\sdk\10.0.100\Roslyn\Microsoft.CSharp.Core.targets (66,7)의 "1701;1702;1701;1702"(이전 값: "1701;1702") [c:\WORK\SRC\Railml_editor\RailmlEditor\RailmlEditor_o34edsgn_wpftmp.csproj]
       "C:\Program Files\dotnet\sdk\10.0.100\Sdks\Microsoft.NET.Sdk\targets\..\..\..\Roslyn\Microsoft.Build.Tasks.CodeAnalysis.dll" 어셈블리에서 "Csc" 작업을 사용합니다.
       "Csc" 작업
         Setting DOTNET_ROOT to 'C:\Program Files\dotnet'
         TaskRun (Microsoft.CodeAnalysis.BuildTasks.Csc) 동안 로드된 어셈블리: Microsoft.Build.Utilities.Core.resources, Version=15.1.0.0, Culture=ko, PublicKeyToken=b03f5f7f11d50a3a(위치: C:\Program Files\dotnet\sdk\10.0.100\ko\Microsoft.Build.Utilities.Core.resources.dll, MVID: fec9d2da-39bf-4a71-9202-c57462374874, AssemblyLoadContext: Default)
         도구로 전달된 환경 변수:
           DOTNET_ROOT=C:\Program Files\dotnet
         C:\Program Files\dotnet\sdk\10.0.100\Roslyn\bincore\csc.exe /noconfig /unsafe- /checked- /nowarn:1701,1702,1701,1702 /fullpaths /nostdlib+ /errorreport:prompt /warn:10 /define:TRACE;DEBUG;NET;NET10_0;NETCOREAPP;WINDOWS;WINDOWS7_0;NET5_0_OR_GREATER;NET6_0_OR_GREATER;NET7_0_OR_GREATER;NET8_0_OR_GREATER;NET9_0_OR_GREATER;NET10_0_OR_GREATER;NETCOREAPP3_0_OR_GREATER;NETCOREAPP3_1_OR_GREATER;WINDOWS7_0_OR_GREATER /highentropyva+ /nullable:enable /reference:"C:\Program Files\dotnet\packs\Microsoft.WindowsDesktop.App.Ref\10.0.0\ref\net10.0\Accessibility.dll" /reference:"C:\Program Files\dotnet\packs\Microsoft.NETCore.App.Ref\10.0.0\ref\net10.0\Microsoft.CSharp.dll" /reference:"C:\Program Files\dotnet\packs\Microsoft.NETCore.App.Ref\10.0.0\ref\net10.0\Microsoft.VisualBasic.Core.dll" /reference:"C:\Program Files\dotnet\packs\Microsoft.NETCore.App.Ref\10.0.0\ref\net10.0\Microsoft.VisualBasic.dll" /reference:"C:\Program Files\dotnet\packs\Microsoft.NETCore.App.Ref\10.0.0\ref\net10.0\Microsoft.Win32.Primitives.dll" /reference:"C:\Program Files\dotnet\packs\Microsoft.WindowsDesktop.App.Ref\10.0.0\ref\net10.0\Microsoft.Win32.Registry.AccessControl.dll" /reference:"C:\Program Files\dotnet\packs\Microsoft.NETCore.App.Ref\10.0.0\ref\net10.0\Microsoft.Win32.Registry.dll" /reference:"C:\Program Files\dotnet\packs\Microsoft.WindowsDesktop.App.Ref\10.0.0\ref\net10.0\Microsoft.Win32.SystemEvents.dll" /reference:"C:\Program Files\dotnet\packs\Microsoft.NETCore.App.Ref\10.0.0\ref\net10.0\mscorlib.dll" /reference:"C:\Program Files\dotnet\packs\Microsoft.NETCore.App.Ref\10.0.0\ref\net10.0\netstandard.dll" /reference:"C:\Program Files\dotnet\packs\Microsoft.WindowsDesktop.App.Ref\10.0.0\ref\net10.0\PresentationCore.dll" /reference:"C:\Program Files\dotnet\packs\Microsoft.WindowsDesktop.App.Ref\10.0.0\ref\net10.0\PresentationFramework.Aero.dll" /reference:"C:\Program Files\dotnet\packs\Microsoft.WindowsDesktop.App.Ref\10.0.0\ref\net10.0\PresentationFramework.Aero2.dll" /reference:"C:\Program Files\dotnet\packs\Microsoft.WindowsDesktop.App.Ref\10.0.0\ref\net10.0\PresentationFramework.AeroLite.dll" /reference:"C:\Program Files\dotnet\packs\Microsoft.WindowsDesktop.App.Ref\10.0.0\ref\net10.0\PresentationFramework.Classic.dll" /reference:"C:\Program Files\dotnet\packs\Microsoft.WindowsDesktop.App.Ref\10.0.0\ref\net10.0\PresentationFramework.dll" /reference:"C:\Program Files\dotnet\packs\Microsoft.WindowsDesktop.App.Ref\10.0.0\ref\net10.0\PresentationFramework.Luna.dll" /reference:"C:\Program Files\dotnet\packs\Microsoft.WindowsDesktop.App.Ref\10.0.0\ref\net10.0\PresentationFramework.Royale.dll" /reference:"C:\Program Files\dotnet\packs\Microsoft.WindowsDesktop.App.Ref\10.0.0\ref\net10.0\PresentationUI.dll" /reference:"C:\Program Files\dotnet\packs\Microsoft.WindowsDesktop.App.Ref\10.0.0\ref\net10.0\ReachFramework.dll" /reference:"C:\Program Files\dotnet\packs\Microsoft.NETCore.App.Ref\10.0.0\ref\net10.0\System.AppContext.dll" /reference:"C:\Program Files\dotnet\packs\Microsoft.NETCore.App.Ref\10.0.0\ref\net10.0\System.Buffers.dll" /reference:"C:\Program Files\dotnet\packs\Microsoft.WindowsDesktop.App.Ref\10.0.0\ref\net10.0\System.CodeDom.dll" /reference:"C:\Program Files\dotnet\packs\Microsoft.NETCore.App.Ref\10.0.0\ref\net10.0\System.Collections.Concurrent.dll" /reference:"C:\Program Files\dotnet\packs\Microsoft.NETCore.App.Ref\10.0.0\ref\net10.0\System.Collections.dll" /reference:"C:\Program Files\dotnet\packs\Microsoft.NETCore.App.Ref\10.0.0\ref\net10.0\System.Collections.Immutable.dll" /reference:"C:\Program Files\dotnet\packs\Microsoft.NETCore.App.Ref\10.0.0\ref\net10.0\System.Collections.NonGeneric.dll" /reference:"C:\Program Files\dotnet\packs\Microsoft.NETCore.App.Ref\10.0.0\ref\net10.0\System.Collections.Specialized.dll" /reference:"C:\Program Files\dotnet\packs\Microsoft.NETCore.App.Ref\10.0.0\ref\net10.0\System.ComponentModel.Annotations.dll" /reference:"C:\Program Files\dotnet\packs\Microsoft.NETCore.App.Ref\10.0.0\ref\net10.0\System.ComponentModel.DataAnnotations.dll" /reference:"C:\Program Files\dotnet\packs\Microsoft.NETCore.App.Ref\10.0.0\ref\net10.0\System.ComponentModel.dll" /reference:"C:\Program Files\dotnet\packs\Microsoft.NETCore.App.Ref\10.0.0\ref\net10.0\System.ComponentModel.EventBasedAsync.dll" /reference:"C:\Program Files\dotnet\packs\Microsoft.NETCore.App.Ref\10.0.0\ref\net10.0\System.ComponentModel.Primitives.dll" /reference:"C:\Program Files\dotnet\packs\Microsoft.NETCore.App.Ref\10.0.0\ref\net10.0\System.ComponentModel.TypeConverter.dll" /reference:"C:\Program Files\dotnet\packs\Microsoft.WindowsDesktop.App.Ref\10.0.0\ref\net10.0\System.Configuration.ConfigurationManager.dll" /reference:"C:\Program Files\dotnet\packs\Microsoft.NETCore.App.Ref\10.0.0\ref\net10.0\System.Configuration.dll" /reference:"C:\Program Files\dotnet\packs\Microsoft.NETCore.App.Ref\10.0.0\ref\net10.0\System.Console.dll" /reference:"C:\Program Files\dotnet\packs\Microsoft.NETCore.App.Ref\10.0.0\ref\net10.0\System.Core.dll" /reference:"C:\Program Files\dotnet\packs\Microsoft.NETCore.App.Ref\10.0.0\ref\net10.0\System.Data.Common.dll" /reference:"C:\Program Files\dotnet\packs\Microsoft.NETCore.App.Ref\10.0.0\ref\net10.0\System.Data.DataSetExtensions.dll" /reference:"C:\Program Files\dotnet\packs\Microsoft.NETCore.App.Ref\10.0.0\ref\net10.0\System.Data.dll" /reference:"C:\Program Files\dotnet\packs\Microsoft.NETCore.App.Ref\10.0.0\ref\net10.0\System.Diagnostics.Contracts.dll" /reference:"C:\Program Files\dotnet\packs\Microsoft.NETCore.App.Ref\10.0.0\ref\net10.0\System.Diagnostics.Debug.dll" /reference:"C:\Program Files\dotnet\packs\Microsoft.NETCore.App.Ref\10.0.0\ref\net10.0\System.Diagnostics.DiagnosticSource.dll" /reference:"C:\Program Files\dotnet\packs\Microsoft.WindowsDesktop.App.Ref\10.0.0\ref\net10.0\System.Diagnostics.EventLog.dll" /reference:"C:\Program Files\dotnet\packs\Microsoft.NETCore.App.Ref\10.0.0\ref\net10.0\System.Diagnostics.FileVersionInfo.dll" /reference:"C:\Program Files\dotnet\packs\Microsoft.WindowsDesktop.App.Ref\10.0.0\ref\net10.0\System.Diagnostics.PerformanceCounter.dll" /reference:"C:\Program Files\dotnet\packs\Microsoft.NETCore.App.Ref\10.0.0\ref\net10.0\System.Diagnostics.Process.dll" /reference:"C:\Program Files\dotnet\packs\Microsoft.NETCore.App.Ref\10.0.0\ref\net10.0\System.Diagnostics.StackTrace.dll" /reference:"C:\Program Files\dotnet\packs\Microsoft.NETCore.App.Ref\10.0.0\ref\net10.0\System.Diagnostics.TextWriterTraceListener.dll" /reference:"C:\Program Files\dotnet\packs\Microsoft.NETCore.App.Ref\10.0.0\ref\net10.0\System.Diagnostics.Tools.dll" /reference:"C:\Program Files\dotnet\packs\Microsoft.NETCore.App.Ref\10.0.0\ref\net10.0\System.Diagnostics.TraceSource.dll" /reference:"C:\Program Files\dotnet\packs\Microsoft.NETCore.App.Ref\10.0.0\ref\net10.0\System.Diagnostics.Tracing.dll" /reference:"C:\Program Files\dotnet\packs\Microsoft.WindowsDesktop.App.Ref\10.0.0\ref\net10.0\System.DirectoryServices.dll" /reference:"C:\Program Files\dotnet\packs\Microsoft.NETCore.App.Ref\10.0.0\ref\net10.0\System.dll" /reference:"C:\Program Files\dotnet\packs\Microsoft.WindowsDesktop.App.Ref\10.0.0\ref\net10.0\System.Drawing.Common.dll" /reference:"C:\Program Files\dotnet\packs\Microsoft.NETCore.App.Ref\10.0.0\ref\net10.0\System.Drawing.dll" /reference:"C:\Program Files\dotnet\packs\Microsoft.NETCore.App.Ref\10.0.0\ref\net10.0\System.Drawing.Primitives.dll" /reference:"C:\Program Files\dotnet\packs\Microsoft.NETCore.App.Ref\10.0.0\ref\net10.0\System.Dynamic.Runtime.dll" /reference:"C:\Program Files\dotnet\packs\Microsoft.NETCore.App.Ref\10.0.0\ref\net10.0\System.Formats.Asn1.dll" /reference:"C:\Program Files\dotnet\packs\Microsoft.WindowsDesktop.App.Ref\10.0.0\ref\net10.0\System.Formats.Nrbf.dll" /reference:"C:\Program Files\dotnet\packs\Microsoft.NETCore.App.Ref\10.0.0\ref\net10.0\System.Formats.Tar.dll" /reference:"C:\Program Files\dotnet\packs\Microsoft.NETCore.App.Ref\10.0.0\ref\net10.0\System.Globalization.Calendars.dll" /reference:"C:\Program Files\dotnet\packs\Microsoft.NETCore.App.Ref\10.0.0\ref\net10.0\System.Globalization.dll" /reference:"C:\Program Files\dotnet\packs\Microsoft.NETCore.App.Ref\10.0.0\ref\net10.0\System.Globalization.Extensions.dll" /reference:"C:\Program Files\dotnet\packs\Microsoft.NETCore.App.Ref\10.0.0\ref\net10.0\System.IO.Compression.Brotli.dll" /reference:"C:\Program Files\dotnet\packs\Microsoft.NETCore.App.Ref\10.0.0\ref\net10.0\System.IO.Compression.dll" /reference:"C:\Program Files\dotnet\packs\Microsoft.NETCore.App.Ref\10.0.0\ref\net10.0\System.IO.Compression.FileSystem.dll" /reference:"C:\Program Files\dotnet\packs\Microsoft.NETCore.App.Ref\10.0.0\ref\net10.0\System.IO.Compression.ZipFile.dll" /reference:"C:\Program Files\dotnet\packs\Microsoft.NETCore.App.Ref\10.0.0\ref\net10.0\System.IO.dll" /reference:"C:\Program Files\dotnet\packs\Microsoft.NETCore.App.Ref\10.0.0\ref\net10.0\System.IO.FileSystem.AccessControl.dll" /reference:"C:\Program Files\dotnet\packs\Microsoft.NETCore.App.Ref\10.0.0\ref\net10.0\System.IO.FileSystem.dll" /reference:"C:\Program Files\dotnet\packs\Microsoft.NETCore.App.Ref\10.0.0\ref\net10.0\System.IO.FileSystem.DriveInfo.dll" /reference:"C:\Program Files\dotnet\packs\Microsoft.NETCore.App.Ref\10.0.0\ref\net10.0\System.IO.FileSystem.Primitives.dll" /reference:"C:\Program Files\dotnet\packs\Microsoft.NETCore.App.Ref\10.0.0\ref\net10.0\System.IO.FileSystem.Watcher.dll" /reference:"C:\Program Files\dotnet\packs\Microsoft.NETCore.App.Ref\10.0.0\ref\net10.0\System.IO.IsolatedStorage.dll" /reference:"C:\Program Files\dotnet\packs\Microsoft.NETCore.App.Ref\10.0.0\ref\net10.0\System.IO.MemoryMappedFiles.dll" /reference:"C:\Program Files\dotnet\packs\Microsoft.WindowsDesktop.App.Ref\10.0.0\ref\net10.0\System.IO.Packaging.dll" /reference:"C:\Program Files\dotnet\packs\Microsoft.NETCore.App.Ref\10.0.0\ref\net10.0\System.IO.Pipelines.dll" /reference:"C:\Program Files\dotnet\packs\Microsoft.NETCore.App.Ref\10.0.0\ref\net10.0\System.IO.Pipes.AccessControl.dll" /reference:"C:\Program Files\dotnet\packs\Microsoft.NETCore.App.Ref\10.0.0\ref\net10.0\System.IO.Pipes.dll" /reference:"C:\Program Files\dotnet\packs\Microsoft.NETCore.App.Ref\10.0.0\ref\net10.0\System.IO.UnmanagedMemoryStream.dll" /reference:"C:\Program Files\dotnet\packs\Microsoft.NETCore.App.Ref\10.0.0\ref\net10.0\System.Linq.AsyncEnumerable.dll" /reference:"C:\Program Files\dotnet\packs\Microsoft.NETCore.App.Ref\10.0.0\ref\net10.0\System.Linq.dll" /reference:"C:\Program Files\dotnet\packs\Microsoft.NETCore.App.Ref\10.0.0\ref\net10.0\System.Linq.Expressions.dll" /reference:"C:\Program Files\dotnet\packs\Microsoft.NETCore.App.Ref\10.0.0\ref\net10.0\System.Linq.Parallel.dll" /reference:"C:\Program Files\dotnet\packs\Microsoft.NETCore.App.Ref\10.0.0\ref\net10.0\System.Linq.Queryable.dll" /reference:"C:\Program Files\dotnet\packs\Microsoft.NETCore.App.Ref\10.0.0\ref\net10.0\System.Memory.dll" /reference:"C:\Program Files\dotnet\packs\Microsoft.NETCore.App.Ref\10.0.0\ref\net10.0\System.Net.dll" /reference:"C:\Program Files\dotnet\packs\Microsoft.NETCore.App.Ref\10.0.0\ref\net10.0\System.Net.Http.dll" /reference:"C:\Program Files\dotnet\packs\Microsoft.NETCore.App.Ref\10.0.0\ref\net10.0\System.Net.Http.Json.dll" /reference:"C:\Program Files\dotnet\packs\Microsoft.NETCore.App.Ref\10.0.0\ref\net10.0\System.Net.HttpListener.dll" /reference:"C:\Program Files\dotnet\packs\Microsoft.NETCore.App.Ref\10.0.0\ref\net10.0\System.Net.Mail.dll" /reference:"C:\Program Files\dotnet\packs\Microsoft.NETCore.App.Ref\10.0.0\ref\net10.0\System.Net.NameResolution.dll" /reference:"C:\Program Files\dotnet\packs\Microsoft.NETCore.App.Ref\10.0.0\ref\net10.0\System.Net.NetworkInformation.dll" /reference:"C:\Program Files\dotnet\packs\Microsoft.NETCore.App.Ref\10.0.0\ref\net10.0\System.Net.Ping.dll" /reference:"C:\Program Files\dotnet\packs\Microsoft.NETCore.App.Ref\10.0.0\ref\net10.0\System.Net.Primitives.dll" /reference:"C:\Program Files\dotnet\packs\Microsoft.NETCore.App.Ref\10.0.0\ref\net10.0\System.Net.Quic.dll" /reference:"C:\Program Files\dotnet\packs\Microsoft.NETCore.App.Ref\10.0.0\ref\net10.0\System.Net.Requests.dll" /reference:"C:\Program Files\dotnet\packs\Microsoft.NETCore.App.Ref\10.0.0\ref\net10.0\System.Net.Security.dll" /reference:"C:\Program Files\dotnet\packs\Microsoft.NETCore.App.Ref\10.0.0\ref\net10.0\System.Net.ServerSentEvents.dll" /reference:"C:\Program Files\dotnet\packs\Microsoft.NETCore.App.Ref\10.0.0\ref\net10.0\System.Net.ServicePoint.dll" /reference:"C:\Program Files\dotnet\packs\Microsoft.NETCore.App.Ref\10.0.0\ref\net10.0\System.Net.Sockets.dll" /reference:"C:\Program Files\dotnet\packs\Microsoft.NETCore.App.Ref\10.0.0\ref\net10.0\System.Net.WebClient.dll" /reference:"C:\Program Files\dotnet\packs\Microsoft.NETCore.App.Ref\10.0.0\ref\net10.0\System.Net.WebHeaderCollection.dll" /reference:"C:\Program Files\dotnet\packs\Microsoft.NETCore.App.Ref\10.0.0\ref\net10.0\System.Net.WebProxy.dll" /reference:"C:\Program Files\dotnet\packs\Microsoft.NETCore.App.Ref\10.0.0\ref\net10.0\System.Net.WebSockets.Client.dll" /reference:"C:\Program Files\dotnet\packs\Microsoft.NETCore.App.Ref\10.0.0\ref\net10.0\System.Net.WebSockets.dll" /reference:"C:\Program Files\dotnet\packs\Microsoft.NETCore.App.Ref\10.0.0\ref\net10.0\System.Numerics.dll" /reference:"C:\Program Files\dotnet\packs\Microsoft.NETCore.App.Ref\10.0.0\ref\net10.0\System.Numerics.Vectors.dll" /reference:"C:\Program Files\dotnet\packs\Microsoft.NETCore.App.Ref\10.0.0\ref\net10.0\System.ObjectModel.dll" /reference:"C:\Program Files\dotnet\packs\Microsoft.WindowsDesktop.App.Ref\10.0.0\ref\net10.0\System.Printing.dll" /reference:"C:\Program Files\dotnet\packs\Microsoft.WindowsDesktop.App.Ref\10.0.0\ref\net10.0\System.Private.Windows.Core.dll" /reference:"C:\Program Files\dotnet\packs\Microsoft.NETCore.App.Ref\10.0.0\ref\net10.0\System.Reflection.DispatchProxy.dll" /reference:"C:\Program Files\dotnet\packs\Microsoft.NETCore.App.Ref\10.0.0\ref\net10.0\System.Reflection.dll" /reference:"C:\Program Files\dotnet\packs\Microsoft.NETCore.App.Ref\10.0.0\ref\net10.0\System.Reflection.Emit.dll" /reference:"C:\Program Files\dotnet\packs\Microsoft.NETCore.App.Ref\10.0.0\ref\net10.0\System.Reflection.Emit.ILGeneration.dll" /reference:"C:\Program Files\dotnet\packs\Microsoft.NETCore.App.Ref\10.0.0\ref\net10.0\System.Reflection.Emit.Lightweight.dll" /reference:"C:\Program Files\dotnet\packs\Microsoft.NETCore.App.Ref\10.0.0\ref\net10.0\System.Reflection.Extensions.dll" /reference:"C:\Program Files\dotnet\packs\Microsoft.NETCore.App.Ref\10.0.0\ref\net10.0\System.Reflection.Metadata.dll" /reference:"C:\Program Files\dotnet\packs\Microsoft.NETCore.App.Ref\10.0.0\ref\net10.0\System.Reflection.Primitives.dll" /reference:"C:\Program Files\dotnet\packs\Microsoft.NETCore.App.Ref\10.0.0\ref\net10.0\System.Reflection.TypeExtensions.dll" /reference:"C:\Program Files\dotnet\packs\Microsoft.WindowsDesktop.App.Ref\10.0.0\ref\net10.0\System.Resources.Extensions.dll" /reference:"C:\Program Files\dotnet\packs\Microsoft.NETCore.App.Ref\10.0.0\ref\net10.0\System.Resources.Reader.dll" /reference:"C:\Program Files\dotnet\packs\Microsoft.NETCore.App.Ref\10.0.0\ref\net10.0\System.Resources.ResourceManager.dll" /reference:"C:\Program Files\dotnet\packs\Microsoft.NETCore.App.Ref\10.0.0\ref\net10.0\System.Resources.Writer.dll" /reference:"C:\Program Files\dotnet\packs\Microsoft.NETCore.App.Ref\10.0.0\ref\net10.0\System.Runtime.CompilerServices.Unsafe.dll" /reference:"C:\Program Files\dotnet\packs\Microsoft.NETCore.App.Ref\10.0.0\ref\net10.0\System.Runtime.CompilerServices.VisualC.dll" /reference:"C:\Program Files\dotnet\packs\Microsoft.NETCore.App.Ref\10.0.0\ref\net10.0\System.Runtime.dll" /reference:"C:\Program Files\dotnet\packs\Microsoft.NETCore.App.Ref\10.0.0\ref\net10.0\System.Runtime.Extensions.dll" /reference:"C:\Program Files\dotnet\packs\Microsoft.NETCore.App.Ref\10.0.0\ref\net10.0\System.Runtime.Handles.dll" /reference:"C:\Program Files\dotnet\packs\Microsoft.NETCore.App.Ref\10.0.0\ref\net10.0\System.Runtime.InteropServices.dll" /reference:"C:\Program Files\dotnet\packs\Microsoft.NETCore.App.Ref\10.0.0\ref\net10.0\System.Runtime.InteropServices.JavaScript.dll" /reference:"C:\Program Files\dotnet\packs\Microsoft.NETCore.App.Ref\10.0.0\ref\net10.0\System.Runtime.InteropServices.RuntimeInformation.dll" /reference:"C:\Program Files\dotnet\packs\Microsoft.NETCore.App.Ref\10.0.0\ref\net10.0\System.Runtime.Intrinsics.dll" /reference:"C:\Program Files\dotnet\packs\Microsoft.NETCore.App.Ref\10.0.0\ref\net10.0\System.Runtime.Loader.dll" /reference:"C:\Program Files\dotnet\packs\Microsoft.NETCore.App.Ref\10.0.0\ref\net10.0\System.Runtime.Numerics.dll" /reference:"C:\Program Files\dotnet\packs\Microsoft.NETCore.App.Ref\10.0.0\ref\net10.0\System.Runtime.Serialization.dll" /reference:"C:\Program Files\dotnet\packs\Microsoft.NETCore.App.Ref\10.0.0\ref\net10.0\System.Runtime.Serialization.Formatters.dll" /reference:"C:\Program Files\dotnet\packs\Microsoft.NETCore.App.Ref\10.0.0\ref\net10.0\System.Runtime.Serialization.Json.dll" /reference:"C:\Program Files\dotnet\packs\Microsoft.NETCore.App.Ref\10.0.0\ref\net10.0\System.Runtime.Serialization.Primitives.dll" /reference:"C:\Program Files\dotnet\packs\Microsoft.NETCore.App.Ref\10.0.0\ref\net10.0\System.Runtime.Serialization.Xml.dll" /reference:"C:\Program Files\dotnet\packs\Microsoft.NETCore.App.Ref\10.0.0\ref\net10.0\System.Security.AccessControl.dll" /reference:"C:\Program Files\dotnet\packs\Microsoft.NETCore.App.Ref\10.0.0\ref\net10.0\System.Security.Claims.dll" /reference:"C:\Program Files\dotnet\packs\Microsoft.NETCore.App.Ref\10.0.0\ref\net10.0\System.Security.Cryptography.Algorithms.dll" /reference:"C:\Program Files\dotnet\packs\Microsoft.NETCore.App.Ref\10.0.0\ref\net10.0\System.Security.Cryptography.Cng.dll" /reference:"C:\Program Files\dotnet\packs\Microsoft.NETCore.App.Ref\10.0.0\ref\net10.0\System.Security.Cryptography.Csp.dll" /reference:"C:\Program Files\dotnet\packs\Microsoft.NETCore.App.Ref\10.0.0\ref\net10.0\System.Security.Cryptography.dll" /reference:"C:\Program Files\dotnet\packs\Microsoft.NETCore.App.Ref\10.0.0\ref\net10.0\System.Security.Cryptography.Encoding.dll" /reference:"C:\Program Files\dotnet\packs\Microsoft.NETCore.App.Ref\10.0.0\ref\net10.0\System.Security.Cryptography.OpenSsl.dll" /reference:"C:\Program Files\dotnet\packs\Microsoft.WindowsDesktop.App.Ref\10.0.0\ref\net10.0\System.Security.Cryptography.Pkcs.dll" /reference:"C:\Program Files\dotnet\packs\Microsoft.NETCore.App.Ref\10.0.0\ref\net10.0\System.Security.Cryptography.Primitives.dll" /reference:"C:\Program Files\dotnet\packs\Microsoft.WindowsDesktop.App.Ref\10.0.0\ref\net10.0\System.Security.Cryptography.ProtectedData.dll" /reference:"C:\Program Files\dotnet\packs\Microsoft.NETCore.App.Ref\10.0.0\ref\net10.0\System.Security.Cryptography.X509Certificates.dll" /reference:"C:\Program Files\dotnet\packs\Microsoft.WindowsDesktop.App.Ref\10.0.0\ref\net10.0\System.Security.Cryptography.Xml.dll" /reference:"C:\Program Files\dotnet\packs\Microsoft.NETCore.App.Ref\10.0.0\ref\net10.0\System.Security.dll" /reference:"C:\Program Files\dotnet\packs\Microsoft.WindowsDesktop.App.Ref\10.0.0\ref\net10.0\System.Security.Permissions.dll" /reference:"C:\Program Files\dotnet\packs\Microsoft.NETCore.App.Ref\10.0.0\ref\net10.0\System.Security.Principal.dll" /reference:"C:\Program Files\dotnet\packs\Microsoft.NETCore.App.Ref\10.0.0\ref\net10.0\System.Security.Principal.Windows.dll" /reference:"C:\Program Files\dotnet\packs\Microsoft.NETCore.App.Ref\10.0.0\ref\net10.0\System.Security.SecureString.dll" /reference:"C:\Program Files\dotnet\packs\Microsoft.NETCore.App.Ref\10.0.0\ref\net10.0\System.ServiceModel.Web.dll" /reference:"C:\Program Files\dotnet\packs\Microsoft.NETCore.App.Ref\10.0.0\ref\net10.0\System.ServiceProcess.dll" /reference:"C:\Program Files\dotnet\packs\Microsoft.NETCore.App.Ref\10.0.0\ref\net10.0\System.Text.Encoding.CodePages.dll" /reference:"C:\Program Files\dotnet\packs\Microsoft.NETCore.App.Ref\10.0.0\ref\net10.0\System.Text.Encoding.dll" /reference:"C:\Program Files\dotnet\packs\Microsoft.NETCore.App.Ref\10.0.0\ref\net10.0\System.Text.Encoding.Extensions.dll" /reference:"C:\Program Files\dotnet\packs\Microsoft.NETCore.App.Ref\10.0.0\ref\net10.0\System.Text.Encodings.Web.dll" /reference:"C:\Program Files\dotnet\packs\Microsoft.NETCore.App.Ref\10.0.0\ref\net10.0\System.Text.Json.dll" /reference:"C:\Program Files\dotnet\packs\Microsoft.NETCore.App.Ref\10.0.0\ref\net10.0\System.Text.RegularExpressions.dll" /reference:"C:\Program Files\dotnet\packs\Microsoft.NETCore.App.Ref\10.0.0\ref\net10.0\System.Threading.AccessControl.dll" /reference:"C:\Program Files\dotnet\packs\Microsoft.NETCore.App.Ref\10.0.0\ref\net10.0\System.Threading.Channels.dll" /reference:"C:\Program Files\dotnet\packs\Microsoft.NETCore.App.Ref\10.0.0\ref\net10.0\System.Threading.dll" /reference:"C:\Program Files\dotnet\packs\Microsoft.NETCore.App.Ref\10.0.0\ref\net10.0\System.Threading.Overlapped.dll" /reference:"C:\Program Files\dotnet\packs\Microsoft.NETCore.App.Ref\10.0.0\ref\net10.0\System.Threading.Tasks.Dataflow.dll" /reference:"C:\Program Files\dotnet\packs\Microsoft.NETCore.App.Ref\10.0.0\ref\net10.0\System.Threading.Tasks.dll" /reference:"C:\Program Files\dotnet\packs\Microsoft.NETCore.App.Ref\10.0.0\ref\net10.0\System.Threading.Tasks.Extensions.dll" /reference:"C:\Program Files\dotnet\packs\Microsoft.NETCore.App.Ref\10.0.0\ref\net10.0\System.Threading.Tasks.Parallel.dll" /reference:"C:\Program Files\dotnet\packs\Microsoft.NETCore.App.Ref\10.0.0\ref\net10.0\System.Threading.Thread.dll" /reference:"C:\Program Files\dotnet\packs\Microsoft.NETCore.App.Ref\10.0.0\ref\net10.0\System.Threading.ThreadPool.dll" /reference:"C:\Program Files\dotnet\packs\Microsoft.NETCore.App.Ref\10.0.0\ref\net10.0\System.Threading.Timer.dll" /reference:"C:\Program Files\dotnet\packs\Microsoft.NETCore.App.Ref\10.0.0\ref\net10.0\System.Transactions.dll" /reference:"C:\Program Files\dotnet\packs\Microsoft.NETCore.App.Ref\10.0.0\ref\net10.0\System.Transactions.Local.dll" /reference:"C:\Program Files\dotnet\packs\Microsoft.NETCore.App.Ref\10.0.0\ref\net10.0\System.ValueTuple.dll" /reference:"C:\Program Files\dotnet\packs\Microsoft.NETCore.App.Ref\10.0.0\ref\net10.0\System.Web.dll" /reference:"C:\Program Files\dotnet\packs\Microsoft.NETCore.App.Ref\10.0.0\ref\net10.0\System.Web.HttpUtility.dll" /reference:"C:\Program Files\dotnet\packs\Microsoft.WindowsDesktop.App.Ref\10.0.0\ref\net10.0\System.Windows.Controls.Ribbon.dll" /reference:"C:\Program Files\dotnet\packs\Microsoft.NETCore.App.Ref\10.0.0\ref\net10.0\System.Windows.dll" /reference:"C:\Program Files\dotnet\packs\Microsoft.WindowsDesktop.App.Ref\10.0.0\ref\net10.0\System.Windows.Extensions.dll" /reference:"C:\Program Files\dotnet\packs\Microsoft.WindowsDesktop.App.Ref\10.0.0\ref\net10.0\System.Windows.Input.Manipulations.dll" /reference:"C:\Program Files\dotnet\packs\Microsoft.WindowsDesktop.App.Ref\10.0.0\ref\net10.0\System.Windows.Presentation.dll" /reference:"C:\Program Files\dotnet\packs\Microsoft.WindowsDesktop.App.Ref\10.0.0\ref\net10.0\System.Windows.Primitives.dll" /reference:"C:\Program Files\dotnet\packs\Microsoft.WindowsDesktop.App.Ref\10.0.0\ref\net10.0\System.Xaml.dll" /reference:"C:\Program Files\dotnet\packs\Microsoft.NETCore.App.Ref\10.0.0\ref\net10.0\System.Xml.dll" /reference:"C:\Program Files\dotnet\packs\Microsoft.NETCore.App.Ref\10.0.0\ref\net10.0\System.Xml.Linq.dll" /reference:"C:\Program Files\dotnet\packs\Microsoft.NETCore.App.Ref\10.0.0\ref\net10.0\System.Xml.ReaderWriter.dll" /reference:"C:\Program Files\dotnet\packs\Microsoft.NETCore.App.Ref\10.0.0\ref\net10.0\System.Xml.Serialization.dll" /reference:"C:\Program Files\dotnet\packs\Microsoft.NETCore.App.Ref\10.0.0\ref\net10.0\System.Xml.XDocument.dll" /reference:"C:\Program Files\dotnet\packs\Microsoft.NETCore.App.Ref\10.0.0\ref\net10.0\System.Xml.XmlDocument.dll" /reference:"C:\Program Files\dotnet\packs\Microsoft.NETCore.App.Ref\10.0.0\ref\net10.0\System.Xml.XmlSerializer.dll" /reference:"C:\Program Files\dotnet\packs\Microsoft.NETCore.App.Ref\10.0.0\ref\net10.0\System.Xml.XPath.dll" /reference:"C:\Program Files\dotnet\packs\Microsoft.NETCore.App.Ref\10.0.0\ref\net10.0\System.Xml.XPath.XDocument.dll" /reference:"C:\Program Files\dotnet\packs\Microsoft.WindowsDesktop.App.Ref\10.0.0\ref\net10.0\UIAutomationClient.dll" /reference:"C:\Program Files\dotnet\packs\Microsoft.WindowsDesktop.App.Ref\10.0.0\ref\net10.0\UIAutomationClientSideProviders.dll" /reference:"C:\Program Files\dotnet\packs\Microsoft.WindowsDesktop.App.Ref\10.0.0\ref\net10.0\UIAutomationProvider.dll" /reference:"C:\Program Files\dotnet\packs\Microsoft.WindowsDesktop.App.Ref\10.0.0\ref\net10.0\UIAutomationTypes.dll" /reference:"C:\Program Files\dotnet\packs\Microsoft.WindowsDesktop.App.Ref\10.0.0\ref\net10.0\WindowsBase.dll" /features:"InterceptorsNamespaces=;Microsoft.Extensions.Validation.Generated" /debug+ /debug:portable /filealign:512 /optimize- /out:obj\Debug\net10.0-windows\RailmlEditor.dll /refout:obj\Debug\net10.0-windows\refint\RailmlEditor.dll /target:winexe /warnaserror- /utf8output /deterministic+ /sourcelink:obj\Debug\net10.0-windows\RailmlEditor_o34edsgn_wpftmp.sourcelink.json /langversion:14.0 /embed:c:\WORK\SRC\Railml_editor\RailmlEditor\obj\Debug\net10.0-windows\MainWindow.g.cs /embed:c:\WORK\SRC\Railml_editor\RailmlEditor\obj\Debug\net10.0-windows\App.g.cs /embed:c:\WORK\SRC\Railml_editor\RailmlEditor\obj\Debug\net10.0-windows\GeneratedInternalTypeHelper.g.cs /embed:"obj\Debug\net10.0-windows\.NETCoreApp,Version=v10.0.AssemblyAttributes.cs" /embed:obj\Debug\net10.0-windows\RailmlEditor_o34edsgn_wpftmp.AssemblyInfo.cs /embed:obj\Debug\net10.0-windows\RailmlEditor_o34edsgn_wpftmp.GlobalUsings.g.cs /analyzerconfig:obj\Debug\net10.0-windows\RailmlEditor_o34edsgn_wpftmp.GeneratedMSBuildEditorConfig.editorconfig /analyzerconfig:"C:\Program Files\dotnet\sdk\10.0.100\Sdks\Microsoft.NET.Sdk\analyzers\build\config\analysislevel_10_default.globalconfig" /analyzer:"C:\Program Files\dotnet\sdk\10.0.100\Sdks\Microsoft.NET.Sdk\targets\..\analyzers\Microsoft.CodeAnalysis.CSharp.NetAnalyzers.dll" /analyzer:"C:\Program Files\dotnet\sdk\10.0.100\Sdks\Microsoft.NET.Sdk\targets\..\analyzers\Microsoft.CodeAnalysis.NetAnalyzers.dll" /analyzer:"C:\Program Files\dotnet\packs\Microsoft.NETCore.App.Ref\10.0.0\analyzers/dotnet/cs/Microsoft.Interop.ComInterfaceGenerator.dll" /analyzer:"C:\Program Files\dotnet\packs\Microsoft.NETCore.App.Ref\10.0.0\analyzers/dotnet/cs/Microsoft.Interop.JavaScript.JSImportGenerator.dll" /analyzer:"C:\Program Files\dotnet\packs\Microsoft.NETCore.App.Ref\10.0.0\analyzers/dotnet/cs/Microsoft.Interop.LibraryImportGenerator.dll" /analyzer:"C:\Program Files\dotnet\packs\Microsoft.NETCore.App.Ref\10.0.0\analyzers/dotnet/cs/Microsoft.Interop.SourceGeneration.dll" /analyzer:"C:\Program Files\dotnet\packs\Microsoft.NETCore.App.Ref\10.0.0\analyzers/dotnet/cs/System.Text.Json.SourceGeneration.dll" /analyzer:"C:\Program Files\dotnet\packs\Microsoft.NETCore.App.Ref\10.0.0\analyzers/dotnet/cs/System.Text.RegularExpressions.Generator.dll" AddConverter.cs AngleConverter.cs App.xaml.cs AssemblyInfo.cs BezierConverter.cs BoolToOpacityConverter.cs DiffConverter.cs MainWindow.xaml.cs MidPointConverter.cs Models\RailModel.cs ReadableAngleConverter.cs SegmentLengthConverter.cs Services\RailmlService.cs TagPositionConverter.cs ViewModels\BulkEditViewModel.cs ViewModels\CurvedTrackViewModel.cs ViewModels\MainViewModel.cs ViewModels\ObservableObject.cs ViewModels\RelayCommand.cs c:\WORK\SRC\Railml_editor\RailmlEditor\obj\Debug\net10.0-windows\MainWindow.g.cs c:\WORK\SRC\Railml_editor\RailmlEditor\obj\Debug\net10.0-windows\App.g.cs c:\WORK\SRC\Railml_editor\RailmlEditor\obj\Debug\net10.0-windows\GeneratedInternalTypeHelper.g.cs "obj\Debug\net10.0-windows\.NETCoreApp,Version=v10.0.AssemblyAttributes.cs" obj\Debug\net10.0-windows\RailmlEditor_o34edsgn_wpftmp.AssemblyInfo.cs obj\Debug\net10.0-windows\RailmlEditor_o34edsgn_wpftmp.GlobalUsings.g.cs /warnaserror+:NU1605,SYSLIB0011
         Compilation request RailmlEditor_o34edsgn_wpftmp (net10.0-windows), PathToTool=C:\Program Files\dotnet\sdk\10.0.100\Roslyn\bincore\csc.exe
         CommandLine = ' /noconfig'
         BuildResponseFile = '/unsafe- /checked- /nowarn:1701,1702,1701,1702 /fullpaths /nostdlib+ /errorreport:prompt /warn:10 /define:TRACE;DEBUG;NET;NET10_0;NETCOREAPP;WINDOWS;WINDOWS7_0;NET5_0_OR_GREATER;NET6_0_OR_GREATER;NET7_0_OR_GREATER;NET8_0_OR_GREATER;NET9_0_OR_GREATER;NET10_0_OR_GREATER;NETCOREAPP3_0_OR_GREATER;NETCOREAPP3_1_OR_GREATER;WINDOWS7_0_OR_GREATER /highentropyva+ /nullable:enable /reference:"C:\Program Files\dotnet\packs\Microsoft.WindowsDesktop.App.Ref\10.0.0\ref\net10.0\Accessibility.dll" /reference:"C:\Program Files\dotnet\packs\Microsoft.NETCore.App.Ref\10.0.0\ref\net10.0\Microsoft.CSharp.dll" /reference:"C:\Program Files\dotnet\packs\Microsoft.NETCore.App.Ref\10.0.0\ref\net10.0\Microsoft.VisualBasic.Core.dll" /reference:"C:\Program Files\dotnet\packs\Microsoft.NETCore.App.Ref\10.0.0\ref\net10.0\Microsoft.VisualBasic.dll" /reference:"C:\Program Files\dotnet\packs\Microsoft.NETCore.App.Ref\10.0.0\ref\net10.0\Microsoft.Win32.Primitives.dll" /reference:"C:\Program Files\dotnet\packs\Microsoft.WindowsDesktop.App.Ref\10.0.0\ref\net10.0\Microsoft.Win32.Registry.AccessControl.dll" /reference:"C:\Program Files\dotnet\packs\Microsoft.NETCore.App.Ref\10.0.0\ref\net10.0\Microsoft.Win32.Registry.dll" /reference:"C:\Program Files\dotnet\packs\Microsoft.WindowsDesktop.App.Ref\10.0.0\ref\net10.0\Microsoft.Win32.SystemEvents.dll" /reference:"C:\Program Files\dotnet\packs\Microsoft.NETCore.App.Ref\10.0.0\ref\net10.0\mscorlib.dll" /reference:"C:\Program Files\dotnet\packs\Microsoft.NETCore.App.Ref\10.0.0\ref\net10.0\netstandard.dll" /reference:"C:\Program Files\dotnet\packs\Microsoft.WindowsDesktop.App.Ref\10.0.0\ref\net10.0\PresentationCore.dll" /reference:"C:\Program Files\dotnet\packs\Microsoft.WindowsDesktop.App.Ref\10.0.0\ref\net10.0\PresentationFramework.Aero.dll" /reference:"C:\Program Files\dotnet\packs\Microsoft.WindowsDesktop.App.Ref\10.0.0\ref\net10.0\PresentationFramework.Aero2.dll" /reference:"C:\Program Files\dotnet\packs\Microsoft.WindowsDesktop.App.Ref\10.0.0\ref\net10.0\PresentationFramework.AeroLite.dll" /reference:"C:\Program Files\dotnet\packs\Microsoft.WindowsDesktop.App.Ref\10.0.0\ref\net10.0\PresentationFramework.Classic.dll" /reference:"C:\Program Files\dotnet\packs\Microsoft.WindowsDesktop.App.Ref\10.0.0\ref\net10.0\PresentationFramework.dll" /reference:"C:\Program Files\dotnet\packs\Microsoft.WindowsDesktop.App.Ref\10.0.0\ref\net10.0\PresentationFramework.Luna.dll" /reference:"C:\Program Files\dotnet\packs\Microsoft.WindowsDesktop.App.Ref\10.0.0\ref\net10.0\PresentationFramework.Royale.dll" /reference:"C:\Program Files\dotnet\packs\Microsoft.WindowsDesktop.App.Ref\10.0.0\ref\net10.0\PresentationUI.dll" /reference:"C:\Program Files\dotnet\packs\Microsoft.WindowsDesktop.App.Ref\10.0.0\ref\net10.0\ReachFramework.dll" /reference:"C:\Program Files\dotnet\packs\Microsoft.NETCore.App.Ref\10.0.0\ref\net10.0\System.AppContext.dll" /reference:"C:\Program Files\dotnet\packs\Microsoft.NETCore.App.Ref\10.0.0\ref\net10.0\System.Buffers.dll" /reference:"C:\Program Files\dotnet\packs\Microsoft.WindowsDesktop.App.Ref\10.0.0\ref\net10.0\System.CodeDom.dll" /reference:"C:\Program Files\dotnet\packs\Microsoft.NETCore.App.Ref\10.0.0\ref\net10.0\System.Collections.Concurrent.dll" /reference:"C:\Program Files\dotnet\packs\Microsoft.NETCore.App.Ref\10.0.0\ref\net10.0\System.Collections.dll" /reference:"C:\Program Files\dotnet\packs\Microsoft.NETCore.App.Ref\10.0.0\ref\net10.0\System.Collections.Immutable.dll" /reference:"C:\Program Files\dotnet\packs\Microsoft.NETCore.App.Ref\10.0.0\ref\net10.0\System.Collections.NonGeneric.dll" /reference:"C:\Program Files\dotnet\packs\Microsoft.NETCore.App.Ref\10.0.0\ref\net10.0\System.Collections.Specialized.dll" /reference:"C:\Program Files\dotnet\packs\Microsoft.NETCore.App.Ref\10.0.0\ref\net10.0\System.ComponentModel.Annotations.dll" /reference:"C:\Program Files\dotnet\packs\Microsoft.NETCore.App.Ref\10.0.0\ref\net10.0\System.ComponentModel.DataAnnotations.dll" /reference:"C:\Program Files\dotnet\packs\Microsoft.NETCore.App.Ref\10.0.0\ref\net10.0\System.ComponentModel.dll" /reference:"C:\Program Files\dotnet\packs\Microsoft.NETCore.App.Ref\10.0.0\ref\net10.0\System.ComponentModel.EventBasedAsync.dll" /reference:"C:\Program Files\dotnet\packs\Microsoft.NETCore.App.Ref\10.0.0\ref\net10.0\System.ComponentModel.Primitives.dll" /reference:"C:\Program Files\dotnet\packs\Microsoft.NETCore.App.Ref\10.0.0\ref\net10.0\System.ComponentModel.TypeConverter.dll" /reference:"C:\Program Files\dotnet\packs\Microsoft.WindowsDesktop.App.Ref\10.0.0\ref\net10.0\System.Configuration.ConfigurationManager.dll" /reference:"C:\Program Files\dotnet\packs\Microsoft.NETCore.App.Ref\10.0.0\ref\net10.0\System.Configuration.dll" /reference:"C:\Program Files\dotnet\packs\Microsoft.NETCore.App.Ref\10.0.0\ref\net10.0\System.Console.dll" /reference:"C:\Program Files\dotnet\packs\Microsoft.NETCore.App.Ref\10.0.0\ref\net10.0\System.Core.dll" /reference:"C:\Program Files\dotnet\packs\Microsoft.NETCore.App.Ref\10.0.0\ref\net10.0\System.Data.Common.dll" /reference:"C:\Program Files\dotnet\packs\Microsoft.NETCore.App.Ref\10.0.0\ref\net10.0\System.Data.DataSetExtensions.dll" /reference:"C:\Program Files\dotnet\packs\Microsoft.NETCore.App.Ref\10.0.0\ref\net10.0\System.Data.dll" /reference:"C:\Program Files\dotnet\packs\Microsoft.NETCore.App.Ref\10.0.0\ref\net10.0\System.Diagnostics.Contracts.dll" /reference:"C:\Program Files\dotnet\packs\Microsoft.NETCore.App.Ref\10.0.0\ref\net10.0\System.Diagnostics.Debug.dll" /reference:"C:\Program Files\dotnet\packs\Microsoft.NETCore.App.Ref\10.0.0\ref\net10.0\System.Diagnostics.DiagnosticSource.dll" /reference:"C:\Program Files\dotnet\packs\Microsoft.WindowsDesktop.App.Ref\10.0.0\ref\net10.0\System.Diagnostics.EventLog.dll" /reference:"C:\Program Files\dotnet\packs\Microsoft.NETCore.App.Ref\10.0.0\ref\net10.0\System.Diagnostics.FileVersionInfo.dll" /reference:"C:\Program Files\dotnet\packs\Microsoft.WindowsDesktop.App.Ref\10.0.0\ref\net10.0\System.Diagnostics.PerformanceCounter.dll" /reference:"C:\Program Files\dotnet\packs\Microsoft.NETCore.App.Ref\10.0.0\ref\net10.0\System.Diagnostics.Process.dll" /reference:"C:\Program Files\dotnet\packs\Microsoft.NETCore.App.Ref\10.0.0\ref\net10.0\System.Diagnostics.StackTrace.dll" /reference:"C:\Program Files\dotnet\packs\Microsoft.NETCore.App.Ref\10.0.0\ref\net10.0\System.Diagnostics.TextWriterTraceListener.dll" /reference:"C:\Program Files\dotnet\packs\Microsoft.NETCore.App.Ref\10.0.0\ref\net10.0\System.Diagnostics.Tools.dll" /reference:"C:\Program Files\dotnet\packs\Microsoft.NETCore.App.Ref\10.0.0\ref\net10.0\System.Diagnostics.TraceSource.dll" /reference:"C:\Program Files\dotnet\packs\Microsoft.NETCore.App.Ref\10.0.0\ref\net10.0\System.Diagnostics.Tracing.dll" /reference:"C:\Program Files\dotnet\packs\Microsoft.WindowsDesktop.App.Ref\10.0.0\ref\net10.0\System.DirectoryServices.dll" /reference:"C:\Program Files\dotnet\packs\Microsoft.NETCore.App.Ref\10.0.0\ref\net10.0\System.dll" /reference:"C:\Program Files\dotnet\packs\Microsoft.WindowsDesktop.App.Ref\10.0.0\ref\net10.0\System.Drawing.Common.dll" /reference:"C:\Program Files\dotnet\packs\Microsoft.NETCore.App.Ref\10.0.0\ref\net10.0\System.Drawing.dll" /reference:"C:\Program Files\dotnet\packs\Microsoft.NETCore.App.Ref\10.0.0\ref\net10.0\System.Drawing.Primitives.dll" /reference:"C:\Program Files\dotnet\packs\Microsoft.NETCore.App.Ref\10.0.0\ref\net10.0\System.Dynamic.Runtime.dll" /reference:"C:\Program Files\dotnet\packs\Microsoft.NETCore.App.Ref\10.0.0\ref\net10.0\System.Formats.Asn1.dll" /reference:"C:\Program Files\dotnet\packs\Microsoft.WindowsDesktop.App.Ref\10.0.0\ref\net10.0\System.Formats.Nrbf.dll" /reference:"C:\Program Files\dotnet\packs\Microsoft.NETCore.App.Ref\10.0.0\ref\net10.0\System.Formats.Tar.dll" /reference:"C:\Program Files\dotnet\packs\Microsoft.NETCore.App.Ref\10.0.0\ref\net10.0\System.Globalization.Calendars.dll" /reference:"C:\Program Files\dotnet\packs\Microsoft.NETCore.App.Ref\10.0.0\ref\net10.0\System.Globalization.dll" /reference:"C:\Program Files\dotnet\packs\Microsoft.NETCore.App.Ref\10.0.0\ref\net10.0\System.Globalization.Extensions.dll" /reference:"C:\Program Files\dotnet\packs\Microsoft.NETCore.App.Ref\10.0.0\ref\net10.0\System.IO.Compression.Brotli.dll" /reference:"C:\Program Files\dotnet\packs\Microsoft.NETCore.App.Ref\10.0.0\ref\net10.0\System.IO.Compression.dll" /reference:"C:\Program Files\dotnet\packs\Microsoft.NETCore.App.Ref\10.0.0\ref\net10.0\System.IO.Compression.FileSystem.dll" /reference:"C:\Program Files\dotnet\packs\Microsoft.NETCore.App.Ref\10.0.0\ref\net10.0\System.IO.Compression.ZipFile.dll" /reference:"C:\Program Files\dotnet\packs\Microsoft.NETCore.App.Ref\10.0.0\ref\net10.0\System.IO.dll" /reference:"C:\Program Files\dotnet\packs\Microsoft.NETCore.App.Ref\10.0.0\ref\net10.0\System.IO.FileSystem.AccessControl.dll" /reference:"C:\Program Files\dotnet\packs\Microsoft.NETCore.App.Ref\10.0.0\ref\net10.0\System.IO.FileSystem.dll" /reference:"C:\Program Files\dotnet\packs\Microsoft.NETCore.App.Ref\10.0.0\ref\net10.0\System.IO.FileSystem.DriveInfo.dll" /reference:"C:\Program Files\dotnet\packs\Microsoft.NETCore.App.Ref\10.0.0\ref\net10.0\System.IO.FileSystem.Primitives.dll" /reference:"C:\Program Files\dotnet\packs\Microsoft.NETCore.App.Ref\10.0.0\ref\net10.0\System.IO.FileSystem.Watcher.dll" /reference:"C:\Program Files\dotnet\packs\Microsoft.NETCore.App.Ref\10.0.0\ref\net10.0\System.IO.IsolatedStorage.dll" /reference:"C:\Program Files\dotnet\packs\Microsoft.NETCore.App.Ref\10.0.0\ref\net10.0\System.IO.MemoryMappedFiles.dll" /reference:"C:\Program Files\dotnet\packs\Microsoft.WindowsDesktop.App.Ref\10.0.0\ref\net10.0\System.IO.Packaging.dll" /reference:"C:\Program Files\dotnet\packs\Microsoft.NETCore.App.Ref\10.0.0\ref\net10.0\System.IO.Pipelines.dll" /reference:"C:\Program Files\dotnet\packs\Microsoft.NETCore.App.Ref\10.0.0\ref\net10.0\System.IO.Pipes.AccessControl.dll" /reference:"C:\Program Files\dotnet\packs\Microsoft.NETCore.App.Ref\10.0.0\ref\net10.0\System.IO.Pipes.dll" /reference:"C:\Program Files\dotnet\packs\Microsoft.NETCore.App.Ref\10.0.0\ref\net10.0\System.IO.UnmanagedMemoryStream.dll" /reference:"C:\Program Files\dotnet\packs\Microsoft.NETCore.App.Ref\10.0.0\ref\net10.0\System.Linq.AsyncEnumerable.dll" /reference:"C:\Program Files\dotnet\packs\Microsoft.NETCore.App.Ref\10.0.0\ref\net10.0\System.Linq.dll" /reference:"C:\Program Files\dotnet\packs\Microsoft.NETCore.App.Ref\10.0.0\ref\net10.0\System.Linq.Expressions.dll" /reference:"C:\Program Files\dotnet\packs\Microsoft.NETCore.App.Ref\10.0.0\ref\net10.0\System.Linq.Parallel.dll" /reference:"C:\Program Files\dotnet\packs\Microsoft.NETCore.App.Ref\10.0.0\ref\net10.0\System.Linq.Queryable.dll" /reference:"C:\Program Files\dotnet\packs\Microsoft.NETCore.App.Ref\10.0.0\ref\net10.0\System.Memory.dll" /reference:"C:\Program Files\dotnet\packs\Microsoft.NETCore.App.Ref\10.0.0\ref\net10.0\System.Net.dll" /reference:"C:\Program Files\dotnet\packs\Microsoft.NETCore.App.Ref\10.0.0\ref\net10.0\System.Net.Http.dll" /reference:"C:\Program Files\dotnet\packs\Microsoft.NETCore.App.Ref\10.0.0\ref\net10.0\System.Net.Http.Json.dll" /reference:"C:\Program Files\dotnet\packs\Microsoft.NETCore.App.Ref\10.0.0\ref\net10.0\System.Net.HttpListener.dll" /reference:"C:\Program Files\dotnet\packs\Microsoft.NETCore.App.Ref\10.0.0\ref\net10.0\System.Net.Mail.dll" /reference:"C:\Program Files\dotnet\packs\Microsoft.NETCore.App.Ref\10.0.0\ref\net10.0\System.Net.NameResolution.dll" /reference:"C:\Program Files\dotnet\packs\Microsoft.NETCore.App.Ref\10.0.0\ref\net10.0\System.Net.NetworkInformation.dll" /reference:"C:\Program Files\dotnet\packs\Microsoft.NETCore.App.Ref\10.0.0\ref\net10.0\System.Net.Ping.dll" /reference:"C:\Program Files\dotnet\packs\Microsoft.NETCore.App.Ref\10.0.0\ref\net10.0\System.Net.Primitives.dll" /reference:"C:\Program Files\dotnet\packs\Microsoft.NETCore.App.Ref\10.0.0\ref\net10.0\System.Net.Quic.dll" /reference:"C:\Program Files\dotnet\packs\Microsoft.NETCore.App.Ref\10.0.0\ref\net10.0\System.Net.Requests.dll" /reference:"C:\Program Files\dotnet\packs\Microsoft.NETCore.App.Ref\10.0.0\ref\net10.0\System.Net.Security.dll" /reference:"C:\Program Files\dotnet\packs\Microsoft.NETCore.App.Ref\10.0.0\ref\net10.0\System.Net.ServerSentEvents.dll" /reference:"C:\Program Files\dotnet\packs\Microsoft.NETCore.App.Ref\10.0.0\ref\net10.0\System.Net.ServicePoint.dll" /reference:"C:\Program Files\dotnet\packs\Microsoft.NETCore.App.Ref\10.0.0\ref\net10.0\System.Net.Sockets.dll" /reference:"C:\Program Files\dotnet\packs\Microsoft.NETCore.App.Ref\10.0.0\ref\net10.0\System.Net.WebClient.dll" /reference:"C:\Program Files\dotnet\packs\Microsoft.NETCore.App.Ref\10.0.0\ref\net10.0\System.Net.WebHeaderCollection.dll" /reference:"C:\Program Files\dotnet\packs\Microsoft.NETCore.App.Ref\10.0.0\ref\net10.0\System.Net.WebProxy.dll" /reference:"C:\Program Files\dotnet\packs\Microsoft.NETCore.App.Ref\10.0.0\ref\net10.0\System.Net.WebSockets.Client.dll" /reference:"C:\Program Files\dotnet\packs\Microsoft.NETCore.App.Ref\10.0.0\ref\net10.0\System.Net.WebSockets.dll" /reference:"C:\Program Files\dotnet\packs\Microsoft.NETCore.App.Ref\10.0.0\ref\net10.0\System.Numerics.dll" /reference:"C:\Program Files\dotnet\packs\Microsoft.NETCore.App.Ref\10.0.0\ref\net10.0\System.Numerics.Vectors.dll" /reference:"C:\Program Files\dotnet\packs\Microsoft.NETCore.App.Ref\10.0.0\ref\net10.0\System.ObjectModel.dll" /reference:"C:\Program Files\dotnet\packs\Microsoft.WindowsDesktop.App.Ref\10.0.0\ref\net10.0\System.Printing.dll" /reference:"C:\Program Files\dotnet\packs\Microsoft.WindowsDesktop.App.Ref\10.0.0\ref\net10.0\System.Private.Windows.Core.dll" /reference:"C:\Program Files\dotnet\packs\Microsoft.NETCore.App.Ref\10.0.0\ref\net10.0\System.Reflection.DispatchProxy.dll" /reference:"C:\Program Files\dotnet\packs\Microsoft.NETCore.App.Ref\10.0.0\ref\net10.0\System.Reflection.dll" /reference:"C:\Program Files\dotnet\packs\Microsoft.NETCore.App.Ref\10.0.0\ref\net10.0\System.Reflection.Emit.dll" /reference:"C:\Program Files\dotnet\packs\Microsoft.NETCore.App.Ref\10.0.0\ref\net10.0\System.Reflection.Emit.ILGeneration.dll" /reference:"C:\Program Files\dotnet\packs\Microsoft.NETCore.App.Ref\10.0.0\ref\net10.0\System.Reflection.Emit.Lightweight.dll" /reference:"C:\Program Files\dotnet\packs\Microsoft.NETCore.App.Ref\10.0.0\ref\net10.0\System.Reflection.Extensions.dll" /reference:"C:\Program Files\dotnet\packs\Microsoft.NETCore.App.Ref\10.0.0\ref\net10.0\System.Reflection.Metadata.dll" /reference:"C:\Program Files\dotnet\packs\Microsoft.NETCore.App.Ref\10.0.0\ref\net10.0\System.Reflection.Primitives.dll" /reference:"C:\Program Files\dotnet\packs\Microsoft.NETCore.App.Ref\10.0.0\ref\net10.0\System.Reflection.TypeExtensions.dll" /reference:"C:\Program Files\dotnet\packs\Microsoft.WindowsDesktop.App.Ref\10.0.0\ref\net10.0\System.Resources.Extensions.dll" /reference:"C:\Program Files\dotnet\packs\Microsoft.NETCore.App.Ref\10.0.0\ref\net10.0\System.Resources.Reader.dll" /reference:"C:\Program Files\dotnet\packs\Microsoft.NETCore.App.Ref\10.0.0\ref\net10.0\System.Resources.ResourceManager.dll" /reference:"C:\Program Files\dotnet\packs\Microsoft.NETCore.App.Ref\10.0.0\ref\net10.0\System.Resources.Writer.dll" /reference:"C:\Program Files\dotnet\packs\Microsoft.NETCore.App.Ref\10.0.0\ref\net10.0\System.Runtime.CompilerServices.Unsafe.dll" /reference:"C:\Program Files\dotnet\packs\Microsoft.NETCore.App.Ref\10.0.0\ref\net10.0\System.Runtime.CompilerServices.VisualC.dll" /reference:"C:\Program Files\dotnet\packs\Microsoft.NETCore.App.Ref\10.0.0\ref\net10.0\System.Runtime.dll" /reference:"C:\Program Files\dotnet\packs\Microsoft.NETCore.App.Ref\10.0.0\ref\net10.0\System.Runtime.Extensions.dll" /reference:"C:\Program Files\dotnet\packs\Microsoft.NETCore.App.Ref\10.0.0\ref\net10.0\System.Runtime.Handles.dll" /reference:"C:\Program Files\dotnet\packs\Microsoft.NETCore.App.Ref\10.0.0\ref\net10.0\System.Runtime.InteropServices.dll" /reference:"C:\Program Files\dotnet\packs\Microsoft.NETCore.App.Ref\10.0.0\ref\net10.0\System.Runtime.InteropServices.JavaScript.dll" /reference:"C:\Program Files\dotnet\packs\Microsoft.NETCore.App.Ref\10.0.0\ref\net10.0\System.Runtime.InteropServices.RuntimeInformation.dll" /reference:"C:\Program Files\dotnet\packs\Microsoft.NETCore.App.Ref\10.0.0\ref\net10.0\System.Runtime.Intrinsics.dll" /reference:"C:\Program Files\dotnet\packs\Microsoft.NETCore.App.Ref\10.0.0\ref\net10.0\System.Runtime.Loader.dll" /reference:"C:\Program Files\dotnet\packs\Microsoft.NETCore.App.Ref\10.0.0\ref\net10.0\System.Runtime.Numerics.dll" /reference:"C:\Program Files\dotnet\packs\Microsoft.NETCore.App.Ref\10.0.0\ref\net10.0\System.Runtime.Serialization.dll" /reference:"C:\Program Files\dotnet\packs\Microsoft.NETCore.App.Ref\10.0.0\ref\net10.0\System.Runtime.Serialization.Formatters.dll" /reference:"C:\Program Files\dotnet\packs\Microsoft.NETCore.App.Ref\10.0.0\ref\net10.0\System.Runtime.Serialization.Json.dll" /reference:"C:\Program Files\dotnet\packs\Microsoft.NETCore.App.Ref\10.0.0\ref\net10.0\System.Runtime.Serialization.Primitives.dll" /reference:"C:\Program Files\dotnet\packs\Microsoft.NETCore.App.Ref\10.0.0\ref\net10.0\System.Runtime.Serialization.Xml.dll" /reference:"C:\Program Files\dotnet\packs\Microsoft.NETCore.App.Ref\10.0.0\ref\net10.0\System.Security.AccessControl.dll" /reference:"C:\Program Files\dotnet\packs\Microsoft.NETCore.App.Ref\10.0.0\ref\net10.0\System.Security.Claims.dll" /reference:"C:\Program Files\dotnet\packs\Microsoft.NETCore.App.Ref\10.0.0\ref\net10.0\System.Security.Cryptography.Algorithms.dll" /reference:"C:\Program Files\dotnet\packs\Microsoft.NETCore.App.Ref\10.0.0\ref\net10.0\System.Security.Cryptography.Cng.dll" /reference:"C:\Program Files\dotnet\packs\Microsoft.NETCore.App.Ref\10.0.0\ref\net10.0\System.Security.Cryptography.Csp.dll" /reference:"C:\Program Files\dotnet\packs\Microsoft.NETCore.App.Ref\10.0.0\ref\net10.0\System.Security.Cryptography.dll" /reference:"C:\Program Files\dotnet\packs\Microsoft.NETCore.App.Ref\10.0.0\ref\net10.0\System.Security.Cryptography.Encoding.dll" /reference:"C:\Program Files\dotnet\packs\Microsoft.NETCore.App.Ref\10.0.0\ref\net10.0\System.Security.Cryptography.OpenSsl.dll" /reference:"C:\Program Files\dotnet\packs\Microsoft.WindowsDesktop.App.Ref\10.0.0\ref\net10.0\System.Security.Cryptography.Pkcs.dll" /reference:"C:\Program Files\dotnet\packs\Microsoft.NETCore.App.Ref\10.0.0\ref\net10.0\System.Security.Cryptography.Primitives.dll" /reference:"C:\Program Files\dotnet\packs\Microsoft.WindowsDesktop.App.Ref\10.0.0\ref\net10.0\System.Security.Cryptography.ProtectedData.dll" /reference:"C:\Program Files\dotnet\packs\Microsoft.NETCore.App.Ref\10.0.0\ref\net10.0\System.Security.Cryptography.X509Certificates.dll" /reference:"C:\Program Files\dotnet\packs\Microsoft.WindowsDesktop.App.Ref\10.0.0\ref\net10.0\System.Security.Cryptography.Xml.dll" /reference:"C:\Program Files\dotnet\packs\Microsoft.NETCore.App.Ref\10.0.0\ref\net10.0\System.Security.dll" /reference:"C:\Program Files\dotnet\packs\Microsoft.WindowsDesktop.App.Ref\10.0.0\ref\net10.0\System.Security.Permissions.dll" /reference:"C:\Program Files\dotnet\packs\Microsoft.NETCore.App.Ref\10.0.0\ref\net10.0\System.Security.Principal.dll" /reference:"C:\Program Files\dotnet\packs\Microsoft.NETCore.App.Ref\10.0.0\ref\net10.0\System.Security.Principal.Windows.dll" /reference:"C:\Program Files\dotnet\packs\Microsoft.NETCore.App.Ref\10.0.0\ref\net10.0\System.Security.SecureString.dll" /reference:"C:\Program Files\dotnet\packs\Microsoft.NETCore.App.Ref\10.0.0\ref\net10.0\System.ServiceModel.Web.dll" /reference:"C:\Program Files\dotnet\packs\Microsoft.NETCore.App.Ref\10.0.0\ref\net10.0\System.ServiceProcess.dll" /reference:"C:\Program Files\dotnet\packs\Microsoft.NETCore.App.Ref\10.0.0\ref\net10.0\System.Text.Encoding.CodePages.dll" /reference:"C:\Program Files\dotnet\packs\Microsoft.NETCore.App.Ref\10.0.0\ref\net10.0\System.Text.Encoding.dll" /reference:"C:\Program Files\dotnet\packs\Microsoft.NETCore.App.Ref\10.0.0\ref\net10.0\System.Text.Encoding.Extensions.dll" /reference:"C:\Program Files\dotnet\packs\Microsoft.NETCore.App.Ref\10.0.0\ref\net10.0\System.Text.Encodings.Web.dll" /reference:"C:\Program Files\dotnet\packs\Microsoft.NETCore.App.Ref\10.0.0\ref\net10.0\System.Text.Json.dll" /reference:"C:\Program Files\dotnet\packs\Microsoft.NETCore.App.Ref\10.0.0\ref\net10.0\System.Text.RegularExpressions.dll" /reference:"C:\Program Files\dotnet\packs\Microsoft.NETCore.App.Ref\10.0.0\ref\net10.0\System.Threading.AccessControl.dll" /reference:"C:\Program Files\dotnet\packs\Microsoft.NETCore.App.Ref\10.0.0\ref\net10.0\System.Threading.Channels.dll" /reference:"C:\Program Files\dotnet\packs\Microsoft.NETCore.App.Ref\10.0.0\ref\net10.0\System.Threading.dll" /reference:"C:\Program Files\dotnet\packs\Microsoft.NETCore.App.Ref\10.0.0\ref\net10.0\System.Threading.Overlapped.dll" /reference:"C:\Program Files\dotnet\packs\Microsoft.NETCore.App.Ref\10.0.0\ref\net10.0\System.Threading.Tasks.Dataflow.dll" /reference:"C:\Program Files\dotnet\packs\Microsoft.NETCore.App.Ref\10.0.0\ref\net10.0\System.Threading.Tasks.dll" /reference:"C:\Program Files\dotnet\packs\Microsoft.NETCore.App.Ref\10.0.0\ref\net10.0\System.Threading.Tasks.Extensions.dll" /reference:"C:\Program Files\dotnet\packs\Microsoft.NETCore.App.Ref\10.0.0\ref\net10.0\System.Threading.Tasks.Parallel.dll" /reference:"C:\Program Files\dotnet\packs\Microsoft.NETCore.App.Ref\10.0.0\ref\net10.0\System.Threading.Thread.dll" /reference:"C:\Program Files\dotnet\packs\Microsoft.NETCore.App.Ref\10.0.0\ref\net10.0\System.Threading.ThreadPool.dll" /reference:"C:\Program Files\dotnet\packs\Microsoft.NETCore.App.Ref\10.0.0\ref\net10.0\System.Threading.Timer.dll" /reference:"C:\Program Files\dotnet\packs\Microsoft.NETCore.App.Ref\10.0.0\ref\net10.0\System.Transactions.dll" /reference:"C:\Program Files\dotnet\packs\Microsoft.NETCore.App.Ref\10.0.0\ref\net10.0\System.Transactions.Local.dll" /reference:"C:\Program Files\dotnet\packs\Microsoft.NETCore.App.Ref\10.0.0\ref\net10.0\System.ValueTuple.dll" /reference:"C:\Program Files\dotnet\packs\Microsoft.NETCore.App.Ref\10.0.0\ref\net10.0\System.Web.dll" /reference:"C:\Program Files\dotnet\packs\Microsoft.NETCore.App.Ref\10.0.0\ref\net10.0\System.Web.HttpUtility.dll" /reference:"C:\Program Files\dotnet\packs\Microsoft.WindowsDesktop.App.Ref\10.0.0\ref\net10.0\System.Windows.Controls.Ribbon.dll" /reference:"C:\Program Files\dotnet\packs\Microsoft.NETCore.App.Ref\10.0.0\ref\net10.0\System.Windows.dll" /reference:"C:\Program Files\dotnet\packs\Microsoft.WindowsDesktop.App.Ref\10.0.0\ref\net10.0\System.Windows.Extensions.dll" /reference:"C:\Program Files\dotnet\packs\Microsoft.WindowsDesktop.App.Ref\10.0.0\ref\net10.0\System.Windows.Input.Manipulations.dll" /reference:"C:\Program Files\dotnet\packs\Microsoft.WindowsDesktop.App.Ref\10.0.0\ref\net10.0\System.Windows.Presentation.dll" /reference:"C:\Program Files\dotnet\packs\Microsoft.WindowsDesktop.App.Ref\10.0.0\ref\net10.0\System.Windows.Primitives.dll" /reference:"C:\Program Files\dotnet\packs\Microsoft.WindowsDesktop.App.Ref\10.0.0\ref\net10.0\System.Xaml.dll" /reference:"C:\Program Files\dotnet\packs\Microsoft.NETCore.App.Ref\10.0.0\ref\net10.0\System.Xml.dll" /reference:"C:\Program Files\dotnet\packs\Microsoft.NETCore.App.Ref\10.0.0\ref\net10.0\System.Xml.Linq.dll" /reference:"C:\Program Files\dotnet\packs\Microsoft.NETCore.App.Ref\10.0.0\ref\net10.0\System.Xml.ReaderWriter.dll" /reference:"C:\Program Files\dotnet\packs\Microsoft.NETCore.App.Ref\10.0.0\ref\net10.0\System.Xml.Serialization.dll" /reference:"C:\Program Files\dotnet\packs\Microsoft.NETCore.App.Ref\10.0.0\ref\net10.0\System.Xml.XDocument.dll" /reference:"C:\Program Files\dotnet\packs\Microsoft.NETCore.App.Ref\10.0.0\ref\net10.0\System.Xml.XmlDocument.dll" /reference:"C:\Program Files\dotnet\packs\Microsoft.NETCore.App.Ref\10.0.0\ref\net10.0\System.Xml.XmlSerializer.dll" /reference:"C:\Program Files\dotnet\packs\Microsoft.NETCore.App.Ref\10.0.0\ref\net10.0\System.Xml.XPath.dll" /reference:"C:\Program Files\dotnet\packs\Microsoft.NETCore.App.Ref\10.0.0\ref\net10.0\System.Xml.XPath.XDocument.dll" /reference:"C:\Program Files\dotnet\packs\Microsoft.WindowsDesktop.App.Ref\10.0.0\ref\net10.0\UIAutomationClient.dll" /reference:"C:\Program Files\dotnet\packs\Microsoft.WindowsDesktop.App.Ref\10.0.0\ref\net10.0\UIAutomationClientSideProviders.dll" /reference:"C:\Program Files\dotnet\packs\Microsoft.WindowsDesktop.App.Ref\10.0.0\ref\net10.0\UIAutomationProvider.dll" /reference:"C:\Program Files\dotnet\packs\Microsoft.WindowsDesktop.App.Ref\10.0.0\ref\net10.0\UIAutomationTypes.dll" /reference:"C:\Program Files\dotnet\packs\Microsoft.WindowsDesktop.App.Ref\10.0.0\ref\net10.0\WindowsBase.dll" /features:"InterceptorsNamespaces=;Microsoft.Extensions.Validation.Generated" /debug+ /debug:portable /filealign:512 /optimize- /out:obj\Debug\net10.0-windows\RailmlEditor.dll /refout:obj\Debug\net10.0-windows\refint\RailmlEditor.dll /target:winexe /warnaserror- /utf8output /deterministic+ /sourcelink:obj\Debug\net10.0-windows\RailmlEditor_o34edsgn_wpftmp.sourcelink.json /langversion:14.0 /embed:c:\WORK\SRC\Railml_editor\RailmlEditor\obj\Debug\net10.0-windows\MainWindow.g.cs /embed:c:\WORK\SRC\Railml_editor\RailmlEditor\obj\Debug\net10.0-windows\App.g.cs /embed:c:\WORK\SRC\Railml_editor\RailmlEditor\obj\Debug\net10.0-windows\GeneratedInternalTypeHelper.g.cs /embed:"obj\Debug\net10.0-windows\.NETCoreApp,Version=v10.0.AssemblyAttributes.cs" /embed:obj\Debug\net10.0-windows\RailmlEditor_o34edsgn_wpftmp.AssemblyInfo.cs /embed:obj\Debug\net10.0-windows\RailmlEditor_o34edsgn_wpftmp.GlobalUsings.g.cs /analyzerconfig:obj\Debug\net10.0-windows\RailmlEditor_o34edsgn_wpftmp.GeneratedMSBuildEditorConfig.editorconfig /analyzerconfig:"C:\Program Files\dotnet\sdk\10.0.100\Sdks\Microsoft.NET.Sdk\analyzers\build\config\analysislevel_10_default.globalconfig" /analyzer:"C:\Program Files\dotnet\sdk\10.0.100\Sdks\Microsoft.NET.Sdk\targets\..\analyzers\Microsoft.CodeAnalysis.CSharp.NetAnalyzers.dll" /analyzer:"C:\Program Files\dotnet\sdk\10.0.100\Sdks\Microsoft.NET.Sdk\targets\..\analyzers\Microsoft.CodeAnalysis.NetAnalyzers.dll" /analyzer:"C:\Program Files\dotnet\packs\Microsoft.NETCore.App.Ref\10.0.0\analyzers/dotnet/cs/Microsoft.Interop.ComInterfaceGenerator.dll" /analyzer:"C:\Program Files\dotnet\packs\Microsoft.NETCore.App.Ref\10.0.0\analyzers/dotnet/cs/Microsoft.Interop.JavaScript.JSImportGenerator.dll" /analyzer:"C:\Program Files\dotnet\packs\Microsoft.NETCore.App.Ref\10.0.0\analyzers/dotnet/cs/Microsoft.Interop.LibraryImportGenerator.dll" /analyzer:"C:\Program Files\dotnet\packs\Microsoft.NETCore.App.Ref\10.0.0\analyzers/dotnet/cs/Microsoft.Interop.SourceGeneration.dll" /analyzer:"C:\Program Files\dotnet\packs\Microsoft.NETCore.App.Ref\10.0.0\analyzers/dotnet/cs/System.Text.Json.SourceGeneration.dll" /analyzer:"C:\Program Files\dotnet\packs\Microsoft.NETCore.App.Ref\10.0.0\analyzers/dotnet/cs/System.Text.RegularExpressions.Generator.dll" AddConverter.cs AngleConverter.cs App.xaml.cs AssemblyInfo.cs BezierConverter.cs BoolToOpacityConverter.cs DiffConverter.cs MainWindow.xaml.cs MidPointConverter.cs Models\RailModel.cs ReadableAngleConverter.cs SegmentLengthConverter.cs Services\RailmlService.cs TagPositionConverter.cs ViewModels\BulkEditViewModel.cs ViewModels\CurvedTrackViewModel.cs ViewModels\MainViewModel.cs ViewModels\ObservableObject.cs ViewModels\RelayCommand.cs c:\WORK\SRC\Railml_editor\RailmlEditor\obj\Debug\net10.0-windows\MainWindow.g.cs c:\WORK\SRC\Railml_editor\RailmlEditor\obj\Debug\net10.0-windows\App.g.cs c:\WORK\SRC\Railml_editor\RailmlEditor\obj\Debug\net10.0-windows\GeneratedInternalTypeHelper.g.cs "obj\Debug\net10.0-windows\.NETCoreApp,Version=v10.0.AssemblyAttributes.cs" obj\Debug\net10.0-windows\RailmlEditor_o34edsgn_wpftmp.AssemblyInfo.cs obj\Debug\net10.0-windows\RailmlEditor_o34edsgn_wpftmp.GlobalUsings.g.cs /warnaserror+:NU1605,SYSLIB0011'
         TaskRun (Microsoft.CodeAnalysis.BuildTasks.Csc) 동안 로드된 어셈블리: System.IO.Pipes, Version=10.0.0.0, Culture=neutral, PublicKeyToken=b03f5f7f11d50a3a(위치: C:\Program Files\dotnet\shared\Microsoft.NETCore.App\10.0.0\System.IO.Pipes.dll, MVID: 71c3e21b-17db-4d11-b44c-ab711e18ba93, AssemblyLoadContext: Default)
         Attempt to open named pipe 'IfFR4cv3OcJKbkkPf6M1V8FawVmg2p+XjKX30w0Md_8'
         Attempt to connect named pipe 'IfFR4cv3OcJKbkkPf6M1V8FawVmg2p+XjKX30w0Md_8'
         TaskRun (Microsoft.CodeAnalysis.BuildTasks.Csc) 동안 로드된 어셈블리: System.Security.AccessControl, Version=10.0.0.0, Culture=neutral, PublicKeyToken=b03f5f7f11d50a3a(위치: C:\Program Files\dotnet\shared\Microsoft.NETCore.App\10.0.0\System.Security.AccessControl.dll, MVID: 395fb089-3dfa-433a-80c4-7b83293eb953, AssemblyLoadContext: Default)
         Named pipe 'IfFR4cv3OcJKbkkPf6M1V8FawVmg2p+XjKX30w0Md_8' connected
         Begin writing request for RailmlEditor_o34edsgn_wpftmp (net10.0-windows)
         End writing request for RailmlEditor_o34edsgn_wpftmp (net10.0-windows)
         Begin reading response for RailmlEditor_o34edsgn_wpftmp (net10.0-windows)
         End reading response for RailmlEditor_o34edsgn_wpftmp (net10.0-windows)
         Microsoft (R) Visual C# 컴파일러 버전 5.0.0-2.25523.111 (b0f34d51)
         Copyright (C) Microsoft Corporation. All rights reserved.
     3>c:\WORK\SRC\Railml_editor\RailmlEditor\Models\RailModel.cs(26,23): warning CS8618: null을 허용하지 않는 속성 'Tracks'은(는) 생성자를 종료할 때 null이 아닌 값을 포함해야 합니다. 'required' 한정자를 추가하거나 속성을(를) nullable로 선언하는 것이 좋습니다. [c:\WORK\SRC\Railml_editor\RailmlEditor\RailmlEditor_o34edsgn_wpftmp.csproj]
     3>c:\WORK\SRC\Railml_editor\RailmlEditor\Models\RailModel.cs(65,24): warning CS8618: null을 허용하지 않는 속성 'Signals'은(는) 생성자를 종료할 때 null이 아닌 값을 포함해야 합니다. 'required' 한정자를 추가하거나 속성을(를) nullable로 선언하는 것이 좋습니다. [c:\WORK\SRC\Railml_editor\RailmlEditor\RailmlEditor_o34edsgn_wpftmp.csproj]
     3>c:\WORK\SRC\Railml_editor\RailmlEditor\Models\RailModel.cs(16,31): warning CS8618: null을 허용하지 않는 속성 'Infrastructure'은(는) 생성자를 종료할 때 null이 아닌 값을 포함해야 합니다. 'required' 한정자를 추가하거나 속성을(를) nullable로 선언하는 것이 좋습니다. [c:\WORK\SRC\Railml_editor\RailmlEditor\RailmlEditor_o34edsgn_wpftmp.csproj]
     3>c:\WORK\SRC\Railml_editor\RailmlEditor\Models\RailModel.cs(111,23): warning CS8618: null을 허용하지 않는 속성 'Name'은(는) 생성자를 종료할 때 null이 아닌 값을 포함해야 합니다. 'required' 한정자를 추가하거나 속성을(를) nullable로 선언하는 것이 좋습니다. [c:\WORK\SRC\Railml_editor\RailmlEditor\RailmlEditor_o34edsgn_wpftmp.csproj]
     3>c:\WORK\SRC\Railml_editor\RailmlEditor\TagPositionConverter.cs(16,31): warning CS8600: null 리터럴 또는 가능한 null 값을 null을 허용하지 않는 형식으로 변환하는 중입니다. [c:\WORK\SRC\Railml_editor\RailmlEditor\RailmlEditor_o34edsgn_wpftmp.csproj]
     3>c:\WORK\SRC\Railml_editor\RailmlEditor\Models\RailModel.cs(117,26): warning CS8618: null을 허용하지 않는 속성 'TrackBegin'은(는) 생성자를 종료할 때 null이 아닌 값을 포함해야 합니다. 'required' 한정자를 추가하거나 속성을(를) nullable로 선언하는 것이 좋습니다. [c:\WORK\SRC\Railml_editor\RailmlEditor\RailmlEditor_o34edsgn_wpftmp.csproj]
     3>c:\WORK\SRC\Railml_editor\RailmlEditor\Models\RailModel.cs(120,26): warning CS8618: null을 허용하지 않는 속성 'TrackEnd'은(는) 생성자를 종료할 때 null이 아닌 값을 포함해야 합니다. 'required' 한정자를 추가하거나 속성을(를) nullable로 선언하는 것이 좋습니다. [c:\WORK\SRC\Railml_editor\RailmlEditor\RailmlEditor_o34edsgn_wpftmp.csproj]
     3>c:\WORK\SRC\Railml_editor\RailmlEditor\Models\RailModel.cs(123,28): warning CS8618: null을 허용하지 않는 속성 'Connections'은(는) 생성자를 종료할 때 null이 아닌 값을 포함해야 합니다. 'required' 한정자를 추가하거나 속성을(를) nullable로 선언하는 것이 좋습니다. [c:\WORK\SRC\Railml_editor\RailmlEditor\RailmlEditor_o34edsgn_wpftmp.csproj]
     3>c:\WORK\SRC\Railml_editor\RailmlEditor\Models\RailModel.cs(126,26): warning CS8618: null을 허용하지 않는 속성 'CornerPos'은(는) 생성자를 종료할 때 null이 아닌 값을 포함해야 합니다. 'required' 한정자를 추가하거나 속성을(를) nullable로 선언하는 것이 좋습니다. [c:\WORK\SRC\Railml_editor\RailmlEditor\RailmlEditor_o34edsgn_wpftmp.csproj]
     3>c:\WORK\SRC\Railml_editor\RailmlEditor\Models\RailModel.cs(38,23): warning CS8618: null을 허용하지 않는 속성 'Id'은(는) 생성자를 종료할 때 null이 아닌 값을 포함해야 합니다. 'required' 한정자를 추가하거나 속성을(를) nullable로 선언하는 것이 좋습니다. [c:\WORK\SRC\Railml_editor\RailmlEditor\RailmlEditor_o34edsgn_wpftmp.csproj]
     3>c:\WORK\SRC\Railml_editor\RailmlEditor\Models\RailModel.cs(41,23): warning CS8618: null을 허용하지 않는 속성 'Name'은(는) 생성자를 종료할 때 null이 아닌 값을 포함해야 합니다. 'required' 한정자를 추가하거나 속성을(를) nullable로 선언하는 것이 좋습니다. [c:\WORK\SRC\Railml_editor\RailmlEditor\RailmlEditor_o34edsgn_wpftmp.csproj]
     3>c:\WORK\SRC\Railml_editor\RailmlEditor\Models\RailModel.cs(44,23): warning CS8618: null을 허용하지 않는 속성 'Description'은(는) 생성자를 종료할 때 null이 아닌 값을 포함해야 합니다. 'required' 한정자를 추가하거나 속성을(를) nullable로 선언하는 것이 좋습니다. [c:\WORK\SRC\Railml_editor\RailmlEditor\RailmlEditor_o34edsgn_wpftmp.csproj]
     3>c:\WORK\SRC\Railml_editor\RailmlEditor\Models\RailModel.cs(47,23): warning CS8618: null을 허용하지 않는 속성 'Type'은(는) 생성자를 종료할 때 null이 아닌 값을 포함해야 합니다. 'required' 한정자를 추가하거나 속성을(를) nullable로 선언하는 것이 좋습니다. [c:\WORK\SRC\Railml_editor\RailmlEditor\RailmlEditor_o34edsgn_wpftmp.csproj]
     3>c:\WORK\SRC\Railml_editor\RailmlEditor\Models\RailModel.cs(50,23): warning CS8618: null을 허용하지 않는 속성 'MainDir'은(는) 생성자를 종료할 때 null이 아닌 값을 포함해야 합니다. 'required' 한정자를 추가하거나 속성을(를) nullable로 선언하는 것이 좋습니다. [c:\WORK\SRC\Railml_editor\RailmlEditor\RailmlEditor_o34edsgn_wpftmp.csproj]
     3>c:\WORK\SRC\Railml_editor\RailmlEditor\Models\RailModel.cs(53,30): warning CS8618: null을 허용하지 않는 속성 'TrackTopology'은(는) 생성자를 종료할 때 null이 아닌 값을 포함해야 합니다. 'required' 한정자를 추가하거나 속성을(를) nullable로 선언하는 것이 좋습니다. [c:\WORK\SRC\Railml_editor\RailmlEditor\RailmlEditor_o34edsgn_wpftmp.csproj]
     3>c:\WORK\SRC\Railml_editor\RailmlEditor\Models\RailModel.cs(56,28): warning CS8618: null을 허용하지 않는 속성 'OcsElements'은(는) 생성자를 종료할 때 null이 아닌 값을 포함해야 합니다. 'required' 한정자를 추가하거나 속성을(를) nullable로 선언하는 것이 좋습니다. [c:\WORK\SRC\Railml_editor\RailmlEditor\RailmlEditor_o34edsgn_wpftmp.csproj]
     3>c:\WORK\SRC\Railml_editor\RailmlEditor\Models\RailModel.cs(59,23): warning CS8618: null을 허용하지 않는 속성 'Code'은(는) 생성자를 종료할 때 null이 아닌 값을 포함해야 합니다. 'required' 한정자를 추가하거나 속성을(를) nullable로 선언하는 것이 좋습니다. [c:\WORK\SRC\Railml_editor\RailmlEditor\RailmlEditor_o34edsgn_wpftmp.csproj]
     3>c:\WORK\SRC\Railml_editor\RailmlEditor\Models\RailModel.cs(180,23): warning CS8618: null을 허용하지 않는 속성 'Id'은(는) 생성자를 종료할 때 null이 아닌 값을 포함해야 합니다. 'required' 한정자를 추가하거나 속성을(를) nullable로 선언하는 것이 좋습니다. [c:\WORK\SRC\Railml_editor\RailmlEditor\RailmlEditor_o34edsgn_wpftmp.csproj]
     3>c:\WORK\SRC\Railml_editor\RailmlEditor\Models\RailModel.cs(186,26): warning CS8618: null을 허용하지 않는 속성 'ScreenPos'은(는) 생성자를 종료할 때 null이 아닌 값을 포함해야 합니다. 'required' 한정자를 추가하거나 속성을(를) nullable로 선언하는 것이 좋습니다. [c:\WORK\SRC\Railml_editor\RailmlEditor\RailmlEditor_o34edsgn_wpftmp.csproj]
     3>c:\WORK\SRC\Railml_editor\RailmlEditor\Models\RailModel.cs(189,31): warning CS8618: null을 허용하지 않는 속성 'AdditionalName'은(는) 생성자를 종료할 때 null이 아닌 값을 포함해야 합니다. 'required' 한정자를 추가하거나 속성을(를) nullable로 선언하는 것이 좋습니다. [c:\WORK\SRC\Railml_editor\RailmlEditor\RailmlEditor_o34edsgn_wpftmp.csproj]
     3>c:\WORK\SRC\Railml_editor\RailmlEditor\BezierConverter.cs(22,20): warning CS8603: 가능한 null 참조 반환입니다. [c:\WORK\SRC\Railml_editor\RailmlEditor\RailmlEditor_o34edsgn_wpftmp.csproj]
     3>c:\WORK\SRC\Railml_editor\RailmlEditor\Models\RailModel.cs(144,23): warning CS8618: null을 허용하지 않는 속성 'Id'은(는) 생성자를 종료할 때 null이 아닌 값을 포함해야 합니다. 'required' 한정자를 추가하거나 속성을(를) nullable로 선언하는 것이 좋습니다. [c:\WORK\SRC\Railml_editor\RailmlEditor\RailmlEditor_o34edsgn_wpftmp.csproj]
     3>c:\WORK\SRC\Railml_editor\RailmlEditor\Models\RailModel.cs(150,26): warning CS8618: null을 허용하지 않는 속성 'ScreenPos'은(는) 생성자를 종료할 때 null이 아닌 값을 포함해야 합니다. 'required' 한정자를 추가하거나 속성을(를) nullable로 선언하는 것이 좋습니다. [c:\WORK\SRC\Railml_editor\RailmlEditor\RailmlEditor_o34edsgn_wpftmp.csproj]
     3>c:\WORK\SRC\Railml_editor\RailmlEditor\ViewModels\MainViewModel.cs(276,23): warning CS8618: null을 허용하지 않는 속성 'Title'은(는) 생성자를 종료할 때 null이 아닌 값을 포함해야 합니다. 'required' 한정자를 추가하거나 속성을(를) nullable로 선언하는 것이 좋습니다. [c:\WORK\SRC\Railml_editor\RailmlEditor\RailmlEditor_o34edsgn_wpftmp.csproj]
     3>c:\WORK\SRC\Railml_editor\RailmlEditor\Models\RailModel.cs(156,23): warning CS8618: null을 허용하지 않는 속성 'Id'은(는) 생성자를 종료할 때 null이 아닌 값을 포함해야 합니다. 'required' 한정자를 추가하거나 속성을(를) nullable로 선언하는 것이 좋습니다. [c:\WORK\SRC\Railml_editor\RailmlEditor\RailmlEditor_o34edsgn_wpftmp.csproj]
     3>c:\WORK\SRC\Railml_editor\RailmlEditor\Models\RailModel.cs(159,23): warning CS8618: null을 허용하지 않는 속성 'Ref'은(는) 생성자를 종료할 때 null이 아닌 값을 포함해야 합니다. 'required' 한정자를 추가하거나 속성을(를) nullable로 선언하는 것이 좋습니다. [c:\WORK\SRC\Railml_editor\RailmlEditor\RailmlEditor_o34edsgn_wpftmp.csproj]
     3>c:\WORK\SRC\Railml_editor\RailmlEditor\Models\RailModel.cs(162,23): warning CS8618: null을 허용하지 않는 속성 'Orientation'은(는) 생성자를 종료할 때 null이 아닌 값을 포함해야 합니다. 'required' 한정자를 추가하거나 속성을(를) nullable로 선언하는 것이 좋습니다. [c:\WORK\SRC\Railml_editor\RailmlEditor\RailmlEditor_o34edsgn_wpftmp.csproj]
     3>c:\WORK\SRC\Railml_editor\RailmlEditor\Models\RailModel.cs(165,23): warning CS8618: null을 허용하지 않는 속성 'Course'은(는) 생성자를 종료할 때 null이 아닌 값을 포함해야 합니다. 'required' 한정자를 추가하거나 속성을(를) nullable로 선언하는 것이 좋습니다. [c:\WORK\SRC\Railml_editor\RailmlEditor\RailmlEditor_o34edsgn_wpftmp.csproj]
     3>c:\WORK\SRC\Railml_editor\RailmlEditor\Models\RailModel.cs(77,23): warning CS8618: null을 허용하지 않는 속성 'Id'은(는) 생성자를 종료할 때 null이 아닌 값을 포함해야 합니다. 'required' 한정자를 추가하거나 속성을(를) nullable로 선언하는 것이 좋습니다. [c:\WORK\SRC\Railml_editor\RailmlEditor\RailmlEditor_o34edsgn_wpftmp.csproj]
     3>c:\WORK\SRC\Railml_editor\RailmlEditor\Models\RailModel.cs(80,23): warning CS8618: null을 허용하지 않는 속성 'Dir'은(는) 생성자를 종료할 때 null이 아닌 값을 포함해야 합니다. 'required' 한정자를 추가하거나 속성을(를) nullable로 선언하는 것이 좋습니다. [c:\WORK\SRC\Railml_editor\RailmlEditor\RailmlEditor_o34edsgn_wpftmp.csproj]
     3>c:\WORK\SRC\Railml_editor\RailmlEditor\Models\RailModel.cs(83,23): warning CS8618: null을 허용하지 않는 속성 'Type'은(는) 생성자를 종료할 때 null이 아닌 값을 포함해야 합니다. 'required' 한정자를 추가하거나 속성을(를) nullable로 선언하는 것이 좋습니다. [c:\WORK\SRC\Railml_editor\RailmlEditor\RailmlEditor_o34edsgn_wpftmp.csproj]
     3>c:\WORK\SRC\Railml_editor\RailmlEditor\Models\RailModel.cs(86,23): warning CS8618: null을 허용하지 않는 속성 'Function'은(는) 생성자를 종료할 때 null이 아닌 값을 포함해야 합니다. 'required' 한정자를 추가하거나 속성을(를) nullable로 선언하는 것이 좋습니다. [c:\WORK\SRC\Railml_editor\RailmlEditor\RailmlEditor_o34edsgn_wpftmp.csproj]
     3>c:\WORK\SRC\Railml_editor\RailmlEditor\Models\RailModel.cs(90,31): warning CS8618: null을 허용하지 않는 속성 'AdditionalName'은(는) 생성자를 종료할 때 null이 아닌 값을 포함해야 합니다. 'required' 한정자를 추가하거나 속성을(를) nullable로 선언하는 것이 좋습니다. [c:\WORK\SRC\Railml_editor\RailmlEditor\RailmlEditor_o34edsgn_wpftmp.csproj]
     3>c:\WORK\SRC\Railml_editor\RailmlEditor\Models\RailModel.cs(105,26): warning CS8618: null을 허용하지 않는 속성 'ScreenPos'은(는) 생성자를 종료할 때 null이 아닌 값을 포함해야 합니다. 'required' 한정자를 추가하거나 속성을(를) nullable로 선언하는 것이 좋습니다. [c:\WORK\SRC\Railml_editor\RailmlEditor\RailmlEditor_o34edsgn_wpftmp.csproj]
     3>c:\WORK\SRC\Railml_editor\RailmlEditor\MainWindow.xaml.cs(39,35): warning CS8600: null 리터럴 또는 가능한 null 값을 null을 허용하지 않는 형식으로 변환하는 중입니다. [c:\WORK\SRC\Railml_editor\RailmlEditor\RailmlEditor_o34edsgn_wpftmp.csproj]
     3>c:\WORK\SRC\Railml_editor\RailmlEditor\ViewModels\MainViewModel.cs(14,24): warning CS8618: null을 허용하지 않는 필드 '_id'은(는) 생성자를 종료할 때 null이 아닌 값을 포함해야 합니다. 'required' 한정자를 추가하거나 필드을(를) nullable로 선언하는 것이 좋습니다. [c:\WORK\SRC\Railml_editor\RailmlEditor\RailmlEditor_o34edsgn_wpftmp.csproj]
     3>c:\WORK\SRC\Railml_editor\RailmlEditor\MainWindow.xaml.cs(49,31): warning CS8600: null 리터럴 또는 가능한 null 값을 null을 허용하지 않는 형식으로 변환하는 중입니다. [c:\WORK\SRC\Railml_editor\RailmlEditor\RailmlEditor_o34edsgn_wpftmp.csproj]
     3>c:\WORK\SRC\Railml_editor\RailmlEditor\MainWindow.xaml.cs(52,51): warning CS8600: null 리터럴 또는 가능한 null 값을 null을 허용하지 않는 형식으로 변환하는 중입니다. [c:\WORK\SRC\Railml_editor\RailmlEditor\RailmlEditor_o34edsgn_wpftmp.csproj]
     3>c:\WORK\SRC\Railml_editor\RailmlEditor\ViewModels\MainViewModel.cs(311,43): warning CS8622: 'void MainViewModel.Elements_CollectionChanged(object sender, NotifyCollectionChangedEventArgs e)'의 'sender' 매개 변수 형식에서 참조 형식의 Null 허용 여부가 대상 대리자 'NotifyCollectionChangedEventHandler'과(와) 일치하지 않습니다(Null 허용 여부 특성 때문일 수 있음). [c:\WORK\SRC\Railml_editor\RailmlEditor\RailmlEditor_o34edsgn_wpftmp.csproj]
     3>c:\WORK\SRC\Railml_editor\RailmlEditor\MainWindow.xaml.cs(117,51): warning CS8600: null 리터럴 또는 가능한 null 값을 null을 허용하지 않는 형식으로 변환하는 중입니다. [c:\WORK\SRC\Railml_editor\RailmlEditor\RailmlEditor_o34edsgn_wpftmp.csproj]
     3>c:\WORK\SRC\Railml_editor\RailmlEditor\ViewModels\MainViewModel.cs(379,32): error CS0103: 'GetNextId' 이름이 현재 컨텍스트에 없습니다. [c:\WORK\SRC\Railml_editor\RailmlEditor\RailmlEditor_o34edsgn_wpftmp.csproj]
     3>c:\WORK\SRC\Railml_editor\RailmlEditor\ViewModels\MainViewModel.cs(383,32): error CS0103: 'GetNextId' 이름이 현재 컨텍스트에 없습니다. [c:\WORK\SRC\Railml_editor\RailmlEditor\RailmlEditor_o34edsgn_wpftmp.csproj]
     3>c:\WORK\SRC\Railml_editor\RailmlEditor\ViewModels\MainViewModel.cs(387,32): error CS0103: 'GetNextId' 이름이 현재 컨텍스트에 없습니다. [c:\WORK\SRC\Railml_editor\RailmlEditor\RailmlEditor_o34edsgn_wpftmp.csproj]
     3>c:\WORK\SRC\Railml_editor\RailmlEditor\ViewModels\BulkEditViewModel.cs(75,88): warning CS8601: 가능한 null 참조 할당입니다. [c:\WORK\SRC\Railml_editor\RailmlEditor\RailmlEditor_o34edsgn_wpftmp.csproj]
     3>c:\WORK\SRC\Railml_editor\RailmlEditor\ViewModels\MainViewModel.cs(479,20): warning CS8603: 가능한 null 참조 반환입니다. [c:\WORK\SRC\Railml_editor\RailmlEditor\RailmlEditor_o34edsgn_wpftmp.csproj]
     3>c:\WORK\SRC\Railml_editor\RailmlEditor\ViewModels\MainViewModel.cs(522,38): warning CS8622: 'void MainViewModel.Element_PropertyChanged(object sender, PropertyChangedEventArgs e)'의 'sender' 매개 변수 형식에서 참조 형식의 Null 허용 여부가 대상 대리자 'PropertyChangedEventHandler'과(와) 일치하지 않습니다(Null 허용 여부 특성 때문일 수 있음). [c:\WORK\SRC\Railml_editor\RailmlEditor\RailmlEditor_o34edsgn_wpftmp.csproj]
     3>c:\WORK\SRC\Railml_editor\RailmlEditor\ViewModels\MainViewModel.cs(527,38): warning CS8622: 'void MainViewModel.Element_PropertyChanged(object sender, PropertyChangedEventArgs e)'의 'sender' 매개 변수 형식에서 참조 형식의 Null 허용 여부가 대상 대리자 'PropertyChangedEventHandler'과(와) 일치하지 않습니다(Null 허용 여부 특성 때문일 수 있음). [c:\WORK\SRC\Railml_editor\RailmlEditor\RailmlEditor_o34edsgn_wpftmp.csproj]
     3>c:\WORK\SRC\Railml_editor\RailmlEditor\Services\RailmlService.cs(29,44): warning CS8600: null 리터럴 또는 가능한 null 값을 null을 허용하지 않는 형식으로 변환하는 중입니다. [c:\WORK\SRC\Railml_editor\RailmlEditor\RailmlEditor_o34edsgn_wpftmp.csproj]
     3>c:\WORK\SRC\Railml_editor\RailmlEditor\Services\RailmlService.cs(34,28): warning CS8601: 가능한 null 참조 할당입니다. [c:\WORK\SRC\Railml_editor\RailmlEditor\RailmlEditor_o34edsgn_wpftmp.csproj]
     3>c:\WORK\SRC\Railml_editor\RailmlEditor\Services\RailmlService.cs(35,35): warning CS8601: 가능한 null 참조 할당입니다. [c:\WORK\SRC\Railml_editor\RailmlEditor\RailmlEditor_o34edsgn_wpftmp.csproj]
     3>c:\WORK\SRC\Railml_editor\RailmlEditor\Services\RailmlService.cs(36,28): warning CS8601: 가능한 null 참조 할당입니다. [c:\WORK\SRC\Railml_editor\RailmlEditor\RailmlEditor_o34edsgn_wpftmp.csproj]
     3>c:\WORK\SRC\Railml_editor\RailmlEditor\Services\RailmlService.cs(37,31): warning CS8601: 가능한 null 참조 할당입니다. [c:\WORK\SRC\Railml_editor\RailmlEditor\RailmlEditor_o34edsgn_wpftmp.csproj]
     3>c:\WORK\SRC\Railml_editor\RailmlEditor\Services\RailmlService.cs(65,68): warning CS8602: null 가능 참조에 대한 역참조입니다. [c:\WORK\SRC\Railml_editor\RailmlEditor\RailmlEditor_o34edsgn_wpftmp.csproj]
     3>c:\WORK\SRC\Railml_editor\RailmlEditor\Services\RailmlService.cs(65,37): warning CS8601: 가능한 null 참조 할당입니다. [c:\WORK\SRC\Railml_editor\RailmlEditor\RailmlEditor_o34edsgn_wpftmp.csproj]
     3>c:\WORK\SRC\Railml_editor\RailmlEditor\Services\RailmlService.cs(86,36): warning CS8601: 가능한 null 참조 할당입니다. [c:\WORK\SRC\Railml_editor\RailmlEditor\RailmlEditor_o34edsgn_wpftmp.csproj]
     3>c:\WORK\SRC\Railml_editor\RailmlEditor\Services\RailmlService.cs(87,40): warning CS8601: 가능한 null 참조 할당입니다. [c:\WORK\SRC\Railml_editor\RailmlEditor\RailmlEditor_o34edsgn_wpftmp.csproj]
     3>c:\WORK\SRC\Railml_editor\RailmlEditor\Services\RailmlService.cs(88,74): warning CS8601: 가능한 null 참조 할당입니다. [c:\WORK\SRC\Railml_editor\RailmlEditor\RailmlEditor_o34edsgn_wpftmp.csproj]
     3>c:\WORK\SRC\Railml_editor\RailmlEditor\Services\RailmlService.cs(187,79): warning CS8601: 가능한 null 참조 할당입니다. [c:\WORK\SRC\Railml_editor\RailmlEditor\RailmlEditor_o34edsgn_wpftmp.csproj]
     3>c:\WORK\SRC\Railml_editor\RailmlEditor\Services\RailmlService.cs(189,46): warning CS8601: 가능한 null 참조 할당입니다. [c:\WORK\SRC\Railml_editor\RailmlEditor\RailmlEditor_o34edsgn_wpftmp.csproj]
         CompilerServer: server - server processed compilation - RailmlEditor_o34edsgn_wpftmp (net10.0-windows)
       "Csc" 작업을 실행했습니다. - 실패
     3>"RailmlEditor_o34edsgn_wpftmp.csproj" 프로젝트에 "CoreCompile" 대상을 빌드했습니다. - 실패
     3>"c:\WORK\SRC\Railml_editor\RailmlEditor\RailmlEditor_o34edsgn_wpftmp.csproj" 프로젝트를 빌드했습니다(_CompileTemporaryAssembly 대상). - 실패
   2:6>"GenerateTemporaryTargetAssembly" 작업을 실행했습니다. - 실패
   2:6>"RailmlEditor.csproj" 프로젝트에 "GenerateTemporaryTargetAssembly" 대상을 빌드했습니다. - 실패
   2:6>"c:\WORK\SRC\Railml_editor\RailmlEditor\RailmlEditor.csproj" 프로젝트의 "C:\Program Files\dotnet\sdk\10.0.100\Microsoft.Common.CurrentVersion.targets" 파일에 있는 "_CheckForCompileOutputs" 대상("_CleanGetCurrentAndPriorFileWrites" 대상이 종속됨):
   2:6>"RailmlEditor.csproj" 프로젝트에 "_CheckForCompileOutputs" 대상을 빌드했습니다.
   2:6>"c:\WORK\SRC\Railml_editor\RailmlEditor\RailmlEditor.csproj" 프로젝트의 "C:\Program Files\dotnet\sdk\10.0.100\Microsoft.Common.CurrentVersion.targets" 파일에 있는 "_CleanGetCurrentAndPriorFileWrites" 대상("_CleanRecordFileWrites" 대상이 종속됨):
       "Microsoft.Build.Tasks.Core, Version=15.1.0.0, Culture=neutral, PublicKeyToken=b03f5f7f11d50a3a" 어셈블리에서 "ReadLinesFromFile" 작업을 사용합니다.
       "ReadLinesFromFile" 작업
       "ReadLinesFromFile" 작업을 실행했습니다.
       "ConvertToAbsolutePath" 작업
       "ConvertToAbsolutePath" 작업을 실행했습니다.
       "Microsoft.Build.Tasks.Core, Version=15.1.0.0, Culture=neutral, PublicKeyToken=b03f5f7f11d50a3a" 어셈블리에서 "FindUnderPath" 작업을 사용합니다.
       "FindUnderPath" 작업
         비교 경로는 "c:\WORK\SRC\Railml_editor\RailmlEditor"입니다.
       "FindUnderPath" 작업을 실행했습니다.
       "FindUnderPath" 작업
         비교 경로는 "bin\Debug\net10.0-windows\"입니다.
       "FindUnderPath" 작업을 실행했습니다.
       "FindUnderPath" 작업
         비교 경로는 "obj\Debug\net10.0-windows\"입니다.
       "FindUnderPath" 작업을 실행했습니다.
       "RemoveDuplicates" 작업
       "RemoveDuplicates" 작업을 실행했습니다.
   2:6>"RailmlEditor.csproj" 프로젝트에 "_CleanGetCurrentAndPriorFileWrites" 대상을 빌드했습니다.
   2:6>"c:\WORK\SRC\Railml_editor\RailmlEditor\RailmlEditor.csproj" 프로젝트의 "C:\Program Files\dotnet\sdk\10.0.100\Microsoft.Common.CurrentVersion.targets" 파일에 있는 "_CleanRecordFileWrites" 대상("CoreBuild" 대상이 종속됨):
       "RemoveDuplicates" 작업
       "RemoveDuplicates" 작업을 실행했습니다.
       "MakeDir" 작업
       "MakeDir" 작업을 실행했습니다.
       "WriteLinesToFile" 작업
         콘텐츠가 변경되지 않아 "obj\Debug\net10.0-windows\RailmlEditor.csproj.FileListAbsolute.txt" 파일에 쓰기를 건너뜁니다.
       "WriteLinesToFile" 작업을 실행했습니다.
   2:6>"RailmlEditor.csproj" 프로젝트에 "_CleanRecordFileWrites" 대상을 빌드했습니다.
   2:6>"c:\WORK\SRC\Railml_editor\RailmlEditor\RailmlEditor.csproj" 프로젝트를 빌드했습니다(기본 대상). - 실패
   1:2>"MSBuild" 작업을 실행했습니다. - 실패
   1:2>"RailmlEditor.sln" 프로젝트에 "Build" 대상을 빌드했습니다. - 실패
   1:2>"c:\WORK\SRC\Railml_editor\RailmlEditor.sln" 프로젝트를 빌드했습니다(기본 대상). - 실패

빌드하지 못했습니다.

       "c:\WORK\SRC\Railml_editor\RailmlEditor.sln"(기본 대상)(1:2)->
       "c:\WORK\SRC\Railml_editor\RailmlEditor\RailmlEditor.csproj"(기본 대상)(2:6)->
       "c:\WORK\SRC\Railml_editor\RailmlEditor\RailmlEditor_o34edsgn_wpftmp.csproj"(_CompileTemporaryAssembly 대상)(3) ->
       (CoreCompile 대상) -> 
         c:\WORK\SRC\Railml_editor\RailmlEditor\Models\RailModel.cs(26,23): warning CS8618: null을 허용하지 않는 속성 'Tracks'은(는) 생성자를 종료할 때 null이 아닌 값을 포함해야 합니다. 'required' 한정자를 추가하거나 속성을(를) nullable로 선언하는 것이 좋습니다. [c:\WORK\SRC\Railml_editor\RailmlEditor\RailmlEditor_o34edsgn_wpftmp.csproj]
         c:\WORK\SRC\Railml_editor\RailmlEditor\Models\RailModel.cs(65,24): warning CS8618: null을 허용하지 않는 속성 'Signals'은(는) 생성자를 종료할 때 null이 아닌 값을 포함해야 합니다. 'required' 한정자를 추가하거나 속성을(를) nullable로 선언하는 것이 좋습니다. [c:\WORK\SRC\Railml_editor\RailmlEditor\RailmlEditor_o34edsgn_wpftmp.csproj]
         c:\WORK\SRC\Railml_editor\RailmlEditor\Models\RailModel.cs(16,31): warning CS8618: null을 허용하지 않는 속성 'Infrastructure'은(는) 생성자를 종료할 때 null이 아닌 값을 포함해야 합니다. 'required' 한정자를 추가하거나 속성을(를) nullable로 선언하는 것이 좋습니다. [c:\WORK\SRC\Railml_editor\RailmlEditor\RailmlEditor_o34edsgn_wpftmp.csproj]
         c:\WORK\SRC\Railml_editor\RailmlEditor\Models\RailModel.cs(111,23): warning CS8618: null을 허용하지 않는 속성 'Name'은(는) 생성자를 종료할 때 null이 아닌 값을 포함해야 합니다. 'required' 한정자를 추가하거나 속성을(를) nullable로 선언하는 것이 좋습니다. [c:\WORK\SRC\Railml_editor\RailmlEditor\RailmlEditor_o34edsgn_wpftmp.csproj]
         c:\WORK\SRC\Railml_editor\RailmlEditor\TagPositionConverter.cs(16,31): warning CS8600: null 리터럴 또는 가능한 null 값을 null을 허용하지 않는 형식으로 변환하는 중입니다. [c:\WORK\SRC\Railml_editor\RailmlEditor\RailmlEditor_o34edsgn_wpftmp.csproj]
         c:\WORK\SRC\Railml_editor\RailmlEditor\Models\RailModel.cs(117,26): warning CS8618: null을 허용하지 않는 속성 'TrackBegin'은(는) 생성자를 종료할 때 null이 아닌 값을 포함해야 합니다. 'required' 한정자를 추가하거나 속성을(를) nullable로 선언하는 것이 좋습니다. [c:\WORK\SRC\Railml_editor\RailmlEditor\RailmlEditor_o34edsgn_wpftmp.csproj]
         c:\WORK\SRC\Railml_editor\RailmlEditor\Models\RailModel.cs(120,26): warning CS8618: null을 허용하지 않는 속성 'TrackEnd'은(는) 생성자를 종료할 때 null이 아닌 값을 포함해야 합니다. 'required' 한정자를 추가하거나 속성을(를) nullable로 선언하는 것이 좋습니다. [c:\WORK\SRC\Railml_editor\RailmlEditor\RailmlEditor_o34edsgn_wpftmp.csproj]
         c:\WORK\SRC\Railml_editor\RailmlEditor\Models\RailModel.cs(123,28): warning CS8618: null을 허용하지 않는 속성 'Connections'은(는) 생성자를 종료할 때 null이 아닌 값을 포함해야 합니다. 'required' 한정자를 추가하거나 속성을(를) nullable로 선언하는 것이 좋습니다. [c:\WORK\SRC\Railml_editor\RailmlEditor\RailmlEditor_o34edsgn_wpftmp.csproj]
         c:\WORK\SRC\Railml_editor\RailmlEditor\Models\RailModel.cs(126,26): warning CS8618: null을 허용하지 않는 속성 'CornerPos'은(는) 생성자를 종료할 때 null이 아닌 값을 포함해야 합니다. 'required' 한정자를 추가하거나 속성을(를) nullable로 선언하는 것이 좋습니다. [c:\WORK\SRC\Railml_editor\RailmlEditor\RailmlEditor_o34edsgn_wpftmp.csproj]
         c:\WORK\SRC\Railml_editor\RailmlEditor\Models\RailModel.cs(38,23): warning CS8618: null을 허용하지 않는 속성 'Id'은(는) 생성자를 종료할 때 null이 아닌 값을 포함해야 합니다. 'required' 한정자를 추가하거나 속성을(를) nullable로 선언하는 것이 좋습니다. [c:\WORK\SRC\Railml_editor\RailmlEditor\RailmlEditor_o34edsgn_wpftmp.csproj]
         c:\WORK\SRC\Railml_editor\RailmlEditor\Models\RailModel.cs(41,23): warning CS8618: null을 허용하지 않는 속성 'Name'은(는) 생성자를 종료할 때 null이 아닌 값을 포함해야 합니다. 'required' 한정자를 추가하거나 속성을(를) nullable로 선언하는 것이 좋습니다. [c:\WORK\SRC\Railml_editor\RailmlEditor\RailmlEditor_o34edsgn_wpftmp.csproj]
         c:\WORK\SRC\Railml_editor\RailmlEditor\Models\RailModel.cs(44,23): warning CS8618: null을 허용하지 않는 속성 'Description'은(는) 생성자를 종료할 때 null이 아닌 값을 포함해야 합니다. 'required' 한정자를 추가하거나 속성을(를) nullable로 선언하는 것이 좋습니다. [c:\WORK\SRC\Railml_editor\RailmlEditor\RailmlEditor_o34edsgn_wpftmp.csproj]
         c:\WORK\SRC\Railml_editor\RailmlEditor\Models\RailModel.cs(47,23): warning CS8618: null을 허용하지 않는 속성 'Type'은(는) 생성자를 종료할 때 null이 아닌 값을 포함해야 합니다. 'required' 한정자를 추가하거나 속성을(를) nullable로 선언하는 것이 좋습니다. [c:\WORK\SRC\Railml_editor\RailmlEditor\RailmlEditor_o34edsgn_wpftmp.csproj]
         c:\WORK\SRC\Railml_editor\RailmlEditor\Models\RailModel.cs(50,23): warning CS8618: null을 허용하지 않는 속성 'MainDir'은(는) 생성자를 종료할 때 null이 아닌 값을 포함해야 합니다. 'required' 한정자를 추가하거나 속성을(를) nullable로 선언하는 것이 좋습니다. [c:\WORK\SRC\Railml_editor\RailmlEditor\RailmlEditor_o34edsgn_wpftmp.csproj]
         c:\WORK\SRC\Railml_editor\RailmlEditor\Models\RailModel.cs(53,30): warning CS8618: null을 허용하지 않는 속성 'TrackTopology'은(는) 생성자를 종료할 때 null이 아닌 값을 포함해야 합니다. 'required' 한정자를 추가하거나 속성을(를) nullable로 선언하는 것이 좋습니다. [c:\WORK\SRC\Railml_editor\RailmlEditor\RailmlEditor_o34edsgn_wpftmp.csproj]
         c:\WORK\SRC\Railml_editor\RailmlEditor\Models\RailModel.cs(56,28): warning CS8618: null을 허용하지 않는 속성 'OcsElements'은(는) 생성자를 종료할 때 null이 아닌 값을 포함해야 합니다. 'required' 한정자를 추가하거나 속성을(를) nullable로 선언하는 것이 좋습니다. [c:\WORK\SRC\Railml_editor\RailmlEditor\RailmlEditor_o34edsgn_wpftmp.csproj]
         c:\WORK\SRC\Railml_editor\RailmlEditor\Models\RailModel.cs(59,23): warning CS8618: null을 허용하지 않는 속성 'Code'은(는) 생성자를 종료할 때 null이 아닌 값을 포함해야 합니다. 'required' 한정자를 추가하거나 속성을(를) nullable로 선언하는 것이 좋습니다. [c:\WORK\SRC\Railml_editor\RailmlEditor\RailmlEditor_o34edsgn_wpftmp.csproj]
         c:\WORK\SRC\Railml_editor\RailmlEditor\Models\RailModel.cs(180,23): warning CS8618: null을 허용하지 않는 속성 'Id'은(는) 생성자를 종료할 때 null이 아닌 값을 포함해야 합니다. 'required' 한정자를 추가하거나 속성을(를) nullable로 선언하는 것이 좋습니다. [c:\WORK\SRC\Railml_editor\RailmlEditor\RailmlEditor_o34edsgn_wpftmp.csproj]
         c:\WORK\SRC\Railml_editor\RailmlEditor\Models\RailModel.cs(186,26): warning CS8618: null을 허용하지 않는 속성 'ScreenPos'은(는) 생성자를 종료할 때 null이 아닌 값을 포함해야 합니다. 'required' 한정자를 추가하거나 속성을(를) nullable로 선언하는 것이 좋습니다. [c:\WORK\SRC\Railml_editor\RailmlEditor\RailmlEditor_o34edsgn_wpftmp.csproj]
         c:\WORK\SRC\Railml_editor\RailmlEditor\Models\RailModel.cs(189,31): warning CS8618: null을 허용하지 않는 속성 'AdditionalName'은(는) 생성자를 종료할 때 null이 아닌 값을 포함해야 합니다. 'required' 한정자를 추가하거나 속성을(를) nullable로 선언하는 것이 좋습니다. [c:\WORK\SRC\Railml_editor\RailmlEditor\RailmlEditor_o34edsgn_wpftmp.csproj]
         c:\WORK\SRC\Railml_editor\RailmlEditor\BezierConverter.cs(22,20): warning CS8603: 가능한 null 참조 반환입니다. [c:\WORK\SRC\Railml_editor\RailmlEditor\RailmlEditor_o34edsgn_wpftmp.csproj]
         c:\WORK\SRC\Railml_editor\RailmlEditor\Models\RailModel.cs(144,23): warning CS8618: null을 허용하지 않는 속성 'Id'은(는) 생성자를 종료할 때 null이 아닌 값을 포함해야 합니다. 'required' 한정자를 추가하거나 속성을(를) nullable로 선언하는 것이 좋습니다. [c:\WORK\SRC\Railml_editor\RailmlEditor\RailmlEditor_o34edsgn_wpftmp.csproj]
         c:\WORK\SRC\Railml_editor\RailmlEditor\Models\RailModel.cs(150,26): warning CS8618: null을 허용하지 않는 속성 'ScreenPos'은(는) 생성자를 종료할 때 null이 아닌 값을 포함해야 합니다. 'required' 한정자를 추가하거나 속성을(를) nullable로 선언하는 것이 좋습니다. [c:\WORK\SRC\Railml_editor\RailmlEditor\RailmlEditor_o34edsgn_wpftmp.csproj]
         c:\WORK\SRC\Railml_editor\RailmlEditor\ViewModels\MainViewModel.cs(276,23): warning CS8618: null을 허용하지 않는 속성 'Title'은(는) 생성자를 종료할 때 null이 아닌 값을 포함해야 합니다. 'required' 한정자를 추가하거나 속성을(를) nullable로 선언하는 것이 좋습니다. [c:\WORK\SRC\Railml_editor\RailmlEditor\RailmlEditor_o34edsgn_wpftmp.csproj]
         c:\WORK\SRC\Railml_editor\RailmlEditor\Models\RailModel.cs(156,23): warning CS8618: null을 허용하지 않는 속성 'Id'은(는) 생성자를 종료할 때 null이 아닌 값을 포함해야 합니다. 'required' 한정자를 추가하거나 속성을(를) nullable로 선언하는 것이 좋습니다. [c:\WORK\SRC\Railml_editor\RailmlEditor\RailmlEditor_o34edsgn_wpftmp.csproj]
         c:\WORK\SRC\Railml_editor\RailmlEditor\Models\RailModel.cs(159,23): warning CS8618: null을 허용하지 않는 속성 'Ref'은(는) 생성자를 종료할 때 null이 아닌 값을 포함해야 합니다. 'required' 한정자를 추가하거나 속성을(를) nullable로 선언하는 것이 좋습니다. [c:\WORK\SRC\Railml_editor\RailmlEditor\RailmlEditor_o34edsgn_wpftmp.csproj]
         c:\WORK\SRC\Railml_editor\RailmlEditor\Models\RailModel.cs(162,23): warning CS8618: null을 허용하지 않는 속성 'Orientation'은(는) 생성자를 종료할 때 null이 아닌 값을 포함해야 합니다. 'required' 한정자를 추가하거나 속성을(를) nullable로 선언하는 것이 좋습니다. [c:\WORK\SRC\Railml_editor\RailmlEditor\RailmlEditor_o34edsgn_wpftmp.csproj]
         c:\WORK\SRC\Railml_editor\RailmlEditor\Models\RailModel.cs(165,23): warning CS8618: null을 허용하지 않는 속성 'Course'은(는) 생성자를 종료할 때 null이 아닌 값을 포함해야 합니다. 'required' 한정자를 추가하거나 속성을(를) nullable로 선언하는 것이 좋습니다. [c:\WORK\SRC\Railml_editor\RailmlEditor\RailmlEditor_o34edsgn_wpftmp.csproj]
         c:\WORK\SRC\Railml_editor\RailmlEditor\Models\RailModel.cs(77,23): warning CS8618: null을 허용하지 않는 속성 'Id'은(는) 생성자를 종료할 때 null이 아닌 값을 포함해야 합니다. 'required' 한정자를 추가하거나 속성을(를) nullable로 선언하는 것이 좋습니다. [c:\WORK\SRC\Railml_editor\RailmlEditor\RailmlEditor_o34edsgn_wpftmp.csproj]
         c:\WORK\SRC\Railml_editor\RailmlEditor\Models\RailModel.cs(80,23): warning CS8618: null을 허용하지 않는 속성 'Dir'은(는) 생성자를 종료할 때 null이 아닌 값을 포함해야 합니다. 'required' 한정자를 추가하거나 속성을(를) nullable로 선언하는 것이 좋습니다. [c:\WORK\SRC\Railml_editor\RailmlEditor\RailmlEditor_o34edsgn_wpftmp.csproj]
         c:\WORK\SRC\Railml_editor\RailmlEditor\Models\RailModel.cs(83,23): warning CS8618: null을 허용하지 않는 속성 'Type'은(는) 생성자를 종료할 때 null이 아닌 값을 포함해야 합니다. 'required' 한정자를 추가하거나 속성을(를) nullable로 선언하는 것이 좋습니다. [c:\WORK\SRC\Railml_editor\RailmlEditor\RailmlEditor_o34edsgn_wpftmp.csproj]
         c:\WORK\SRC\Railml_editor\RailmlEditor\Models\RailModel.cs(86,23): warning CS8618: null을 허용하지 않는 속성 'Function'은(는) 생성자를 종료할 때 null이 아닌 값을 포함해야 합니다. 'required' 한정자를 추가하거나 속성을(를) nullable로 선언하는 것이 좋습니다. [c:\WORK\SRC\Railml_editor\RailmlEditor\RailmlEditor_o34edsgn_wpftmp.csproj]
         c:\WORK\SRC\Railml_editor\RailmlEditor\Models\RailModel.cs(90,31): warning CS8618: null을 허용하지 않는 속성 'AdditionalName'은(는) 생성자를 종료할 때 null이 아닌 값을 포함해야 합니다. 'required' 한정자를 추가하거나 속성을(를) nullable로 선언하는 것이 좋습니다. [c:\WORK\SRC\Railml_editor\RailmlEditor\RailmlEditor_o34edsgn_wpftmp.csproj]
         c:\WORK\SRC\Railml_editor\RailmlEditor\Models\RailModel.cs(105,26): warning CS8618: null을 허용하지 않는 속성 'ScreenPos'은(는) 생성자를 종료할 때 null이 아닌 값을 포함해야 합니다. 'required' 한정자를 추가하거나 속성을(를) nullable로 선언하는 것이 좋습니다. [c:\WORK\SRC\Railml_editor\RailmlEditor\RailmlEditor_o34edsgn_wpftmp.csproj]
         c:\WORK\SRC\Railml_editor\RailmlEditor\MainWindow.xaml.cs(39,35): warning CS8600: null 리터럴 또는 가능한 null 값을 null을 허용하지 않는 형식으로 변환하는 중입니다. [c:\WORK\SRC\Railml_editor\RailmlEditor\RailmlEditor_o34edsgn_wpftmp.csproj]
         c:\WORK\SRC\Railml_editor\RailmlEditor\ViewModels\MainViewModel.cs(14,24): warning CS8618: null을 허용하지 않는 필드 '_id'은(는) 생성자를 종료할 때 null이 아닌 값을 포함해야 합니다. 'required' 한정자를 추가하거나 필드을(를) nullable로 선언하는 것이 좋습니다. [c:\WORK\SRC\Railml_editor\RailmlEditor\RailmlEditor_o34edsgn_wpftmp.csproj]
         c:\WORK\SRC\Railml_editor\RailmlEditor\MainWindow.xaml.cs(49,31): warning CS8600: null 리터럴 또는 가능한 null 값을 null을 허용하지 않는 형식으로 변환하는 중입니다. [c:\WORK\SRC\Railml_editor\RailmlEditor\RailmlEditor_o34edsgn_wpftmp.csproj]
         c:\WORK\SRC\Railml_editor\RailmlEditor\MainWindow.xaml.cs(52,51): warning CS8600: null 리터럴 또는 가능한 null 값을 null을 허용하지 않는 형식으로 변환하는 중입니다. [c:\WORK\SRC\Railml_editor\RailmlEditor\RailmlEditor_o34edsgn_wpftmp.csproj]
         c:\WORK\SRC\Railml_editor\RailmlEditor\ViewModels\MainViewModel.cs(311,43): warning CS8622: 'void MainViewModel.Elements_CollectionChanged(object sender, NotifyCollectionChangedEventArgs e)'의 'sender' 매개 변수 형식에서 참조 형식의 Null 허용 여부가 대상 대리자 'NotifyCollectionChangedEventHandler'과(와) 일치하지 않습니다(Null 허용 여부 특성 때문일 수 있음). [c:\WORK\SRC\Railml_editor\RailmlEditor\RailmlEditor_o34edsgn_wpftmp.csproj]
         c:\WORK\SRC\Railml_editor\RailmlEditor\MainWindow.xaml.cs(117,51): warning CS8600: null 리터럴 또는 가능한 null 값을 null을 허용하지 않는 형식으로 변환하는 중입니다. [c:\WORK\SRC\Railml_editor\RailmlEditor\RailmlEditor_o34edsgn_wpftmp.csproj]
         c:\WORK\SRC\Railml_editor\RailmlEditor\ViewModels\BulkEditViewModel.cs(75,88): warning CS8601: 가능한 null 참조 할당입니다. [c:\WORK\SRC\Railml_editor\RailmlEditor\RailmlEditor_o34edsgn_wpftmp.csproj]
         c:\WORK\SRC\Railml_editor\RailmlEditor\ViewModels\MainViewModel.cs(479,20): warning CS8603: 가능한 null 참조 반환입니다. [c:\WORK\SRC\Railml_editor\RailmlEditor\RailmlEditor_o34edsgn_wpftmp.csproj]
         c:\WORK\SRC\Railml_editor\RailmlEditor\ViewModels\MainViewModel.cs(522,38): warning CS8622: 'void MainViewModel.Element_PropertyChanged(object sender, PropertyChangedEventArgs e)'의 'sender' 매개 변수 형식에서 참조 형식의 Null 허용 여부가 대상 대리자 'PropertyChangedEventHandler'과(와) 일치하지 않습니다(Null 허용 여부 특성 때문일 수 있음). [c:\WORK\SRC\Railml_editor\RailmlEditor\RailmlEditor_o34edsgn_wpftmp.csproj]
         c:\WORK\SRC\Railml_editor\RailmlEditor\ViewModels\MainViewModel.cs(527,38): warning CS8622: 'void MainViewModel.Element_PropertyChanged(object sender, PropertyChangedEventArgs e)'의 'sender' 매개 변수 형식에서 참조 형식의 Null 허용 여부가 대상 대리자 'PropertyChangedEventHandler'과(와) 일치하지 않습니다(Null 허용 여부 특성 때문일 수 있음). [c:\WORK\SRC\Railml_editor\RailmlEditor\RailmlEditor_o34edsgn_wpftmp.csproj]
         c:\WORK\SRC\Railml_editor\RailmlEditor\Services\RailmlService.cs(29,44): warning CS8600: null 리터럴 또는 가능한 null 값을 null을 허용하지 않는 형식으로 변환하는 중입니다. [c:\WORK\SRC\Railml_editor\RailmlEditor\RailmlEditor_o34edsgn_wpftmp.csproj]
         c:\WORK\SRC\Railml_editor\RailmlEditor\Services\RailmlService.cs(34,28): warning CS8601: 가능한 null 참조 할당입니다. [c:\WORK\SRC\Railml_editor\RailmlEditor\RailmlEditor_o34edsgn_wpftmp.csproj]
         c:\WORK\SRC\Railml_editor\RailmlEditor\Services\RailmlService.cs(35,35): warning CS8601: 가능한 null 참조 할당입니다. [c:\WORK\SRC\Railml_editor\RailmlEditor\RailmlEditor_o34edsgn_wpftmp.csproj]
         c:\WORK\SRC\Railml_editor\RailmlEditor\Services\RailmlService.cs(36,28): warning CS8601: 가능한 null 참조 할당입니다. [c:\WORK\SRC\Railml_editor\RailmlEditor\RailmlEditor_o34edsgn_wpftmp.csproj]
         c:\WORK\SRC\Railml_editor\RailmlEditor\Services\RailmlService.cs(37,31): warning CS8601: 가능한 null 참조 할당입니다. [c:\WORK\SRC\Railml_editor\RailmlEditor\RailmlEditor_o34edsgn_wpftmp.csproj]
         c:\WORK\SRC\Railml_editor\RailmlEditor\Services\RailmlService.cs(65,68): warning CS8602: null 가능 참조에 대한 역참조입니다. [c:\WORK\SRC\Railml_editor\RailmlEditor\RailmlEditor_o34edsgn_wpftmp.csproj]
         c:\WORK\SRC\Railml_editor\RailmlEditor\Services\RailmlService.cs(65,37): warning CS8601: 가능한 null 참조 할당입니다. [c:\WORK\SRC\Railml_editor\RailmlEditor\RailmlEditor_o34edsgn_wpftmp.csproj]
         c:\WORK\SRC\Railml_editor\RailmlEditor\Services\RailmlService.cs(86,36): warning CS8601: 가능한 null 참조 할당입니다. [c:\WORK\SRC\Railml_editor\RailmlEditor\RailmlEditor_o34edsgn_wpftmp.csproj]
         c:\WORK\SRC\Railml_editor\RailmlEditor\Services\RailmlService.cs(87,40): warning CS8601: 가능한 null 참조 할당입니다. [c:\WORK\SRC\Railml_editor\RailmlEditor\RailmlEditor_o34edsgn_wpftmp.csproj]
         c:\WORK\SRC\Railml_editor\RailmlEditor\Services\RailmlService.cs(88,74): warning CS8601: 가능한 null 참조 할당입니다. [c:\WORK\SRC\Railml_editor\RailmlEditor\RailmlEditor_o34edsgn_wpftmp.csproj]
         c:\WORK\SRC\Railml_editor\RailmlEditor\Services\RailmlService.cs(187,79): warning CS8601: 가능한 null 참조 할당입니다. [c:\WORK\SRC\Railml_editor\RailmlEditor\RailmlEditor_o34edsgn_wpftmp.csproj]
         c:\WORK\SRC\Railml_editor\RailmlEditor\Services\RailmlService.cs(189,46): warning CS8601: 가능한 null 참조 할당입니다. [c:\WORK\SRC\Railml_editor\RailmlEditor\RailmlEditor_o34edsgn_wpftmp.csproj]


       "c:\WORK\SRC\Railml_editor\RailmlEditor.sln"(기본 대상)(1:2)->
       "c:\WORK\SRC\Railml_editor\RailmlEditor\RailmlEditor.csproj"(기본 대상)(2:6)->
       "c:\WORK\SRC\Railml_editor\RailmlEditor\RailmlEditor_o34edsgn_wpftmp.csproj"(_CompileTemporaryAssembly 대상)(3) ->
       (CoreCompile 대상) -> 
         c:\WORK\SRC\Railml_editor\RailmlEditor\ViewModels\MainViewModel.cs(379,32): error CS0103: 'GetNextId' 이름이 현재 컨텍스트에 없습니다. [c:\WORK\SRC\Railml_editor\RailmlEditor\RailmlEditor_o34edsgn_wpftmp.csproj]
         c:\WORK\SRC\Railml_editor\RailmlEditor\ViewModels\MainViewModel.cs(383,32): error CS0103: 'GetNextId' 이름이 현재 컨텍스트에 없습니다. [c:\WORK\SRC\Railml_editor\RailmlEditor\RailmlEditor_o34edsgn_wpftmp.csproj]
         c:\WORK\SRC\Railml_editor\RailmlEditor\ViewModels\MainViewModel.cs(387,32): error CS0103: 'GetNextId' 이름이 현재 컨텍스트에 없습니다. [c:\WORK\SRC\Railml_editor\RailmlEditor\RailmlEditor_o34edsgn_wpftmp.csproj]

    경고 56개
    오류 3개

경과 시간: 00:00:01.21
