c:\WORK\SRC\Railml_editor\RailmlEditor\Services\RailmlService.cs(38,21): error CS0117: 'Track'?먮뒗 'Code'??????뺤쓽媛 ?ы븿?섏뼱 ?덉? ?딆뒿?덈떎. [c:\WORK\SRC\Railml_editor\RailmlEditor\RailmlEditor_wwbpyzuu_wpftmp.csproj]
c:\WORK\SRC\Railml_editor\RailmlEditor\Services\RailmlService.cs(243,35): error CS1061: 'Track'?먮뒗 'Code'??????뺤쓽媛 ?ы븿?섏뼱 ?덉? ?딄퀬, 'Track' ?뺤떇??泥?踰덉㎏ ?몄닔瑜??덉슜?섎뒗 ?≪꽭??媛?ν븳 ?뺤옣 硫붿꽌??'Code'??媛) ?놁뒿?덈떎. using 吏?쒕Ц ?먮뒗 ?댁뀍釉붾━ 李몄“媛 ?덈뒗吏 ?뺤씤?섏꽭?? [c:\WORK\SRC\Railml_editor\RailmlEditor\RailmlEditor_wwbpyzuu_wpftmp.csproj]

鍮뚮뱶?섏? 紐삵뻽?듬땲??
    寃쎄퀬 55媛?
    ?ㅻ쪟 2媛?

寃쎄낵 ?쒓컙: 00:00:01.12
